### Sun Oct  4 06:25:20 AM EDT 2026: /mnt/gs21/scratch/lyuliyao/salt_in_polymer/eps2/runs/prod_T1.0_c0.04/field_p04 -> /mnt/research/MultiscaleML_group/Liyao/salt_in_polymer_eps2_dz005/runs/prod_T1.0_c0.04/field_p04/profiles.npz (mmax 7, binw 0.05)
==========================================================================
YBG check  run=/mnt/gs21/scratch/lyuliyao/salt_in_polymer/eps2/runs/prod_T1.0_c0.04/field_p04  potential=p04 kind=both pp(V_N)=0.60 pp(psi)=2.70 kT

  cation: applied external force vs. stored spec, per particle: max dev 3.63e-05 of range  OK
        bin-by-bin: 98.8% of 488 bins within 2 sigma, chi^2/bin = 0.67
         m  driven   kT k_m |n_m|        |f_m|         |diff|/err
         1   -     3.65495e-05   1.20578e-04      0.37
         2   -     2.82554e-05   9.75372e-05      0.41
         3  yes    9.30149e-04   9.64154e-04      1.36
         4  yes    1.02289e-03   1.24881e-03      0.94
         5  yes    2.58013e-03   2.46343e-03      0.46
         6   -     4.23701e-06   6.25806e-05      0.28
         7   -     4.98417e-06   2.45722e-04      1.10
        driven modes only: max |diff|/err = 1.36
        n_mean = 0.03298, contrast n_max/n_min = 1.59

  anion: applied external force vs. stored spec, per particle: max dev 3.39e-05 of range  OK
        bin-by-bin: 99.4% of 488 bins within 2 sigma, chi^2/bin = 0.48
         m  driven   kT k_m |n_m|        |f_m|         |diff|/err
         1   -     3.58988e-05   1.42427e-04      0.94
         2   -     2.39039e-05   9.66246e-05      0.98
         3  yes    4.33553e-04   2.99070e-04      1.05
         4  yes    3.22971e-04   1.56803e-04      1.19
         5  yes    2.67580e-03   2.76181e-03      0.89
         6   -     6.38324e-05   7.28112e-05      0.49
         7   -     3.95878e-05   1.53842e-04      0.85
        driven modes only: max |diff|/err = 1.19
        n_mean = 0.03298, contrast n_max/n_min = 1.42

wrote /mnt/research/MultiscaleML_group/Liyao/salt_in_polymer_eps2_dz005/runs/prod_T1.0_c0.04/field_p04/profiles.npz
==========================================================================
### done Sun Oct  4 06:26:03 AM EDT 2026
