### Sun Oct  4 06:19:13 AM EDT 2026: /mnt/gs21/scratch/lyuliyao/salt_in_polymer/runs/prod_T1.0_c0.08/field_p04 -> /mnt/research/MultiscaleML_group/Liyao/salt_in_polymer_eps75_dz005/runs/prod_T1.0_c0.08/field_p04/profiles.npz (mmax 7, binw 0.05)
==========================================================================
YBG check  run=/mnt/gs21/scratch/lyuliyao/salt_in_polymer/runs/prod_T1.0_c0.08/field_p04  potential=p04 kind=both pp(V_N)=0.60 pp(psi)=2.70 kT

  cation: applied external force vs. stored spec, per particle: max dev 3.59e-05 of range  OK
        bin-by-bin: 99.4% of 499 bins within 2 sigma, chi^2/bin = 0.42
         m  driven   kT k_m |n_m|        |f_m|         |diff|/err
         1   -     3.01075e-05   3.99198e-05      0.12
         2   -     1.18796e-05   2.46733e-04      1.24
         3  yes    2.27957e-03   2.27207e-03      0.80
         4  yes    5.76309e-03   6.00413e-03      1.51
         5  yes    1.21114e-02   1.23627e-02      0.96
         6   -     2.35641e-04   2.62032e-04      0.28
         7   -     6.51325e-04   9.14035e-04      0.56
        driven modes only: max |diff|/err = 1.51
        n_mean = 0.06165, contrast n_max/n_min = 3.26

  anion: applied external force vs. stored spec, per particle: max dev 3.66e-05 of range  OK
        bin-by-bin: 99.6% of 499 bins within 2 sigma, chi^2/bin = 0.36
         m  driven   kT k_m |n_m|        |f_m|         |diff|/err
         1   -     2.80000e-05   1.35211e-04      1.10
         2   -     9.07577e-06   1.24255e-04      1.26
         3  yes    1.66901e-04   2.81921e-04      1.11
         4  yes    1.75602e-03   1.83098e-03      0.70
         5  yes    5.64318e-03   5.56634e-03      0.59
         6   -     5.67811e-05   3.61370e-05      0.26
         7   -     2.67372e-04   1.69464e-04      0.35
        driven modes only: max |diff|/err = 1.11
        n_mean = 0.06165, contrast n_max/n_min = 1.51

wrote /mnt/research/MultiscaleML_group/Liyao/salt_in_polymer_eps75_dz005/runs/prod_T1.0_c0.08/field_p04/profiles.npz
==========================================================================
### done Sun Oct  4 06:22:35 AM EDT 2026
