### Sun Oct  4 06:20:24 AM EDT 2026: /mnt/gs21/scratch/lyuliyao/salt_in_polymer/eps2/runs/prod_T1.0_c0.01/field_p01 -> /mnt/research/MultiscaleML_group/Liyao/salt_in_polymer_eps2_dz005/runs/prod_T1.0_c0.01/field_p01/profiles.npz (mmax 8, binw 0.05)
==========================================================================
YBG check  run=/mnt/gs21/scratch/lyuliyao/salt_in_polymer/eps2/runs/prod_T1.0_c0.01/field_p01  potential=p01 kind=both pp(V_N)=2.80 pp(psi)=2.80 kT

  cation: applied external force vs. stored spec, per particle: max dev 3.92e-05 of range  OK
        bin-by-bin: 98.6% of 487 bins within 2 sigma, chi^2/bin = 0.41
         m  driven   kT k_m |n_m|        |f_m|         |diff|/err
         1   -     3.51468e-04   3.28313e-04      0.28
         2   -     3.78433e-04   3.33489e-04      1.34
         3  yes    1.99435e-03   2.06057e-03      1.01
         4  yes    2.82191e-03   2.85219e-03      0.98
         5  yes    3.48376e-03   3.58498e-03      1.14
         6  yes    2.27657e-03   2.26466e-03      0.09
         7   -     1.72900e-03   1.60158e-03      0.75
         8   -     1.99401e-03   1.96022e-03      0.17
        driven modes only: max |diff|/err = 1.14
        n_mean = 0.00832, contrast n_max/n_min = 130.03

  anion: applied external force vs. stored spec, per particle: max dev 3.39e-05 of range  OK
        bin-by-bin: 100.0% of 487 bins within 2 sigma, chi^2/bin = 0.21
         m  driven   kT k_m |n_m|        |f_m|         |diff|/err
         1   -     3.43226e-04   4.00213e-04      0.67
         2   -     3.11228e-04   3.82277e-04      0.64
         3  yes    2.05260e-03   2.01503e-03      0.36
         4  yes    2.56562e-03   2.55544e-03      0.63
         5  yes    3.09825e-03   3.14552e-03      0.55
         6  yes    2.76544e-03   2.65951e-03      0.74
         7   -     1.61419e-03   1.53432e-03      0.45
         8   -     1.16282e-03   1.15481e-03      0.28
        driven modes only: max |diff|/err = 0.74
        n_mean = 0.00832, contrast n_max/n_min = 48.64

wrote /mnt/research/MultiscaleML_group/Liyao/salt_in_polymer_eps2_dz005/runs/prod_T1.0_c0.01/field_p01/profiles.npz
==========================================================================
### done Sun Oct  4 06:20:31 AM EDT 2026
