### Sun Oct  4 06:25:25 AM EDT 2026: /mnt/gs21/scratch/lyuliyao/salt_in_polymer/eps2/runs/prod_T1.0_c0.04/field_p18 -> /mnt/research/MultiscaleML_group/Liyao/salt_in_polymer_eps2_dz005/runs/prod_T1.0_c0.04/field_p18/profiles.npz (mmax 4, binw 0.05)
==========================================================================
YBG check  run=/mnt/gs21/scratch/lyuliyao/salt_in_polymer/eps2/runs/prod_T1.0_c0.04/field_p18  potential=p18 kind=both pp(V_N)=2.08 pp(psi)=0.56 kT

  cation: applied external force vs. stored spec, per particle: max dev 1.45e-05 of range  OK
        bin-by-bin: 97.5% of 488 bins within 2 sigma, chi^2/bin = 0.74
         m  driven   kT k_m |n_m|        |f_m|         |diff|/err
         1  yes    1.20916e-03   1.16044e-03      0.98
         2  yes    1.53170e-03   1.72567e-03      2.30
         3   -     2.00141e-04   2.74749e-04      0.41
         4   -     7.50642e-05   1.08133e-04      0.81
        driven modes only: max |diff|/err = 2.30
        n_mean = 0.03298, contrast n_max/n_min = 2.42

  anion: applied external force vs. stored spec, per particle: max dev 1.67e-05 of range  OK
        bin-by-bin: 99.2% of 488 bins within 2 sigma, chi^2/bin = 0.53
         m  driven   kT k_m |n_m|        |f_m|         |diff|/err
         1  yes    1.18384e-03   1.25273e-03      0.60
         2  yes    1.41094e-03   1.42665e-03      0.66
         3   -     2.01107e-04   2.99863e-04      0.83
         4   -     7.93972e-05   6.31046e-05      0.36
        driven modes only: max |diff|/err = 0.66
        n_mean = 0.03298, contrast n_max/n_min = 2.34

wrote /mnt/research/MultiscaleML_group/Liyao/salt_in_polymer_eps2_dz005/runs/prod_T1.0_c0.04/field_p18/profiles.npz
==========================================================================
### done Sun Oct  4 06:26:14 AM EDT 2026
