### Sun Oct  4 06:29:45 AM EDT 2026: /mnt/gs21/scratch/lyuliyao/salt_in_polymer/eps2/runs/prod_T1.0_c0.08/field_p02 -> /mnt/research/MultiscaleML_group/Liyao/salt_in_polymer_eps2_dz005/runs/prod_T1.0_c0.08/field_p02/profiles.npz (mmax 7, binw 0.05)
==========================================================================
YBG check  run=/mnt/gs21/scratch/lyuliyao/salt_in_polymer/eps2/runs/prod_T1.0_c0.08/field_p02  potential=p02 kind=both pp(V_N)=2.64 pp(psi)=2.25 kT

  cation: applied external force vs. stored spec, per particle: max dev 3.57e-05 of range  OK
        bin-by-bin: 97.6% of 496 bins within 2 sigma, chi^2/bin = 0.71
         m  driven   kT k_m |n_m|        |f_m|         |diff|/err
         1   -     3.65038e-05   2.32491e-04      1.67
         2   -     1.58694e-05   1.05844e-04      0.68
         3   -     3.32003e-05   1.98241e-04      1.28
         4  yes    3.60539e-03   3.88234e-03      1.51
         5  yes    7.85914e-03   8.04277e-03      1.64
         6   -     3.00499e-05   2.20697e-04      2.03
         7   -     8.13749e-05   2.91447e-04      1.54
        driven modes only: max |diff|/err = 1.64
        n_mean = 0.06276, contrast n_max/n_min = 1.88

  anion: applied external force vs. stored spec, per particle: max dev 3.67e-05 of range  OK
        bin-by-bin: 99.8% of 496 bins within 2 sigma, chi^2/bin = 0.34
         m  driven   kT k_m |n_m|        |f_m|         |diff|/err
         1   -     3.62089e-05   7.92313e-05      0.34
         2   -     1.56061e-05   1.20869e-04      1.12
         3   -     2.86520e-05   1.50897e-04      1.18
         4  yes    1.97200e-03   2.03599e-03      1.02
         5  yes    5.43979e-03   5.49630e-03      0.87
         6   -     4.42305e-05   2.57588e-04      1.49
         7   -     2.39874e-05   1.15773e-04      0.58
        driven modes only: max |diff|/err = 1.02
        n_mean = 0.06276, contrast n_max/n_min = 1.50

wrote /mnt/research/MultiscaleML_group/Liyao/salt_in_polymer_eps2_dz005/runs/prod_T1.0_c0.08/field_p02/profiles.npz
==========================================================================
### done Sun Oct  4 06:33:46 AM EDT 2026
