### Sun Oct  4 06:24:24 AM EDT 2026: /mnt/gs21/scratch/lyuliyao/salt_in_polymer/eps2/runs/prod_T1.0_c0.02/field_p10 -> /mnt/research/MultiscaleML_group/Liyao/salt_in_polymer_eps2_dz005/runs/prod_T1.0_c0.02/field_p10/profiles.npz (mmax 14, binw 0.05)
==========================================================================
YBG check  run=/mnt/gs21/scratch/lyuliyao/salt_in_polymer/eps2/runs/prod_T1.0_c0.02/field_p10  potential=p10 kind=both pp(V_N)=0.59 pp(psi)=1.64 kT

  cation: applied external force vs. stored spec, per particle: max dev 5.49e-05 of range  OK
        bin-by-bin: 99.2% of 487 bins within 2 sigma, chi^2/bin = 0.49
         m  driven   kT k_m |n_m|        |f_m|         |diff|/err
         1   -     1.17840e-04   8.22833e-06      0.38
         2   -     1.39380e-04   3.71005e-04      1.39
         3  yes    8.22516e-04   7.98232e-04      0.15
         4   -     4.85443e-05   1.71933e-04      0.82
         5   -     1.12839e-04   2.35692e-04      0.59
         6  yes    4.05353e-03   4.22512e-03      0.89
         7   -     2.27024e-04   2.20138e-04      0.47
         8  yes    4.03488e-03   4.26518e-03      1.64
        driven modes only: max |diff|/err = 1.64
        n_mean = 0.01665, contrast n_max/n_min = 4.21

  anion: applied external force vs. stored spec, per particle: max dev 5.64e-05 of range  OK
        bin-by-bin: 100.0% of 487 bins within 2 sigma, chi^2/bin = 0.23
         m  driven   kT k_m |n_m|        |f_m|         |diff|/err
         1   -     1.14873e-04   6.90046e-05      0.61
         2   -     1.27332e-04   1.32753e-04      0.58
         3  yes    5.05631e-04   5.48952e-04      0.67
         4   -     6.77614e-05   1.09576e-04      0.40
         5   -     3.62318e-05   6.94135e-05      0.67
         6  yes    1.72450e-03   1.71289e-03      0.28
         7   -     1.59135e-04   7.69463e-05      0.79
         8  yes    4.57510e-03   4.58350e-03      0.17
        driven modes only: max |diff|/err = 0.67
        n_mean = 0.01665, contrast n_max/n_min = 3.03

wrote /mnt/research/MultiscaleML_group/Liyao/salt_in_polymer_eps2_dz005/runs/prod_T1.0_c0.02/field_p10/profiles.npz
==========================================================================
### done Sun Oct  4 06:24:41 AM EDT 2026
