### Sun Oct  4 06:27:24 AM EDT 2026: /mnt/gs21/scratch/lyuliyao/salt_in_polymer/eps2/runs/prod_T1.0_c0.05/field_p01 -> /mnt/research/MultiscaleML_group/Liyao/salt_in_polymer_eps2_dz005/runs/prod_T1.0_c0.05/field_p01/profiles.npz (mmax 8, binw 0.05)
==========================================================================
YBG check  run=/mnt/gs21/scratch/lyuliyao/salt_in_polymer/eps2/runs/prod_T1.0_c0.05/field_p01  potential=p01 kind=both pp(V_N)=2.80 pp(psi)=2.80 kT

  cation: applied external force vs. stored spec, per particle: max dev 3.48e-05 of range  OK
        bin-by-bin: 98.2% of 490 bins within 2 sigma, chi^2/bin = 0.68
         m  driven   kT k_m |n_m|        |f_m|         |diff|/err
         1   -     3.84613e-05   2.35788e-04      1.25
         2   -     4.30041e-05   5.12762e-05      0.37
         3  yes    2.42487e-03   2.42770e-03      0.40
         4  yes    4.27146e-03   4.34542e-03      0.99
         5  yes    6.79276e-03   6.89334e-03      0.78
         6  yes    6.17447e-03   6.18911e-03      0.58
         7   -     2.07959e-04   1.10065e-04      0.83
         8   -     5.24385e-04   5.69748e-04      0.14
        driven modes only: max |diff|/err = 0.99
        n_mean = 0.04083, contrast n_max/n_min = 5.13

  anion: applied external force vs. stored spec, per particle: max dev 3.69e-05 of range  OK
        bin-by-bin: 99.4% of 490 bins within 2 sigma, chi^2/bin = 0.50
         m  driven   kT k_m |n_m|        |f_m|         |diff|/err
         1   -     3.70147e-05   1.36165e-04      1.09
         2   -     3.79721e-05   9.29088e-05      0.76
         3  yes    2.09513e-03   2.12256e-03      1.10
         4  yes    3.52273e-03   3.56696e-03      0.36
         5  yes    5.42919e-03   5.37789e-03      1.09
         6  yes    4.23885e-03   4.20306e-03      1.02
         7   -     2.91831e-04   1.86865e-04      0.75
         8   -     2.38634e-04   3.65731e-04      0.69
        driven modes only: max |diff|/err = 1.10
        n_mean = 0.04083, contrast n_max/n_min = 2.56

wrote /mnt/research/MultiscaleML_group/Liyao/salt_in_polymer_eps2_dz005/runs/prod_T1.0_c0.05/field_p01/profiles.npz
==========================================================================
### done Sun Oct  4 06:28:34 AM EDT 2026
