### Sun Oct  4 06:17:27 AM EDT 2026: /mnt/gs21/scratch/lyuliyao/salt_in_polymer/runs/prod_T1.0_c0.06/field_p12 -> /mnt/research/MultiscaleML_group/Liyao/salt_in_polymer_eps75_dz005/runs/prod_T1.0_c0.06/field_p12/profiles.npz (mmax 18, binw 0.05)
==========================================================================
YBG check  run=/mnt/gs21/scratch/lyuliyao/salt_in_polymer/runs/prod_T1.0_c0.06/field_p12  potential=p12 kind=both pp(V_N)=1.62 pp(psi)=2.01 kT

  cation: applied external force vs. stored spec, per particle: max dev 8.37e-05 of range  OK
        bin-by-bin: 99.2% of 494 bins within 2 sigma, chi^2/bin = 0.50
         m  driven   kT k_m |n_m|        |f_m|         |diff|/err
         1   -     2.29652e-05   2.42841e-04      0.98
         2   -     3.05256e-05   1.59655e-04      0.79
         3  yes    1.89956e-03   2.02400e-03      0.52
         4  yes    3.69889e-03   3.69210e-03      0.36
         5  yes    5.82663e-03   5.79505e-03      0.57
         6  yes    1.52698e-02   1.52910e-02      0.08
         7   -     1.01795e-03   6.67322e-04      1.18
         8   -     1.23613e-03   1.38945e-03      0.37
        driven modes only: max |diff|/err = 1.18
        n_mean = 0.04772, contrast n_max/n_min = 11.63

  anion: applied external force vs. stored spec, per particle: max dev 7.20e-05 of range  OK
        bin-by-bin: 99.0% of 494 bins within 2 sigma, chi^2/bin = 0.53
         m  driven   kT k_m |n_m|        |f_m|         |diff|/err
         1   -     2.02635e-05   6.77901e-05      0.59
         2   -     1.90517e-05   2.19021e-04      2.08
         3  yes    3.45819e-04   2.08767e-04      1.79
         4  yes    1.10147e-03   1.09011e-03      0.30
         5  yes    1.34314e-03   1.26261e-03      0.57
         6  yes    8.87411e-03   8.88090e-03      0.22
         7   -     3.82243e-04   4.48550e-04      0.27
         8   -     3.15176e-04   4.22302e-04      0.49
        driven modes only: max |diff|/err = 2.07
        n_mean = 0.04772, contrast n_max/n_min = 2.83

wrote /mnt/research/MultiscaleML_group/Liyao/salt_in_polymer_eps75_dz005/runs/prod_T1.0_c0.06/field_p12/profiles.npz
==========================================================================
### done Sun Oct  4 06:18:53 AM EDT 2026
