### Sun Oct  4 06:10:01 AM EDT 2026: /mnt/gs21/scratch/lyuliyao/salt_in_polymer/runs/prod_T1.0_c0.01/field_p03 -> /mnt/research/MultiscaleML_group/Liyao/salt_in_polymer_eps75_dz005/runs/prod_T1.0_c0.01/field_p03/profiles.npz (mmax 8, binw 0.05)
==========================================================================
YBG check  run=/mnt/gs21/scratch/lyuliyao/salt_in_polymer/runs/prod_T1.0_c0.01/field_p03  potential=p03 kind=both pp(V_N)=0.68 pp(psi)=1.16 kT

  cation: applied external force vs. stored spec, per particle: max dev 3.37e-05 of range  OK
        bin-by-bin: 98.6% of 487 bins within 2 sigma, chi^2/bin = 0.61
         m  driven   kT k_m |n_m|        |f_m|         |diff|/err
         1   -     3.82267e-05   1.49626e-04      1.12
         2   -     4.32532e-05   7.62122e-05      0.18
         3  yes    3.96961e-04   4.71126e-04      0.48
         4  yes    6.73379e-04   7.22065e-04      1.31
         5  yes    3.21161e-04   2.51945e-04      0.40
         6  yes    6.43319e-04   7.04611e-04      1.83
         7   -     3.24502e-05   1.42786e-04      0.69
         8   -     6.97389e-05   1.54872e-04      1.11
        driven modes only: max |diff|/err = 1.83
        n_mean = 0.00830, contrast n_max/n_min = 2.22

  anion: applied external force vs. stored spec, per particle: max dev 2.99e-05 of range  OK
        bin-by-bin: 99.2% of 487 bins within 2 sigma, chi^2/bin = 0.45
         m  driven   kT k_m |n_m|        |f_m|         |diff|/err
         1   -     3.51844e-05   1.22316e-04      0.97
         2   -     3.52702e-05   3.52353e-05      0.01
         3  yes    2.40709e-04   3.05387e-04      0.69
         4  yes    5.29385e-04   5.37754e-04      0.42
         5  yes    2.06217e-03   1.97969e-03      1.01
         6  yes    6.38314e-04   5.83308e-04      0.49
         7   -     5.40115e-05   1.24205e-04      1.17
         8   -     1.76682e-04   1.81824e-04      0.50
        driven modes only: max |diff|/err = 1.01
        n_mean = 0.00830, contrast n_max/n_min = 2.99

wrote /mnt/research/MultiscaleML_group/Liyao/salt_in_polymer_eps75_dz005/runs/prod_T1.0_c0.01/field_p03/profiles.npz
==========================================================================
### done Sun Oct  4 06:10:07 AM EDT 2026
