### Sun Oct  4 06:23:15 AM EDT 2026: /mnt/gs21/scratch/lyuliyao/salt_in_polymer/eps2/runs/prod_T1.0_c0.01/field_p43 -> /mnt/research/MultiscaleML_group/Liyao/salt_in_polymer_eps2_dz005/runs/prod_T1.0_c0.01/field_p43/profiles.npz (mmax 4, binw 0.05)
==========================================================================
YBG check  run=/mnt/gs21/scratch/lyuliyao/salt_in_polymer/eps2/runs/prod_T1.0_c0.01/field_p43  potential=p43 kind=neutral pp(V_N)=0.10 pp(psi)=0.00 kT

  cation: applied external force vs. stored spec, per particle: max dev 2.05e-05 of range  OK
        bin-by-bin: 100.0% of 487 bins within 2 sigma, chi^2/bin = 0.38
         m  driven   kT k_m |n_m|        |f_m|         |diff|/err
         1   -     2.54916e-05   4.88374e-05      0.73
         2  yes    2.06527e-04   2.60070e-04      1.01
         3   -     9.18781e-06   4.27526e-05      0.42
         4   -     3.62924e-05   7.34002e-05      1.24
        driven modes only: max |diff|/err = 1.01
        n_mean = 0.00832, contrast n_max/n_min = 1.27

  anion: applied external force vs. stored spec, per particle: max dev 1.98e-05 of range  OK
        bin-by-bin: 100.0% of 487 bins within 2 sigma, chi^2/bin = 0.16
         m  driven   kT k_m |n_m|        |f_m|         |diff|/err
         1   -     2.44310e-05   2.49435e-05      0.53
         2  yes    1.98575e-04   1.87188e-04      0.23
         3   -     9.32691e-06   6.20418e-05      1.33
         4   -     3.11914e-05   3.33141e-05      0.70
        driven modes only: max |diff|/err = 0.23
        n_mean = 0.00832, contrast n_max/n_min = 1.26

wrote /mnt/research/MultiscaleML_group/Liyao/salt_in_polymer_eps2_dz005/runs/prod_T1.0_c0.01/field_p43/profiles.npz
==========================================================================
### done Sun Oct  4 06:23:45 AM EDT 2026
