### Sun Oct  4 06:17:27 AM EDT 2026: /mnt/gs21/scratch/lyuliyao/salt_in_polymer/runs/prod_T1.0_c0.06/field_p07 -> /mnt/research/MultiscaleML_group/Liyao/salt_in_polymer_eps75_dz005/runs/prod_T1.0_c0.06/field_p07/profiles.npz (mmax 8, binw 0.05)
==========================================================================
YBG check  run=/mnt/gs21/scratch/lyuliyao/salt_in_polymer/runs/prod_T1.0_c0.06/field_p07  potential=p07 kind=charged pp(V_N)=0.00 pp(psi)=2.74 kT

  cation: applied external force vs. stored spec, per particle: max dev 4.03e-05 of range  OK
        bin-by-bin: 99.2% of 494 bins within 2 sigma, chi^2/bin = 0.49
         m  driven   kT k_m |n_m|        |f_m|         |diff|/err
         1   -     2.64705e-05   2.66806e-04      1.06
         2   -     2.63217e-04   3.63234e-04      0.34
         3   -     8.00978e-06   2.54174e-05      0.11
         4  yes    6.28727e-03   6.44843e-03      0.46
         5   -     1.32176e-04   1.39308e-04      0.45
         6  yes    3.76575e-02   3.79149e-02      1.23
         7   -     2.09635e-04   2.60479e-04      0.50
         8   -     2.81949e-03   2.83370e-03      0.45
        driven modes only: max |diff|/err = 1.23
        n_mean = 0.04772, contrast n_max/n_min = 23.10

  anion: applied external force vs. stored spec, per particle: max dev 4.02e-05 of range  OK
        bin-by-bin: 99.4% of 494 bins within 2 sigma, chi^2/bin = 0.48
         m  driven   kT k_m |n_m|        |f_m|         |diff|/err
         1   -     2.33995e-05   2.02564e-04      1.76
         2   -     1.51927e-04   2.69525e-04      0.92
         3   -     2.17346e-05   1.53980e-04      1.14
         4  yes    2.19454e-03   2.15092e-03      0.80
         5   -     8.33444e-05   1.39214e-04      1.29
         6  yes    2.33397e-02   2.35459e-02      1.13
         7   -     1.07206e-04   9.14153e-05      0.23
         8   -     9.87822e-04   1.07655e-03      0.35
        driven modes only: max |diff|/err = 1.13
        n_mean = 0.04772, contrast n_max/n_min = 4.52

wrote /mnt/research/MultiscaleML_group/Liyao/salt_in_polymer_eps75_dz005/runs/prod_T1.0_c0.06/field_p07/profiles.npz
==========================================================================
### done Sun Oct  4 06:18:53 AM EDT 2026
