### Sun Oct  4 06:17:27 AM EDT 2026: /mnt/gs21/scratch/lyuliyao/salt_in_polymer/runs/prod_T1.0_c0.06/field_p06 -> /mnt/research/MultiscaleML_group/Liyao/salt_in_polymer_eps75_dz005/runs/prod_T1.0_c0.06/field_p06/profiles.npz (mmax 8, binw 0.05)
==========================================================================
YBG check  run=/mnt/gs21/scratch/lyuliyao/salt_in_polymer/runs/prod_T1.0_c0.06/field_p06  potential=p06 kind=neutral pp(V_N)=0.84 pp(psi)=0.00 kT

  cation: applied external force vs. stored spec, per particle: max dev 3.46e-05 of range  OK
        bin-by-bin: 98.8% of 494 bins within 2 sigma, chi^2/bin = 0.59
         m  driven   kT k_m |n_m|        |f_m|         |diff|/err
         1   -     3.03765e-05   3.90127e-04      1.52
         2   -     8.17794e-06   3.30433e-04      1.32
         3  yes    9.43121e-04   8.65317e-04      0.32
         4   -     1.60550e-04   1.67719e-04      0.36
         5  yes    4.91426e-03   4.91251e-03      1.21
         6  yes    3.66589e-03   3.50821e-03      0.53
         7   -     7.33096e-05   2.63542e-04      0.60
         8   -     2.39045e-04   1.10661e-04      0.44
        driven modes only: max |diff|/err = 1.21
        n_mean = 0.04772, contrast n_max/n_min = 1.75

  anion: applied external force vs. stored spec, per particle: max dev 3.51e-05 of range  OK
        bin-by-bin: 98.8% of 494 bins within 2 sigma, chi^2/bin = 0.57
         m  driven   kT k_m |n_m|        |f_m|         |diff|/err
         1   -     2.94826e-05   1.65653e-04      1.19
         2   -     1.00694e-05   5.57232e-05      0.59
         3  yes    4.76562e-04   5.16453e-04      0.78
         4   -     5.01165e-05   2.58158e-04      2.78
         5  yes    9.68813e-04   1.02525e-03      0.38
         6  yes    7.66247e-04   6.88267e-04      0.52
         7   -     8.09853e-05   2.48708e-04      1.38
         8   -     1.40843e-04   1.74128e-04      0.29
        driven modes only: max |diff|/err = 0.78
        n_mean = 0.04772, contrast n_max/n_min = 1.16

wrote /mnt/research/MultiscaleML_group/Liyao/salt_in_polymer_eps75_dz005/runs/prod_T1.0_c0.06/field_p06/profiles.npz
==========================================================================
### done Sun Oct  4 06:18:53 AM EDT 2026
