### Sun Oct  4 06:29:46 AM EDT 2026: /mnt/gs21/scratch/lyuliyao/salt_in_polymer/eps2/runs/prod_T1.0_c0.08/field_p01 -> /mnt/research/MultiscaleML_group/Liyao/salt_in_polymer_eps2_dz005/runs/prod_T1.0_c0.08/field_p01/profiles.npz (mmax 8, binw 0.05)
==========================================================================
YBG check  run=/mnt/gs21/scratch/lyuliyao/salt_in_polymer/eps2/runs/prod_T1.0_c0.08/field_p01  potential=p01 kind=both pp(V_N)=2.80 pp(psi)=2.80 kT

  cation: applied external force vs. stored spec, per particle: max dev 3.78e-05 of range  OK
        bin-by-bin: 98.6% of 496 bins within 2 sigma, chi^2/bin = 0.57
         m  driven   kT k_m |n_m|        |f_m|         |diff|/err
         1   -     2.18842e-05   1.16966e-04      0.81
         2   -     3.77369e-05   3.14514e-04      1.39
         3  yes    1.78511e-03   1.74250e-03      0.23
         4  yes    3.16629e-03   3.28871e-03      1.12
         5  yes    5.23905e-03   5.43309e-03      1.21
         6  yes    5.40051e-03   5.39925e-03      0.51
         7   -     2.12577e-04   2.77490e-04      0.68
         8   -     2.59437e-04   2.24657e-04      0.17
        driven modes only: max |diff|/err = 1.21
        n_mean = 0.06276, contrast n_max/n_min = 2.23

  anion: applied external force vs. stored spec, per particle: max dev 3.57e-05 of range  OK
        bin-by-bin: 99.2% of 496 bins within 2 sigma, chi^2/bin = 0.40
         m  driven   kT k_m |n_m|        |f_m|         |diff|/err
         1   -     2.06141e-05   3.91356e-05      0.32
         2   -     3.44223e-05   6.50508e-05      0.30
         3  yes    1.54519e-03   1.70782e-03      1.82
         4  yes    2.58777e-03   2.61038e-03      0.51
         5  yes    4.06439e-03   4.06601e-03      0.56
         6  yes    3.48752e-03   3.53532e-03      0.79
         7   -     1.71724e-04   1.09848e-04      1.11
         8   -     1.91028e-04   1.32541e-04      0.33
        driven modes only: max |diff|/err = 1.82
        n_mean = 0.06276, contrast n_max/n_min = 1.61

wrote /mnt/research/MultiscaleML_group/Liyao/salt_in_polymer_eps2_dz005/runs/prod_T1.0_c0.08/field_p01/profiles.npz
==========================================================================
### done Sun Oct  4 06:34:14 AM EDT 2026
