### Sun Oct  4 06:25:30 AM EDT 2026: /mnt/gs21/scratch/lyuliyao/salt_in_polymer/eps2/runs/prod_T1.0_c0.04/field_p11 -> /mnt/research/MultiscaleML_group/Liyao/salt_in_polymer_eps2_dz005/runs/prod_T1.0_c0.04/field_p11/profiles.npz (mmax 22, binw 0.05)
==========================================================================
YBG check  run=/mnt/gs21/scratch/lyuliyao/salt_in_polymer/eps2/runs/prod_T1.0_c0.04/field_p11  potential=p11 kind=both pp(V_N)=2.37 pp(psi)=0.80 kT

  cation: applied external force vs. stored spec, per particle: max dev 8.46e-05 of range  OK
        bin-by-bin: 98.8% of 488 bins within 2 sigma, chi^2/bin = 0.69
         m  driven   kT k_m |n_m|        |f_m|         |diff|/err
         1   -     2.53718e-05   8.59259e-05      0.41
         2   -     4.52020e-05   2.78801e-04      0.84
         3   -     6.01709e-05   1.97687e-04      1.11
         4  yes    2.40177e-03   2.41138e-03      0.32
         5  yes    1.61578e-03   1.83370e-03      0.94
         6  yes    6.30043e-03   6.32404e-03      0.57
         7   -     9.15669e-06   2.86837e-05      0.11
         8  yes    5.18165e-03   5.21710e-03      0.33
        driven modes only: max |diff|/err = 1.64
        n_mean = 0.03298, contrast n_max/n_min = 4.42

  anion: applied external force vs. stored spec, per particle: max dev 9.27e-05 of range  OK
        bin-by-bin: 98.8% of 488 bins within 2 sigma, chi^2/bin = 0.44
         m  driven   kT k_m |n_m|        |f_m|         |diff|/err
         1   -     2.44033e-05   1.08234e-04      0.72
         2   -     4.25184e-05   2.49003e-05      0.34
         3   -     4.71081e-05   6.56446e-05      0.28
         4  yes    2.20592e-03   2.36836e-03      1.39
         5  yes    2.40554e-03   2.38299e-03      0.22
         6  yes    5.36135e-03   5.38150e-03      0.35
         7   -     3.97675e-05   1.54895e-04      1.15
         8  yes    6.08123e-03   5.98025e-03      0.61
        driven modes only: max |diff|/err = 1.99
        n_mean = 0.03298, contrast n_max/n_min = 6.51

wrote /mnt/research/MultiscaleML_group/Liyao/salt_in_polymer_eps2_dz005/runs/prod_T1.0_c0.04/field_p11/profiles.npz
==========================================================================
### done Sun Oct  4 06:26:21 AM EDT 2026
