### Sun Oct  4 06:23:24 AM EDT 2026: /mnt/gs21/scratch/lyuliyao/salt_in_polymer/eps2/runs/prod_T1.0_c0.02/field_p06 -> /mnt/research/MultiscaleML_group/Liyao/salt_in_polymer_eps2_dz005/runs/prod_T1.0_c0.02/field_p06/profiles.npz (mmax 8, binw 0.05)
==========================================================================
YBG check  run=/mnt/gs21/scratch/lyuliyao/salt_in_polymer/eps2/runs/prod_T1.0_c0.02/field_p06  potential=p06 kind=neutral pp(V_N)=0.84 pp(psi)=0.00 kT

  cation: applied external force vs. stored spec, per particle: max dev 3.36e-05 of range  OK
        bin-by-bin: 99.6% of 487 bins within 2 sigma, chi^2/bin = 0.49
         m  driven   kT k_m |n_m|        |f_m|         |diff|/err
         1   -     3.26403e-05   7.41908e-05      0.47
         2   -     1.03686e-04   9.84327e-05      1.02
         3  yes    1.02160e-03   6.96452e-04      1.80
         4   -     1.35568e-04   8.78319e-05      0.47
         5  yes    2.48071e-03   2.59553e-03      0.49
         6  yes    1.59793e-03   1.58725e-03      0.09
         7   -     7.37493e-05   2.90737e-04      1.58
         8   -     4.34177e-04   4.20998e-04      0.23
        driven modes only: max |diff|/err = 1.80
        n_mean = 0.01665, contrast n_max/n_min = 2.42

  anion: applied external force vs. stored spec, per particle: max dev 3.42e-05 of range  OK
        bin-by-bin: 100.0% of 487 bins within 2 sigma, chi^2/bin = 0.27
         m  driven   kT k_m |n_m|        |f_m|         |diff|/err
         1   -     3.25635e-05   7.82863e-05      0.65
         2   -     9.69129e-05   1.72766e-04      0.64
         3  yes    9.25874e-04   9.44148e-04      0.85
         4   -     1.02047e-04   1.79684e-04      0.67
         5  yes    2.27396e-03   2.19780e-03      1.42
         6  yes    1.50709e-03   1.43942e-03      0.78
         7   -     9.66471e-05   1.27089e-04      0.21
         8   -     1.37629e-04   1.62775e-04      0.32
        driven modes only: max |diff|/err = 1.42
        n_mean = 0.01665, contrast n_max/n_min = 2.30

wrote /mnt/research/MultiscaleML_group/Liyao/salt_in_polymer_eps2_dz005/runs/prod_T1.0_c0.02/field_p06/profiles.npz
==========================================================================
### done Sun Oct  4 06:23:41 AM EDT 2026
