### Sun Oct  4 06:19:15 AM EDT 2026: /mnt/gs21/scratch/lyuliyao/salt_in_polymer/runs/prod_T1.0_c0.08/field_p03 -> /mnt/research/MultiscaleML_group/Liyao/salt_in_polymer_eps75_dz005/runs/prod_T1.0_c0.08/field_p03/profiles.npz (mmax 8, binw 0.05)
==========================================================================
YBG check  run=/mnt/gs21/scratch/lyuliyao/salt_in_polymer/runs/prod_T1.0_c0.08/field_p03  potential=p03 kind=both pp(V_N)=0.68 pp(psi)=1.16 kT

  cation: applied external force vs. stored spec, per particle: max dev 3.15e-05 of range  OK
        bin-by-bin: 99.0% of 499 bins within 2 sigma, chi^2/bin = 0.47
         m  driven   kT k_m |n_m|        |f_m|         |diff|/err
         1   -     3.05432e-05   1.83915e-04      0.83
         2   -     9.92937e-06   2.08733e-04      0.90
         3  yes    7.87550e-04   1.00705e-03      1.10
         4  yes    2.00893e-03   1.94837e-03      0.29
         5  yes    2.11500e-03   2.02184e-03      0.55
         6  yes    4.01129e-03   4.19686e-03      0.90
         7   -     4.55159e-04   6.15504e-04      0.44
         8   -     3.19228e-04   5.59891e-04      0.67
        driven modes only: max |diff|/err = 1.10
        n_mean = 0.06165, contrast n_max/n_min = 1.54

  anion: applied external force vs. stored spec, per particle: max dev 3.10e-05 of range  OK
        bin-by-bin: 99.2% of 499 bins within 2 sigma, chi^2/bin = 0.46
         m  driven   kT k_m |n_m|        |f_m|         |diff|/err
         1   -     2.73477e-05   1.43817e-04      1.17
         2   -     9.14203e-06   8.17361e-05      0.80
         3  yes    1.43750e-04   2.34299e-04      0.93
         4  yes    6.07269e-04   6.22977e-04      0.31
         5  yes    3.34569e-03   3.37079e-03      0.30
         6  yes    1.20756e-04   1.73849e-04      0.93
         7   -     2.11060e-04   2.01302e-04      0.28
         8   -     5.69890e-05   1.81979e-04      0.50
        driven modes only: max |diff|/err = 0.93
        n_mean = 0.06165, contrast n_max/n_min = 1.25

wrote /mnt/research/MultiscaleML_group/Liyao/salt_in_polymer_eps75_dz005/runs/prod_T1.0_c0.08/field_p03/profiles.npz
==========================================================================
### done Sun Oct  4 06:22:23 AM EDT 2026
