### Sun Oct  4 06:14:32 AM EDT 2026: /mnt/gs21/scratch/lyuliyao/salt_in_polymer/runs/prod_T1.0_c0.02/field_p15 -> /mnt/research/MultiscaleML_group/Liyao/salt_in_polymer_eps75_dz005/runs/prod_T1.0_c0.02/field_p15/profiles.npz (mmax 14, binw 0.05)
==========================================================================
YBG check  run=/mnt/gs21/scratch/lyuliyao/salt_in_polymer/runs/prod_T1.0_c0.02/field_p15  potential=p15 kind=charged pp(V_N)=0.00 pp(psi)=3.23 kT

  cation: applied external force vs. stored spec, per particle: max dev 3.91e-05 of range  OK
        bin-by-bin: 98.2% of 488 bins within 2 sigma, chi^2/bin = 0.67
         m  driven   kT k_m |n_m|        |f_m|         |diff|/err
         1   -     3.47987e-05   1.82338e-04      1.00
         2   -     2.52773e-05   3.24981e-04      1.09
         3   -     8.24375e-05   9.96174e-05      0.55
         4  yes    8.30918e-03   8.59709e-03      1.41
         5   -     1.79484e-04   1.82460e-04      0.26
         6   -     1.11265e-04   1.86171e-04      0.77
         7   -     1.21347e-04   3.39853e-04      0.77
         8  yes    6.73430e-04   6.03363e-04      0.28
        driven modes only: max |diff|/err = 1.82
        n_mean = 0.01657, contrast n_max/n_min = 17.22

  anion: applied external force vs. stored spec, per particle: max dev 4.35e-05 of range  OK
        bin-by-bin: 98.8% of 488 bins within 2 sigma, chi^2/bin = 0.54
         m  driven   kT k_m |n_m|        |f_m|         |diff|/err
         1   -     2.87386e-05   1.06354e-04      0.87
         2   -     1.32217e-05   2.63077e-05      0.43
         3   -     2.42940e-05   5.40109e-05      0.65
         4  yes    5.94782e-03   5.96156e-03      0.25
         5   -     1.18159e-05   1.09884e-04      0.76
         6   -     8.38288e-05   2.91883e-04      1.91
         7   -     1.02830e-04   7.35413e-05      0.87
         8  yes    6.35624e-03   6.32353e-03      0.28
        driven modes only: max |diff|/err = 0.99
        n_mean = 0.01657, contrast n_max/n_min = 4.35

wrote /mnt/research/MultiscaleML_group/Liyao/salt_in_polymer_eps75_dz005/runs/prod_T1.0_c0.02/field_p15/profiles.npz
==========================================================================
### done Sun Oct  4 06:14:45 AM EDT 2026
