### Sun Oct  4 06:29:24 AM EDT 2026: /mnt/gs21/scratch/lyuliyao/salt_in_polymer/eps2/runs/prod_T1.0_c0.06/field_p17 -> /mnt/research/MultiscaleML_group/Liyao/salt_in_polymer_eps2_dz005/runs/prod_T1.0_c0.06/field_p17/profiles.npz (mmax 4, binw 0.05)
==========================================================================
YBG check  run=/mnt/gs21/scratch/lyuliyao/salt_in_polymer/eps2/runs/prod_T1.0_c0.06/field_p17  potential=p17 kind=neutral pp(V_N)=0.72 pp(psi)=0.00 kT

  cation: applied external force vs. stored spec, per particle: max dev 2.35e-05 of range  OK
        bin-by-bin: 95.9% of 492 bins within 2 sigma, chi^2/bin = 0.88
         m  driven   kT k_m |n_m|        |f_m|         |diff|/err
         1  yes    1.09343e-04   2.41381e-04      1.04
         2  yes    6.02457e-04   4.74540e-04      0.80
         3   -     1.80914e-05   4.19214e-05      0.13
         4   -     1.47957e-05   3.40106e-04      1.29
        driven modes only: max |diff|/err = 1.04
        n_mean = 0.04842, contrast n_max/n_min = 1.14

  anion: applied external force vs. stored spec, per particle: max dev 2.40e-05 of range  OK
        bin-by-bin: 98.4% of 492 bins within 2 sigma, chi^2/bin = 0.62
         m  driven   kT k_m |n_m|        |f_m|         |diff|/err
         1  yes    1.06947e-04   1.68440e-04      0.84
         2  yes    5.57706e-04   5.11528e-04      0.59
         3   -     1.52471e-05   1.51664e-04      0.90
         4   -     1.04728e-05   2.33880e-04      1.72
        driven modes only: max |diff|/err = 0.84
        n_mean = 0.04842, contrast n_max/n_min = 1.14

wrote /mnt/research/MultiscaleML_group/Liyao/salt_in_polymer_eps2_dz005/runs/prod_T1.0_c0.06/field_p17/profiles.npz
==========================================================================
### done Sun Oct  4 06:31:13 AM EDT 2026
