### Sun Oct  4 06:05:41 AM EDT 2026: /mnt/gs21/scratch/lyuliyao/salt_in_polymer/runs/pilot_T1.0_c0.04_one_both/field_p02 -> /mnt/research/MultiscaleML_group/Liyao/salt_in_polymer_eps75_dz005/runs/pilot_T1.0_c0.04_one_both/field_p02/profiles.npz (mmax 8, binw 0.05)
==========================================================================
YBG check  run=/mnt/gs21/scratch/lyuliyao/salt_in_polymer/runs/pilot_T1.0_c0.04_one_both/field_p02  potential=p02 kind=neutral pp(V_N)=0.60 pp(psi)=0.00 kT

  cation: applied external force vs. stored spec, per particle: max dev 3.74e-05 of range  OK
        bin-by-bin: 98.4% of 490 bins within 2 sigma, chi^2/bin = 0.71
         m  driven   kT k_m |n_m|        |f_m|         |diff|/err
         1   -     1.18940e-06   4.68195e-04      3.18
         2   -     3.34345e-05   1.56328e-04      0.45
         3   -     4.18713e-05   1.00743e-04      0.54
         4  yes    1.36588e-03   1.41144e-03      0.25
         5  yes    1.96663e-03   1.91671e-03      0.48
         6  yes    2.55375e-03   2.59117e-03      0.28
         7   -     8.77333e-05   2.59337e-04      0.45
         8   -     1.94940e-04   1.31329e-04      0.25
        driven modes only: max |diff|/err = 0.48
        n_mean = 0.03263, contrast n_max/n_min = 1.61

  anion: applied external force vs. stored spec, per particle: max dev 3.63e-05 of range  OK
        bin-by-bin: 98.6% of 490 bins within 2 sigma, chi^2/bin = 0.63
         m  driven   kT k_m |n_m|        |f_m|         |diff|/err
         1   -     3.85614e-07   2.30078e-04      2.69
         2   -     2.20981e-05   2.20710e-04      1.60
         3   -     7.49019e-06   1.73070e-04      1.25
         4  yes    5.15207e-04   4.26818e-04      0.88
         5  yes    6.10370e-04   6.83745e-04      0.47
         6  yes    9.46393e-04   1.01138e-03      0.41
         7   -     8.90714e-05   1.49055e-04      0.53
         8   -     1.99261e-04   2.53834e-04      0.25
        driven modes only: max |diff|/err = 0.88
        n_mean = 0.03263, contrast n_max/n_min = 1.20

wrote /mnt/research/MultiscaleML_group/Liyao/salt_in_polymer_eps75_dz005/runs/pilot_T1.0_c0.04_one_both/field_p02/profiles.npz
==========================================================================
### done Sun Oct  4 06:06:20 AM EDT 2026
