### Sun Oct  4 06:29:24 AM EDT 2026: /mnt/gs21/scratch/lyuliyao/salt_in_polymer/eps2/runs/prod_T1.0_c0.06/field_p14 -> /mnt/research/MultiscaleML_group/Liyao/salt_in_polymer_eps2_dz005/runs/prod_T1.0_c0.06/field_p14/profiles.npz (mmax 22, binw 0.05)
==========================================================================
YBG check  run=/mnt/gs21/scratch/lyuliyao/salt_in_polymer/eps2/runs/prod_T1.0_c0.06/field_p14  potential=p14 kind=neutral pp(V_N)=1.87 pp(psi)=0.00 kT

  cation: applied external force vs. stored spec, per particle: max dev 5.43e-05 of range  OK
        bin-by-bin: 97.8% of 492 bins within 2 sigma, chi^2/bin = 0.69
         m  driven   kT k_m |n_m|        |f_m|         |diff|/err
         1   -     9.18968e-06   6.70136e-05      0.19
         2   -     1.73354e-05   1.20619e-05      0.14
         3   -     1.92568e-05   2.57215e-05      0.12
         4  yes    5.65058e-03   5.80294e-03      1.28
         5   -     3.23370e-05   6.01905e-05      0.13
         6   -     6.34544e-05   5.77223e-05      0.44
         7   -     3.18236e-05   2.70210e-04      1.28
         8  yes    3.19303e-03   3.04856e-03      0.51
        driven modes only: max |diff|/err = 1.28
        n_mean = 0.04842, contrast n_max/n_min = 1.95

  anion: applied external force vs. stored spec, per particle: max dev 5.36e-05 of range  OK
        bin-by-bin: 99.6% of 492 bins within 2 sigma, chi^2/bin = 0.42
         m  driven   kT k_m |n_m|        |f_m|         |diff|/err
         1   -     9.79660e-06   2.88768e-05      0.40
         2   -     1.78149e-05   8.01818e-05      0.80
         3   -     1.24547e-05   9.98664e-05      0.84
         4  yes    4.60415e-03   4.62649e-03      1.13
         5   -     2.08890e-05   7.84889e-05      0.63
         6   -     3.90756e-05   8.89429e-05      0.64
         7   -     5.59748e-05   8.52315e-05      0.71
         8  yes    3.26421e-03   3.28059e-03      0.07
        driven modes only: max |diff|/err = 1.13
        n_mean = 0.04842, contrast n_max/n_min = 1.75

wrote /mnt/research/MultiscaleML_group/Liyao/salt_in_polymer_eps2_dz005/runs/prod_T1.0_c0.06/field_p14/profiles.npz
==========================================================================
### done Sun Oct  4 06:31:13 AM EDT 2026
