### Sun Oct  4 06:17:27 AM EDT 2026: /mnt/gs21/scratch/lyuliyao/salt_in_polymer/runs/prod_T1.0_c0.06/field_p14 -> /mnt/research/MultiscaleML_group/Liyao/salt_in_polymer_eps75_dz005/runs/prod_T1.0_c0.06/field_p14/profiles.npz (mmax 22, binw 0.05)
==========================================================================
YBG check  run=/mnt/gs21/scratch/lyuliyao/salt_in_polymer/runs/prod_T1.0_c0.06/field_p14  potential=p14 kind=neutral pp(V_N)=1.87 pp(psi)=0.00 kT

  cation: applied external force vs. stored spec, per particle: max dev 5.31e-05 of range  OK
        bin-by-bin: 99.0% of 494 bins within 2 sigma, chi^2/bin = 0.46
         m  driven   kT k_m |n_m|        |f_m|         |diff|/err
         1   -     1.47508e-05   1.40292e-04      0.55
         2   -     1.25495e-05   2.05479e-04      0.70
         3   -     6.42302e-05   4.55108e-04      1.56
         4  yes    9.42887e-03   9.36933e-03      0.22
         5   -     1.61453e-04   2.21465e-04      0.22
         6   -     1.86721e-04   3.28949e-04      0.67
         7   -     2.02524e-04   2.79151e-04      0.54
         8  yes    1.32019e-03   1.46161e-03      0.48
        driven modes only: max |diff|/err = 1.65
        n_mean = 0.04772, contrast n_max/n_min = 2.86

  anion: applied external force vs. stored spec, per particle: max dev 5.41e-05 of range  OK
        bin-by-bin: 99.2% of 494 bins within 2 sigma, chi^2/bin = 0.54
         m  driven   kT k_m |n_m|        |f_m|         |diff|/err
         1   -     1.33253e-05   8.74841e-05      0.81
         2   -     6.78030e-06   9.31127e-05      0.63
         3   -     1.66779e-05   1.28611e-04      0.97
         4  yes    3.13770e-03   3.25099e-03      1.09
         5   -     4.22429e-05   4.99627e-05      0.84
         6   -     9.88970e-05   2.59023e-04      1.18
         7   -     2.48036e-04   1.39667e-04      0.84
         8  yes    4.02330e-03   4.13551e-03      0.67
        driven modes only: max |diff|/err = 1.09
        n_mean = 0.04772, contrast n_max/n_min = 1.62

wrote /mnt/research/MultiscaleML_group/Liyao/salt_in_polymer_eps75_dz005/runs/prod_T1.0_c0.06/field_p14/profiles.npz
==========================================================================
### done Sun Oct  4 06:18:53 AM EDT 2026
