### Sun Oct  4 06:19:04 AM EDT 2026: /mnt/gs21/scratch/lyuliyao/salt_in_polymer/runs/prod_T1.0_c0.06/field_p19 -> /mnt/research/MultiscaleML_group/Liyao/salt_in_polymer_eps75_dz005/runs/prod_T1.0_c0.06/field_p19/profiles.npz (mmax 4, binw 0.05)
==========================================================================
YBG check  run=/mnt/gs21/scratch/lyuliyao/salt_in_polymer/runs/prod_T1.0_c0.06/field_p19  potential=p19 kind=both pp(V_N)=1.01 pp(psi)=2.69 kT

  cation: applied external force vs. stored spec, per particle: max dev 1.50e-05 of range  OK
        bin-by-bin: 97.4% of 494 bins within 2 sigma, chi^2/bin = 0.76
         m  driven   kT k_m |n_m|        |f_m|         |diff|/err
         1  yes    2.82346e-04   3.02361e-05      1.21
         2  yes    1.43101e-03   1.33455e-03      0.90
         3   -     7.25372e-05   3.03346e-04      0.82
         4   -     4.59748e-05   2.27197e-04      0.53
        driven modes only: max |diff|/err = 1.21
        n_mean = 0.04772, contrast n_max/n_min = 1.37

  anion: applied external force vs. stored spec, per particle: max dev 1.73e-05 of range  OK
        bin-by-bin: 99.0% of 494 bins within 2 sigma, chi^2/bin = 0.58
         m  driven   kT k_m |n_m|        |f_m|         |diff|/err
         1  yes    2.51617e-04   1.19997e-04      1.20
         2  yes    5.15080e-04   5.77935e-04      1.03
         3   -     2.01488e-05   1.91736e-04      1.50
         4   -     1.98305e-05   1.42410e-04      0.87
        driven modes only: max |diff|/err = 1.20
        n_mean = 0.04772, contrast n_max/n_min = 1.17

wrote /mnt/research/MultiscaleML_group/Liyao/salt_in_polymer_eps75_dz005/runs/prod_T1.0_c0.06/field_p19/profiles.npz
==========================================================================
### done Sun Oct  4 06:20:20 AM EDT 2026
