### Sun Oct  4 06:19:04 AM EDT 2026: /mnt/gs21/scratch/lyuliyao/salt_in_polymer/runs/prod_T1.0_c0.06/field_p15 -> /mnt/research/MultiscaleML_group/Liyao/salt_in_polymer_eps75_dz005/runs/prod_T1.0_c0.06/field_p15/profiles.npz (mmax 14, binw 0.05)
==========================================================================
YBG check  run=/mnt/gs21/scratch/lyuliyao/salt_in_polymer/runs/prod_T1.0_c0.06/field_p15  potential=p15 kind=charged pp(V_N)=0.00 pp(psi)=3.25 kT

  cation: applied external force vs. stored spec, per particle: max dev 4.32e-05 of range  OK
        bin-by-bin: 99.4% of 494 bins within 2 sigma, chi^2/bin = 0.55
         m  driven   kT k_m |n_m|        |f_m|         |diff|/err
         1   -     2.78626e-05   2.16413e-04      0.89
         2   -     5.64946e-05   1.14971e-04      0.35
         3   -     2.68289e-05   2.03974e-04      1.00
         4  yes    1.53574e-02   1.56271e-02      1.42
         5   -     1.03397e-04   1.88634e-04      0.29
         6   -     1.18996e-04   1.16648e-04      0.26
         7   -     4.31477e-04   5.93484e-04      0.52
         8  yes    1.41048e-02   1.41556e-02      0.26
        driven modes only: max |diff|/err = 1.42
        n_mean = 0.04772, contrast n_max/n_min = 7.90

  anion: applied external force vs. stored spec, per particle: max dev 4.47e-05 of range  OK
        bin-by-bin: 98.6% of 494 bins within 2 sigma, chi^2/bin = 0.57
         m  driven   kT k_m |n_m|        |f_m|         |diff|/err
         1   -     2.56026e-05   7.53230e-05      0.44
         2   -     3.99030e-05   5.58554e-05      0.31
         3   -     5.60443e-06   1.45607e-04      1.14
         4  yes    5.72206e-03   5.77171e-03      0.41
         5   -     3.04084e-05   1.78182e-04      1.42
         6   -     9.25579e-05   1.34038e-04      0.73
         7   -     9.14208e-05   1.44745e-04      0.60
         8  yes    1.68058e-02   1.68247e-02      0.24
        driven modes only: max |diff|/err = 0.41
        n_mean = 0.04772, contrast n_max/n_min = 2.53

wrote /mnt/research/MultiscaleML_group/Liyao/salt_in_polymer_eps75_dz005/runs/prod_T1.0_c0.06/field_p15/profiles.npz
==========================================================================
### done Sun Oct  4 06:20:23 AM EDT 2026
