### Sun Oct  4 06:16:48 AM EDT 2026: /mnt/gs21/scratch/lyuliyao/salt_in_polymer/runs/prod_T1.0_c0.05/field_p11 -> /mnt/research/MultiscaleML_group/Liyao/salt_in_polymer_eps75_dz005/runs/prod_T1.0_c0.05/field_p11/profiles.npz (mmax 22, binw 0.05)
==========================================================================
YBG check  run=/mnt/gs21/scratch/lyuliyao/salt_in_polymer/runs/prod_T1.0_c0.05/field_p11  potential=p11 kind=both pp(V_N)=2.37 pp(psi)=0.80 kT

  cation: applied external force vs. stored spec, per particle: max dev 8.26e-05 of range  OK
        bin-by-bin: 99.2% of 492 bins within 2 sigma, chi^2/bin = 0.53
         m  driven   kT k_m |n_m|        |f_m|         |diff|/err
         1   -     3.23613e-06   1.42092e-04      0.50
         2   -     6.61664e-05   3.33367e-04      1.41
         3   -     1.04003e-04   1.44221e-04      0.37
         4  yes    2.69632e-03   2.53509e-03      1.48
         5  yes    1.07520e-03   1.13660e-03      0.62
         6  yes    9.18596e-03   9.33827e-03      0.64
         7   -     9.29985e-05   6.81628e-05      0.12
         8  yes    7.04100e-03   6.88872e-03      0.65
        driven modes only: max |diff|/err = 1.48
        n_mean = 0.04031, contrast n_max/n_min = 3.92

  anion: applied external force vs. stored spec, per particle: max dev 8.96e-05 of range  OK
        bin-by-bin: 98.8% of 492 bins within 2 sigma, chi^2/bin = 0.58
         m  driven   kT k_m |n_m|        |f_m|         |diff|/err
         1   -     2.51290e-06   1.18368e-04      1.12
         2   -     3.45415e-05   8.49488e-05      0.37
         3   -     3.29346e-05   3.49259e-05      0.35
         4  yes    1.52689e-03   1.56266e-03      1.70
         5  yes    3.07460e-03   3.07254e-03      1.60
         6  yes    2.66218e-03   2.73011e-03      0.32
         7   -     1.06494e-04   7.55025e-05      0.53
         8  yes    5.55294e-03   5.58410e-03      0.26
        driven modes only: max |diff|/err = 1.70
        n_mean = 0.04031, contrast n_max/n_min = 4.43

wrote /mnt/research/MultiscaleML_group/Liyao/salt_in_polymer_eps75_dz005/runs/prod_T1.0_c0.05/field_p11/profiles.npz
==========================================================================
### done Sun Oct  4 06:17:50 AM EDT 2026
