### Sun Oct  4 06:23:14 AM EDT 2026: /mnt/gs21/scratch/lyuliyao/salt_in_polymer/eps2/runs/prod_T1.0_c0.01/field_p19 -> /mnt/research/MultiscaleML_group/Liyao/salt_in_polymer_eps2_dz005/runs/prod_T1.0_c0.01/field_p19/profiles.npz (mmax 4, binw 0.05)
==========================================================================
YBG check  run=/mnt/gs21/scratch/lyuliyao/salt_in_polymer/eps2/runs/prod_T1.0_c0.01/field_p19  potential=p19 kind=both pp(V_N)=1.01 pp(psi)=2.69 kT

  cation: applied external force vs. stored spec, per particle: max dev 1.28e-05 of range  OK
        bin-by-bin: 100.0% of 487 bins within 2 sigma, chi^2/bin = 0.30
         m  driven   kT k_m |n_m|        |f_m|         |diff|/err
         1  yes    7.09122e-04   6.35153e-04      0.78
         2  yes    1.33577e-03   1.40108e-03      1.05
         3   -     3.70686e-04   2.58395e-04      0.64
         4   -     2.92542e-04   4.29980e-04      0.90
        driven modes only: max |diff|/err = 1.05
        n_mean = 0.00832, contrast n_max/n_min = 12.05

  anion: applied external force vs. stored spec, per particle: max dev 1.58e-05 of range  OK
        bin-by-bin: 100.0% of 487 bins within 2 sigma, chi^2/bin = 0.15
         m  driven   kT k_m |n_m|        |f_m|         |diff|/err
         1  yes    7.04597e-04   6.90332e-04      0.98
         2  yes    1.14564e-03   1.03653e-03      1.49
         3   -     2.85248e-04   2.44844e-04      0.59
         4   -     1.82352e-04   1.77625e-04      0.56
        driven modes only: max |diff|/err = 1.49
        n_mean = 0.00832, contrast n_max/n_min = 9.49

wrote /mnt/research/MultiscaleML_group/Liyao/salt_in_polymer_eps2_dz005/runs/prod_T1.0_c0.01/field_p19/profiles.npz
==========================================================================
### done Sun Oct  4 06:23:21 AM EDT 2026
