### Sun Oct  4 06:17:28 AM EDT 2026: /mnt/gs21/scratch/lyuliyao/salt_in_polymer/runs/prod_T1.0_c0.06/field_p05 -> /mnt/research/MultiscaleML_group/Liyao/salt_in_polymer_eps75_dz005/runs/prod_T1.0_c0.06/field_p05/profiles.npz (mmax 7, binw 0.05)
==========================================================================
YBG check  run=/mnt/gs21/scratch/lyuliyao/salt_in_polymer/runs/prod_T1.0_c0.06/field_p05  potential=p05 kind=both pp(V_N)=1.52 pp(psi)=0.52 kT

  cation: applied external force vs. stored spec, per particle: max dev 2.85e-05 of range  OK
        bin-by-bin: 99.2% of 494 bins within 2 sigma, chi^2/bin = 0.60
         m  driven   kT k_m |n_m|        |f_m|         |diff|/err
         1   -     1.28538e-05   3.85135e-05      0.19
         2   -     2.68131e-05   2.43204e-04      0.96
         3  yes    1.37941e-03   1.44529e-03      0.25
         4  yes    5.57036e-03   6.00121e-03      1.41
         5  yes    3.37247e-03   3.39197e-03      0.17
         6   -     1.55142e-04   2.14890e-04      0.54
         7   -     4.83406e-04   2.96391e-04      0.71
        driven modes only: max |diff|/err = 1.41
        n_mean = 0.04772, contrast n_max/n_min = 2.08

  anion: applied external force vs. stored spec, per particle: max dev 3.00e-05 of range  OK
        bin-by-bin: 99.0% of 494 bins within 2 sigma, chi^2/bin = 0.52
         m  driven   kT k_m |n_m|        |f_m|         |diff|/err
         1   -     9.92321e-06   1.13618e-04      1.27
         2   -     1.65473e-05   6.93665e-05      0.36
         3  yes    7.40907e-04   6.87398e-04      0.97
         4  yes    1.80741e-03   1.81218e-03      0.49
         5  yes    2.98961e-03   3.07281e-03      1.25
         6   -     1.17365e-04   7.74326e-05      0.78
         7   -     2.55954e-04   3.78350e-04      0.58
        driven modes only: max |diff|/err = 1.25
        n_mean = 0.04772, contrast n_max/n_min = 1.39

wrote /mnt/research/MultiscaleML_group/Liyao/salt_in_polymer_eps75_dz005/runs/prod_T1.0_c0.06/field_p05/profiles.npz
==========================================================================
### done Sun Oct  4 06:18:55 AM EDT 2026
