### Sun Oct  4 06:29:25 AM EDT 2026: /mnt/gs21/scratch/lyuliyao/salt_in_polymer/eps2/runs/prod_T1.0_c0.06/field_p11 -> /mnt/research/MultiscaleML_group/Liyao/salt_in_polymer_eps2_dz005/runs/prod_T1.0_c0.06/field_p11/profiles.npz (mmax 22, binw 0.05)
==========================================================================
YBG check  run=/mnt/gs21/scratch/lyuliyao/salt_in_polymer/eps2/runs/prod_T1.0_c0.06/field_p11  potential=p11 kind=both pp(V_N)=2.37 pp(psi)=0.80 kT

  cation: applied external force vs. stored spec, per particle: max dev 8.13e-05 of range  OK
        bin-by-bin: 99.2% of 492 bins within 2 sigma, chi^2/bin = 0.65
         m  driven   kT k_m |n_m|        |f_m|         |diff|/err
         1   -     1.05659e-05   6.40223e-05      0.19
         2   -     5.05096e-05   2.95870e-04      1.53
         3   -     2.64245e-05   2.11804e-04      1.18
         4  yes    1.87715e-03   1.96872e-03      0.55
         5  yes    1.30184e-03   1.15933e-03      0.78
         6  yes    5.85055e-03   5.64004e-03      1.10
         7   -     9.32670e-05   3.85365e-05      0.51
         8  yes    6.11261e-03   6.12594e-03      0.40
        driven modes only: max |diff|/err = 1.24
        n_mean = 0.04842, contrast n_max/n_min = 3.19

  anion: applied external force vs. stored spec, per particle: max dev 9.47e-05 of range  OK
        bin-by-bin: 99.2% of 492 bins within 2 sigma, chi^2/bin = 0.51
         m  driven   kT k_m |n_m|        |f_m|         |diff|/err
         1   -     9.42990e-06   1.14663e-04      0.80
         2   -     4.98409e-05   8.11349e-05      0.83
         3   -     2.51855e-05   2.09402e-04      2.44
         4  yes    1.72384e-03   1.69136e-03      0.55
         5  yes    2.00578e-03   2.08365e-03      0.82
         6  yes    4.67107e-03   4.69120e-03      1.10
         7   -     1.01526e-04   1.53169e-04      0.64
         8  yes    5.97121e-03   6.16234e-03      0.89
        driven modes only: max |diff|/err = 1.10
        n_mean = 0.04842, contrast n_max/n_min = 4.25

wrote /mnt/research/MultiscaleML_group/Liyao/salt_in_polymer_eps2_dz005/runs/prod_T1.0_c0.06/field_p11/profiles.npz
==========================================================================
### done Sun Oct  4 06:31:13 AM EDT 2026
