### Sun Oct  4 06:23:23 AM EDT 2026: /mnt/gs21/scratch/lyuliyao/salt_in_polymer/eps2/runs/prod_T1.0_c0.02/field_p04 -> /mnt/research/MultiscaleML_group/Liyao/salt_in_polymer_eps2_dz005/runs/prod_T1.0_c0.02/field_p04/profiles.npz (mmax 7, binw 0.05)
==========================================================================
YBG check  run=/mnt/gs21/scratch/lyuliyao/salt_in_polymer/eps2/runs/prod_T1.0_c0.02/field_p04  potential=p04 kind=both pp(V_N)=0.60 pp(psi)=2.70 kT

  cation: applied external force vs. stored spec, per particle: max dev 3.27e-05 of range  OK
        bin-by-bin: 98.8% of 487 bins within 2 sigma, chi^2/bin = 0.59
         m  driven   kT k_m |n_m|        |f_m|         |diff|/err
         1   -     1.24042e-04   8.96665e-05      0.81
         2   -     1.15000e-04   3.46102e-04      1.75
         3  yes    9.22925e-04   1.09320e-03      0.86
         4  yes    9.43990e-04   7.42329e-04      1.03
         5  yes    2.09802e-03   2.30019e-03      1.06
         6   -     4.06071e-05   1.23092e-04      1.01
         7   -     2.49520e-04   3.29038e-04      1.62
        driven modes only: max |diff|/err = 1.06
        n_mean = 0.01665, contrast n_max/n_min = 2.39

  anion: applied external force vs. stored spec, per particle: max dev 3.46e-05 of range  OK
        bin-by-bin: 98.8% of 487 bins within 2 sigma, chi^2/bin = 0.42
         m  driven   kT k_m |n_m|        |f_m|         |diff|/err
         1   -     1.21087e-04   1.04768e-04      0.97
         2   -     1.04037e-04   1.63207e-04      0.69
         3  yes    4.33419e-04   4.28734e-04      0.69
         4  yes    4.10344e-04   4.46682e-04      0.58
         5  yes    2.60724e-03   2.52324e-03      1.17
         6   -     6.70949e-05   4.34158e-05      0.20
         7   -     2.83402e-05   1.21319e-04      0.64
        driven modes only: max |diff|/err = 1.17
        n_mean = 0.01665, contrast n_max/n_min = 2.03

wrote /mnt/research/MultiscaleML_group/Liyao/salt_in_polymer_eps2_dz005/runs/prod_T1.0_c0.02/field_p04/profiles.npz
==========================================================================
### done Sun Oct  4 06:23:42 AM EDT 2026
