### Sun Oct  4 06:25:25 AM EDT 2026: /mnt/gs21/scratch/lyuliyao/salt_in_polymer/eps2/runs/prod_T1.0_c0.04/field_p27 -> /mnt/research/MultiscaleML_group/Liyao/salt_in_polymer_eps2_dz005/runs/prod_T1.0_c0.04/field_p27/profiles.npz (mmax 17, binw 0.05)
==========================================================================
YBG check  run=/mnt/gs21/scratch/lyuliyao/salt_in_polymer/eps2/runs/prod_T1.0_c0.04/field_p27  potential=p27 kind=neutral pp(V_N)=6.52 pp(psi)=0.00 kT

  cation: applied external force vs. stored spec, per particle: max dev 4.50e-05 of range  OK
        bin-by-bin: 99.4% of 488 bins within 2 sigma, chi^2/bin = 0.54
         m  driven   kT k_m |n_m|        |f_m|         |diff|/err
         1   -     3.59529e-05   1.51267e-04      0.84
         2   -     3.66991e-05   2.11439e-04      1.02
         3  yes    1.38612e-02   1.37293e-02      0.94
         4   -     5.41788e-05   1.96355e-04      0.54
         5   -     7.28793e-05   1.90860e-04      0.46
         6  yes    1.01782e-02   1.01303e-02      0.56
         7   -     1.57040e-04   1.00085e-04      0.79
         8   -     1.34111e-04   1.24062e-04      0.24
        driven modes only: max |diff|/err = 0.94
        n_mean = 0.03298, contrast n_max/n_min = 14.95

  anion: applied external force vs. stored spec, per particle: max dev 4.41e-05 of range  OK
        bin-by-bin: 99.8% of 488 bins within 2 sigma, chi^2/bin = 0.33
         m  driven   kT k_m |n_m|        |f_m|         |diff|/err
         1   -     3.62423e-05   8.12030e-05      0.44
         2   -     3.12543e-05   2.39868e-05      0.20
         3  yes    1.21843e-02   1.21930e-02      0.38
         4   -     5.16148e-05   6.82538e-05      0.23
         5   -     6.59058e-05   1.31537e-04      0.85
         6  yes    6.89546e-03   7.01632e-03      1.50
         7   -     1.62889e-05   1.51729e-04      0.93
         8   -     1.26595e-04   1.99833e-04      0.27
        driven modes only: max |diff|/err = 1.50
        n_mean = 0.03298, contrast n_max/n_min = 10.63

wrote /mnt/research/MultiscaleML_group/Liyao/salt_in_polymer_eps2_dz005/runs/prod_T1.0_c0.04/field_p27/profiles.npz
==========================================================================
### done Sun Oct  4 06:26:13 AM EDT 2026
