### Sun Oct  4 06:19:05 AM EDT 2026: /mnt/gs21/scratch/lyuliyao/salt_in_polymer/runs/prod_T1.0_c0.06/field_p21 -> /mnt/research/MultiscaleML_group/Liyao/salt_in_polymer_eps75_dz005/runs/prod_T1.0_c0.06/field_p21/profiles.npz (mmax 4, binw 0.05)
==========================================================================
YBG check  run=/mnt/gs21/scratch/lyuliyao/salt_in_polymer/runs/prod_T1.0_c0.06/field_p21  potential=p21 kind=charged pp(V_N)=0.00 pp(psi)=3.00 kT

  cation: applied external force vs. stored spec, per particle: max dev 1.52e-05 of range  OK
        bin-by-bin: 97.6% of 494 bins within 2 sigma, chi^2/bin = 0.76
         m  driven   kT k_m |n_m|        |f_m|         |diff|/err
         1  yes    4.94506e-05   3.71023e-04      1.45
         2  yes    7.28144e-04   7.60147e-04      0.46
         3   -     2.49880e-05   2.66614e-04      1.69
         4   -     9.23758e-05   1.91276e-04      0.92
        driven modes only: max |diff|/err = 1.45
        n_mean = 0.04772, contrast n_max/n_min = 1.17

  anion: applied external force vs. stored spec, per particle: max dev 1.55e-05 of range  OK
        bin-by-bin: 98.8% of 494 bins within 2 sigma, chi^2/bin = 0.72
         m  driven   kT k_m |n_m|        |f_m|         |diff|/err
         1  yes    2.26414e-05   8.51640e-05      0.97
         2  yes    1.08668e-04   1.54922e-04      1.07
         3   -     7.19714e-06   1.79380e-04      1.14
         4   -     1.23892e-05   1.44644e-04      1.24
        driven modes only: max |diff|/err = 1.07
        n_mean = 0.04772, contrast n_max/n_min = 1.04

wrote /mnt/research/MultiscaleML_group/Liyao/salt_in_polymer_eps75_dz005/runs/prod_T1.0_c0.06/field_p21/profiles.npz
==========================================================================
### done Sun Oct  4 06:20:29 AM EDT 2026
