### Sun Oct  4 06:12:17 AM EDT 2026: /mnt/gs21/scratch/lyuliyao/salt_in_polymer/runs/prod_T1.0_c0.02/field_p05 -> /mnt/research/MultiscaleML_group/Liyao/salt_in_polymer_eps75_dz005/runs/prod_T1.0_c0.02/field_p05/profiles.npz (mmax 7, binw 0.05)
==========================================================================
YBG check  run=/mnt/gs21/scratch/lyuliyao/salt_in_polymer/runs/prod_T1.0_c0.02/field_p05  potential=p05 kind=both pp(V_N)=1.52 pp(psi)=0.52 kT

  cation: applied external force vs. stored spec, per particle: max dev 2.95e-05 of range  OK
        bin-by-bin: 98.6% of 488 bins within 2 sigma, chi^2/bin = 0.56
         m  driven   kT k_m |n_m|        |f_m|         |diff|/err
         1   -     3.87275e-05   6.90801e-05      0.28
         2   -     7.07006e-05   2.21131e-04      1.35
         3  yes    1.16457e-03   1.13358e-03      0.43
         4  yes    3.53201e-03   3.61409e-03      1.06
         5  yes    1.52602e-03   1.26882e-03      0.96
         6   -     1.00111e-04   1.84256e-04      0.64
         7   -     5.70455e-04   6.25129e-04      0.96
        driven modes only: max |diff|/err = 1.06
        n_mean = 0.01657, contrast n_max/n_min = 3.74

  anion: applied external force vs. stored spec, per particle: max dev 2.99e-05 of range  OK
        bin-by-bin: 99.2% of 488 bins within 2 sigma, chi^2/bin = 0.55
         m  driven   kT k_m |n_m|        |f_m|         |diff|/err
         1   -     3.34510e-05   2.03782e-05      0.31
         2   -     4.37969e-05   8.30197e-05      0.79
         3  yes    7.70390e-04   7.28712e-04      0.38
         4  yes    1.89823e-03   1.87596e-03      0.91
         5  yes    3.06045e-03   3.10558e-03      1.12
         6   -     9.68940e-05   1.44889e-04      0.82
         7   -     5.74020e-05   6.67653e-05      0.56
        driven modes only: max |diff|/err = 1.12
        n_mean = 0.01657, contrast n_max/n_min = 2.68

wrote /mnt/research/MultiscaleML_group/Liyao/salt_in_polymer_eps75_dz005/runs/prod_T1.0_c0.02/field_p05/profiles.npz
==========================================================================
### done Sun Oct  4 06:12:31 AM EDT 2026
