### Sun Oct  4 06:10:02 AM EDT 2026: /mnt/gs21/scratch/lyuliyao/salt_in_polymer/runs/prod_T1.0_c0.01/field_p02 -> /mnt/research/MultiscaleML_group/Liyao/salt_in_polymer_eps75_dz005/runs/prod_T1.0_c0.01/field_p02/profiles.npz (mmax 7, binw 0.05)
==========================================================================
YBG check  run=/mnt/gs21/scratch/lyuliyao/salt_in_polymer/runs/prod_T1.0_c0.01/field_p02  potential=p02 kind=both pp(V_N)=2.64 pp(psi)=2.25 kT

  cation: applied external force vs. stored spec, per particle: max dev 3.35e-05 of range  OK
        bin-by-bin: 99.2% of 487 bins within 2 sigma, chi^2/bin = 0.55
         m  driven   kT k_m |n_m|        |f_m|         |diff|/err
         1   -     2.44590e-04   8.80713e-05      1.08
         2   -     5.83431e-05   2.52749e-04      1.85
         3   -     2.49068e-04   3.62804e-04      0.75
         4  yes    3.37629e-03   3.65618e-03      1.89
         5  yes    4.88187e-03   4.78364e-03      0.63
         6   -     1.68523e-04   2.05999e-04      0.43
         7   -     1.99560e-04   2.76135e-04      0.54
        driven modes only: max |diff|/err = 1.89
        n_mean = 0.00830, contrast n_max/n_min = 66.83

  anion: applied external force vs. stored spec, per particle: max dev 3.39e-05 of range  OK
        bin-by-bin: 99.2% of 487 bins within 2 sigma, chi^2/bin = 0.37
         m  driven   kT k_m |n_m|        |f_m|         |diff|/err
         1   -     2.05717e-04   1.79650e-04      0.47
         2   -     3.79612e-05   9.23460e-05      0.82
         3   -     9.45741e-05   1.13863e-04      0.23
         4  yes    2.39701e-04   1.97731e-04      0.91
         5  yes    4.08393e-03   4.11776e-03      0.87
         6   -     4.73122e-04   4.15988e-04      0.63
         7   -     7.09097e-06   8.42792e-05      0.89
        driven modes only: max |diff|/err = 0.91
        n_mean = 0.00830, contrast n_max/n_min = 8.63

wrote /mnt/research/MultiscaleML_group/Liyao/salt_in_polymer_eps75_dz005/runs/prod_T1.0_c0.01/field_p02/profiles.npz
==========================================================================
### done Sun Oct  4 06:10:08 AM EDT 2026
