### Sun Oct  4 06:05:42 AM EDT 2026: /mnt/gs21/scratch/lyuliyao/salt_in_polymer/runs/pilot_T1.0_c0.04_one_both/field_p10 -> /mnt/research/MultiscaleML_group/Liyao/salt_in_polymer_eps75_dz005/runs/pilot_T1.0_c0.04_one_both/field_p10/profiles.npz (mmax 8, binw 0.05)
==========================================================================
YBG check  run=/mnt/gs21/scratch/lyuliyao/salt_in_polymer/runs/pilot_T1.0_c0.04_one_both/field_p10  potential=p10 kind=both pp(V_N)=1.90 pp(psi)=3.00 kT

  cation: applied external force vs. stored spec, per particle: max dev 4.04e-05 of range  OK
        bin-by-bin: 98.4% of 490 bins within 2 sigma, chi^2/bin = 0.58
         m  driven   kT k_m |n_m|        |f_m|         |diff|/err
         1   -     6.92490e-06   3.12265e-04      1.08
         2   -     3.14891e-05   2.20413e-04      0.87
         3  yes    3.37556e-03   3.54762e-03      0.97
         4  yes    6.47872e-04   5.68235e-04      1.49
         5   -     1.65731e-04   3.42258e-04      0.51
         6  yes    2.46839e-02   2.53886e-02      3.23
         7   -     2.15483e-04   1.48606e-04      1.12
         8   -     1.71774e-05   1.79041e-04      0.44
        driven modes only: max |diff|/err = 3.23
        n_mean = 0.03263, contrast n_max/n_min = 16.61

  anion: applied external force vs. stored spec, per particle: max dev 3.68e-05 of range  OK
        bin-by-bin: 99.0% of 490 bins within 2 sigma, chi^2/bin = 0.49
         m  driven   kT k_m |n_m|        |f_m|         |diff|/err
         1   -     4.97160e-06   9.68273e-05      0.68
         2   -     3.64096e-05   6.60513e-05      0.26
         3  yes    1.60383e-03   1.60207e-03      0.96
         4  yes    3.43309e-03   3.50844e-03      1.49
         5   -     1.42252e-05   4.71616e-05      0.21
         6  yes    1.79242e-02   1.82224e-02      1.41
         7   -     3.20682e-04   3.22972e-04      0.17
         8   -     6.81556e-04   6.13090e-04      0.76
        driven modes only: max |diff|/err = 1.49
        n_mean = 0.03263, contrast n_max/n_min = 9.91

wrote /mnt/research/MultiscaleML_group/Liyao/salt_in_polymer_eps75_dz005/runs/pilot_T1.0_c0.04_one_both/field_p10/profiles.npz
==========================================================================
### done Sun Oct  4 06:06:19 AM EDT 2026
