### Sun Oct  4 06:29:45 AM EDT 2026: /mnt/gs21/scratch/lyuliyao/salt_in_polymer/eps2/runs/prod_T1.0_c0.08/field_p08 -> /mnt/research/MultiscaleML_group/Liyao/salt_in_polymer_eps2_dz005/runs/prod_T1.0_c0.08/field_p08/profiles.npz (mmax 18, binw 0.05)
==========================================================================
YBG check  run=/mnt/gs21/scratch/lyuliyao/salt_in_polymer/eps2/runs/prod_T1.0_c0.08/field_p08  potential=p08 kind=both pp(V_N)=1.15 pp(psi)=0.75 kT

  cation: applied external force vs. stored spec, per particle: max dev 7.55e-05 of range  OK
        bin-by-bin: 98.6% of 496 bins within 2 sigma, chi^2/bin = 0.63
         m  driven   kT k_m |n_m|        |f_m|         |diff|/err
         1   -     7.65571e-06   1.90194e-04      1.55
         2   -     1.40200e-05   1.91004e-04      2.06
         3  yes    4.38221e-04   6.37872e-04      1.43
         4  yes    1.22105e-03   1.12403e-03      0.53
         5  yes    3.06404e-04   2.64772e-04      0.49
         6  yes    1.40241e-03   1.16904e-03      1.32
         7   -     2.46306e-05   1.92162e-04      0.70
         8   -     1.73048e-04   2.40766e-04      0.61
        driven modes only: max |diff|/err = 1.44
        n_mean = 0.06276, contrast n_max/n_min = 2.34

  anion: applied external force vs. stored spec, per particle: max dev 6.63e-05 of range  OK
        bin-by-bin: 100.0% of 496 bins within 2 sigma, chi^2/bin = 0.40
         m  driven   kT k_m |n_m|        |f_m|         |diff|/err
         1   -     7.45793e-06   2.79550e-05      0.30
         2   -     1.44564e-05   9.73824e-05      0.96
         3  yes    3.78231e-04   3.96478e-04      0.44
         4  yes    1.11004e-03   1.07460e-03      1.44
         5  yes    2.09334e-04   1.60288e-04      0.65
         6  yes    2.72597e-03   2.67733e-03      0.85
         7   -     4.20686e-05   6.36518e-05      0.83
         8   -     3.96077e-05   3.74988e-05      0.45
        driven modes only: max |diff|/err = 1.44
        n_mean = 0.06276, contrast n_max/n_min = 2.17

wrote /mnt/research/MultiscaleML_group/Liyao/salt_in_polymer_eps2_dz005/runs/prod_T1.0_c0.08/field_p08/profiles.npz
==========================================================================
### done Sun Oct  4 06:34:39 AM EDT 2026
