### Sun Oct  4 06:17:28 AM EDT 2026: /mnt/gs21/scratch/lyuliyao/salt_in_polymer/runs/prod_T1.0_c0.06/field_p04 -> /mnt/research/MultiscaleML_group/Liyao/salt_in_polymer_eps75_dz005/runs/prod_T1.0_c0.06/field_p04/profiles.npz (mmax 7, binw 0.05)
==========================================================================
YBG check  run=/mnt/gs21/scratch/lyuliyao/salt_in_polymer/runs/prod_T1.0_c0.06/field_p04  potential=p04 kind=both pp(V_N)=0.60 pp(psi)=2.70 kT

  cation: applied external force vs. stored spec, per particle: max dev 3.31e-05 of range  OK
        bin-by-bin: 99.2% of 494 bins within 2 sigma, chi^2/bin = 0.48
         m  driven   kT k_m |n_m|        |f_m|         |diff|/err
         1   -     1.53296e-05   1.85889e-04      0.74
         2   -     4.00862e-05   2.00571e-04      0.57
         3  yes    2.39151e-03   2.25396e-03      0.72
         4  yes    5.68697e-03   5.93811e-03      1.35
         5  yes    1.09006e-02   1.09358e-02      0.48
         6   -     3.08668e-04   5.84414e-05      0.60
         7   -     5.72930e-04   6.12974e-04      0.42
        driven modes only: max |diff|/err = 1.35
        n_mean = 0.04772, contrast n_max/n_min = 4.40

  anion: applied external force vs. stored spec, per particle: max dev 3.48e-05 of range  OK
        bin-by-bin: 98.8% of 494 bins within 2 sigma, chi^2/bin = 0.56
         m  driven   kT k_m |n_m|        |f_m|         |diff|/err
         1   -     1.26678e-05   1.05157e-04      0.79
         2   -     2.72854e-05   4.41807e-05      0.49
         3  yes    1.85020e-04   2.50716e-04      0.65
         4  yes    1.81719e-03   1.76626e-03      0.70
         5  yes    5.50990e-03   5.52417e-03      0.49
         6   -     1.22554e-04   1.37567e-04      0.09
         7   -     6.23971e-05   8.58747e-05      0.67
        driven modes only: max |diff|/err = 0.70
        n_mean = 0.04772, contrast n_max/n_min = 1.71

wrote /mnt/research/MultiscaleML_group/Liyao/salt_in_polymer_eps75_dz005/runs/prod_T1.0_c0.06/field_p04/profiles.npz
==========================================================================
### done Sun Oct  4 06:18:54 AM EDT 2026
