### Sun Oct  4 06:12:18 AM EDT 2026: /mnt/gs21/scratch/lyuliyao/salt_in_polymer/runs/prod_T1.0_c0.02/field_p12 -> /mnt/research/MultiscaleML_group/Liyao/salt_in_polymer_eps75_dz005/runs/prod_T1.0_c0.02/field_p12/profiles.npz (mmax 18, binw 0.05)
==========================================================================
YBG check  run=/mnt/gs21/scratch/lyuliyao/salt_in_polymer/runs/prod_T1.0_c0.02/field_p12  potential=p12 kind=both pp(V_N)=1.62 pp(psi)=2.01 kT

  cation: applied external force vs. stored spec, per particle: max dev 8.37e-05 of range  OK
        bin-by-bin: 98.8% of 488 bins within 2 sigma, chi^2/bin = 0.58
         m  driven   kT k_m |n_m|        |f_m|         |diff|/err
         1   -     1.46710e-05   3.61742e-04      1.93
         2   -     1.29011e-04   3.34430e-04      0.94
         3  yes    1.53973e-03   1.64292e-03      0.67
         4  yes    2.25867e-03   2.07297e-03      1.10
         5  yes    2.85821e-03   2.84531e-03      0.15
         6  yes    4.58109e-03   4.50781e-03      0.55
         7   -     8.37970e-04   8.61788e-04      0.26
         8   -     1.03044e-03   1.00537e-03      0.72
        driven modes only: max |diff|/err = 1.10
        n_mean = 0.01657, contrast n_max/n_min = 16.38

  anion: applied external force vs. stored spec, per particle: max dev 6.21e-05 of range  OK
        bin-by-bin: 99.6% of 488 bins within 2 sigma, chi^2/bin = 0.42
         m  driven   kT k_m |n_m|        |f_m|         |diff|/err
         1   -     1.15636e-05   1.12761e-04      0.88
         2   -     7.59923e-05   1.05132e-04      0.24
         3  yes    4.54043e-04   4.77685e-04      0.33
         4  yes    1.16393e-03   1.26830e-03      1.11
         5  yes    1.77276e-03   1.78048e-03      0.50
         6  yes    4.06250e-03   4.10171e-03      0.63
         7   -     9.21750e-05   1.64274e-04      0.50
         8   -     9.62982e-05   1.17205e-04      0.16
        driven modes only: max |diff|/err = 1.11
        n_mean = 0.01657, contrast n_max/n_min = 4.50

wrote /mnt/research/MultiscaleML_group/Liyao/salt_in_polymer_eps75_dz005/runs/prod_T1.0_c0.02/field_p12/profiles.npz
==========================================================================
### done Sun Oct  4 06:12:34 AM EDT 2026
