### Sun Oct  4 06:12:16 AM EDT 2026: /mnt/gs21/scratch/lyuliyao/salt_in_polymer/runs/prod_T1.0_c0.02/field_p02 -> /mnt/research/MultiscaleML_group/Liyao/salt_in_polymer_eps75_dz005/runs/prod_T1.0_c0.02/field_p02/profiles.npz (mmax 7, binw 0.05)
==========================================================================
YBG check  run=/mnt/gs21/scratch/lyuliyao/salt_in_polymer/runs/prod_T1.0_c0.02/field_p02  potential=p02 kind=both pp(V_N)=2.64 pp(psi)=2.25 kT

  cation: applied external force vs. stored spec, per particle: max dev 3.40e-05 of range  OK
        bin-by-bin: 98.4% of 488 bins within 2 sigma, chi^2/bin = 0.59
         m  driven   kT k_m |n_m|        |f_m|         |diff|/err
         1   -     1.96596e-04   2.66803e-04      0.50
         2   -     5.06172e-05   3.21129e-04      1.42
         3   -     1.81887e-04   3.82104e-04      0.71
         4  yes    5.87716e-03   5.98283e-03      0.71
         5  yes    9.55276e-03   9.47533e-03      1.00
         6   -     5.03883e-04   3.91163e-04      0.70
         7   -     1.42171e-04   4.59128e-04      1.19
        driven modes only: max |diff|/err = 1.00
        n_mean = 0.01657, contrast n_max/n_min = 54.48

  anion: applied external force vs. stored spec, per particle: max dev 3.74e-05 of range  OK
        bin-by-bin: 98.8% of 488 bins within 2 sigma, chi^2/bin = 0.42
         m  driven   kT k_m |n_m|        |f_m|         |diff|/err
         1   -     1.66821e-04   1.73354e-04      0.35
         2   -     2.40349e-05   2.14820e-04      1.54
         3   -     6.82488e-05   1.29199e-04      1.14
         4  yes    4.48183e-04   4.10743e-04      1.17
         5  yes    6.53411e-03   6.63973e-03      1.62
         6   -     3.59287e-04   3.93015e-04      0.65
         7   -     6.22616e-05   1.54782e-04      0.99
        driven modes only: max |diff|/err = 1.62
        n_mean = 0.01657, contrast n_max/n_min = 4.81

wrote /mnt/research/MultiscaleML_group/Liyao/salt_in_polymer_eps75_dz005/runs/prod_T1.0_c0.02/field_p02/profiles.npz
==========================================================================
### done Sun Oct  4 06:12:29 AM EDT 2026
