### Sun Oct  4 06:07:48 AM EDT 2026: /mnt/gs21/scratch/lyuliyao/salt_in_polymer/runs/pilot_T1.0_c0.04_one_both/field_p22 -> /mnt/research/MultiscaleML_group/Liyao/salt_in_polymer_eps75_dz005/runs/pilot_T1.0_c0.04_one_both/field_p22/profiles.npz (mmax 18, binw 0.05)
==========================================================================
YBG check  run=/mnt/gs21/scratch/lyuliyao/salt_in_polymer/runs/pilot_T1.0_c0.04_one_both/field_p22  potential=p22 kind=neutral pp(V_N)=4.19 pp(psi)=0.00 kT

  cation: applied external force vs. stored spec, per particle: max dev 4.69e-05 of range  OK
        bin-by-bin: 99.6% of 490 bins within 2 sigma, chi^2/bin = 0.44
         m  driven   kT k_m |n_m|        |f_m|         |diff|/err
         1   -     1.48951e-05   3.33928e-04      1.74
         2   -     9.86289e-06   2.82113e-04      1.38
         3   -     6.04975e-05   1.58975e-04      0.99
         4  yes    2.04584e-02   2.05820e-02      0.53
         5   -     4.21995e-05   3.76789e-04      0.82
         6   -     6.54262e-05   1.46287e-04      0.88
         7   -     6.02262e-05   2.41724e-04      0.84
         8  yes    2.15288e-02   2.16086e-02      0.61
        driven modes only: max |diff|/err = 0.72
        n_mean = 0.03263, contrast n_max/n_min = 16.07

  anion: applied external force vs. stored spec, per particle: max dev 4.63e-05 of range  OK
        bin-by-bin: 99.4% of 490 bins within 2 sigma, chi^2/bin = 0.46
         m  driven   kT k_m |n_m|        |f_m|         |diff|/err
         1   -     1.39180e-05   7.24561e-05      0.69
         2   -     1.21315e-05   2.12454e-04      2.08
         3   -     2.91452e-05   1.36945e-04      2.02
         4  yes    8.06463e-03   7.97660e-03      0.68
         5   -     4.88706e-05   3.81433e-05      0.25
         6   -     2.34556e-05   6.81695e-05      0.49
         7   -     1.19816e-04   2.48739e-04      0.90
         8  yes    5.26839e-03   5.39533e-03      0.67
        driven modes only: max |diff|/err = 0.68
        n_mean = 0.03263, contrast n_max/n_min = 2.88

wrote /mnt/research/MultiscaleML_group/Liyao/salt_in_polymer_eps75_dz005/runs/pilot_T1.0_c0.04_one_both/field_p22/profiles.npz
==========================================================================
### done Sun Oct  4 06:08:25 AM EDT 2026
