### Sun Oct  4 06:27:23 AM EDT 2026: /mnt/gs21/scratch/lyuliyao/salt_in_polymer/eps2/runs/prod_T1.0_c0.05/field_p04 -> /mnt/research/MultiscaleML_group/Liyao/salt_in_polymer_eps2_dz005/runs/prod_T1.0_c0.05/field_p04/profiles.npz (mmax 7, binw 0.05)
==========================================================================
YBG check  run=/mnt/gs21/scratch/lyuliyao/salt_in_polymer/eps2/runs/prod_T1.0_c0.05/field_p04  potential=p04 kind=both pp(V_N)=0.60 pp(psi)=2.70 kT

  cation: applied external force vs. stored spec, per particle: max dev 3.37e-05 of range  OK
        bin-by-bin: 97.8% of 490 bins within 2 sigma, chi^2/bin = 0.77
         m  driven   kT k_m |n_m|        |f_m|         |diff|/err
         1   -     3.07364e-05   1.11545e-04      0.43
         2   -     2.28946e-05   4.61274e-04      2.39
         3  yes    8.07738e-04   7.11463e-04      0.52
         4  yes    9.99369e-04   9.19960e-04      0.52
         5  yes    2.43098e-03   2.18782e-03      0.93
         6   -     7.04320e-05   2.41610e-04      0.76
         7   -     5.74115e-05   3.33335e-04      1.64
        driven modes only: max |diff|/err = 0.93
        n_mean = 0.04083, contrast n_max/n_min = 1.44

  anion: applied external force vs. stored spec, per particle: max dev 3.68e-05 of range  OK
        bin-by-bin: 98.4% of 490 bins within 2 sigma, chi^2/bin = 0.57
         m  driven   kT k_m |n_m|        |f_m|         |diff|/err
         1   -     3.02103e-05   7.46635e-05      0.69
         2   -     2.28279e-05   8.85385e-05      0.74
         3  yes    3.17380e-04   2.54979e-04      1.16
         4  yes    3.01039e-04   2.81237e-04      0.58
         5  yes    2.42327e-03   2.55432e-03      1.24
         6   -     4.31741e-05   1.09997e-04      1.06
         7   -     3.58248e-05   9.39758e-05      0.44
        driven modes only: max |diff|/err = 1.24
        n_mean = 0.04083, contrast n_max/n_min = 1.28

wrote /mnt/research/MultiscaleML_group/Liyao/salt_in_polymer_eps2_dz005/runs/prod_T1.0_c0.05/field_p04/profiles.npz
==========================================================================
### done Sun Oct  4 06:28:34 AM EDT 2026
