### Sun Oct  4 06:27:23 AM EDT 2026: /mnt/gs21/scratch/lyuliyao/salt_in_polymer/eps2/runs/prod_T1.0_c0.05/field_p07 -> /mnt/research/MultiscaleML_group/Liyao/salt_in_polymer_eps2_dz005/runs/prod_T1.0_c0.05/field_p07/profiles.npz (mmax 8, binw 0.05)
==========================================================================
YBG check  run=/mnt/gs21/scratch/lyuliyao/salt_in_polymer/eps2/runs/prod_T1.0_c0.05/field_p07  potential=p07 kind=charged pp(V_N)=0.00 pp(psi)=2.74 kT

  cation: applied external force vs. stored spec, per particle: max dev 3.77e-05 of range  OK
        bin-by-bin: 98.8% of 490 bins within 2 sigma, chi^2/bin = 0.69
         m  driven   kT k_m |n_m|        |f_m|         |diff|/err
         1   -     9.74457e-06   3.18095e-04      1.39
         2   -     1.78960e-05   7.98125e-05      0.40
         3   -     6.63085e-05   2.92247e-04      1.31
         4  yes    1.28293e-03   1.19025e-03      0.56
         5   -     3.16001e-05   1.47368e-04      0.52
         6  yes    7.73541e-03   7.50088e-03      0.95
         7   -     4.41912e-05   2.80094e-04      1.07
         8   -     1.29831e-04   1.21738e-04      0.94
        driven modes only: max |diff|/err = 0.95
        n_mean = 0.04083, contrast n_max/n_min = 1.85

  anion: applied external force vs. stored spec, per particle: max dev 4.20e-05 of range  OK
        bin-by-bin: 99.4% of 490 bins within 2 sigma, chi^2/bin = 0.52
         m  driven   kT k_m |n_m|        |f_m|         |diff|/err
         1   -     9.83781e-06   8.75277e-05      0.89
         2   -     1.60613e-05   1.16387e-04      0.83
         3   -     5.17644e-05   1.21321e-04      1.09
         4  yes    3.28332e-04   2.34372e-04      1.34
         5   -     2.84345e-05   9.03565e-05      0.50
         6  yes    5.21308e-03   5.24795e-03      0.93
         7   -     5.45264e-05   1.12162e-04      1.06
         8   -     1.09486e-04   1.94047e-04      0.39
        driven modes only: max |diff|/err = 1.34
        n_mean = 0.04083, contrast n_max/n_min = 1.45

wrote /mnt/research/MultiscaleML_group/Liyao/salt_in_polymer_eps2_dz005/runs/prod_T1.0_c0.05/field_p07/profiles.npz
==========================================================================
### done Sun Oct  4 06:28:33 AM EDT 2026
