### Sun Oct  4 06:05:40 AM EDT 2026: /mnt/gs21/scratch/lyuliyao/salt_in_polymer/runs/pilot_T1.0_c0.04_one_both/field_p07 -> /mnt/research/MultiscaleML_group/Liyao/salt_in_polymer_eps75_dz005/runs/pilot_T1.0_c0.04_one_both/field_p07/profiles.npz (mmax 8, binw 0.05)
==========================================================================
YBG check  run=/mnt/gs21/scratch/lyuliyao/salt_in_polymer/runs/pilot_T1.0_c0.04_one_both/field_p07  potential=p07 kind=both pp(V_N)=0.80 pp(psi)=1.90 kT

  cation: applied external force vs. stored spec, per particle: max dev 2.96e-05 of range  OK
        bin-by-bin: 97.6% of 490 bins within 2 sigma, chi^2/bin = 0.65
         m  driven   kT k_m |n_m|        |f_m|         |diff|/err
         1   -     2.73977e-05   6.76526e-05      0.31
         2   -     1.71732e-05   2.79392e-04      0.96
         3  yes    1.21294e-03   1.15884e-03      0.37
         4  yes    2.31221e-03   2.34102e-03      0.53
         5  yes    1.13608e-02   1.15448e-02      0.69
         6  yes    2.30788e-03   2.36608e-03      0.52
         7   -     2.60492e-04   1.29576e-04      0.53
         8   -     1.07723e-03   1.36764e-03      1.05
        driven modes only: max |diff|/err = 0.69
        n_mean = 0.03263, contrast n_max/n_min = 4.14

  anion: applied external force vs. stored spec, per particle: max dev 3.47e-05 of range  OK
        bin-by-bin: 98.8% of 490 bins within 2 sigma, chi^2/bin = 0.60
         m  driven   kT k_m |n_m|        |f_m|         |diff|/err
         1   -     2.46702e-05   3.04862e-05      0.39
         2   -     4.79313e-06   9.65210e-05      0.90
         3  yes    3.06278e-04   4.07316e-04      1.62
         4  yes    8.88705e-04   8.70842e-04      0.45
         5  yes    7.77095e-03   7.86944e-03      0.56
         6  yes    9.69985e-04   8.66499e-04      0.61
         7   -     1.29181e-04   5.84339e-05      0.45
         8   -     1.96618e-04   1.87894e-04      0.47
        driven modes only: max |diff|/err = 1.62
        n_mean = 0.03263, contrast n_max/n_min = 2.34

wrote /mnt/research/MultiscaleML_group/Liyao/salt_in_polymer_eps75_dz005/runs/pilot_T1.0_c0.04_one_both/field_p07/profiles.npz
==========================================================================
### done Sun Oct  4 06:06:19 AM EDT 2026
