### Sun Oct  4 06:17:27 AM EDT 2026: /mnt/gs21/scratch/lyuliyao/salt_in_polymer/runs/prod_T1.0_c0.06/field_p01 -> /mnt/research/MultiscaleML_group/Liyao/salt_in_polymer_eps75_dz005/runs/prod_T1.0_c0.06/field_p01/profiles.npz (mmax 8, binw 0.05)
==========================================================================
YBG check  run=/mnt/gs21/scratch/lyuliyao/salt_in_polymer/runs/prod_T1.0_c0.06/field_p01  potential=p01 kind=both pp(V_N)=2.80 pp(psi)=2.80 kT

  cation: applied external force vs. stored spec, per particle: max dev 3.85e-05 of range  OK
        bin-by-bin: 99.0% of 494 bins within 2 sigma, chi^2/bin = 0.53
         m  driven   kT k_m |n_m|        |f_m|         |diff|/err
         1   -     1.58555e-04   5.15013e-04      1.97
         2   -     2.19223e-04   2.77851e-04      0.62
         3  yes    2.60541e-03   2.52229e-03      0.74
         4  yes    5.22537e-03   5.18331e-03      0.31
         5  yes    1.86302e-02   1.87132e-02      0.61
         6  yes    2.81938e-02   2.85813e-02      1.75
         7   -     4.56847e-03   4.51760e-03      0.67
         8   -     4.36088e-03   4.38563e-03      0.20
        driven modes only: max |diff|/err = 1.75
        n_mean = 0.04772, contrast n_max/n_min = 83.39

  anion: applied external force vs. stored spec, per particle: max dev 3.74e-05 of range  OK
        bin-by-bin: 99.4% of 494 bins within 2 sigma, chi^2/bin = 0.49
         m  driven   kT k_m |n_m|        |f_m|         |diff|/err
         1   -     1.34904e-04   1.63688e-04      0.48
         2   -     1.00465e-04   1.28476e-04      2.20
         3  yes    1.50816e-03   1.50871e-03      0.98
         4  yes    2.14392e-03   2.20950e-03      0.82
         5  yes    9.25689e-03   9.33464e-03      1.12
         6  yes    1.82274e-02   1.82393e-02      0.58
         7   -     1.60807e-03   1.51792e-03      0.32
         8   -     1.84349e-03   1.93420e-03      0.65
        driven modes only: max |diff|/err = 1.12
        n_mean = 0.04772, contrast n_max/n_min = 6.81

wrote /mnt/research/MultiscaleML_group/Liyao/salt_in_polymer_eps75_dz005/runs/prod_T1.0_c0.06/field_p01/profiles.npz
==========================================================================
### done Sun Oct  4 06:18:53 AM EDT 2026
