### Sun Oct  4 06:29:46 AM EDT 2026: /mnt/gs21/scratch/lyuliyao/salt_in_polymer/eps2/runs/prod_T1.0_c0.06/field_p21 -> /mnt/research/MultiscaleML_group/Liyao/salt_in_polymer_eps2_dz005/runs/prod_T1.0_c0.06/field_p21/profiles.npz (mmax 4, binw 0.05)
==========================================================================
YBG check  run=/mnt/gs21/scratch/lyuliyao/salt_in_polymer/eps2/runs/prod_T1.0_c0.06/field_p21  potential=p21 kind=charged pp(V_N)=0.00 pp(psi)=3.00 kT

  cation: applied external force vs. stored spec, per particle: max dev 1.51e-05 of range  OK
        bin-by-bin: 95.1% of 492 bins within 2 sigma, chi^2/bin = 0.98
         m  driven   kT k_m |n_m|        |f_m|         |diff|/err
         1  yes    2.12495e-05   1.62507e-04      0.71
         2  yes    1.61060e-04   1.65498e-04      0.54
         3   -     1.32630e-05   1.05526e-04      0.49
         4   -     2.13126e-05   1.13489e-04      0.36
        driven modes only: max |diff|/err = 0.71
        n_mean = 0.04842, contrast n_max/n_min = 1.05

  anion: applied external force vs. stored spec, per particle: max dev 1.55e-05 of range  OK
        bin-by-bin: 97.6% of 492 bins within 2 sigma, chi^2/bin = 0.69
         m  driven   kT k_m |n_m|        |f_m|         |diff|/err
         1  yes    7.84001e-06   5.84682e-05      0.39
         2  yes    3.38221e-05   1.67385e-04      1.93
         3   -     1.50539e-05   1.42106e-04      1.00
         4   -     1.63526e-05   7.85748e-05      0.70
        driven modes only: max |diff|/err = 1.93
        n_mean = 0.04842, contrast n_max/n_min = 1.02

wrote /mnt/research/MultiscaleML_group/Liyao/salt_in_polymer_eps2_dz005/runs/prod_T1.0_c0.06/field_p21/profiles.npz
==========================================================================
### done Sun Oct  4 06:31:28 AM EDT 2026
