### Sun Oct  4 06:08:01 AM EDT 2026: /mnt/gs21/scratch/lyuliyao/salt_in_polymer/runs/pilot_T1.0_c0.04_one_both/field_p24 -> /mnt/research/MultiscaleML_group/Liyao/salt_in_polymer_eps75_dz005/runs/pilot_T1.0_c0.04_one_both/field_p24/profiles.npz (mmax 4, binw 0.05)
==========================================================================
YBG check  run=/mnt/gs21/scratch/lyuliyao/salt_in_polymer/runs/pilot_T1.0_c0.04_one_both/field_p24  potential=p24 kind=neutral pp(V_N)=0.94 pp(psi)=0.00 kT

  cation: applied external force vs. stored spec, per particle: max dev 2.23e-05 of range  OK
        bin-by-bin: 97.8% of 490 bins within 2 sigma, chi^2/bin = 0.70
         m  driven   kT k_m |n_m|        |f_m|         |diff|/err
         1  yes    2.10145e-04   1.89381e-04      0.99
         2  yes    8.39641e-04   8.22614e-04      0.08
         3   -     3.69829e-05   1.43639e-04      0.74
         4   -     2.97479e-05   2.06455e-04      1.12
        driven modes only: max |diff|/err = 0.99
        n_mean = 0.03263, contrast n_max/n_min = 1.32

  anion: applied external force vs. stored spec, per particle: max dev 2.23e-05 of range  OK
        bin-by-bin: 98.8% of 490 bins within 2 sigma, chi^2/bin = 0.62
         m  driven   kT k_m |n_m|        |f_m|         |diff|/err
         1  yes    1.94973e-04   2.50627e-04      0.53
         2  yes    6.13269e-04   6.48915e-04      0.35
         3   -     1.67027e-05   3.97412e-05      0.34
         4   -     1.48603e-05   1.36167e-04      1.21
        driven modes only: max |diff|/err = 0.53
        n_mean = 0.03263, contrast n_max/n_min = 1.27

wrote /mnt/research/MultiscaleML_group/Liyao/salt_in_polymer_eps75_dz005/runs/pilot_T1.0_c0.04_one_both/field_p24/profiles.npz
==========================================================================
### done Sun Oct  4 06:08:59 AM EDT 2026
