### Sun Oct  4 06:17:27 AM EDT 2026: /mnt/gs21/scratch/lyuliyao/salt_in_polymer/runs/prod_T1.0_c0.06/field_p11 -> /mnt/research/MultiscaleML_group/Liyao/salt_in_polymer_eps75_dz005/runs/prod_T1.0_c0.06/field_p11/profiles.npz (mmax 22, binw 0.05)
==========================================================================
YBG check  run=/mnt/gs21/scratch/lyuliyao/salt_in_polymer/runs/prod_T1.0_c0.06/field_p11  potential=p11 kind=both pp(V_N)=2.37 pp(psi)=0.80 kT

  cation: applied external force vs. stored spec, per particle: max dev 8.44e-05 of range  OK
        bin-by-bin: 98.8% of 494 bins within 2 sigma, chi^2/bin = 0.55
         m  driven   kT k_m |n_m|        |f_m|         |diff|/err
         1   -     3.50897e-05   1.62464e-04      0.75
         2   -     7.52436e-05   1.31126e-04      0.69
         3   -     1.00278e-04   1.36518e-04      0.47
         4  yes    2.75866e-03   2.98282e-03      0.88
         5  yes    9.95000e-04   7.48900e-04      0.86
         6  yes    1.07067e-02   1.08607e-02      0.67
         7   -     2.58553e-04   3.36786e-04      0.25
         8  yes    7.99621e-03   8.28854e-03      0.79
        driven modes only: max |diff|/err = 1.03
        n_mean = 0.04772, contrast n_max/n_min = 3.84

  anion: applied external force vs. stored spec, per particle: max dev 9.12e-05 of range  OK
        bin-by-bin: 99.8% of 494 bins within 2 sigma, chi^2/bin = 0.53
         m  driven   kT k_m |n_m|        |f_m|         |diff|/err
         1   -     3.20365e-05   1.58892e-04      1.26
         2   -     3.37826e-05   1.97209e-04      1.50
         3   -     3.86137e-05   1.19953e-04      0.60
         4  yes    1.49987e-03   1.42819e-03      1.86
         5  yes    2.98771e-03   2.98207e-03      0.85
         6  yes    2.04874e-03   2.13791e-03      0.86
         7   -     1.41179e-04   2.67296e-05      0.50
         8  yes    5.26139e-03   5.34908e-03      0.45
        driven modes only: max |diff|/err = 1.86
        n_mean = 0.04772, contrast n_max/n_min = 3.97

wrote /mnt/research/MultiscaleML_group/Liyao/salt_in_polymer_eps75_dz005/runs/prod_T1.0_c0.06/field_p11/profiles.npz
==========================================================================
### done Sun Oct  4 06:18:53 AM EDT 2026
