### Sun Oct  4 06:19:03 AM EDT 2026: /mnt/gs21/scratch/lyuliyao/salt_in_polymer/runs/prod_T1.0_c0.06/field_p17 -> /mnt/research/MultiscaleML_group/Liyao/salt_in_polymer_eps75_dz005/runs/prod_T1.0_c0.06/field_p17/profiles.npz (mmax 4, binw 0.05)
==========================================================================
YBG check  run=/mnt/gs21/scratch/lyuliyao/salt_in_polymer/runs/prod_T1.0_c0.06/field_p17  potential=p17 kind=neutral pp(V_N)=0.72 pp(psi)=0.00 kT

  cation: applied external force vs. stored spec, per particle: max dev 2.29e-05 of range  OK
        bin-by-bin: 98.8% of 494 bins within 2 sigma, chi^2/bin = 0.64
         m  driven   kT k_m |n_m|        |f_m|         |diff|/err
         1  yes    1.60611e-04   8.19806e-05      0.87
         2  yes    7.01384e-04   1.00863e-03      1.98
         3   -     1.45719e-05   2.79130e-04      0.75
         4   -     4.82440e-05   1.98681e-04      0.67
        driven modes only: max |diff|/err = 1.98
        n_mean = 0.04772, contrast n_max/n_min = 1.18

  anion: applied external force vs. stored spec, per particle: max dev 2.33e-05 of range  OK
        bin-by-bin: 99.0% of 494 bins within 2 sigma, chi^2/bin = 0.58
         m  driven   kT k_m |n_m|        |f_m|         |diff|/err
         1  yes    1.46031e-04   2.06593e-04      0.39
         2  yes    5.09895e-04   4.06852e-04      2.16
         3   -     2.13256e-05   5.24054e-05      0.25
         4   -     1.06836e-05   8.10988e-05      0.62
        driven modes only: max |diff|/err = 2.16
        n_mean = 0.04772, contrast n_max/n_min = 1.14

wrote /mnt/research/MultiscaleML_group/Liyao/salt_in_polymer_eps75_dz005/runs/prod_T1.0_c0.06/field_p17/profiles.npz
==========================================================================
### done Sun Oct  4 06:20:19 AM EDT 2026
