### Sun Oct  4 06:25:22 AM EDT 2026: /mnt/gs21/scratch/lyuliyao/salt_in_polymer/eps2/runs/prod_T1.0_c0.04/field_p14 -> /mnt/research/MultiscaleML_group/Liyao/salt_in_polymer_eps2_dz005/runs/prod_T1.0_c0.04/field_p14/profiles.npz (mmax 22, binw 0.05)
==========================================================================
YBG check  run=/mnt/gs21/scratch/lyuliyao/salt_in_polymer/eps2/runs/prod_T1.0_c0.04/field_p14  potential=p14 kind=neutral pp(V_N)=1.87 pp(psi)=0.00 kT

  cation: applied external force vs. stored spec, per particle: max dev 5.32e-05 of range  OK
        bin-by-bin: 98.6% of 488 bins within 2 sigma, chi^2/bin = 0.57
         m  driven   kT k_m |n_m|        |f_m|         |diff|/err
         1   -     5.14067e-05   2.82857e-04      1.11
         2   -     1.42560e-05   1.39909e-04      0.84
         3   -     5.14025e-05   1.89193e-04      0.65
         4  yes    6.86525e-03   6.91747e-03      0.52
         5   -     7.08846e-05   3.85027e-04      1.39
         6   -     5.49775e-05   5.28438e-05      0.45
         7   -     1.17267e-04   1.58236e-04      0.67
         8  yes    1.43298e-03   1.31443e-03      1.37
        driven modes only: max |diff|/err = 1.76
        n_mean = 0.03298, contrast n_max/n_min = 2.94

  anion: applied external force vs. stored spec, per particle: max dev 5.38e-05 of range  OK
        bin-by-bin: 99.4% of 488 bins within 2 sigma, chi^2/bin = 0.40
         m  driven   kT k_m |n_m|        |f_m|         |diff|/err
         1   -     4.99922e-05   4.63310e-05      0.25
         2   -     1.61878e-05   5.70620e-05      0.42
         3   -     3.95693e-05   1.56759e-05      0.18
         4  yes    5.74472e-03   5.79886e-03      1.09
         5   -     6.32836e-05   4.56607e-05      0.13
         6   -     5.73728e-05   1.14176e-04      0.73
         7   -     1.23370e-04   1.11890e-04      0.78
         8  yes    2.35711e-03   2.45961e-03      0.89
        driven modes only: max |diff|/err = 1.09
        n_mean = 0.03298, contrast n_max/n_min = 2.43

wrote /mnt/research/MultiscaleML_group/Liyao/salt_in_polymer_eps2_dz005/runs/prod_T1.0_c0.04/field_p14/profiles.npz
==========================================================================
### done Sun Oct  4 06:26:16 AM EDT 2026
