### Sun Oct  4 06:07:51 AM EDT 2026: /mnt/gs21/scratch/lyuliyao/salt_in_polymer/runs/pilot_T1.0_c0.04_one_both/field_p20 -> /mnt/research/MultiscaleML_group/Liyao/salt_in_polymer_eps75_dz005/runs/pilot_T1.0_c0.04_one_both/field_p20/profiles.npz (mmax 22, binw 0.05)
==========================================================================
YBG check  run=/mnt/gs21/scratch/lyuliyao/salt_in_polymer/runs/pilot_T1.0_c0.04_one_both/field_p20  potential=p20 kind=both pp(V_N)=1.07 pp(psi)=1.17 kT

  cation: applied external force vs. stored spec, per particle: max dev 9.97e-05 of range  OK
        bin-by-bin: 98.0% of 490 bins within 2 sigma, chi^2/bin = 0.71
         m  driven   kT k_m |n_m|        |f_m|         |diff|/err
         1   -     1.24856e-05   9.01050e-05      0.37
         2   -     3.83794e-05   1.27995e-04      0.27
         3  yes    2.14137e-04   4.39503e-04      0.71
         4  yes    2.16139e-03   2.00981e-03      1.53
         5  yes    4.43947e-03   4.13228e-03      1.06
         6  yes    2.60543e-03   2.50489e-03      0.37
         7   -     1.91634e-04   4.80865e-04      0.75
         8  yes    4.27484e-03   4.32643e-03      1.11
        driven modes only: max |diff|/err = 1.53
        n_mean = 0.03263, contrast n_max/n_min = 3.38

  anion: applied external force vs. stored spec, per particle: max dev 9.16e-05 of range  OK
        bin-by-bin: 98.6% of 490 bins within 2 sigma, chi^2/bin = 0.58
         m  driven   kT k_m |n_m|        |f_m|         |diff|/err
         1   -     8.69813e-06   1.01811e-04      0.77
         2   -     2.25531e-05   1.09913e-04      1.06
         3  yes    5.99497e-04   5.93662e-04      0.52
         4  yes    8.36742e-04   9.42513e-04      0.93
         5  yes    2.28462e-03   2.29475e-03      1.17
         6  yes    1.17750e-03   1.13794e-03      0.58
         7   -     7.90196e-05   7.27857e-05      0.29
         8  yes    3.57337e-03   3.63502e-03      0.25
        driven modes only: max |diff|/err = 1.61
        n_mean = 0.03263, contrast n_max/n_min = 2.80

wrote /mnt/research/MultiscaleML_group/Liyao/salt_in_polymer_eps75_dz005/runs/pilot_T1.0_c0.04_one_both/field_p20/profiles.npz
==========================================================================
### done Sun Oct  4 06:08:29 AM EDT 2026
