### Sun Oct  4 06:16:48 AM EDT 2026: /mnt/gs21/scratch/lyuliyao/salt_in_polymer/runs/prod_T1.0_c0.05/field_p12 -> /mnt/research/MultiscaleML_group/Liyao/salt_in_polymer_eps75_dz005/runs/prod_T1.0_c0.05/field_p12/profiles.npz (mmax 18, binw 0.05)
==========================================================================
YBG check  run=/mnt/gs21/scratch/lyuliyao/salt_in_polymer/runs/prod_T1.0_c0.05/field_p12  potential=p12 kind=both pp(V_N)=1.62 pp(psi)=2.01 kT

  cation: applied external force vs. stored spec, per particle: max dev 8.48e-05 of range  OK
        bin-by-bin: 98.6% of 492 bins within 2 sigma, chi^2/bin = 0.53
         m  driven   kT k_m |n_m|        |f_m|         |diff|/err
         1   -     2.73992e-05   2.76592e-04      0.83
         2   -     3.68555e-05   2.30830e-04      1.13
         3  yes    1.80120e-03   1.85701e-03      0.79
         4  yes    3.61096e-03   3.41732e-03      0.73
         5  yes    5.64222e-03   6.07503e-03      1.14
         6  yes    1.26690e-02   1.25290e-02      0.45
         7   -     1.33283e-03   1.39931e-03      0.25
         8   -     1.25639e-03   1.69744e-03      1.50
        driven modes only: max |diff|/err = 1.14
        n_mean = 0.04031, contrast n_max/n_min = 11.97

  anion: applied external force vs. stored spec, per particle: max dev 6.71e-05 of range  OK
        bin-by-bin: 99.4% of 492 bins within 2 sigma, chi^2/bin = 0.46
         m  driven   kT k_m |n_m|        |f_m|         |diff|/err
         1   -     2.31665e-05   9.97232e-05      0.43
         2   -     2.31359e-05   1.81983e-04      2.19
         3  yes    3.83035e-04   4.03217e-04      0.17
         4  yes    1.14735e-03   1.11781e-03      1.14
         5  yes    1.50547e-03   1.46609e-03      0.34
         6  yes    7.84748e-03   8.12863e-03      1.42
         7   -     4.80494e-04   4.00640e-04      0.42
         8   -     3.40078e-04   3.47244e-04      0.53
        driven modes only: max |diff|/err = 1.42
        n_mean = 0.04031, contrast n_max/n_min = 3.04

wrote /mnt/research/MultiscaleML_group/Liyao/salt_in_polymer_eps75_dz005/runs/prod_T1.0_c0.05/field_p12/profiles.npz
==========================================================================
### done Sun Oct  4 06:17:41 AM EDT 2026
