### Sun Oct  4 06:29:47 AM EDT 2026: /mnt/gs21/scratch/lyuliyao/salt_in_polymer/eps2/runs/prod_T1.0_c0.08/field_p06 -> /mnt/research/MultiscaleML_group/Liyao/salt_in_polymer_eps2_dz005/runs/prod_T1.0_c0.08/field_p06/profiles.npz (mmax 8, binw 0.05)
==========================================================================
YBG check  run=/mnt/gs21/scratch/lyuliyao/salt_in_polymer/eps2/runs/prod_T1.0_c0.08/field_p06  potential=p06 kind=neutral pp(V_N)=0.84 pp(psi)=0.00 kT

  cation: applied external force vs. stored spec, per particle: max dev 3.48e-05 of range  OK
        bin-by-bin: 99.2% of 496 bins within 2 sigma, chi^2/bin = 0.59
         m  driven   kT k_m |n_m|        |f_m|         |diff|/err
         1   -     1.96464e-05   2.41703e-04      1.76
         2   -     1.61459e-05   2.15801e-04      0.79
         3  yes    5.37819e-04   4.91340e-04      1.59
         4   -     2.66454e-05   9.14517e-05      0.60
         5  yes    2.04427e-03   2.24833e-03      1.31
         6  yes    1.72884e-03   1.61348e-03      0.72
         7   -     4.11227e-05   1.37892e-04      0.46
         8   -     7.09745e-05   2.71107e-04      1.23
        driven modes only: max |diff|/err = 1.59
        n_mean = 0.06276, contrast n_max/n_min = 1.21

  anion: applied external force vs. stored spec, per particle: max dev 3.56e-05 of range  OK
        bin-by-bin: 100.0% of 496 bins within 2 sigma, chi^2/bin = 0.38
         m  driven   kT k_m |n_m|        |f_m|         |diff|/err
         1   -     1.93271e-05   9.76335e-05      0.68
         2   -     1.48369e-05   7.23773e-05      0.54
         3  yes    4.63693e-04   4.59256e-04      0.43
         4   -     1.40408e-05   6.29060e-05      0.58
         5  yes    1.59161e-03   1.58582e-03      0.69
         6  yes    1.35849e-03   1.34567e-03      0.93
         7   -     4.27399e-05   1.34238e-04      1.69
         8   -     6.04854e-06   4.02973e-05      0.31
        driven modes only: max |diff|/err = 0.93
        n_mean = 0.06276, contrast n_max/n_min = 1.17

wrote /mnt/research/MultiscaleML_group/Liyao/salt_in_polymer_eps2_dz005/runs/prod_T1.0_c0.08/field_p06/profiles.npz
==========================================================================
### done Sun Oct  4 06:34:34 AM EDT 2026
