### Sun Oct  4 06:14:28 AM EDT 2026: /mnt/gs21/scratch/lyuliyao/salt_in_polymer/runs/prod_T1.0_c0.05/field_p02 -> /mnt/research/MultiscaleML_group/Liyao/salt_in_polymer_eps75_dz005/runs/prod_T1.0_c0.05/field_p02/profiles.npz (mmax 7, binw 0.05)
==========================================================================
YBG check  run=/mnt/gs21/scratch/lyuliyao/salt_in_polymer/runs/prod_T1.0_c0.05/field_p02  potential=p02 kind=both pp(V_N)=2.64 pp(psi)=2.25 kT

  cation: applied external force vs. stored spec, per particle: max dev 3.44e-05 of range  OK
        bin-by-bin: 98.8% of 492 bins within 2 sigma, chi^2/bin = 0.56
         m  driven   kT k_m |n_m|        |f_m|         |diff|/err
         1   -     9.70483e-05   2.78614e-04      0.76
         2   -     1.76691e-05   2.50795e-04      1.49
         3   -     6.92834e-05   1.35289e-04      0.43
         4  yes    1.00708e-02   1.02084e-02      0.50
         5  yes    2.16634e-02   2.18710e-02      0.59
         6   -     1.58942e-03   1.30170e-03      2.07
         7   -     1.42060e-04   3.18957e-04      1.27
        driven modes only: max |diff|/err = 0.59
        n_mean = 0.04031, contrast n_max/n_min = 24.21

  anion: applied external force vs. stored spec, per particle: max dev 3.64e-05 of range  OK
        bin-by-bin: 99.2% of 492 bins within 2 sigma, chi^2/bin = 0.52
         m  driven   kT k_m |n_m|        |f_m|         |diff|/err
         1   -     7.84573e-05   9.65763e-05      0.48
         2   -     1.21102e-05   1.50127e-04      1.43
         3   -     1.92964e-05   1.97185e-04      1.09
         4  yes    5.08769e-04   5.41954e-04      0.57
         5  yes    7.81345e-03   7.80424e-03      1.26
         6   -     4.64888e-04   4.80008e-04      0.26
         7   -     1.01073e-04   1.50051e-04      0.70
        driven modes only: max |diff|/err = 1.26
        n_mean = 0.04031, contrast n_max/n_min = 2.16

wrote /mnt/research/MultiscaleML_group/Liyao/salt_in_polymer_eps75_dz005/runs/prod_T1.0_c0.05/field_p02/profiles.npz
==========================================================================
### done Sun Oct  4 06:15:23 AM EDT 2026
