### Sun Oct  4 06:12:29 AM EDT 2026: /mnt/gs21/scratch/lyuliyao/salt_in_polymer/runs/prod_T1.0_c0.02/field_p08 -> /mnt/research/MultiscaleML_group/Liyao/salt_in_polymer_eps75_dz005/runs/prod_T1.0_c0.02/field_p08/profiles.npz (mmax 18, binw 0.05)
==========================================================================
YBG check  run=/mnt/gs21/scratch/lyuliyao/salt_in_polymer/runs/prod_T1.0_c0.02/field_p08  potential=p08 kind=both pp(V_N)=1.15 pp(psi)=0.75 kT

  cation: applied external force vs. stored spec, per particle: max dev 7.36e-05 of range  OK
        bin-by-bin: 98.6% of 488 bins within 2 sigma, chi^2/bin = 0.58
         m  driven   kT k_m |n_m|        |f_m|         |diff|/err
         1   -     4.57836e-05   9.20026e-05      0.64
         2   -     1.77554e-05   1.59884e-04      0.69
         3  yes    6.55960e-04   6.89806e-04      0.50
         4  yes    1.51277e-03   1.35266e-03      2.23
         5  yes    1.11272e-03   8.44189e-04      0.74
         6  yes    2.00219e-04   1.11230e-04      0.37
         7   -     3.42560e-04   5.77328e-04      1.40
         8   -     1.51415e-04   4.26214e-04      1.06
        driven modes only: max |diff|/err = 2.23
        n_mean = 0.01657, contrast n_max/n_min = 3.12

  anion: applied external force vs. stored spec, per particle: max dev 6.53e-05 of range  OK
        bin-by-bin: 99.8% of 488 bins within 2 sigma, chi^2/bin = 0.44
         m  driven   kT k_m |n_m|        |f_m|         |diff|/err
         1   -     3.95817e-05   1.80266e-04      1.31
         2   -     2.04448e-05   1.01146e-04      0.78
         3  yes    4.15790e-04   4.40104e-04      1.26
         4  yes    1.19713e-03   1.22134e-03      0.32
         5  yes    8.22355e-04   7.74777e-04      0.30
         6  yes    3.53414e-03   3.52486e-03      0.41
         7   -     1.74075e-04   1.49197e-04      0.25
         8   -     1.13450e-04   1.20289e-04      0.75
        driven modes only: max |diff|/err = 1.26
        n_mean = 0.01657, contrast n_max/n_min = 3.45

wrote /mnt/research/MultiscaleML_group/Liyao/salt_in_polymer_eps75_dz005/runs/prod_T1.0_c0.02/field_p08/profiles.npz
==========================================================================
### done Sun Oct  4 06:12:49 AM EDT 2026
