### Sun Oct  4 06:25:24 AM EDT 2026: /mnt/gs21/scratch/lyuliyao/salt_in_polymer/eps2/runs/prod_T1.0_c0.04/field_p28 -> /mnt/research/MultiscaleML_group/Liyao/salt_in_polymer_eps2_dz005/runs/prod_T1.0_c0.04/field_p28/profiles.npz (mmax 14, binw 0.05)
==========================================================================
YBG check  run=/mnt/gs21/scratch/lyuliyao/salt_in_polymer/eps2/runs/prod_T1.0_c0.04/field_p28  potential=p28 kind=neutral pp(V_N)=2.66 pp(psi)=0.00 kT

  cation: applied external force vs. stored spec, per particle: max dev 3.83e-05 of range  OK
        bin-by-bin: 98.6% of 488 bins within 2 sigma, chi^2/bin = 0.59
         m  driven   kT k_m |n_m|        |f_m|         |diff|/err
         1   -     4.72777e-05   1.05511e-04      0.65
         2   -     3.31640e-05   1.31131e-04      0.52
         3   -     2.73657e-05   1.78871e-04      0.85
         4  yes    1.05634e-02   1.07700e-02      1.02
         5   -     1.02403e-04   2.10081e-04      0.48
         6   -     7.38696e-05   4.23282e-04      1.71
         7   -     1.60827e-04   1.71563e-04      0.49
         8  yes    3.02732e-04   5.87190e-04      1.37
        driven modes only: max |diff|/err = 1.53
        n_mean = 0.03298, contrast n_max/n_min = 4.22

  anion: applied external force vs. stored spec, per particle: max dev 3.43e-05 of range  OK
        bin-by-bin: 99.6% of 488 bins within 2 sigma, chi^2/bin = 0.42
         m  driven   kT k_m |n_m|        |f_m|         |diff|/err
         1   -     4.56093e-05   8.70036e-05      0.36
         2   -     3.43218e-05   2.06668e-04      1.44
         3   -     3.07205e-05   7.63907e-05      0.54
         4  yes    8.87709e-03   8.75676e-03      0.97
         5   -     7.52464e-05   1.77902e-05      0.58
         6   -     5.20177e-05   1.00648e-04      0.71
         7   -     4.16365e-05   1.14025e-04      0.32
         8  yes    2.19470e-03   2.13177e-03      0.38
        driven modes only: max |diff|/err = 1.06
        n_mean = 0.03298, contrast n_max/n_min = 3.38

wrote /mnt/research/MultiscaleML_group/Liyao/salt_in_polymer_eps2_dz005/runs/prod_T1.0_c0.04/field_p28/profiles.npz
==========================================================================
### done Sun Oct  4 06:26:12 AM EDT 2026
