### Sun Oct  4 06:05:45 AM EDT 2026: /mnt/gs21/scratch/lyuliyao/salt_in_polymer/runs/pilot_T1.0_c0.04_one_both/field_p12 -> /mnt/research/MultiscaleML_group/Liyao/salt_in_polymer_eps75_dz005/runs/pilot_T1.0_c0.04_one_both/field_p12/profiles.npz (mmax 8, binw 0.05)
==========================================================================
YBG check  run=/mnt/gs21/scratch/lyuliyao/salt_in_polymer/runs/pilot_T1.0_c0.04_one_both/field_p12  potential=p12 kind=both pp(V_N)=2.70 pp(psi)=0.80 kT

  cation: applied external force vs. stored spec, per particle: max dev 3.96e-05 of range  OK
        bin-by-bin: 99.4% of 490 bins within 2 sigma, chi^2/bin = 0.55
         m  driven   kT k_m |n_m|        |f_m|         |diff|/err
         1   -     1.14904e-05   1.00965e-04      0.41
         2   -     2.44297e-04   4.02287e-04      0.95
         3   -     3.80716e-05   2.42345e-04      0.96
         4  yes    5.71615e-03   5.77840e-03      0.27
         5  yes    2.95599e-03   2.84692e-03      0.78
         6  yes    1.83294e-02   1.87694e-02      1.44
         7   -     5.34477e-04   7.04303e-04      0.62
         8   -     7.39693e-04   8.21594e-04      0.61
        driven modes only: max |diff|/err = 1.44
        n_mean = 0.03263, contrast n_max/n_min = 12.79

  anion: applied external force vs. stored spec, per particle: max dev 3.74e-05 of range  OK
        bin-by-bin: 99.0% of 490 bins within 2 sigma, chi^2/bin = 0.59
         m  driven   kT k_m |n_m|        |f_m|         |diff|/err
         1   -     7.08633e-06   1.55290e-04      1.36
         2   -     1.22903e-04   1.89256e-04      0.53
         3   -     1.59291e-05   5.66840e-05      0.27
         4  yes    2.29014e-03   2.31741e-03      0.37
         5  yes    1.64501e-03   1.47521e-03      1.02
         6  yes    9.42297e-03   9.49847e-03      0.41
         7   -     2.13371e-04   2.76097e-04      0.52
         8   -     2.18181e-04   1.57380e-04      0.36
        driven modes only: max |diff|/err = 1.02
        n_mean = 0.03263, contrast n_max/n_min = 3.37

wrote /mnt/research/MultiscaleML_group/Liyao/salt_in_polymer_eps75_dz005/runs/pilot_T1.0_c0.04_one_both/field_p12/profiles.npz
==========================================================================
### done Sun Oct  4 06:06:31 AM EDT 2026
