### Sun Oct  4 06:32:07 AM EDT 2026: /mnt/gs21/scratch/lyuliyao/salt_in_polymer/eps2/runs/prod_T1.0_c0.08/field_p18 -> /mnt/research/MultiscaleML_group/Liyao/salt_in_polymer_eps2_dz005/runs/prod_T1.0_c0.08/field_p18/profiles.npz (mmax 4, binw 0.05)
==========================================================================
YBG check  run=/mnt/gs21/scratch/lyuliyao/salt_in_polymer/eps2/runs/prod_T1.0_c0.08/field_p18  potential=p18 kind=both pp(V_N)=2.08 pp(psi)=0.56 kT

  cation: applied external force vs. stored spec, per particle: max dev 1.54e-05 of range  OK
        bin-by-bin: 97.6% of 496 bins within 2 sigma, chi^2/bin = 0.76
         m  driven   kT k_m |n_m|        |f_m|         |diff|/err
         1  yes    6.96929e-04   7.95351e-04      0.67
         2  yes    9.00952e-04   1.01873e-03      0.89
         3   -     7.73009e-05   4.22011e-05      0.46
         4   -     2.92424e-05   3.79637e-04      2.46
        driven modes only: max |diff|/err = 0.89
        n_mean = 0.06276, contrast n_max/n_min = 1.27

  anion: applied external force vs. stored spec, per particle: max dev 1.58e-05 of range  OK
        bin-by-bin: 99.2% of 496 bins within 2 sigma, chi^2/bin = 0.46
         m  driven   kT k_m |n_m|        |f_m|         |diff|/err
         1  yes    6.80806e-04   6.50997e-04      0.38
         2  yes    8.16842e-04   8.32964e-04      0.49
         3   -     6.61802e-05   1.67746e-04      0.82
         4   -     3.02802e-05   7.47542e-05      0.66
        driven modes only: max |diff|/err = 0.49
        n_mean = 0.06276, contrast n_max/n_min = 1.26

wrote /mnt/research/MultiscaleML_group/Liyao/salt_in_polymer_eps2_dz005/runs/prod_T1.0_c0.08/field_p18/profiles.npz
==========================================================================
### done Sun Oct  4 06:36:28 AM EDT 2026
