### Sun Oct  4 06:20:24 AM EDT 2026: /mnt/gs21/scratch/lyuliyao/salt_in_polymer/runs/prod_T1.0_c0.08/field_p15 -> /mnt/research/MultiscaleML_group/Liyao/salt_in_polymer_eps75_dz005/runs/prod_T1.0_c0.08/field_p15/profiles.npz (mmax 14, binw 0.05)
==========================================================================
YBG check  run=/mnt/gs21/scratch/lyuliyao/salt_in_polymer/runs/prod_T1.0_c0.08/field_p15  potential=p15 kind=charged pp(V_N)=0.00 pp(psi)=3.26 kT

  cation: applied external force vs. stored spec, per particle: max dev 4.21e-05 of range  OK
        bin-by-bin: 99.8% of 499 bins within 2 sigma, chi^2/bin = 0.42
         m  driven   kT k_m |n_m|        |f_m|         |diff|/err
         1   -     1.98343e-05   1.36534e-04      0.81
         2   -     2.72562e-05   2.51726e-04      1.35
         3   -     4.94846e-05   1.70392e-04      0.48
         4  yes    1.55690e-02   1.56984e-02      0.51
         5   -     1.02158e-04   1.40269e-04      0.86
         6   -     1.91777e-04   3.00275e-04      0.48
         7   -     2.28341e-04   3.74904e-04      0.49
         8  yes    2.72638e-02   2.73810e-02      0.35
        driven modes only: max |diff|/err = 0.51
        n_mean = 0.06165, contrast n_max/n_min = 7.75

  anion: applied external force vs. stored spec, per particle: max dev 4.57e-05 of range  OK
        bin-by-bin: 99.8% of 499 bins within 2 sigma, chi^2/bin = 0.41
         m  driven   kT k_m |n_m|        |f_m|         |diff|/err
         1   -     1.55246e-05   1.06513e-04      0.97
         2   -     1.74735e-05   1.33264e-04      1.26
         3   -     1.05115e-05   1.12236e-04      1.22
         4  yes    5.62134e-03   5.66552e-03      0.82
         5   -     4.66875e-05   1.21232e-04      0.58
         6   -     6.03193e-05   1.46440e-04      0.37
         7   -     1.22903e-04   2.01021e-04      0.52
         8  yes    2.39803e-02   2.41868e-02      1.07
        driven modes only: max |diff|/err = 1.07
        n_mean = 0.06165, contrast n_max/n_min = 2.59

wrote /mnt/research/MultiscaleML_group/Liyao/salt_in_polymer_eps75_dz005/runs/prod_T1.0_c0.08/field_p15/profiles.npz
==========================================================================
### done Sun Oct  4 06:23:26 AM EDT 2026
