### Sun Oct  4 06:10:00 AM EDT 2026: /mnt/gs21/scratch/lyuliyao/salt_in_polymer/runs/prod_T1.0_c0.01/field_p07 -> /mnt/research/MultiscaleML_group/Liyao/salt_in_polymer_eps75_dz005/runs/prod_T1.0_c0.01/field_p07/profiles.npz (mmax 8, binw 0.05)
==========================================================================
YBG check  run=/mnt/gs21/scratch/lyuliyao/salt_in_polymer/runs/prod_T1.0_c0.01/field_p07  potential=p07 kind=charged pp(V_N)=0.00 pp(psi)=2.74 kT

  cation: applied external force vs. stored spec, per particle: max dev 3.66e-05 of range  OK
        bin-by-bin: 99.4% of 487 bins within 2 sigma, chi^2/bin = 0.56
         m  driven   kT k_m |n_m|        |f_m|         |diff|/err
         1   -     4.06771e-05   6.78126e-05      0.41
         2   -     3.91138e-04   5.42318e-04      0.92
         3   -     4.37385e-05   5.22123e-05      0.43
         4  yes    2.32598e-03   2.31793e-03      0.26
         5   -     5.31153e-05   1.01523e-04      0.80
         6  yes    5.35029e-03   5.42590e-03      2.12
         7   -     1.73583e-04   3.13547e-04      0.66
         8   -     5.08077e-04   5.81463e-04      0.75
        driven modes only: max |diff|/err = 2.12
        n_mean = 0.00830, contrast n_max/n_min = 20.22

  anion: applied external force vs. stored spec, per particle: max dev 4.08e-05 of range  OK
        bin-by-bin: 100.0% of 487 bins within 2 sigma, chi^2/bin = 0.30
         m  driven   kT k_m |n_m|        |f_m|         |diff|/err
         1   -     3.66543e-05   8.64855e-05      0.79
         2   -     3.00500e-04   2.95663e-04      0.09
         3   -     1.52022e-05   6.65316e-05      0.71
         4  yes    1.76763e-03   1.88155e-03      1.70
         5   -     8.60442e-05   1.31680e-04      0.43
         6  yes    5.29359e-03   5.33551e-03      0.63
         7   -     1.01565e-04   1.59651e-04      0.37
         8   -     4.34669e-04   4.98790e-04      0.70
        driven modes only: max |diff|/err = 1.70
        n_mean = 0.00830, contrast n_max/n_min = 13.45

wrote /mnt/research/MultiscaleML_group/Liyao/salt_in_polymer_eps75_dz005/runs/prod_T1.0_c0.01/field_p07/profiles.npz
==========================================================================
### done Sun Oct  4 06:10:07 AM EDT 2026
