### Sun Oct  4 06:12:30 AM EDT 2026: /mnt/gs21/scratch/lyuliyao/salt_in_polymer/runs/prod_T1.0_c0.02/field_p10 -> /mnt/research/MultiscaleML_group/Liyao/salt_in_polymer_eps75_dz005/runs/prod_T1.0_c0.02/field_p10/profiles.npz (mmax 14, binw 0.05)
==========================================================================
YBG check  run=/mnt/gs21/scratch/lyuliyao/salt_in_polymer/runs/prod_T1.0_c0.02/field_p10  potential=p10 kind=both pp(V_N)=0.59 pp(psi)=1.64 kT

  cation: applied external force vs. stored spec, per particle: max dev 5.19e-05 of range  OK
        bin-by-bin: 98.2% of 488 bins within 2 sigma, chi^2/bin = 0.66
         m  driven   kT k_m |n_m|        |f_m|         |diff|/err
         1   -     4.52262e-05   1.70502e-04      0.65
         2   -     1.04692e-04   1.25828e-04      0.87
         3  yes    1.33996e-03   1.20453e-03      0.67
         4   -     1.19390e-04   2.69029e-04      1.55
         5   -     2.98064e-04   3.63185e-04      0.35
         6  yes    6.77633e-03   6.88504e-03      0.98
         7   -     1.12538e-04   2.86533e-04      0.88
         8  yes    3.58229e-03   3.72462e-03      0.60
        driven modes only: max |diff|/err = 1.14
        n_mean = 0.01657, contrast n_max/n_min = 7.43

  anion: applied external force vs. stored spec, per particle: max dev 5.79e-05 of range  OK
        bin-by-bin: 99.0% of 488 bins within 2 sigma, chi^2/bin = 0.49
         m  driven   kT k_m |n_m|        |f_m|         |diff|/err
         1   -     4.05251e-05   6.32429e-05      0.28
         2   -     7.53571e-05   1.19748e-05      0.77
         3  yes    2.10292e-04   1.52812e-04      0.39
         4   -     4.25191e-05   1.39991e-04      0.78
         5   -     1.10797e-04   1.20283e-04      0.71
         6  yes    4.39794e-03   4.35683e-03      0.67
         7   -     1.14354e-04   1.45559e-04      0.47
         8  yes    4.05190e-03   4.00042e-03      0.55
        driven modes only: max |diff|/err = 0.67
        n_mean = 0.01657, contrast n_max/n_min = 3.27

wrote /mnt/research/MultiscaleML_group/Liyao/salt_in_polymer_eps75_dz005/runs/prod_T1.0_c0.02/field_p10/profiles.npz
==========================================================================
### done Sun Oct  4 06:12:50 AM EDT 2026
