### Sun Oct  4 06:29:24 AM EDT 2026: /mnt/gs21/scratch/lyuliyao/salt_in_polymer/eps2/runs/prod_T1.0_c0.06/field_p12 -> /mnt/research/MultiscaleML_group/Liyao/salt_in_polymer_eps2_dz005/runs/prod_T1.0_c0.06/field_p12/profiles.npz (mmax 18, binw 0.05)
==========================================================================
YBG check  run=/mnt/gs21/scratch/lyuliyao/salt_in_polymer/eps2/runs/prod_T1.0_c0.06/field_p12  potential=p12 kind=both pp(V_N)=1.62 pp(psi)=2.01 kT

  cation: applied external force vs. stored spec, per particle: max dev 8.54e-05 of range  OK
        bin-by-bin: 98.0% of 492 bins within 2 sigma, chi^2/bin = 0.73
         m  driven   kT k_m |n_m|        |f_m|         |diff|/err
         1   -     1.29259e-05   4.06455e-04      1.81
         2   -     1.74257e-05   1.77230e-04      0.68
         3  yes    3.16553e-04   4.56072e-04      0.78
         4  yes    2.13193e-03   2.12813e-03      0.67
         5  yes    3.26596e-03   3.20052e-03      1.35
         6  yes    2.70431e-03   2.67779e-03      0.10
         7   -     9.45344e-05   1.64607e-04      0.40
         8   -     1.51654e-04   2.45843e-04      0.40
        driven modes only: max |diff|/err = 2.39
        n_mean = 0.04842, contrast n_max/n_min = 4.18

  anion: applied external force vs. stored spec, per particle: max dev 6.40e-05 of range  OK
        bin-by-bin: 99.6% of 492 bins within 2 sigma, chi^2/bin = 0.43
         m  driven   kT k_m |n_m|        |f_m|         |diff|/err
         1   -     1.31160e-05   8.13317e-05      0.70
         2   -     1.63944e-05   1.37607e-04      1.18
         3  yes    1.02727e-04   2.03865e-04      1.27
         4  yes    1.69629e-03   1.80666e-03      1.14
         5  yes    2.58608e-03   2.45658e-03      0.91
         6  yes    1.61077e-03   1.62568e-03      0.86
         7   -     1.10633e-04   2.62710e-04      0.96
         8   -     1.74263e-04   6.21553e-05      0.91
        driven modes only: max |diff|/err = 1.27
        n_mean = 0.04842, contrast n_max/n_min = 1.98

wrote /mnt/research/MultiscaleML_group/Liyao/salt_in_polymer_eps2_dz005/runs/prod_T1.0_c0.06/field_p12/profiles.npz
==========================================================================
### done Sun Oct  4 06:31:12 AM EDT 2026
