### Sun Oct  4 06:12:17 AM EDT 2026: /mnt/gs21/scratch/lyuliyao/salt_in_polymer/runs/prod_T1.0_c0.02/field_p01 -> /mnt/research/MultiscaleML_group/Liyao/salt_in_polymer_eps75_dz005/runs/prod_T1.0_c0.02/field_p01/profiles.npz (mmax 8, binw 0.05)
==========================================================================
YBG check  run=/mnt/gs21/scratch/lyuliyao/salt_in_polymer/runs/prod_T1.0_c0.02/field_p01  potential=p01 kind=both pp(V_N)=2.80 pp(psi)=2.80 kT

  cation: applied external force vs. stored spec, per particle: max dev 3.70e-05 of range  OK
        bin-by-bin: 98.4% of 488 bins within 2 sigma, chi^2/bin = 0.62
         m  driven   kT k_m |n_m|        |f_m|         |diff|/err
         1   -     3.22588e-04   3.07883e-04      0.07
         2   -     3.57223e-04   1.55425e-04      0.93
         3  yes    1.87705e-03   1.97134e-03      0.98
         4  yes    3.25915e-03   3.48574e-03      0.88
         5  yes    8.09089e-03   8.05844e-03      0.63
         6  yes    7.90719e-03   7.89534e-03      1.26
         7   -     1.40680e-03   1.25653e-03      0.66
         8   -     2.82198e-03   2.90287e-03      0.58
        driven modes only: max |diff|/err = 1.26
        n_mean = 0.01657, contrast n_max/n_min = 169.85

  anion: applied external force vs. stored spec, per particle: max dev 3.59e-05 of range  OK
        bin-by-bin: 99.4% of 488 bins within 2 sigma, chi^2/bin = 0.46
         m  driven   kT k_m |n_m|        |f_m|         |diff|/err
         1   -     2.84749e-04   2.70263e-04      0.46
         2   -     1.52601e-04   1.29605e-04      1.08
         3  yes    1.44579e-03   1.39418e-03      0.62
         4  yes    2.02155e-03   2.14807e-03      0.92
         5  yes    6.77725e-03   6.89922e-03      0.84
         6  yes    7.98308e-03   7.92294e-03      0.45
         7   -     8.00838e-04   8.35552e-04      0.17
         8   -     1.19178e-03   1.25093e-03      0.75
        driven modes only: max |diff|/err = 0.92
        n_mean = 0.01657, contrast n_max/n_min = 35.65

wrote /mnt/research/MultiscaleML_group/Liyao/salt_in_polymer_eps75_dz005/runs/prod_T1.0_c0.02/field_p01/profiles.npz
==========================================================================
### done Sun Oct  4 06:12:30 AM EDT 2026
