### Sun Oct  4 06:12:15 AM EDT 2026: /mnt/gs21/scratch/lyuliyao/salt_in_polymer/runs/prod_T1.0_c0.02/field_p07 -> /mnt/research/MultiscaleML_group/Liyao/salt_in_polymer_eps75_dz005/runs/prod_T1.0_c0.02/field_p07/profiles.npz (mmax 8, binw 0.05)
==========================================================================
YBG check  run=/mnt/gs21/scratch/lyuliyao/salt_in_polymer/runs/prod_T1.0_c0.02/field_p07  potential=p07 kind=charged pp(V_N)=0.00 pp(psi)=2.74 kT

  cation: applied external force vs. stored spec, per particle: max dev 4.05e-05 of range  OK
        bin-by-bin: 97.7% of 488 bins within 2 sigma, chi^2/bin = 0.68
         m  driven   kT k_m |n_m|        |f_m|         |diff|/err
         1   -     1.10665e-05   2.64655e-04      1.61
         2   -     4.68122e-04   2.01771e-04      1.03
         3   -     5.45139e-05   1.24521e-04      0.78
         4  yes    3.93935e-03   4.00837e-03      0.42
         5   -     1.06849e-04   3.39746e-04      1.24
         6  yes    1.15032e-02   1.14758e-02      0.34
         7   -     5.22128e-05   2.83801e-04      0.81
         8   -     9.39003e-04   1.23885e-03      1.88
        driven modes only: max |diff|/err = 0.42
        n_mean = 0.01657, contrast n_max/n_min = 20.98

  anion: applied external force vs. stored spec, per particle: max dev 4.01e-05 of range  OK
        bin-by-bin: 99.2% of 488 bins within 2 sigma, chi^2/bin = 0.45
         m  driven   kT k_m |n_m|        |f_m|         |diff|/err
         1   -     9.82022e-06   5.85529e-05      0.49
         2   -     2.95717e-04   2.45522e-04      0.53
         3   -     3.45057e-05   7.97300e-05      1.36
         4  yes    2.13930e-03   2.35343e-03      2.63
         5   -     8.75380e-06   1.17473e-04      0.71
         6  yes    1.06492e-02   1.06608e-02      0.50
         7   -     4.30166e-05   7.80441e-05      0.68
         8   -     2.34558e-04   3.08818e-04      0.45
        driven modes only: max |diff|/err = 2.63
        n_mean = 0.01657, contrast n_max/n_min = 10.06

wrote /mnt/research/MultiscaleML_group/Liyao/salt_in_polymer_eps75_dz005/runs/prod_T1.0_c0.02/field_p07/profiles.npz
==========================================================================
### done Sun Oct  4 06:12:29 AM EDT 2026
