### Sun Oct  4 06:24:25 AM EDT 2026: /mnt/gs21/scratch/lyuliyao/salt_in_polymer/eps2/runs/prod_T1.0_c0.02/field_p08 -> /mnt/research/MultiscaleML_group/Liyao/salt_in_polymer_eps2_dz005/runs/prod_T1.0_c0.02/field_p08/profiles.npz (mmax 18, binw 0.05)
==========================================================================
YBG check  run=/mnt/gs21/scratch/lyuliyao/salt_in_polymer/eps2/runs/prod_T1.0_c0.02/field_p08  potential=p08 kind=both pp(V_N)=1.15 pp(psi)=0.75 kT

  cation: applied external force vs. stored spec, per particle: max dev 7.48e-05 of range  OK
        bin-by-bin: 99.4% of 487 bins within 2 sigma, chi^2/bin = 0.47
         m  driven   kT k_m |n_m|        |f_m|         |diff|/err
         1   -     3.29747e-05   1.33428e-04      0.84
         2   -     6.71973e-05   1.51713e-04      0.41
         3  yes    9.85505e-04   9.63716e-04      0.60
         4  yes    1.99820e-03   1.87931e-03      0.67
         5  yes    3.65408e-04   4.60205e-04      0.41
         6  yes    1.14140e-03   1.07347e-03      0.54
         7   -     1.97738e-04   2.01234e-04      1.80
         8   -     2.77984e-04   4.53188e-04      0.94
        driven modes only: max |diff|/err = 0.90
        n_mean = 0.01665, contrast n_max/n_min = 3.24

  anion: applied external force vs. stored spec, per particle: max dev 7.10e-05 of range  OK
        bin-by-bin: 99.8% of 487 bins within 2 sigma, chi^2/bin = 0.26
         m  driven   kT k_m |n_m|        |f_m|         |diff|/err
         1   -     3.22794e-05   4.08935e-05      0.16
         2   -     6.60188e-05   1.13480e-04      0.25
         3  yes    9.10006e-04   8.78150e-04      0.29
         4  yes    1.92641e-03   1.97163e-03      0.48
         5  yes    2.71348e-04   1.95847e-04      0.86
         6  yes    3.10454e-03   3.22824e-03      1.15
         7   -     9.21392e-05   8.88433e-05      0.34
         8   -     4.31939e-04   3.88042e-04      0.33
        driven modes only: max |diff|/err = 1.15
        n_mean = 0.01665, contrast n_max/n_min = 3.73

wrote /mnt/research/MultiscaleML_group/Liyao/salt_in_polymer_eps2_dz005/runs/prod_T1.0_c0.02/field_p08/profiles.npz
==========================================================================
### done Sun Oct  4 06:24:42 AM EDT 2026
