### Sun Oct  4 06:19:03 AM EDT 2026: /mnt/gs21/scratch/lyuliyao/salt_in_polymer/runs/prod_T1.0_c0.06/field_p18 -> /mnt/research/MultiscaleML_group/Liyao/salt_in_polymer_eps75_dz005/runs/prod_T1.0_c0.06/field_p18/profiles.npz (mmax 4, binw 0.05)
==========================================================================
YBG check  run=/mnt/gs21/scratch/lyuliyao/salt_in_polymer/runs/prod_T1.0_c0.06/field_p18  potential=p18 kind=both pp(V_N)=2.08 pp(psi)=0.56 kT

  cation: applied external force vs. stored spec, per particle: max dev 1.50e-05 of range  OK
        bin-by-bin: 99.8% of 494 bins within 2 sigma, chi^2/bin = 0.48
         m  driven   kT k_m |n_m|        |f_m|         |diff|/err
         1  yes    8.74131e-04   1.03611e-03      1.30
         2  yes    1.26750e-03   1.50464e-03      1.19
         3   -     8.49578e-05   1.04048e-04      0.25
         4   -     7.23347e-05   2.67819e-04      1.36
        driven modes only: max |diff|/err = 1.30
        n_mean = 0.04772, contrast n_max/n_min = 1.52

  anion: applied external force vs. stored spec, per particle: max dev 1.65e-05 of range  OK
        bin-by-bin: 99.2% of 494 bins within 2 sigma, chi^2/bin = 0.48
         m  driven   kT k_m |n_m|        |f_m|         |diff|/err
         1  yes    8.00029e-04   7.61125e-04      0.51
         2  yes    8.70076e-04   9.14696e-04      0.50
         3   -     3.68628e-05   1.38367e-04      0.86
         4   -     4.84407e-05   5.82433e-05      0.91
        driven modes only: max |diff|/err = 0.51
        n_mean = 0.04772, contrast n_max/n_min = 1.41

wrote /mnt/research/MultiscaleML_group/Liyao/salt_in_polymer_eps75_dz005/runs/prod_T1.0_c0.06/field_p18/profiles.npz
==========================================================================
### done Sun Oct  4 06:20:18 AM EDT 2026
