### Sun Oct  4 06:31:57 AM EDT 2026: /mnt/gs21/scratch/lyuliyao/salt_in_polymer/eps2/runs/prod_T1.0_c0.08/field_p15 -> /mnt/research/MultiscaleML_group/Liyao/salt_in_polymer_eps2_dz005/runs/prod_T1.0_c0.08/field_p15/profiles.npz (mmax 14, binw 0.05)
==========================================================================
YBG check  run=/mnt/gs21/scratch/lyuliyao/salt_in_polymer/eps2/runs/prod_T1.0_c0.08/field_p15  potential=p15 kind=charged pp(V_N)=0.00 pp(psi)=3.25 kT

  cation: applied external force vs. stored spec, per particle: max dev 4.38e-05 of range  OK
        bin-by-bin: 99.0% of 496 bins within 2 sigma, chi^2/bin = 0.58
         m  driven   kT k_m |n_m|        |f_m|         |diff|/err
         1   -     6.86187e-06   2.80165e-04      1.32
         2   -     1.84031e-06   6.29179e-05      0.34
         3   -     9.03839e-06   1.17759e-04      0.55
         4  yes    2.61266e-03   2.79991e-03      0.98
         5   -     1.73907e-05   1.72542e-04      0.89
         6   -     4.95116e-05   1.44942e-04      0.39
         7   -     9.89549e-05   2.34717e-04      0.89
         8  yes    1.18907e-02   1.19879e-02      0.96
        driven modes only: max |diff|/err = 0.98
        n_mean = 0.06276, contrast n_max/n_min = 1.70

  anion: applied external force vs. stored spec, per particle: max dev 4.35e-05 of range  OK
        bin-by-bin: 99.2% of 496 bins within 2 sigma, chi^2/bin = 0.42
         m  driven   kT k_m |n_m|        |f_m|         |diff|/err
         1   -     7.12706e-06   4.15879e-05      0.43
         2   -     1.65112e-06   7.92811e-05      0.74
         3   -     5.01299e-06   4.86478e-05      0.46
         4  yes    9.87117e-04   9.65723e-04      0.57
         5   -     6.82604e-06   1.08968e-04      1.17
         6   -     2.72314e-05   6.24805e-05      0.28
         7   -     7.08669e-05   2.58824e-04      1.54
         8  yes    1.08264e-02   1.08381e-02      0.14
        driven modes only: max |diff|/err = 0.87
        n_mean = 0.06276, contrast n_max/n_min = 1.51

wrote /mnt/research/MultiscaleML_group/Liyao/salt_in_polymer_eps2_dz005/runs/prod_T1.0_c0.08/field_p15/profiles.npz
==========================================================================
### done Sun Oct  4 06:35:45 AM EDT 2026
