### Sun Oct  4 06:20:24 AM EDT 2026: /mnt/gs21/scratch/lyuliyao/salt_in_polymer/runs/prod_T1.0_c0.08/field_p13 -> /mnt/research/MultiscaleML_group/Liyao/salt_in_polymer_eps75_dz005/runs/prod_T1.0_c0.08/field_p13/profiles.npz (mmax 18, binw 0.05)
==========================================================================
YBG check  run=/mnt/gs21/scratch/lyuliyao/salt_in_polymer/runs/prod_T1.0_c0.08/field_p13  potential=p13 kind=neutral pp(V_N)=4.47 pp(psi)=0.00 kT

  cation: applied external force vs. stored spec, per particle: max dev 5.21e-05 of range  OK
        bin-by-bin: 99.6% of 499 bins within 2 sigma, chi^2/bin = 0.42
         m  driven   kT k_m |n_m|        |f_m|         |diff|/err
         1   -     3.05958e-05   4.40636e-04      2.80
         2   -     2.89960e-05   1.78826e-04      0.94
         3   -     3.78857e-05   3.27938e-04      1.60
         4  yes    2.05341e-02   2.05693e-02      1.20
         5   -     8.83390e-05   3.07993e-04      0.68
         6   -     3.90360e-04   1.46275e-04      0.89
         7   -     2.30289e-04   3.99594e-04      0.52
         8  yes    1.48235e-02   1.49341e-02      0.27
        driven modes only: max |diff|/err = 1.20
        n_mean = 0.06165, contrast n_max/n_min = 9.94

  anion: applied external force vs. stored spec, per particle: max dev 5.49e-05 of range  OK
        bin-by-bin: 99.8% of 499 bins within 2 sigma, chi^2/bin = 0.34
         m  driven   kT k_m |n_m|        |f_m|         |diff|/err
         1   -     2.76023e-05   1.27250e-04      0.62
         2   -     2.81143e-05   1.74374e-04      1.53
         3   -     2.17536e-05   7.76417e-05      0.71
         4  yes    7.36363e-03   7.34891e-03      0.21
         5   -     3.60858e-05   8.35657e-05      0.51
         6   -     1.44981e-04   1.32862e-04      0.27
         7   -     8.05162e-05   1.71115e-04      0.37
         8  yes    1.96336e-02   1.97511e-02      0.44
        driven modes only: max |diff|/err = 0.79
        n_mean = 0.06165, contrast n_max/n_min = 3.61

wrote /mnt/research/MultiscaleML_group/Liyao/salt_in_polymer_eps75_dz005/runs/prod_T1.0_c0.08/field_p13/profiles.npz
==========================================================================
### done Sun Oct  4 06:23:25 AM EDT 2026
