### Sun Oct  4 06:20:24 AM EDT 2026: /mnt/gs21/scratch/lyuliyao/salt_in_polymer/runs/prod_T1.0_c0.08/field_p14 -> /mnt/research/MultiscaleML_group/Liyao/salt_in_polymer_eps75_dz005/runs/prod_T1.0_c0.08/field_p14/profiles.npz (mmax 22, binw 0.05)
==========================================================================
YBG check  run=/mnt/gs21/scratch/lyuliyao/salt_in_polymer/runs/prod_T1.0_c0.08/field_p14  potential=p14 kind=neutral pp(V_N)=1.87 pp(psi)=0.00 kT

  cation: applied external force vs. stored spec, per particle: max dev 5.31e-05 of range  OK
        bin-by-bin: 99.6% of 499 bins within 2 sigma, chi^2/bin = 0.35
         m  driven   kT k_m |n_m|        |f_m|         |diff|/err
         1   -     1.69489e-05   5.80089e-05      0.29
         2   -     2.51466e-05   2.36143e-04      1.22
         3   -     3.15047e-05   3.21741e-04      1.32
         4  yes    9.31838e-03   9.37995e-03      0.36
         5   -     1.78470e-04   3.79120e-04      0.73
         6   -     1.65751e-04   2.33870e-04      0.42
         7   -     2.06339e-04   1.06412e-04      0.27
         8  yes    3.33809e-03   3.51276e-03      0.51
        driven modes only: max |diff|/err = 0.94
        n_mean = 0.06165, contrast n_max/n_min = 2.37

  anion: applied external force vs. stored spec, per particle: max dev 5.38e-05 of range  OK
        bin-by-bin: 99.8% of 499 bins within 2 sigma, chi^2/bin = 0.35
         m  driven   kT k_m |n_m|        |f_m|         |diff|/err
         1   -     1.43424e-05   1.81462e-04      1.50
         2   -     1.52745e-05   1.28547e-04      1.01
         3   -     9.37882e-06   1.21246e-04      0.81
         4  yes    2.99672e-03   2.83886e-03      1.77
         5   -     7.26501e-05   1.95618e-04      1.14
         6   -     3.48332e-05   9.20120e-05      0.36
         7   -     8.59668e-05   1.78443e-04      0.37
         8  yes    3.24160e-03   3.16977e-03      0.28
        driven modes only: max |diff|/err = 1.77
        n_mean = 0.06165, contrast n_max/n_min = 1.48

wrote /mnt/research/MultiscaleML_group/Liyao/salt_in_polymer_eps75_dz005/runs/prod_T1.0_c0.08/field_p14/profiles.npz
==========================================================================
### done Sun Oct  4 06:23:27 AM EDT 2026
