### Sun Oct  4 06:19:14 AM EDT 2026: /mnt/gs21/scratch/lyuliyao/salt_in_polymer/runs/prod_T1.0_c0.08/field_p01 -> /mnt/research/MultiscaleML_group/Liyao/salt_in_polymer_eps75_dz005/runs/prod_T1.0_c0.08/field_p01/profiles.npz (mmax 8, binw 0.05)
==========================================================================
YBG check  run=/mnt/gs21/scratch/lyuliyao/salt_in_polymer/runs/prod_T1.0_c0.08/field_p01  potential=p01 kind=both pp(V_N)=2.80 pp(psi)=2.80 kT

  cation: applied external force vs. stored spec, per particle: max dev 3.75e-05 of range  OK
        bin-by-bin: 99.4% of 499 bins within 2 sigma, chi^2/bin = 0.44
         m  driven   kT k_m |n_m|        |f_m|         |diff|/err
         1   -     1.31696e-04   1.60708e-04      0.39
         2   -     1.18389e-04   2.53237e-04      0.94
         3  yes    2.62694e-03   2.85359e-03      1.21
         4  yes    5.59867e-03   5.66079e-03      0.33
         5  yes    2.13352e-02   2.14344e-02      1.11
         6  yes    3.78813e-02   3.83065e-02      1.74
         7   -     5.91589e-03   6.16705e-03      0.74
         8   -     4.36023e-03   4.52114e-03      1.18
        driven modes only: max |diff|/err = 1.74
        n_mean = 0.06165, contrast n_max/n_min = 55.49

  anion: applied external force vs. stored spec, per particle: max dev 3.66e-05 of range  OK
        bin-by-bin: 99.4% of 499 bins within 2 sigma, chi^2/bin = 0.40
         m  driven   kT k_m |n_m|        |f_m|         |diff|/err
         1   -     1.14117e-04   1.55005e-04      1.08
         2   -     5.69723e-05   4.93245e-05      0.76
         3  yes    1.46090e-03   1.35836e-03      1.01
         4  yes    2.09759e-03   2.07453e-03      0.27
         5  yes    9.46049e-03   9.50748e-03      0.37
         6  yes    2.16341e-02   2.18687e-02      1.59
         7   -     2.37210e-03   2.38469e-03      0.53
         8   -     2.02810e-03   2.13620e-03      0.69
        driven modes only: max |diff|/err = 1.59
        n_mean = 0.06165, contrast n_max/n_min = 5.08

wrote /mnt/research/MultiscaleML_group/Liyao/salt_in_polymer_eps75_dz005/runs/prod_T1.0_c0.08/field_p01/profiles.npz
==========================================================================
### done Sun Oct  4 06:22:20 AM EDT 2026
