### Sun Oct  4 06:17:28 AM EDT 2026: /mnt/gs21/scratch/lyuliyao/salt_in_polymer/runs/prod_T1.0_c0.06/field_p00 -> /mnt/research/MultiscaleML_group/Liyao/salt_in_polymer_eps75_dz005/runs/prod_T1.0_c0.06/field_p00/profiles.npz (mmax 8, binw 0.05)
==========================================================================
YBG check  run=/mnt/gs21/scratch/lyuliyao/salt_in_polymer/runs/prod_T1.0_c0.06/field_p00  potential=p00 kind=both pp(V_N)=0.60 pp(psi)=0.60 kT

  cation: applied external force vs. stored spec, per particle: max dev 3.16e-05 of range  OK
        bin-by-bin: 98.8% of 494 bins within 2 sigma, chi^2/bin = 0.66
         m  driven   kT k_m |n_m|        |f_m|         |diff|/err
         1   -     1.96236e-05   7.35616e-05      0.45
         2   -     3.18755e-05   2.47235e-04      1.05
         3  yes    1.04031e-03   1.32313e-03      1.31
         4  yes    2.34307e-03   2.20698e-03      1.97
         5   -     1.03112e-04   1.97773e-04      0.53
         6  yes    8.07794e-03   7.94885e-03      0.72
         7   -     1.33112e-04   2.03228e-04      0.31
         8   -     3.25308e-04   4.96850e-04      1.05
        driven modes only: max |diff|/err = 1.97
        n_mean = 0.04772, contrast n_max/n_min = 2.00

  anion: applied external force vs. stored spec, per particle: max dev 3.39e-05 of range  OK
        bin-by-bin: 97.8% of 494 bins within 2 sigma, chi^2/bin = 0.63
         m  driven   kT k_m |n_m|        |f_m|         |diff|/err
         1   -     1.72171e-05   5.75678e-05      0.39
         2   -     1.78647e-05   1.30374e-04      0.96
         3  yes    3.54161e-04   3.57146e-04      0.17
         4  yes    7.12642e-04   7.65530e-04      0.69
         5   -     1.57875e-05   1.43880e-04      0.87
         6  yes    4.65765e-03   4.70596e-03      0.54
         7   -     5.98083e-05   1.71967e-04      0.73
         8   -     1.97954e-04   2.35440e-04      0.25
        driven modes only: max |diff|/err = 0.69
        n_mean = 0.04772, contrast n_max/n_min = 1.41

wrote /mnt/research/MultiscaleML_group/Liyao/salt_in_polymer_eps75_dz005/runs/prod_T1.0_c0.06/field_p00/profiles.npz
==========================================================================
### done Sun Oct  4 06:18:54 AM EDT 2026
