### Sun Oct  4 06:16:47 AM EDT 2026: /mnt/gs21/scratch/lyuliyao/salt_in_polymer/runs/prod_T1.0_c0.05/field_p07 -> /mnt/research/MultiscaleML_group/Liyao/salt_in_polymer_eps75_dz005/runs/prod_T1.0_c0.05/field_p07/profiles.npz (mmax 8, binw 0.05)
==========================================================================
YBG check  run=/mnt/gs21/scratch/lyuliyao/salt_in_polymer/runs/prod_T1.0_c0.05/field_p07  potential=p07 kind=charged pp(V_N)=0.00 pp(psi)=2.74 kT

  cation: applied external force vs. stored spec, per particle: max dev 3.99e-05 of range  OK
        bin-by-bin: 98.8% of 492 bins within 2 sigma, chi^2/bin = 0.67
         m  driven   kT k_m |n_m|        |f_m|         |diff|/err
         1   -     1.73438e-05   2.61732e-04      1.10
         2   -     2.89859e-04   6.48913e-04      1.19
         3   -     2.09487e-05   3.48702e-04      1.82
         4  yes    6.05963e-03   5.95643e-03      0.72
         5   -     1.76318e-04   3.06373e-05      0.52
         6  yes    3.12548e-02   3.15884e-02      1.23
         7   -     2.52554e-04   6.29980e-04      1.72
         8   -     2.40849e-03   2.45640e-03      0.12
        driven modes only: max |diff|/err = 1.23
        n_mean = 0.04031, contrast n_max/n_min = 23.47

  anion: applied external force vs. stored spec, per particle: max dev 3.96e-05 of range  OK
        bin-by-bin: 98.8% of 492 bins within 2 sigma, chi^2/bin = 0.51
         m  driven   kT k_m |n_m|        |f_m|         |diff|/err
         1   -     1.51270e-05   1.45358e-04      0.96
         2   -     1.66257e-04   2.55148e-04      0.67
         3   -     7.90024e-06   6.73944e-05      0.68
         4  yes    2.20931e-03   2.10992e-03      0.92
         5   -     3.80534e-05   1.36890e-04      0.95
         6  yes    2.09785e-02   2.10975e-02      1.05
         7   -     2.77683e-05   3.25979e-05      0.14
         8   -     6.88862e-04   7.24049e-04      0.17
        driven modes only: max |diff|/err = 1.05
        n_mean = 0.04031, contrast n_max/n_min = 5.18

wrote /mnt/research/MultiscaleML_group/Liyao/salt_in_polymer_eps75_dz005/runs/prod_T1.0_c0.05/field_p07/profiles.npz
==========================================================================
### done Sun Oct  4 06:17:35 AM EDT 2026
