### Sun Oct  4 06:17:27 AM EDT 2026: /mnt/gs21/scratch/lyuliyao/salt_in_polymer/runs/prod_T1.0_c0.06/field_p09 -> /mnt/research/MultiscaleML_group/Liyao/salt_in_polymer_eps75_dz005/runs/prod_T1.0_c0.06/field_p09/profiles.npz (mmax 18, binw 0.05)
==========================================================================
YBG check  run=/mnt/gs21/scratch/lyuliyao/salt_in_polymer/runs/prod_T1.0_c0.06/field_p09  potential=p09 kind=both pp(V_N)=1.11 pp(psi)=2.14 kT

  cation: applied external force vs. stored spec, per particle: max dev 6.74e-05 of range  OK
        bin-by-bin: 98.4% of 494 bins within 2 sigma, chi^2/bin = 0.48
         m  driven   kT k_m |n_m|        |f_m|         |diff|/err
         1   -     3.51571e-05   1.89849e-04      0.56
         2   -     6.92580e-05   2.34756e-04      0.95
         3  yes    9.23948e-04   9.88602e-04      0.81
         4  yes    4.29483e-03   4.44543e-03      0.95
         5  yes    1.05769e-02   1.05978e-02      0.35
         6  yes    1.00228e-02   9.97854e-03      0.12
         7   -     3.42847e-03   3.52862e-03      0.29
         8   -     1.82259e-03   1.71377e-03      0.59
        driven modes only: max |diff|/err = 0.95
        n_mean = 0.04772, contrast n_max/n_min = 7.37

  anion: applied external force vs. stored spec, per particle: max dev 7.01e-05 of range  OK
        bin-by-bin: 99.6% of 494 bins within 2 sigma, chi^2/bin = 0.45
         m  driven   kT k_m |n_m|        |f_m|         |diff|/err
         1   -     3.16909e-05   1.49156e-04      1.00
         2   -     3.75424e-05   2.46187e-04      2.10
         3  yes    4.77586e-04   4.09716e-04      0.60
         4  yes    1.28953e-03   1.37822e-03      0.57
         5  yes    3.13289e-03   3.07456e-03      0.57
         6  yes    6.57952e-03   6.67458e-03      0.58
         7   -     1.45989e-03   1.54618e-03      0.55
         8   -     5.47882e-04   6.05209e-04      0.42
        driven modes only: max |diff|/err = 0.81
        n_mean = 0.04772, contrast n_max/n_min = 4.38

wrote /mnt/research/MultiscaleML_group/Liyao/salt_in_polymer_eps75_dz005/runs/prod_T1.0_c0.06/field_p09/profiles.npz
==========================================================================
### done Sun Oct  4 06:18:52 AM EDT 2026
