### Sun Oct  4 06:23:14 AM EDT 2026: /mnt/gs21/scratch/lyuliyao/salt_in_polymer/eps2/runs/prod_T1.0_c0.01/field_p40 -> /mnt/research/MultiscaleML_group/Liyao/salt_in_polymer_eps2_dz005/runs/prod_T1.0_c0.01/field_p40/profiles.npz (mmax 3, binw 0.05)
==========================================================================
YBG check  run=/mnt/gs21/scratch/lyuliyao/salt_in_polymer/eps2/runs/prod_T1.0_c0.01/field_p40  potential=p40 kind=neutral pp(V_N)=0.06 pp(psi)=0.00 kT

  cation: applied external force vs. stored spec, per particle: max dev 9.17e-06 of range  OK
        bin-by-bin: 100.0% of 487 bins within 2 sigma, chi^2/bin = 0.29
         m  driven   kT k_m |n_m|        |f_m|         |diff|/err
         1  yes    1.10959e-04   1.34661e-04      0.25
         2   -     2.33065e-05   1.17215e-04      1.45
         3   -     1.39335e-05   5.43072e-05      0.50
        driven modes only: max |diff|/err = 0.25
        n_mean = 0.00832, contrast n_max/n_min = 1.29

  anion: applied external force vs. stored spec, per particle: max dev 9.04e-06 of range  OK
        bin-by-bin: 100.0% of 487 bins within 2 sigma, chi^2/bin = 0.15
         m  driven   kT k_m |n_m|        |f_m|         |diff|/err
         1  yes    1.09292e-04   1.03091e-04      0.14
         2   -     2.13791e-05   4.34318e-05      0.49
         3   -     7.37156e-06   8.44781e-06      0.23
        driven modes only: max |diff|/err = 0.14
        n_mean = 0.00832, contrast n_max/n_min = 1.27

wrote /mnt/research/MultiscaleML_group/Liyao/salt_in_polymer_eps2_dz005/runs/prod_T1.0_c0.01/field_p40/profiles.npz
==========================================================================
### done Sun Oct  4 06:23:41 AM EDT 2026
