### Sun Oct  4 06:17:28 AM EDT 2026: /mnt/gs21/scratch/lyuliyao/salt_in_polymer/runs/prod_T1.0_c0.06/field_p13 -> /mnt/research/MultiscaleML_group/Liyao/salt_in_polymer_eps75_dz005/runs/prod_T1.0_c0.06/field_p13/profiles.npz (mmax 18, binw 0.05)
==========================================================================
YBG check  run=/mnt/gs21/scratch/lyuliyao/salt_in_polymer/runs/prod_T1.0_c0.06/field_p13  potential=p13 kind=neutral pp(V_N)=4.46 pp(psi)=0.00 kT

  cation: applied external force vs. stored spec, per particle: max dev 5.12e-05 of range  OK
        bin-by-bin: 99.4% of 494 bins within 2 sigma, chi^2/bin = 0.48
         m  driven   kT k_m |n_m|        |f_m|         |diff|/err
         1   -     4.07243e-06   4.40423e-04      1.51
         2   -     3.54536e-05   1.35689e-04      0.94
         3   -     4.94052e-05   3.41321e-05      0.28
         4  yes    1.97207e-02   1.98400e-02      0.67
         5   -     1.18203e-04   3.48951e-04      0.93
         6   -     1.37296e-04   1.33649e-04      0.23
         7   -     1.03319e-04   3.03342e-04      0.53
         8  yes    6.80497e-03   6.79298e-03      0.16
        driven modes only: max |diff|/err = 0.73
        n_mean = 0.04772, contrast n_max/n_min = 15.89

  anion: applied external force vs. stored spec, per particle: max dev 5.14e-05 of range  OK
        bin-by-bin: 99.0% of 494 bins within 2 sigma, chi^2/bin = 0.43
         m  driven   kT k_m |n_m|        |f_m|         |diff|/err
         1   -     3.23935e-06   1.55704e-04      1.12
         2   -     2.24805e-05   8.87658e-05      0.51
         3   -     2.33392e-05   4.91855e-05      0.57
         4  yes    7.50512e-03   7.43508e-03      0.67
         5   -     6.99731e-05   1.52852e-04      0.70
         6   -     1.45582e-05   3.40286e-05      0.28
         7   -     8.62570e-05   5.61511e-05      0.40
         8  yes    2.13933e-02   2.14886e-02      0.47
        driven modes only: max |diff|/err = 0.67
        n_mean = 0.04772, contrast n_max/n_min = 5.61

wrote /mnt/research/MultiscaleML_group/Liyao/salt_in_polymer_eps75_dz005/runs/prod_T1.0_c0.06/field_p13/profiles.npz
==========================================================================
### done Sun Oct  4 06:18:53 AM EDT 2026
