### Sun Oct  4 06:19:04 AM EDT 2026: /mnt/gs21/scratch/lyuliyao/salt_in_polymer/runs/prod_T1.0_c0.06/field_p20 -> /mnt/research/MultiscaleML_group/Liyao/salt_in_polymer_eps75_dz005/runs/prod_T1.0_c0.06/field_p20/profiles.npz (mmax 5, binw 0.05)
==========================================================================
YBG check  run=/mnt/gs21/scratch/lyuliyao/salt_in_polymer/runs/prod_T1.0_c0.06/field_p20  potential=p20 kind=both pp(V_N)=1.07 pp(psi)=0.84 kT

  cation: applied external force vs. stored spec, per particle: max dev 2.22e-05 of range  OK
        bin-by-bin: 98.8% of 494 bins within 2 sigma, chi^2/bin = 0.60
         m  driven   kT k_m |n_m|        |f_m|         |diff|/err
         1  yes    3.01698e-04   3.79503e-04      0.93
         2  yes    4.23338e-04   4.64238e-04      0.63
         3  yes    2.28544e-03   2.22173e-03      0.35
         4   -     3.49563e-05   2.01402e-04      0.72
         5   -     3.35685e-05   1.04595e-04      0.44
        driven modes only: max |diff|/err = 0.93
        n_mean = 0.04772, contrast n_max/n_min = 1.43

  anion: applied external force vs. stored spec, per particle: max dev 2.17e-05 of range  OK
        bin-by-bin: 98.4% of 494 bins within 2 sigma, chi^2/bin = 0.57
         m  driven   kT k_m |n_m|        |f_m|         |diff|/err
         1  yes    2.67276e-04   2.82444e-04      0.55
         2  yes    3.46626e-04   4.02588e-04      0.75
         3  yes    8.08039e-04   8.30007e-04      0.49
         4   -     1.83926e-05   8.17915e-05      0.85
         5   -     3.79790e-05   1.32858e-04      0.92
        driven modes only: max |diff|/err = 0.75
        n_mean = 0.04772, contrast n_max/n_min = 1.19

wrote /mnt/research/MultiscaleML_group/Liyao/salt_in_polymer_eps75_dz005/runs/prod_T1.0_c0.06/field_p20/profiles.npz
==========================================================================
### done Sun Oct  4 06:20:41 AM EDT 2026
