### Sun Oct  4 06:27:43 AM EDT 2026: /mnt/gs21/scratch/lyuliyao/salt_in_polymer/eps2/runs/prod_T1.0_c0.06/field_p02 -> /mnt/research/MultiscaleML_group/Liyao/salt_in_polymer_eps2_dz005/runs/prod_T1.0_c0.06/field_p02/profiles.npz (mmax 7, binw 0.05)
==========================================================================
YBG check  run=/mnt/gs21/scratch/lyuliyao/salt_in_polymer/eps2/runs/prod_T1.0_c0.06/field_p02  potential=p02 kind=both pp(V_N)=2.64 pp(psi)=2.25 kT

  cation: applied external force vs. stored spec, per particle: max dev 3.42e-05 of range  OK
        bin-by-bin: 97.0% of 492 bins within 2 sigma, chi^2/bin = 0.78
         m  driven   kT k_m |n_m|        |f_m|         |diff|/err
         1   -     2.37254e-05   1.74740e-04      0.80
         2   -     1.21913e-05   2.05896e-04      0.93
         3   -     3.12697e-05   3.42353e-04      1.17
         4  yes    4.33311e-03   4.53727e-03      1.19
         5  yes    9.48434e-03   9.68647e-03      0.90
         6   -     1.19238e-04   3.69407e-04      1.40
         7   -     9.82361e-05   4.08072e-04      1.69
        driven modes only: max |diff|/err = 1.19
        n_mean = 0.04842, contrast n_max/n_min = 2.64

  anion: applied external force vs. stored spec, per particle: max dev 3.64e-05 of range  OK
        bin-by-bin: 99.4% of 492 bins within 2 sigma, chi^2/bin = 0.52
         m  driven   kT k_m |n_m|        |f_m|         |diff|/err
         1   -     2.26004e-05   1.27034e-04      0.79
         2   -     9.38754e-06   1.04285e-04      0.64
         3   -     1.61707e-05   8.07535e-05      0.44
         4  yes    2.51227e-03   2.54831e-03      0.52
         5  yes    6.68640e-03   6.88017e-03      1.71
         6   -     5.17482e-05   1.09543e-04      0.39
         7   -     4.12001e-05   1.26520e-04      0.77
        driven modes only: max |diff|/err = 1.71
        n_mean = 0.04842, contrast n_max/n_min = 1.94

wrote /mnt/research/MultiscaleML_group/Liyao/salt_in_polymer_eps2_dz005/runs/prod_T1.0_c0.06/field_p02/profiles.npz
==========================================================================
### done Sun Oct  4 06:29:35 AM EDT 2026
