### Sun Oct  4 06:29:45 AM EDT 2026: /mnt/gs21/scratch/lyuliyao/salt_in_polymer/eps2/runs/prod_T1.0_c0.08/field_p12 -> /mnt/research/MultiscaleML_group/Liyao/salt_in_polymer_eps2_dz005/runs/prod_T1.0_c0.08/field_p12/profiles.npz (mmax 18, binw 0.05)
==========================================================================
YBG check  run=/mnt/gs21/scratch/lyuliyao/salt_in_polymer/eps2/runs/prod_T1.0_c0.08/field_p12  potential=p12 kind=both pp(V_N)=1.62 pp(psi)=2.01 kT

  cation: applied external force vs. stored spec, per particle: max dev 8.39e-05 of range  OK
        bin-by-bin: 98.8% of 496 bins within 2 sigma, chi^2/bin = 0.51
         m  driven   kT k_m |n_m|        |f_m|         |diff|/err
         1   -     1.20529e-05   1.57943e-04      0.98
         2   -     2.14783e-05   2.65719e-04      1.56
         3  yes    3.21673e-04   4.40578e-04      0.92
         4  yes    1.74383e-03   1.76043e-03      1.03
         5  yes    2.63116e-03   2.66465e-03      0.44
         6  yes    2.27440e-03   2.30878e-03      0.46
         7   -     1.64029e-04   2.71377e-04      1.63
         8   -     1.60140e-04   7.90490e-05      0.55
        driven modes only: max |diff|/err = 3.16
        n_mean = 0.06276, contrast n_max/n_min = 3.68

  anion: applied external force vs. stored spec, per particle: max dev 7.07e-05 of range  OK
        bin-by-bin: 99.8% of 496 bins within 2 sigma, chi^2/bin = 0.33
         m  driven   kT k_m |n_m|        |f_m|         |diff|/err
         1   -     1.23216e-05   6.06880e-05      0.45
         2   -     1.99396e-05   1.27711e-04      1.17
         3  yes    8.22966e-05   1.63204e-04      0.73
         4  yes    1.38717e-03   1.43570e-03      0.37
         5  yes    2.07072e-03   2.07080e-03      0.06
         6  yes    1.53707e-03   1.55991e-03      0.36
         7   -     1.00235e-04   1.95712e-04      0.88
         8   -     5.50381e-05   5.59764e-05      0.43
        driven modes only: max |diff|/err = 0.73
        n_mean = 0.06276, contrast n_max/n_min = 1.70

wrote /mnt/research/MultiscaleML_group/Liyao/salt_in_polymer_eps2_dz005/runs/prod_T1.0_c0.08/field_p12/profiles.npz
==========================================================================
### done Sun Oct  4 06:34:09 AM EDT 2026
