### Sun Oct  4 06:21:14 AM EDT 2026: /mnt/gs21/scratch/lyuliyao/salt_in_polymer/eps2/runs/prod_T1.0_c0.01/field_p07 -> /mnt/research/MultiscaleML_group/Liyao/salt_in_polymer_eps2_dz005/runs/prod_T1.0_c0.01/field_p07/profiles.npz (mmax 8, binw 0.05)
==========================================================================
YBG check  run=/mnt/gs21/scratch/lyuliyao/salt_in_polymer/eps2/runs/prod_T1.0_c0.01/field_p07  potential=p07 kind=charged pp(V_N)=0.00 pp(psi)=2.74 kT

  cation: applied external force vs. stored spec, per particle: max dev 3.86e-05 of range  OK
        bin-by-bin: 100.0% of 487 bins within 2 sigma, chi^2/bin = 0.23
         m  driven   kT k_m |n_m|        |f_m|         |diff|/err
         1   -     1.29072e-05   1.19617e-04      0.50
         2   -     1.90570e-04   2.24992e-04      0.54
         3   -     6.02347e-05   7.52324e-05      0.25
         4  yes    8.09010e-04   1.00631e-03      1.41
         5   -     5.56991e-05   7.23827e-05      0.18
         6  yes    3.57198e-03   3.78994e-03      1.56
         7   -     7.00058e-05   9.55509e-05      0.18
         8   -     1.51976e-04   1.42773e-04      0.95
        driven modes only: max |diff|/err = 1.56
        n_mean = 0.00832, contrast n_max/n_min = 4.72

  anion: applied external force vs. stored spec, per particle: max dev 4.03e-05 of range  OK
        bin-by-bin: 100.0% of 487 bins within 2 sigma, chi^2/bin = 0.10
         m  driven   kT k_m |n_m|        |f_m|         |diff|/err
         1   -     1.25436e-05   8.42146e-05      0.53
         2   -     1.80598e-04   1.34476e-04      0.64
         3   -     5.14885e-05   7.90632e-05      0.29
         4  yes    4.58226e-04   4.58862e-04      0.52
         5   -     8.81772e-05   1.06347e-04      0.93
         6  yes    3.66354e-03   3.72507e-03      1.05
         7   -     6.16644e-05   6.26413e-05      0.27
         8   -     3.24725e-04   3.71731e-04      0.37
        driven modes only: max |diff|/err = 1.05
        n_mean = 0.00832, contrast n_max/n_min = 4.52

wrote /mnt/research/MultiscaleML_group/Liyao/salt_in_polymer_eps2_dz005/runs/prod_T1.0_c0.01/field_p07/profiles.npz
==========================================================================
### done Sun Oct  4 06:21:20 AM EDT 2026
