### Sun Oct  4 06:29:25 AM EDT 2026: /mnt/gs21/scratch/lyuliyao/salt_in_polymer/eps2/runs/prod_T1.0_c0.06/field_p15 -> /mnt/research/MultiscaleML_group/Liyao/salt_in_polymer_eps2_dz005/runs/prod_T1.0_c0.06/field_p15/profiles.npz (mmax 14, binw 0.05)
==========================================================================
YBG check  run=/mnt/gs21/scratch/lyuliyao/salt_in_polymer/eps2/runs/prod_T1.0_c0.06/field_p15  potential=p15 kind=charged pp(V_N)=0.00 pp(psi)=3.24 kT

  cation: applied external force vs. stored spec, per particle: max dev 4.18e-05 of range  OK
        bin-by-bin: 97.2% of 492 bins within 2 sigma, chi^2/bin = 0.69
         m  driven   kT k_m |n_m|        |f_m|         |diff|/err
         1   -     2.67270e-05   6.03120e-05      0.39
         2   -     3.04708e-05   1.94621e-04      0.79
         3   -     2.55825e-05   5.30428e-05      0.14
         4  yes    2.88900e-03   3.04607e-03      0.88
         5   -     1.51302e-05   1.81783e-04      1.09
         6   -     6.22236e-05   5.50453e-05      0.14
         7   -     2.90513e-05   1.99942e-04      0.81
         8  yes    1.27322e-02   1.28783e-02      1.03
        driven modes only: max |diff|/err = 1.03
        n_mean = 0.04842, contrast n_max/n_min = 2.09

  anion: applied external force vs. stored spec, per particle: max dev 4.44e-05 of range  OK
        bin-by-bin: 99.8% of 492 bins within 2 sigma, chi^2/bin = 0.44
         m  driven   kT k_m |n_m|        |f_m|         |diff|/err
         1   -     2.65546e-05   1.15898e-04      0.71
         2   -     2.72048e-05   1.31501e-04      0.65
         3   -     2.10369e-05   8.36745e-05      0.67
         4  yes    9.35549e-04   1.13540e-03      2.61
         5   -     1.11859e-05   6.30655e-05      0.35
         6   -     2.45850e-05   1.10921e-04      0.59
         7   -     1.09162e-04   1.46029e-04      1.46
         8  yes    1.23778e-02   1.24282e-02      0.75
        driven modes only: max |diff|/err = 2.61
        n_mean = 0.04842, contrast n_max/n_min = 1.79

wrote /mnt/research/MultiscaleML_group/Liyao/salt_in_polymer_eps2_dz005/runs/prod_T1.0_c0.06/field_p15/profiles.npz
==========================================================================
### done Sun Oct  4 06:31:12 AM EDT 2026
