### Sun Oct  4 06:23:14 AM EDT 2026: /mnt/gs21/scratch/lyuliyao/salt_in_polymer/eps2/runs/prod_T1.0_c0.01/field_p20 -> /mnt/research/MultiscaleML_group/Liyao/salt_in_polymer_eps2_dz005/runs/prod_T1.0_c0.01/field_p20/profiles.npz (mmax 5, binw 0.05)
==========================================================================
YBG check  run=/mnt/gs21/scratch/lyuliyao/salt_in_polymer/eps2/runs/prod_T1.0_c0.01/field_p20  potential=p20 kind=both pp(V_N)=1.07 pp(psi)=0.84 kT

  cation: applied external force vs. stored spec, per particle: max dev 2.05e-05 of range  OK
        bin-by-bin: 99.6% of 487 bins within 2 sigma, chi^2/bin = 0.34
         m  driven   kT k_m |n_m|        |f_m|         |diff|/err
         1  yes    7.29741e-04   6.65171e-04      1.83
         2  yes    4.83975e-04   5.63008e-04      0.61
         3  yes    1.15964e-03   1.22808e-03      0.41
         4   -     4.97730e-04   5.42022e-04      0.75
         5   -     2.92719e-04   3.10688e-04      0.73
        driven modes only: max |diff|/err = 1.83
        n_mean = 0.00832, contrast n_max/n_min = 10.52

  anion: applied external force vs. stored spec, per particle: max dev 2.09e-05 of range  OK
        bin-by-bin: 100.0% of 487 bins within 2 sigma, chi^2/bin = 0.17
         m  driven   kT k_m |n_m|        |f_m|         |diff|/err
         1  yes    7.18747e-04   7.42847e-04      0.31
         2  yes    4.79199e-04   5.05000e-04      0.22
         3  yes    1.02399e-03   9.70921e-04      0.95
         4   -     4.22536e-04   4.20157e-04      0.25
         5   -     2.04052e-04   1.81817e-04      0.29
        driven modes only: max |diff|/err = 0.95
        n_mean = 0.00832, contrast n_max/n_min = 9.64

wrote /mnt/research/MultiscaleML_group/Liyao/salt_in_polymer_eps2_dz005/runs/prod_T1.0_c0.01/field_p20/profiles.npz
==========================================================================
### done Sun Oct  4 06:23:21 AM EDT 2026
