### Sun Oct  4 06:05:41 AM EDT 2026: /mnt/gs21/scratch/lyuliyao/salt_in_polymer/runs/pilot_T1.0_c0.04_one_both/field_p08 -> /mnt/research/MultiscaleML_group/Liyao/salt_in_polymer_eps75_dz005/runs/pilot_T1.0_c0.04_one_both/field_p08/profiles.npz (mmax 8, binw 0.05)
==========================================================================
YBG check  run=/mnt/gs21/scratch/lyuliyao/salt_in_polymer/runs/pilot_T1.0_c0.04_one_both/field_p08  potential=p08 kind=both pp(V_N)=1.10 pp(psi)=2.30 kT

  cation: applied external force vs. stored spec, per particle: max dev 3.73e-05 of range  OK
        bin-by-bin: 99.0% of 490 bins within 2 sigma, chi^2/bin = 0.61
         m  driven   kT k_m |n_m|        |f_m|         |diff|/err
         1   -     9.14064e-05   2.38478e-04      0.65
         2   -     7.08714e-05   1.82543e-04      0.41
         3  yes    8.99786e-04   1.08132e-03      0.81
         4  yes    3.14359e-03   3.20918e-03      0.81
         5  yes    9.55198e-03   9.60921e-03      0.93
         6  yes    1.33447e-02   1.33252e-02      0.97
         7   -     1.09396e-03   1.19281e-03      0.33
         8   -     1.01789e-03   8.82437e-04      0.56
        driven modes only: max |diff|/err = 0.97
        n_mean = 0.03263, contrast n_max/n_min = 14.51

  anion: applied external force vs. stored spec, per particle: max dev 3.62e-05 of range  OK
        bin-by-bin: 99.0% of 490 bins within 2 sigma, chi^2/bin = 0.52
         m  driven   kT k_m |n_m|        |f_m|         |diff|/err
         1   -     7.90686e-05   8.86858e-05      0.75
         2   -     2.94387e-05   1.17921e-04      0.60
         3  yes    4.85825e-04   5.80592e-04      0.82
         4  yes    1.14432e-03   1.10362e-03      0.24
         5  yes    6.86856e-03   6.94417e-03      0.67
         6  yes    6.34721e-03   6.34791e-03      0.45
         7   -     3.42780e-04   2.82972e-04      0.68
         8   -     2.26559e-04   9.64691e-05      0.70
        driven modes only: max |diff|/err = 0.82
        n_mean = 0.03263, contrast n_max/n_min = 3.36

wrote /mnt/research/MultiscaleML_group/Liyao/salt_in_polymer_eps75_dz005/runs/pilot_T1.0_c0.04_one_both/field_p08/profiles.npz
==========================================================================
### done Sun Oct  4 06:06:18 AM EDT 2026
