### Sun Oct  4 06:29:25 AM EDT 2026: /mnt/gs21/scratch/lyuliyao/salt_in_polymer/eps2/runs/prod_T1.0_c0.06/field_p07 -> /mnt/research/MultiscaleML_group/Liyao/salt_in_polymer_eps2_dz005/runs/prod_T1.0_c0.06/field_p07/profiles.npz (mmax 8, binw 0.05)
==========================================================================
YBG check  run=/mnt/gs21/scratch/lyuliyao/salt_in_polymer/eps2/runs/prod_T1.0_c0.06/field_p07  potential=p07 kind=charged pp(V_N)=0.00 pp(psi)=2.74 kT

  cation: applied external force vs. stored spec, per particle: max dev 4.03e-05 of range  OK
        bin-by-bin: 98.2% of 492 bins within 2 sigma, chi^2/bin = 0.67
         m  driven   kT k_m |n_m|        |f_m|         |diff|/err
         1   -     1.89255e-05   1.14291e-04      0.73
         2   -     4.81468e-05   1.78206e-04      1.20
         3   -     3.61076e-05   8.19057e-05      0.38
         4  yes    1.19327e-03   1.18907e-03      0.14
         5   -     2.57609e-05   2.29008e-05      0.03
         6  yes    7.48827e-03   7.39813e-03      0.78
         7   -     7.43537e-05   2.47142e-04      0.78
         8   -     1.46141e-04   3.62400e-04      1.12
        driven modes only: max |diff|/err = 0.78
        n_mean = 0.04842, contrast n_max/n_min = 1.65

  anion: applied external force vs. stored spec, per particle: max dev 3.96e-05 of range  OK
        bin-by-bin: 98.8% of 492 bins within 2 sigma, chi^2/bin = 0.51
         m  driven   kT k_m |n_m|        |f_m|         |diff|/err
         1   -     1.78608e-05   3.22772e-04      2.39
         2   -     4.30131e-05   1.21287e-04      0.85
         3   -     3.40548e-05   1.47001e-04      1.67
         4  yes    3.67920e-04   2.93147e-04      0.68
         5   -     2.71589e-05   1.63366e-04      1.09
         6  yes    4.78825e-03   4.72170e-03      0.58
         7   -     5.45734e-05   2.70338e-04      1.42
         8   -     2.84489e-04   2.67239e-04      0.14
        driven modes only: max |diff|/err = 0.68
        n_mean = 0.04842, contrast n_max/n_min = 1.36

wrote /mnt/research/MultiscaleML_group/Liyao/salt_in_polymer_eps2_dz005/runs/prod_T1.0_c0.06/field_p07/profiles.npz
==========================================================================
### done Sun Oct  4 06:31:13 AM EDT 2026
