### Sun Oct  4 06:24:24 AM EDT 2026: /mnt/gs21/scratch/lyuliyao/salt_in_polymer/eps2/runs/prod_T1.0_c0.02/field_p18 -> /mnt/research/MultiscaleML_group/Liyao/salt_in_polymer_eps2_dz005/runs/prod_T1.0_c0.02/field_p18/profiles.npz (mmax 4, binw 0.05)
==========================================================================
YBG check  run=/mnt/gs21/scratch/lyuliyao/salt_in_polymer/eps2/runs/prod_T1.0_c0.02/field_p18  potential=p18 kind=both pp(V_N)=2.08 pp(psi)=0.56 kT

  cation: applied external force vs. stored spec, per particle: max dev 1.32e-05 of range  OK
        bin-by-bin: 99.2% of 487 bins within 2 sigma, chi^2/bin = 0.46
         m  driven   kT k_m |n_m|        |f_m|         |diff|/err
         1  yes    1.68442e-03   1.49455e-03      0.93
         2  yes    1.54434e-03   1.53304e-03      0.62
         3   -     7.66277e-04   4.96971e-04      1.95
         4   -     6.90308e-04   7.32089e-04      0.87
        driven modes only: max |diff|/err = 0.93
        n_mean = 0.01665, contrast n_max/n_min = 37.43

  anion: applied external force vs. stored spec, per particle: max dev 1.59e-05 of range  OK
        bin-by-bin: 100.0% of 487 bins within 2 sigma, chi^2/bin = 0.24
         m  driven   kT k_m |n_m|        |f_m|         |diff|/err
         1  yes    1.66095e-03   1.71404e-03      0.80
         2  yes    1.47426e-03   1.44531e-03      0.69
         3   -     6.13058e-04   7.98024e-04      1.95
         4   -     5.89249e-04   4.47423e-04      1.83
        driven modes only: max |diff|/err = 0.80
        n_mean = 0.01665, contrast n_max/n_min = 38.72

wrote /mnt/research/MultiscaleML_group/Liyao/salt_in_polymer_eps2_dz005/runs/prod_T1.0_c0.02/field_p18/profiles.npz
==========================================================================
### done Sun Oct  4 06:24:41 AM EDT 2026
