### Sun Oct  4 06:10:15 AM EDT 2026: /mnt/gs21/scratch/lyuliyao/salt_in_polymer/runs/prod_T1.0_c0.01/field_p11 -> /mnt/research/MultiscaleML_group/Liyao/salt_in_polymer_eps75_dz005/runs/prod_T1.0_c0.01/field_p11/profiles.npz (mmax 22, binw 0.05)
==========================================================================
YBG check  run=/mnt/gs21/scratch/lyuliyao/salt_in_polymer/runs/prod_T1.0_c0.01/field_p11  potential=p11 kind=both pp(V_N)=2.37 pp(psi)=0.80 kT

  cation: applied external force vs. stored spec, per particle: max dev 7.62e-05 of range  OK
        bin-by-bin: 98.4% of 487 bins within 2 sigma, chi^2/bin = 0.54
         m  driven   kT k_m |n_m|        |f_m|         |diff|/err
         1   -     7.04123e-05   1.67197e-04      0.85
         2   -     6.79996e-05   3.43493e-04      1.92
         3   -     1.48439e-05   5.55358e-05      0.42
         4  yes    9.83451e-04   1.04412e-03      1.30
         5  yes    1.02480e-04   1.44514e-04      0.41
         6  yes    2.10385e-03   2.19406e-03      0.74
         7   -     1.63906e-04   4.17167e-04      1.51
         8  yes    1.78539e-03   1.84405e-03      0.33
        driven modes only: max |diff|/err = 1.30
        n_mean = 0.00830, contrast n_max/n_min = 5.12

  anion: applied external force vs. stored spec, per particle: max dev 8.63e-05 of range  OK
        bin-by-bin: 99.6% of 487 bins within 2 sigma, chi^2/bin = 0.44
         m  driven   kT k_m |n_m|        |f_m|         |diff|/err
         1   -     6.88635e-05   7.37107e-05      0.41
         2   -     6.18150e-05   8.49901e-05      0.30
         3   -     6.32286e-05   8.67080e-05      0.57
         4  yes    1.24470e-03   1.24711e-03      1.00
         5  yes    1.80353e-03   1.76389e-03      0.48
         6  yes    2.09607e-03   2.14031e-03      0.38
         7   -     1.02328e-04   1.31361e-04      0.68
         8  yes    1.83023e-03   1.77977e-03      0.61
        driven modes only: max |diff|/err = 1.00
        n_mean = 0.00830, contrast n_max/n_min = 16.28

wrote /mnt/research/MultiscaleML_group/Liyao/salt_in_polymer_eps75_dz005/runs/prod_T1.0_c0.01/field_p11/profiles.npz
==========================================================================
### done Sun Oct  4 06:10:25 AM EDT 2026
