### Sun Oct  4 06:21:20 AM EDT 2026: /mnt/gs21/scratch/lyuliyao/salt_in_polymer/eps2/runs/prod_T1.0_c0.01/field_p02 -> /mnt/research/MultiscaleML_group/Liyao/salt_in_polymer_eps2_dz005/runs/prod_T1.0_c0.01/field_p02/profiles.npz (mmax 7, binw 0.05)
==========================================================================
YBG check  run=/mnt/gs21/scratch/lyuliyao/salt_in_polymer/eps2/runs/prod_T1.0_c0.01/field_p02  potential=p02 kind=both pp(V_N)=2.64 pp(psi)=2.25 kT

  cation: applied external force vs. stored spec, per particle: max dev 3.32e-05 of range  OK
        bin-by-bin: 99.4% of 487 bins within 2 sigma, chi^2/bin = 0.35
         m  driven   kT k_m |n_m|        |f_m|         |diff|/err
         1   -     3.73278e-04   2.38454e-04      1.01
         2   -     9.93427e-05   5.08146e-05      0.44
         3   -     2.09527e-04   2.53559e-04      0.49
         4  yes    3.28414e-03   3.44199e-03      0.97
         5  yes    4.95603e-03   5.03472e-03      0.71
         6   -     5.32838e-04   4.92595e-04      0.41
         7   -     1.12893e-04   5.98631e-05      0.19
        driven modes only: max |diff|/err = 0.97
        n_mean = 0.00832, contrast n_max/n_min = 40.75

  anion: applied external force vs. stored spec, per particle: max dev 3.44e-05 of range  OK
        bin-by-bin: 100.0% of 487 bins within 2 sigma, chi^2/bin = 0.18
         m  driven   kT k_m |n_m|        |f_m|         |diff|/err
         1   -     3.65872e-04   4.13105e-04      1.25
         2   -     9.67493e-05   2.05187e-04      0.59
         3   -     1.75048e-04   1.49679e-04      0.43
         4  yes    2.20378e-03   2.29198e-03      0.78
         5  yes    4.35841e-03   4.42284e-03      0.69
         6   -     6.61827e-04   5.49791e-04      1.47
         7   -     3.85878e-05   9.46033e-05      0.22
        driven modes only: max |diff|/err = 0.78
        n_mean = 0.00832, contrast n_max/n_min = 17.80

wrote /mnt/research/MultiscaleML_group/Liyao/salt_in_polymer_eps2_dz005/runs/prod_T1.0_c0.01/field_p02/profiles.npz
==========================================================================
### done Sun Oct  4 06:21:28 AM EDT 2026
