### Sun Oct  4 06:19:04 AM EDT 2026: /mnt/gs21/scratch/lyuliyao/salt_in_polymer/runs/prod_T1.0_c0.06/field_p16 -> /mnt/research/MultiscaleML_group/Liyao/salt_in_polymer_eps75_dz005/runs/prod_T1.0_c0.06/field_p16/profiles.npz (mmax 4, binw 0.05)
==========================================================================
YBG check  run=/mnt/gs21/scratch/lyuliyao/salt_in_polymer/runs/prod_T1.0_c0.06/field_p16  potential=p16 kind=neutral pp(V_N)=0.94 pp(psi)=0.00 kT

  cation: applied external force vs. stored spec, per particle: max dev 2.22e-05 of range  OK
        bin-by-bin: 98.2% of 494 bins within 2 sigma, chi^2/bin = 0.70
         m  driven   kT k_m |n_m|        |f_m|         |diff|/err
         1  yes    2.24141e-04   2.52286e-04      0.49
         2  yes    8.06595e-04   8.96929e-04      0.71
         3   -     7.46757e-06   4.93471e-05      0.21
         4   -     6.15461e-05   6.34478e-05      0.44
        driven modes only: max |diff|/err = 0.71
        n_mean = 0.04772, contrast n_max/n_min = 1.23

  anion: applied external force vs. stored spec, per particle: max dev 2.27e-05 of range  OK
        bin-by-bin: 98.6% of 494 bins within 2 sigma, chi^2/bin = 0.63
         m  driven   kT k_m |n_m|        |f_m|         |diff|/err
         1  yes    2.05590e-04   7.28993e-05      1.58
         2  yes    5.83633e-04   6.07908e-04      0.73
         3   -     1.30604e-05   1.50204e-04      1.40
         4   -     8.70365e-06   1.32884e-04      0.94
        driven modes only: max |diff|/err = 1.58
        n_mean = 0.04772, contrast n_max/n_min = 1.18

wrote /mnt/research/MultiscaleML_group/Liyao/salt_in_polymer_eps75_dz005/runs/prod_T1.0_c0.06/field_p16/profiles.npz
==========================================================================
### done Sun Oct  4 06:20:19 AM EDT 2026
