### Sun Oct  4 06:25:26 AM EDT 2026: /mnt/gs21/scratch/lyuliyao/salt_in_polymer/eps2/runs/prod_T1.0_c0.04/field_p23 -> /mnt/research/MultiscaleML_group/Liyao/salt_in_polymer_eps2_dz005/runs/prod_T1.0_c0.04/field_p23/profiles.npz (mmax 22, binw 0.05)
==========================================================================
YBG check  run=/mnt/gs21/scratch/lyuliyao/salt_in_polymer/eps2/runs/prod_T1.0_c0.04/field_p23  potential=p23 kind=both pp(V_N)=0.55 pp(psi)=2.76 kT

  cation: applied external force vs. stored spec, per particle: max dev 8.72e-05 of range  OK
        bin-by-bin: 99.0% of 488 bins within 2 sigma, chi^2/bin = 0.62
         m  driven   kT k_m |n_m|        |f_m|         |diff|/err
         1   -     5.44131e-05   2.40512e-04      1.91
         2   -     2.18325e-05   2.23236e-04      1.14
         3  yes    1.59756e-04   5.70045e-05      0.34
         4  yes    1.74843e-03   1.76534e-03      0.16
         5   -     1.28907e-04   2.96410e-04      1.02
         6  yes    4.28300e-03   4.31299e-03      0.53
         7   -     1.02510e-04   2.27906e-04      0.55
         8   -     1.20954e-03   9.02180e-04      1.49
        driven modes only: max |diff|/err = 1.35
        n_mean = 0.03298, contrast n_max/n_min = 5.00

  anion: applied external force vs. stored spec, per particle: max dev 9.53e-05 of range  OK
        bin-by-bin: 100.0% of 488 bins within 2 sigma, chi^2/bin = 0.41
         m  driven   kT k_m |n_m|        |f_m|         |diff|/err
         1   -     5.24084e-05   1.39841e-04      0.79
         2   -     2.36085e-05   2.33031e-04      1.85
         3  yes    3.22480e-04   4.38161e-04      1.13
         4  yes    2.76678e-04   2.40245e-04      0.20
         5   -     7.15700e-05   4.96833e-05      0.53
         6  yes    3.91401e-03   3.72322e-03      1.39
         7   -     8.95972e-05   1.12286e-04      0.35
         8   -     1.36494e-03   1.43878e-03      0.82
        driven modes only: max |diff|/err = 1.39
        n_mean = 0.03298, contrast n_max/n_min = 4.58

wrote /mnt/research/MultiscaleML_group/Liyao/salt_in_polymer_eps2_dz005/runs/prod_T1.0_c0.04/field_p23/profiles.npz
==========================================================================
### done Sun Oct  4 06:26:14 AM EDT 2026
