### Sun Oct  4 06:12:20 AM EDT 2026: /mnt/gs21/scratch/lyuliyao/salt_in_polymer/runs/prod_T1.0_c0.01/field_p14 -> /mnt/research/MultiscaleML_group/Liyao/salt_in_polymer_eps75_dz005/runs/prod_T1.0_c0.01/field_p14/profiles.npz (mmax 22, binw 0.05)
==========================================================================
YBG check  run=/mnt/gs21/scratch/lyuliyao/salt_in_polymer/runs/prod_T1.0_c0.01/field_p14  potential=p14 kind=neutral pp(V_N)=1.87 pp(psi)=0.00 kT

  cation: applied external force vs. stored spec, per particle: max dev 5.40e-05 of range  OK
        bin-by-bin: 99.2% of 487 bins within 2 sigma, chi^2/bin = 0.57
         m  driven   kT k_m |n_m|        |f_m|         |diff|/err
         1   -     3.68517e-05   2.20650e-04      1.52
         2   -     2.83678e-05   4.67521e-05      0.18
         3   -     1.14281e-04   2.85544e-04      1.19
         4  yes    3.13425e-03   3.28369e-03      1.20
         5   -     5.30348e-05   6.46447e-05      0.15
         6   -     5.25612e-05   1.71060e-04      0.93
         7   -     1.36232e-04   1.93809e-04      0.54
         8  yes    6.04571e-04   8.21741e-04      1.06
        driven modes only: max |diff|/err = 1.20
        n_mean = 0.00830, contrast n_max/n_min = 7.23

  anion: applied external force vs. stored spec, per particle: max dev 5.01e-05 of range  OK
        bin-by-bin: 99.8% of 487 bins within 2 sigma, chi^2/bin = 0.31
         m  driven   kT k_m |n_m|        |f_m|         |diff|/err
         1   -     3.37931e-05   2.52392e-05      0.43
         2   -     1.78397e-05   7.97957e-05      1.52
         3   -     6.06904e-05   4.44433e-05      1.37
         4  yes    2.47000e-03   2.47110e-03      0.93
         5   -     6.36913e-05   4.12171e-05      0.50
         6   -     3.61854e-05   6.44473e-05      0.29
         7   -     6.97000e-05   7.07598e-05      0.86
         8  yes    3.19790e-05   8.93695e-05      0.68
        driven modes only: max |diff|/err = 0.93
        n_mean = 0.00830, contrast n_max/n_min = 4.65

wrote /mnt/research/MultiscaleML_group/Liyao/salt_in_polymer_eps75_dz005/runs/prod_T1.0_c0.01/field_p14/profiles.npz
==========================================================================
### done Sun Oct  4 06:12:26 AM EDT 2026
