### Sun Oct  4 06:25:24 AM EDT 2026: /mnt/gs21/scratch/lyuliyao/salt_in_polymer/eps2/runs/prod_T1.0_c0.04/field_p00 -> /mnt/research/MultiscaleML_group/Liyao/salt_in_polymer_eps2_dz005/runs/prod_T1.0_c0.04/field_p00/profiles.npz (mmax 8, binw 0.05)
==========================================================================
YBG check  run=/mnt/gs21/scratch/lyuliyao/salt_in_polymer/eps2/runs/prod_T1.0_c0.04/field_p00  potential=p00 kind=both pp(V_N)=0.60 pp(psi)=0.60 kT

  cation: applied external force vs. stored spec, per particle: max dev 3.23e-05 of range  OK
        bin-by-bin: 97.1% of 488 bins within 2 sigma, chi^2/bin = 0.75
         m  driven   kT k_m |n_m|        |f_m|         |diff|/err
         1   -     3.34736e-05   1.48371e-04      0.45
         2   -     3.36365e-05   2.79347e-04      0.90
         3  yes    7.99032e-04   9.49840e-04      1.24
         4  yes    1.47694e-03   1.21454e-03      1.19
         5   -     5.78152e-05   6.10735e-05      0.05
         6  yes    1.48573e-03   1.44402e-03      1.41
         7   -     1.09295e-04   1.24356e-04      0.22
         8   -     1.07952e-04   3.22344e-04      0.96
        driven modes only: max |diff|/err = 1.41
        n_mean = 0.03298, contrast n_max/n_min = 1.45

  anion: applied external force vs. stored spec, per particle: max dev 3.46e-05 of range  OK
        bin-by-bin: 98.8% of 488 bins within 2 sigma, chi^2/bin = 0.57
         m  driven   kT k_m |n_m|        |f_m|         |diff|/err
         1   -     3.24415e-05   2.53708e-05      0.60
         2   -     2.95781e-05   9.38646e-05      0.78
         3  yes    6.43115e-04   5.57126e-04      0.60
         4  yes    1.18619e-03   1.26810e-03      0.76
         5   -     3.68577e-05   1.32162e-04      0.71
         6  yes    9.57140e-04   9.89192e-04      0.76
         7   -     1.07822e-05   1.64976e-04      0.84
         8   -     4.61653e-05   1.38110e-04      0.79
        driven modes only: max |diff|/err = 0.76
        n_mean = 0.03298, contrast n_max/n_min = 1.31

wrote /mnt/research/MultiscaleML_group/Liyao/salt_in_polymer_eps2_dz005/runs/prod_T1.0_c0.04/field_p00/profiles.npz
==========================================================================
### done Sun Oct  4 06:26:16 AM EDT 2026
