### Sun Oct  4 06:16:46 AM EDT 2026: /mnt/gs21/scratch/lyuliyao/salt_in_polymer/runs/prod_T1.0_c0.05/field_p14 -> /mnt/research/MultiscaleML_group/Liyao/salt_in_polymer_eps75_dz005/runs/prod_T1.0_c0.05/field_p14/profiles.npz (mmax 22, binw 0.05)
==========================================================================
YBG check  run=/mnt/gs21/scratch/lyuliyao/salt_in_polymer/runs/prod_T1.0_c0.05/field_p14  potential=p14 kind=neutral pp(V_N)=1.87 pp(psi)=0.00 kT

  cation: applied external force vs. stored spec, per particle: max dev 5.33e-05 of range  OK
        bin-by-bin: 98.0% of 492 bins within 2 sigma, chi^2/bin = 0.64
         m  driven   kT k_m |n_m|        |f_m|         |diff|/err
         1   -     1.54909e-05   2.53914e-04      1.04
         2   -     2.26705e-05   4.77088e-04      1.86
         3   -     4.14918e-05   4.20492e-04      2.33
         4  yes    9.14264e-03   9.24846e-03      0.58
         5   -     7.57082e-05   1.30281e-04      0.76
         6   -     1.83346e-04   3.68072e-04      0.65
         7   -     6.86150e-05   2.48537e-04      0.76
         8  yes    4.73955e-04   4.39606e-04      0.50
        driven modes only: max |diff|/err = 1.58
        n_mean = 0.04031, contrast n_max/n_min = 3.21

  anion: applied external force vs. stored spec, per particle: max dev 5.41e-05 of range  OK
        bin-by-bin: 98.0% of 492 bins within 2 sigma, chi^2/bin = 0.58
         m  driven   kT k_m |n_m|        |f_m|         |diff|/err
         1   -     1.52745e-05   6.39734e-05      0.51
         2   -     2.09864e-05   1.22350e-04      0.82
         3   -     1.02568e-05   2.00186e-04      1.61
         4  yes    3.22373e-03   3.32693e-03      1.06
         5   -     4.67182e-05   2.27360e-04      1.41
         6   -     4.69373e-05   1.53867e-04      0.62
         7   -     3.95735e-05   2.16196e-04      1.17
         8  yes    3.89300e-03   4.01928e-03      0.61
        driven modes only: max |diff|/err = 1.06
        n_mean = 0.04031, contrast n_max/n_min = 1.74

wrote /mnt/research/MultiscaleML_group/Liyao/salt_in_polymer_eps75_dz005/runs/prod_T1.0_c0.05/field_p14/profiles.npz
==========================================================================
### done Sun Oct  4 06:17:43 AM EDT 2026
