### Sun Oct  4 06:14:30 AM EDT 2026: /mnt/gs21/scratch/lyuliyao/salt_in_polymer/runs/prod_T1.0_c0.02/field_p14 -> /mnt/research/MultiscaleML_group/Liyao/salt_in_polymer_eps75_dz005/runs/prod_T1.0_c0.02/field_p14/profiles.npz (mmax 22, binw 0.05)
==========================================================================
YBG check  run=/mnt/gs21/scratch/lyuliyao/salt_in_polymer/runs/prod_T1.0_c0.02/field_p14  potential=p14 kind=neutral pp(V_N)=1.87 pp(psi)=0.00 kT

  cation: applied external force vs. stored spec, per particle: max dev 5.28e-05 of range  OK
        bin-by-bin: 99.0% of 488 bins within 2 sigma, chi^2/bin = 0.59
         m  driven   kT k_m |n_m|        |f_m|         |diff|/err
         1   -     6.10499e-05   3.09527e-04      1.66
         2   -     8.18628e-05   2.31640e-04      0.68
         3   -     6.45712e-05   2.05357e-04      0.66
         4  yes    5.76212e-03   5.86450e-03      0.69
         5   -     7.98796e-05   2.43069e-04      1.24
         6   -     8.88472e-05   1.22342e-04      0.26
         7   -     1.37836e-04   5.78244e-05      0.53
         8  yes    9.04687e-04   1.06158e-03      0.87
        driven modes only: max |diff|/err = 1.58
        n_mean = 0.01657, contrast n_max/n_min = 5.90

  anion: applied external force vs. stored spec, per particle: max dev 5.24e-05 of range  OK
        bin-by-bin: 99.2% of 488 bins within 2 sigma, chi^2/bin = 0.47
         m  driven   kT k_m |n_m|        |f_m|         |diff|/err
         1   -     5.40406e-05   1.02578e-04      1.17
         2   -     3.18771e-05   1.11493e-04      0.72
         3   -     3.24847e-05   1.18135e-04      1.14
         4  yes    3.27413e-03   3.31234e-03      0.74
         5   -     3.11281e-05   1.66037e-04      1.08
         6   -     4.60573e-05   1.20573e-04      0.90
         7   -     7.66237e-05   1.83985e-04      0.60
         8  yes    1.25759e-03   1.42482e-03      1.04
        driven modes only: max |diff|/err = 1.04
        n_mean = 0.01657, contrast n_max/n_min = 2.96

wrote /mnt/research/MultiscaleML_group/Liyao/salt_in_polymer_eps75_dz005/runs/prod_T1.0_c0.02/field_p14/profiles.npz
==========================================================================
### done Sun Oct  4 06:14:42 AM EDT 2026
