### Sun Oct  4 06:38:25 AM EDT 2026: 144 fine profiles in /mnt/research/MultiscaleML_group/Liyao/salt_in_polymer_eps2_dz005; seed 2 -> joint_v2_L1_C4_R128x128_H64_c001_c002_c004_c006_c008_val3_kn1softplus_dz005_s2

##### 2026-10-04 06:38:27  joint --nval 3 --variants v2 --depth 1 --C 4 --readout-hidden 128 128 --kernel-net 32 32 --s-max 1 --M 6 --activation softplus --joint-conc 0.01 0.02 0.04 0.06 0.08 --seed 2 --name-suffix _kn1softplus_dz005_s2 --log /mnt/research/MultiscaleML_group/Liyao/salt_in_polymer_eps2_dz005/runs/learn/protocol_kn1softplus_dz005_s2.log
/mnt/ufs18/rs/MultiscaleML_group/Liyao/salt_in_polymer_eps2/code/learn/data.py:182: RuntimeWarning: Profile blocks unavailable: retaining legacy diagonal errors; regenerate profiles for covariance-aware uncertainties.
  sn, sf, uncertainty_method = profile_uncertainties(d, q, uncertainty)
=== joint_v2_L1_C4_R128x128_H64_c001_c002_c004_c006_c008_val3_kn1softplus_dz005_s2: v2 L=1 C=4 rf~3.0  train 80 runs [0.01, 0.02, 0.04, 0.06, 0.08], held-out 20, validation 15
  parameters: 19641
    step     0  train chi2/bin  509.2823  monitor  239.0655  stab 0.00e+00  [9s]
    step   200  train chi2/bin    2.1784  monitor    2.5992  stab 0.00e+00  [70s]
    step   400  train chi2/bin    1.1653  monitor    1.3177  stab 0.00e+00  [130s]
    step   600  train chi2/bin    0.8930  monitor    1.0557  stab 0.00e+00  [191s]
    step   800  train chi2/bin    0.7881  monitor    0.9574  stab 0.00e+00  [251s]
    step  1000  train chi2/bin    0.7446  monitor    0.9002  stab 0.00e+00  [312s]
    step  1200  train chi2/bin    0.7199  monitor    0.8706  stab 0.00e+00  [374s]
    step  1400  train chi2/bin    0.7044  monitor    0.8652  stab 0.00e+00  [435s]
    step  1600  train chi2/bin    0.6934  monitor    0.8689  stab 0.00e+00  [497s]
    step  1800  train chi2/bin    0.6844  monitor    0.8724  stab 0.00e+00  [558s]
    step  2000  train chi2/bin    0.6769  monitor    0.8734  stab 0.00e+00  [620s]
    step  2200  train chi2/bin    0.6703  monitor    0.8724  stab 0.00e+00  [681s]
    early stop at step 2280 (best monitor 0.8641)
  held-out runs (joint_v2_L1_C4_R128x128_H64_c001_c002_c004_c006_c008_val3_kn1softplus_dz005_s2):
    c0.01/p04    fourier both    chi2   0.59/  0.64  L2 0.068/0.065  max +0.042/-0.011  min -0.075/+0.029  EL ok 32it
    c0.01/p06    fourier neutral chi2   0.52/  0.63  L2 0.148/0.145  max -0.034/-0.071  min +0.105/+0.097  EL ok 22it
    c0.01/p10    mixed   both    chi2   0.57/  0.60  L2 0.094/0.083  max +0.000/-0.067  min +0.177/+0.099  EL ok 26it
    c0.01/p14    gauss   neutral chi2   0.66/  0.62  L2 0.035/0.038  max +0.029/+0.038  min -0.212/-0.125  EL ok 16it
    c0.02/p02    fourier both    chi2   0.68/  0.54  L2 0.042/0.032  max -0.057/-0.038  min -0.159/-0.120  EL ok 66it
    c0.02/p06    fourier neutral chi2   0.54/  0.58  L2 0.028/0.024  max -0.038/-0.033  min -0.051/-0.023  EL ok 35it
    c0.02/p09    mixed   both    chi2   0.56/  0.59  L2 0.040/0.039  max +0.054/+0.065  min -0.068/+0.060  EL ok 63it
    c0.02/p14    gauss   neutral chi2   0.67/  0.82  L2 0.029/0.019  max -0.001/+0.011  min -0.164/-0.099  EL ok 15it
    c0.04/p05    fourier both    chi2   0.55/  0.64  L2 0.011/0.011  max -0.016/+0.005  min -0.008/+0.026  EL ok 69it
    c0.04/p16    long    neutral chi2   0.56/  0.63  L2 0.011/0.010  max -0.024/-0.004  min +0.019/+0.024  EL ok 39it
    c0.04/p25    mixed   both    chi2   1.14/  1.63  L2 0.023/0.021  max -0.041/-0.023  min -0.005/+0.045  EL ok 97it
    c0.04/p27    gauss   neutral chi2   3.03/  3.77  L2 0.051/0.031  max +0.075/+0.039  min -0.218/-0.144  EL ok 53it
    c0.06/p00    fourier both    chi2   0.49/  0.64  L2 0.005/0.006  max -0.008/-0.001  min +0.006/+0.008  EL ok 84it
    c0.06/p06    fourier neutral chi2   0.59/  0.51  L2 0.007/0.006  max -0.008/-0.007  min +0.014/+0.008  EL ok 77it
    c0.06/p08    mixed   both    chi2   0.79/  1.11  L2 0.020/0.016  max +0.021/+0.002  min -0.031/+0.009  EL ok 83it
    c0.06/p14    gauss   neutral chi2   0.73/  0.90  L2 0.014/0.007  max +0.017/+0.012  min -0.020/+0.007  EL ok 30it
    c0.08/p02    fourier both    chi2   0.80/  1.19  L2 0.023/0.012  max +0.054/-0.007  min +0.038/-0.004  EL ok 115it
    c0.08/p06    fourier neutral chi2   0.52/  0.66  L2 0.005/0.005  max -0.001/-0.009  min +0.010/+0.004  EL ok 68it
    c0.08/p10    mixed   both    chi2   0.89/  1.31  L2 0.015/0.013  max +0.015/-0.003  min -0.008/+0.008  EL ok 104it
    c0.08/p14    gauss   neutral chi2   1.59/  1.10  L2 0.019/0.005  max +0.030/-0.005  min -0.017/-0.006  EL ok 38it
  bulk structure: c=0.01: Gamma 0.41 SL +7.3e-12 dS_ZZ 0.077 dS_NN 0.199 lmin 0.41@k=0.00  c=0.02: Gamma 1.09 SL -1.1e-11 dS_ZZ 0.034 dS_NN 0.078 lmin 0.69@k=2.26  c=0.04: Gamma 3.51 SL -1.1e-11 dS_ZZ 0.071 dS_NN 0.040 lmin 0.58@k=2.35  c=0.05: Gamma 4.96 SL +4.4e-12 dS_ZZ 0.036 dS_NN 0.047 lmin 0.62@k=2.44  c=0.06: Gamma 6.81 SL +2.2e-12 dS_ZZ 0.070 dS_NN 0.063 lmin 0.67@k=2.52  c=0.08: Gamma 10.00 SL -1.1e-12 dS_ZZ 0.043 dS_NN 0.056 lmin 0.63@k=2.69
  -> /mnt/research/MultiscaleML_group/Liyao/salt_in_polymer_eps2_dz005/runs/learn/joint_v2_L1_C4_R128x128_H64_c001_c002_c004_c006_c008_val3_kn1softplus_dz005_s2  train chi2 0.716  held-out chi2 0.889  rel L2 0.032  (708s fit, 98s eval)

##### 2026-10-04 06:52:25  predict --model /mnt/research/MultiscaleML_group/Liyao/salt_in_polymer_eps2_dz005/runs/learn/joint_v2_L1_C4_R128x128_H64_c001_c002_c004_c006_c008_val3_kn1softplus_dz005_s2 --conc 0.05 --log /mnt/research/MultiscaleML_group/Liyao/salt_in_polymer_eps2_dz005/runs/learn/protocol_kn1softplus_dz005_s2.log
/mnt/ufs18/rs/MultiscaleML_group/Liyao/salt_in_polymer_eps2/code/learn/data.py:182: RuntimeWarning: Profile blocks unavailable: retaining legacy diagonal errors; regenerate profiles for covariance-aware uncertainties.
  sn, sf, uncertainty_method = profile_uncertainties(d, q, uncertainty)
  transfer runs (joint_v2_L1_C4_R128x128_H64_c001_c002_c004_c006_c008_val3_kn1softplus_dz005_s2_predict_c005):
    c0.05/p00    fourier both    chi2   0.56/  0.62  L2 0.008/0.007  max +0.002/+0.009  min +0.006/+0.002  EL ok 89it
    c0.05/p01    fourier both    chi2   0.60/  0.73  L2 0.017/0.017  max -0.036/-0.021  min -0.035/-0.016  EL ok 106it
    c0.05/p02    fourier both    chi2   0.59/  0.63  L2 0.014/0.019  max -0.024/+0.013  min -0.021/+0.046  EL ok 120it
    c0.05/p03    fourier both    chi2   0.58/  0.57  L2 0.006/0.006  max -0.005/-0.008  min +0.005/+0.011  EL ok 89it
    c0.05/p04    fourier both    chi2   0.59/  0.60  L2 0.007/0.008  max -0.005/-0.009  min +0.008/+0.001  EL ok 98it
    c0.05/p05    fourier both    chi2   0.65/  0.62  L2 0.009/0.011  max -0.010/+0.011  min -0.015/+0.003  EL ok 85it
    c0.05/p06    fourier neutral chi2   0.56/  0.54  L2 0.008/0.007  max -0.004/-0.013  min +0.010/+0.014  EL ok 73it
    c0.05/p07    fourier charged chi2   0.59/  0.74  L2 0.010/0.009  max -0.017/+0.009  min -0.018/-0.001  EL ok 87it
    c0.05/p08    mixed   both    chi2   0.67/  0.69  L2 0.023/0.013  max +0.026/+0.003  min -0.039/-0.001  EL ok 73it
    c0.05/p09    mixed   both    chi2   0.71/  0.86  L2 0.023/0.012  max -0.009/+0.015  min -0.052/+0.014  EL ok 93it
    c0.05/p10    mixed   both    chi2   0.49/  0.72  L2 0.014/0.008  max -0.007/-0.003  min -0.023/+0.007  EL ok 80it
    c0.05/p11    mixed   both    chi2   0.89/  1.36  L2 0.017/0.018  max -0.006/+0.013  min +0.024/+0.071  EL ok 106it
    c0.05/p12    mixed   both    chi2   0.85/  1.33  L2 0.024/0.019  max -0.010/+0.025  min -0.050/-0.039  EL ok 105it
    c0.05/p13    gauss   neutral chi2   1.07/  0.85  L2 0.012/0.007  max -0.015/-0.000  min -0.051/-0.031  EL ok 35it
    c0.05/p14    gauss   neutral chi2   0.73/  0.74  L2 0.013/0.010  max +0.020/+0.021  min -0.032/-0.004  EL ok 30it
    c0.05/p15    gauss   charged chi2   0.72/  0.55  L2 0.009/0.005  max -0.004/-0.003  min -0.012/+0.008  EL ok 40it
    c0.05/p16    long    neutral chi2   0.62/  0.59  L2 0.009/0.008  max -0.004/-0.001  min -0.003/+0.001  EL ok 45it
    c0.05/p17    long    neutral chi2   0.58/  0.63  L2 0.009/0.009  max +0.006/+0.005  min +0.012/+0.017  EL ok 52it
    c0.05/p18    long    both    chi2   0.55/  0.60  L2 0.009/0.009  max -0.003/-0.009  min -0.018/-0.002  EL ok 77it
    c0.05/p19    long    both    chi2   0.57/  0.63  L2 0.007/0.007  max +0.001/+0.001  min +0.003/+0.001  EL ok 107it
    c0.05/p20    long3   both    chi2   0.62/  0.58  L2 0.010/0.008  max +0.003/-0.005  min -0.004/-0.000  EL ok 85it
    c0.05/p21    long    charged chi2   0.57/  0.63  L2 0.006/0.005  max -0.012/-0.014  min +0.017/+0.015  EL ok 102it
  bulk structure: c=0.01: Gamma 0.41 SL +7.3e-12 dS_ZZ 0.077 dS_NN 0.199 lmin 0.41@k=0.00  c=0.02: Gamma 1.09 SL -1.1e-11 dS_ZZ 0.034 dS_NN 0.078 lmin 0.69@k=2.26  c=0.04: Gamma 3.51 SL -1.1e-11 dS_ZZ 0.071 dS_NN 0.040 lmin 0.58@k=2.35  c=0.05: Gamma 4.96 SL +4.4e-12 dS_ZZ 0.036 dS_NN 0.047 lmin 0.62@k=2.44  c=0.06: Gamma 6.81 SL +2.2e-12 dS_ZZ 0.070 dS_NN 0.063 lmin 0.67@k=2.52  c=0.08: Gamma 10.00 SL -1.1e-12 dS_ZZ 0.043 dS_NN 0.056 lmin 0.63@k=2.69
  -> /mnt/research/MultiscaleML_group/Liyao/salt_in_polymer_eps2_dz005/runs/learn/joint_v2_L1_C4_R128x128_H64_c001_c002_c004_c006_c008_val3_kn1softplus_dz005_s2/predict_c005: 22 runs, chi2 0.685, rel L2 0.012/0.010, EL converged 22/22
### done Sun Oct  4 06:53:42 AM EDT 2026
