### Sun Oct  4 06:38:24 AM EDT 2026: 144 fine profiles in /mnt/research/MultiscaleML_group/Liyao/salt_in_polymer_eps2_dz005; seed 0 -> joint_v2_L1_C4_R128x128_H64_c001_c002_c004_c006_c008_val3_kn1softplus_dz005_s0

##### 2026-10-04 06:38:27  joint --nval 3 --variants v2 --depth 1 --C 4 --readout-hidden 128 128 --kernel-net 32 32 --s-max 1 --M 6 --activation softplus --joint-conc 0.01 0.02 0.04 0.06 0.08 --seed 0 --name-suffix _kn1softplus_dz005_s0 --log /mnt/research/MultiscaleML_group/Liyao/salt_in_polymer_eps2_dz005/runs/learn/protocol_kn1softplus_dz005_s0.log
/mnt/ufs18/rs/MultiscaleML_group/Liyao/salt_in_polymer_eps2/code/learn/data.py:182: RuntimeWarning: Profile blocks unavailable: retaining legacy diagonal errors; regenerate profiles for covariance-aware uncertainties.
  sn, sf, uncertainty_method = profile_uncertainties(d, q, uncertainty)
=== joint_v2_L1_C4_R128x128_H64_c001_c002_c004_c006_c008_val3_kn1softplus_dz005_s0: v2 L=1 C=4 rf~3.0  train 80 runs [0.01, 0.02, 0.04, 0.06, 0.08], held-out 20, validation 15
  parameters: 19641
    step     0  train chi2/bin  509.3060  monitor  239.0918  stab 0.00e+00  [12s]
    step   200  train chi2/bin    2.5353  monitor    3.0995  stab 0.00e+00  [63s]
    step   400  train chi2/bin    1.0169  monitor    1.3021  stab 0.00e+00  [115s]
    step   600  train chi2/bin    0.8178  monitor    1.0378  stab 0.00e+00  [167s]
    step   800  train chi2/bin    0.7626  monitor    0.9350  stab 0.00e+00  [219s]
    step  1000  train chi2/bin    0.7306  monitor    0.8697  stab 0.00e+00  [271s]
    step  1200  train chi2/bin    0.7088  monitor    0.8423  stab 0.00e+00  [323s]
    step  1400  train chi2/bin    0.6919  monitor    0.8463  stab 0.00e+00  [375s]
    step  1600  train chi2/bin    0.6788  monitor    0.8599  stab 0.00e+00  [427s]
    step  1800  train chi2/bin    0.6689  monitor    0.8754  stab 0.00e+00  [479s]
    step  2000  train chi2/bin    0.6610  monitor    0.8889  stab 0.00e+00  [531s]
    step  2200  train chi2/bin    0.6547  monitor    0.8999  stab 0.00e+00  [583s]
    early stop at step 2280 (best monitor 0.8394)
  held-out runs (joint_v2_L1_C4_R128x128_H64_c001_c002_c004_c006_c008_val3_kn1softplus_dz005_s0):
    c0.01/p04    fourier both    chi2   0.58/  0.66  L2 0.064/0.068  max +0.017/-0.026  min -0.049/+0.007  EL ok 39it
    c0.01/p06    fourier neutral chi2   0.52/  0.64  L2 0.142/0.141  max -0.048/-0.080  min +0.114/+0.095  EL ok 20it
    c0.01/p10    mixed   both    chi2   0.57/  0.59  L2 0.091/0.080  max -0.008/-0.057  min +0.168/+0.089  EL ok 28it
    c0.01/p14    gauss   neutral chi2   0.63/  0.68  L2 0.030/0.039  max +0.021/+0.036  min -0.199/-0.150  EL ok 16it
    c0.02/p02    fourier both    chi2   0.68/  0.55  L2 0.042/0.034  max -0.050/-0.037  min -0.179/-0.139  EL ok 63it
    c0.02/p06    fourier neutral chi2   0.53/  0.57  L2 0.029/0.024  max -0.024/-0.029  min -0.051/-0.016  EL ok 29it
    c0.02/p09    mixed   both    chi2   0.57/  0.65  L2 0.042/0.041  max +0.055/+0.069  min -0.074/+0.018  EL ok 57it
    c0.02/p14    gauss   neutral chi2   0.60/  0.79  L2 0.027/0.021  max +0.010/+0.020  min -0.150/-0.108  EL ok 14it
    c0.04/p05    fourier both    chi2   0.56/  0.62  L2 0.011/0.010  max -0.019/+0.005  min -0.021/+0.018  EL ok 107it
    c0.04/p16    long    neutral chi2   0.57/  0.63  L2 0.013/0.013  max -0.032/-0.013  min +0.033/+0.037  EL ok 41it
    c0.04/p25    mixed   both    chi2   1.01/  1.58  L2 0.021/0.021  max -0.039/-0.024  min -0.013/+0.043  EL ok 127it
    c0.04/p27    gauss   neutral chi2   1.17/  4.61  L2 0.022/0.043  max +0.021/+0.053  min -0.062/-0.053  EL ok 45it
    c0.06/p00    fourier both    chi2   0.48/  0.64  L2 0.005/0.005  max -0.006/-0.000  min +0.007/+0.009  EL ok 77it
    c0.06/p06    fourier neutral chi2   0.58/  0.50  L2 0.006/0.006  max -0.004/-0.006  min +0.013/+0.007  EL ok 64it
    c0.06/p08    mixed   both    chi2   0.76/  1.11  L2 0.018/0.017  max +0.020/+0.003  min -0.027/+0.003  EL ok 77it
    c0.06/p14    gauss   neutral chi2   0.64/  0.88  L2 0.011/0.007  max +0.014/+0.010  min -0.010/-0.001  EL ok 31it
    c0.08/p02    fourier both    chi2   0.77/  1.32  L2 0.016/0.007  max +0.043/-0.003  min +0.030/+0.006  EL ok 121it
    c0.08/p06    fourier neutral chi2   0.52/  0.69  L2 0.004/0.005  max -0.003/-0.007  min +0.007/+0.008  EL ok 65it
    c0.08/p10    mixed   both    chi2   0.74/  1.14  L2 0.010/0.011  max +0.005/-0.004  min -0.014/+0.002  EL ok 100it
    c0.08/p14    gauss   neutral chi2   1.43/  1.40  L2 0.016/0.004  max +0.020/+0.003  min -0.022/-0.006  EL ok 29it
  bulk structure: c=0.01: Gamma 0.49 SL +3.9e-12 dS_ZZ 0.067 dS_NN 0.200 lmin 0.49@k=0.00  c=0.02: Gamma 1.24 SL -7.4e-12 dS_ZZ 0.026 dS_NN 0.097 lmin 0.67@k=2.29  c=0.04: Gamma 3.85 SL -6.7e-12 dS_ZZ 0.026 dS_NN 0.023 lmin 0.62@k=2.35  c=0.05: Gamma 5.32 SL -2.9e-12 dS_ZZ 0.045 dS_NN 0.035 lmin 0.65@k=2.44  c=0.06: Gamma 7.07 SL +6.4e-12 dS_ZZ 0.045 dS_NN 0.036 lmin 0.66@k=2.49  c=0.08: Gamma 10.22 SL +1.8e-12 dS_ZZ 0.027 dS_NN 0.053 lmin 0.63@k=2.69
  -> /mnt/research/MultiscaleML_group/Liyao/salt_in_polymer_eps2_dz005/runs/learn/joint_v2_L1_C4_R128x128_H64_c001_c002_c004_c006_c008_val3_kn1softplus_dz005_s0  train chi2 0.705  held-out chi2 0.854  rel L2 0.030  (607s fit, 267s eval)

##### 2026-10-04 06:54:10  predict --model /mnt/research/MultiscaleML_group/Liyao/salt_in_polymer_eps2_dz005/runs/learn/joint_v2_L1_C4_R128x128_H64_c001_c002_c004_c006_c008_val3_kn1softplus_dz005_s0 --conc 0.05 --log /mnt/research/MultiscaleML_group/Liyao/salt_in_polymer_eps2_dz005/runs/learn/protocol_kn1softplus_dz005_s0.log
/mnt/ufs18/rs/MultiscaleML_group/Liyao/salt_in_polymer_eps2/code/learn/data.py:182: RuntimeWarning: Profile blocks unavailable: retaining legacy diagonal errors; regenerate profiles for covariance-aware uncertainties.
  sn, sf, uncertainty_method = profile_uncertainties(d, q, uncertainty)
  transfer runs (joint_v2_L1_C4_R128x128_H64_c001_c002_c004_c006_c008_val3_kn1softplus_dz005_s0_predict_c005):
    c0.05/p00    fourier both    chi2   0.56/  0.62  L2 0.007/0.007  max +0.003/+0.008  min +0.011/+0.004  EL ok 83it
    c0.05/p01    fourier both    chi2   0.55/  0.64  L2 0.010/0.011  max -0.016/-0.018  min -0.028/-0.013  EL ok 104it
    c0.05/p02    fourier both    chi2   0.57/  0.57  L2 0.009/0.011  max -0.009/+0.012  min -0.017/+0.019  EL ok 109it
    c0.05/p03    fourier both    chi2   0.58/  0.57  L2 0.006/0.006  max -0.003/-0.007  min +0.004/+0.009  EL ok 92it
    c0.05/p04    fourier both    chi2   0.59/  0.60  L2 0.007/0.008  max -0.002/-0.009  min +0.018/+0.002  EL ok 117it
    c0.05/p05    fourier both    chi2   0.65/  0.62  L2 0.008/0.009  max -0.007/+0.008  min -0.012/-0.003  EL ok 82it
    c0.05/p06    fourier neutral chi2   0.55/  0.53  L2 0.008/0.007  max -0.001/-0.013  min +0.013/+0.012  EL ok 53it
    c0.05/p07    fourier charged chi2   0.57/  0.71  L2 0.008/0.008  max -0.006/+0.009  min +0.003/-0.001  EL ok 110it
    c0.05/p08    mixed   both    chi2   0.61/  0.73  L2 0.017/0.015  max +0.019/+0.002  min -0.022/-0.008  EL ok 86it
    c0.05/p09    mixed   both    chi2   0.65/  0.80  L2 0.015/0.011  max -0.017/+0.013  min -0.016/-0.003  EL ok 108it
    c0.05/p10    mixed   both    chi2   0.48/  0.72  L2 0.011/0.008  max -0.008/+0.004  min +0.001/-0.003  EL ok 112it
    c0.05/p11    mixed   both    chi2   0.83/  1.30  L2 0.015/0.017  max -0.001/+0.009  min +0.023/+0.065  EL ok 81it
    c0.05/p12    mixed   both    chi2   0.83/  1.42  L2 0.019/0.020  max -0.008/+0.015  min -0.046/-0.049  EL ok 92it
    c0.05/p13    gauss   neutral chi2   0.89/  0.99  L2 0.008/0.009  max -0.007/-0.006  min -0.029/+0.016  EL ok 29it
    c0.05/p14    gauss   neutral chi2   0.65/  0.83  L2 0.011/0.010  max +0.019/+0.017  min -0.019/-0.017  EL ok 28it
    c0.05/p15    gauss   charged chi2   0.71/  0.61  L2 0.007/0.005  max -0.006/+0.003  min +0.009/+0.006  EL ok 39it
    c0.05/p16    long    neutral chi2   0.61/  0.59  L2 0.007/0.006  max -0.009/-0.005  min +0.005/+0.008  EL ok 48it
    c0.05/p17    long    neutral chi2   0.57/  0.62  L2 0.007/0.008  max +0.001/+0.001  min +0.016/+0.020  EL ok 39it
    c0.05/p18    long    both    chi2   0.55/  0.58  L2 0.009/0.009  max -0.010/-0.016  min +0.013/+0.029  EL ok 78it
    c0.05/p19    long    both    chi2   0.59/  0.62  L2 0.006/0.006  max -0.004/-0.005  min +0.012/+0.009  EL ok 104it
    c0.05/p20    long3   both    chi2   0.61/  0.58  L2 0.008/0.006  max -0.001/-0.008  min +0.006/+0.008  EL ok 84it
    c0.05/p21    long    charged chi2   0.57/  0.63  L2 0.006/0.005  max -0.013/-0.014  min +0.017/+0.016  EL ok 101it
  bulk structure: c=0.01: Gamma 0.49 SL +3.9e-12 dS_ZZ 0.067 dS_NN 0.200 lmin 0.49@k=0.00  c=0.02: Gamma 1.24 SL -7.4e-12 dS_ZZ 0.026 dS_NN 0.097 lmin 0.67@k=2.29  c=0.04: Gamma 3.85 SL -6.7e-12 dS_ZZ 0.026 dS_NN 0.023 lmin 0.62@k=2.35  c=0.05: Gamma 5.32 SL -2.9e-12 dS_ZZ 0.045 dS_NN 0.035 lmin 0.65@k=2.44  c=0.06: Gamma 7.07 SL +6.4e-12 dS_ZZ 0.045 dS_NN 0.036 lmin 0.66@k=2.49  c=0.08: Gamma 10.22 SL +1.8e-12 dS_ZZ 0.027 dS_NN 0.053 lmin 0.63@k=2.69
  -> /mnt/research/MultiscaleML_group/Liyao/salt_in_polymer_eps2_dz005/runs/learn/joint_v2_L1_C4_R128x128_H64_c001_c002_c004_c006_c008_val3_kn1softplus_dz005_s0/predict_c005: 22 runs, chi2 0.673, rel L2 0.009/0.009, EL converged 22/22
### done Sun Oct  4 06:57:16 AM EDT 2026
