### Sun Oct  4 06:37:20 AM EDT 2026: 134 fine profiles in /mnt/research/MultiscaleML_group/Liyao/salt_in_polymer_eps75_dz005; seed 2 -> joint_v2_L1_C4_R128x128_H64_c001_c002_c004_c006_c008_val3_kn1softplus_dz005_long_s2

##### 2026-10-04 06:37:22  joint --nval 3 --variants v2 --depth 1 --C 4 --readout-hidden 128 128 --kernel-net 32 32 --s-max 1 --M 6 --activation softplus --joint-conc 0.01 0.02 0.04 0.06 0.08 --seed 2 --name-suffix _kn1softplus_dz005_long_s2 --log /mnt/research/MultiscaleML_group/Liyao/salt_in_polymer_eps75_dz005/runs/learn/protocol_kn1softplus_dz005_s2.log
/mnt/ufs18/rs/MultiscaleML_group/Liyao/salt_in_polymer_eps2/code/learn/data.py:182: RuntimeWarning: Profile blocks unavailable: retaining legacy diagonal errors; regenerate profiles for covariance-aware uncertainties.
  sn, sf, uncertainty_method = profile_uncertainties(d, q, uncertainty)
=== joint_v2_L1_C4_R128x128_H64_c001_c002_c004_c006_c008_val3_kn1softplus_dz005_long_s2: v2 L=1 C=4 rf~3.0  train 71 runs [0.01, 0.02, 0.04, 0.06, 0.08], held-out 20, validation 15
  parameters: 19641
    step     0  train chi2/bin  415.8788  monitor  657.7296  stab 0.00e+00  [12s]
    step   200  train chi2/bin    1.3796  monitor    7.1215  stab 0.00e+00  [63s]
    step   400  train chi2/bin    0.7831  monitor    2.5612  stab 0.00e+00  [113s]
    step   600  train chi2/bin    0.6809  monitor    1.6251  stab 0.00e+00  [163s]
    step   800  train chi2/bin    0.6387  monitor    1.2074  stab 0.00e+00  [213s]
    step  1000  train chi2/bin    0.6197  monitor    1.0359  stab 0.00e+00  [263s]
    step  1200  train chi2/bin    0.6085  monitor    0.9230  stab 0.00e+00  [313s]
    step  1400  train chi2/bin    0.6063  monitor    0.8823  stab 0.00e+00  [363s]
    step  1600  train chi2/bin    0.5985  monitor    0.8053  stab 0.00e+00  [413s]
    step  1800  train chi2/bin    0.5955  monitor    0.7715  stab 0.00e+00  [463s]
    step  2000  train chi2/bin    0.5931  monitor    0.7487  stab 0.00e+00  [512s]
    step  2200  train chi2/bin    0.5912  monitor    0.7332  stab 0.00e+00  [563s]
    step  2400  train chi2/bin    0.5896  monitor    0.7223  stab 0.00e+00  [612s]
    step  2600  train chi2/bin    0.5883  monitor    0.7145  stab 0.00e+00  [662s]
    step  2800  train chi2/bin    0.5873  monitor    0.7088  stab 0.00e+00  [711s]
    step  3000  train chi2/bin    0.5866  monitor    0.7047  stab 0.00e+00  [761s]
    step  3200  train chi2/bin    0.5861  monitor    0.7018  stab 0.00e+00  [810s]
    step  3400  train chi2/bin    0.5857  monitor    0.7000  stab 0.00e+00  [859s]
    step  3600  train chi2/bin    0.5855  monitor    0.6988  stab 0.00e+00  [908s]
    step  3800  train chi2/bin    0.5854  monitor    0.6982  stab 0.00e+00  [957s]
  held-out runs (joint_v2_L1_C4_R128x128_H64_c001_c002_c004_c006_c008_val3_kn1softplus_dz005_long_s2):
    c0.01/p04    fourier both    chi2   0.56/  0.58  L2 0.038/0.029  max -0.047/-0.045  min +0.163/+0.071  EL ok 28it
    c0.01/p06    fourier neutral chi2   0.47/  0.67  L2 0.037/0.026  max -0.033/-0.032  min +0.096/+0.044  EL ok 15it
    c0.01/p10    mixed   both    chi2   0.50/  0.55  L2 0.053/0.048  max -0.070/-0.058  min -0.037/+0.060  EL ok 19it
    c0.01/p14    gauss   neutral chi2   0.59/  0.61  L2 0.015/0.009  max -0.013/-0.013  min +0.079/+0.018  EL ok 12it
    c0.02/p02    fourier both    chi2   0.61/  0.62  L2 0.013/0.016  max -0.002/-0.015  min +0.050/+0.014  EL ok 44it
    c0.02/p06    fourier neutral chi2   0.61/  0.57  L2 0.024/0.018  max -0.038/-0.008  min +0.059/+0.048  EL ok 32it
    c0.02/p09    mixed   both    chi2   0.55/  0.63  L2 0.026/0.019  max +0.002/-0.008  min -0.073/-0.025  EL ok 37it
    c0.02/p14    gauss   neutral chi2   0.62/  0.63  L2 0.013/0.004  max -0.022/+0.000  min +0.046/+0.010  EL ok 14it
    c0.04/p03    fourier neutral chi2   0.59/  0.51  L2 0.013/0.009  max +0.005/-0.001  min +0.020/+0.020  EL ok 60it
    c0.04/p07    fourier both    chi2   0.60/  0.58  L2 0.011/0.009  max +0.012/-0.018  min +0.020/+0.033  EL ok 68it
    c0.04/p16    mixed   both    chi2   0.53/  0.67  L2 0.018/0.014  max +0.024/+0.014  min +0.001/-0.001  EL ok 58it
    c0.04/p21    gauss   neutral chi2   0.69/  0.51  L2 0.004/0.003  max +0.000/-0.002  min +0.005/+0.002  EL ok 19it
    c0.06/p00    fourier both    chi2   0.58/  0.62  L2 0.007/0.006  max -0.001/-0.009  min -0.006/+0.003  EL ok 64it
    c0.06/p06    fourier neutral chi2   0.57/  0.60  L2 0.010/0.007  max -0.012/-0.015  min +0.001/+0.007  EL ok 54it
    c0.06/p08    mixed   both    chi2   0.62/  0.66  L2 0.010/0.007  max +0.000/+0.007  min +0.008/-0.000  EL ok 66it
    c0.06/p14    gauss   neutral chi2   0.56/  0.53  L2 0.004/0.003  max +0.006/-0.002  min +0.003/-0.004  EL ok 22it
    c0.08/p02    fourier both    chi2   0.75/  0.93  L2 0.025/0.013  max +0.033/+0.005  min -0.022/-0.004  EL ok 91it
    c0.08/p06    fourier neutral chi2   0.44/  0.55  L2 0.008/0.005  max +0.018/-0.012  min -0.002/+0.008  EL ok 61it
    c0.08/p10    mixed   both    chi2   0.56/  0.73  L2 0.010/0.007  max +0.012/-0.010  min -0.055/+0.008  EL ok 83it
    c0.08/p14    gauss   neutral chi2   0.54/  0.75  L2 0.005/0.004  max +0.005/-0.005  min +0.002/-0.005  EL ok 27it
  bulk structure: c=0.01: Gamma 1.42 SL -1.2e-12 dS_ZZ 0.031 dS_NN 0.058 lmin 0.85@k=1.74  c=0.02: Gamma 2.35 SL -2.4e-14 dS_ZZ 0.027 dS_NN 0.035 lmin 0.76@k=1.77  c=0.04: Gamma 4.91 SL +9.9e-13 dS_ZZ 0.023 dS_NN 0.025 lmin 0.66@k=1.86  c=0.05: Gamma 6.20 SL -1.1e-12 dS_ZZ 0.020 dS_NN 0.021 lmin 0.61@k=1.85  c=0.06: Gamma 7.42 SL -8.6e-14 dS_ZZ 0.032 dS_NN 0.026 lmin 0.57@k=1.88  c=0.08: Gamma 9.83 SL +1.5e-12 dS_ZZ 0.038 dS_NN 0.024 lmin 0.48@k=1.89
  -> /mnt/research/MultiscaleML_group/Liyao/salt_in_polymer_eps75_dz005/runs/learn/joint_v2_L1_C4_R128x128_H64_c001_c002_c004_c006_c008_val3_kn1softplus_dz005_long_s2  train chi2 0.585  held-out chi2 0.601  rel L2 0.015  (1008s fit, 272s eval)

##### 2026-10-04 07:00:00  predict --model /mnt/research/MultiscaleML_group/Liyao/salt_in_polymer_eps75_dz005/runs/learn/joint_v2_L1_C4_R128x128_H64_c001_c002_c004_c006_c008_val3_kn1softplus_dz005_long_s2 --conc 0.05 --log /mnt/research/MultiscaleML_group/Liyao/salt_in_polymer_eps75_dz005/runs/learn/protocol_kn1softplus_dz005_s2.log
/mnt/ufs18/rs/MultiscaleML_group/Liyao/salt_in_polymer_eps2/code/learn/data.py:182: RuntimeWarning: Profile blocks unavailable: retaining legacy diagonal errors; regenerate profiles for covariance-aware uncertainties.
  sn, sf, uncertainty_method = profile_uncertainties(d, q, uncertainty)
  transfer runs (joint_v2_L1_C4_R128x128_H64_c001_c002_c004_c006_c008_val3_kn1softplus_dz005_long_s2_predict_c005):
    c0.05/p00    fourier both    chi2   0.58/  0.58  L2 0.011/0.007  max -0.005/-0.013  min +0.010/+0.011  EL ok 61it
    c0.05/p01    fourier both    chi2   0.59/  0.79  L2 0.013/0.014  max -0.021/-0.030  min +0.036/+0.038  EL ok 70it
    c0.05/p02    fourier both    chi2   0.56/  0.57  L2 0.008/0.007  max +0.004/-0.011  min +0.045/+0.017  EL ok 78it
    c0.05/p03    fourier both    chi2   0.59/  0.64  L2 0.009/0.006  max -0.002/-0.001  min -0.004/+0.010  EL ok 74it
    c0.05/p04    fourier both    chi2   0.60/  0.62  L2 0.008/0.007  max +0.005/-0.010  min +0.017/+0.003  EL ok 72it
    c0.05/p05    fourier both    chi2   0.57/  0.56  L2 0.011/0.007  max -0.015/-0.005  min +0.007/+0.007  EL ok 59it
    c0.05/p06    fourier neutral chi2   0.57/  0.57  L2 0.010/0.007  max +0.001/-0.009  min -0.005/+0.012  EL ok 53it
    c0.05/p07    fourier charged chi2   0.63/  0.54  L2 0.009/0.007  max +0.006/+0.004  min -0.012/+0.017  EL ok 68it
    c0.05/p08    mixed   both    chi2   0.59/  0.57  L2 0.011/0.006  max +0.004/+0.008  min -0.000/+0.006  EL ok 71it
    c0.05/p09    mixed   both    chi2   0.62/  0.67  L2 0.014/0.010  max +0.017/+0.003  min -0.033/-0.005  EL ok 74it
    c0.05/p10    mixed   both    chi2   0.66/  0.63  L2 0.010/0.008  max +0.002/-0.004  min +0.001/+0.002  EL ok 64it
    c0.05/p11    mixed   both    chi2   0.55/  0.61  L2 0.010/0.008  max -0.006/+0.006  min +0.012/+0.014  EL ok 76it
    c0.05/p12    mixed   both    chi2   0.65/  0.72  L2 0.014/0.011  max +0.013/+0.002  min -0.027/+0.000  EL ok 75it
    c0.05/p13    gauss   neutral chi2   0.60/  0.63  L2 0.004/0.003  max -0.003/-0.001  min +0.012/+0.009  EL ok 24it
    c0.05/p14    gauss   neutral chi2   0.59/  0.66  L2 0.004/0.003  max +0.004/-0.000  min -0.002/+0.007  EL ok 19it
    c0.05/p15    gauss   charged chi2   0.40/  0.58  L2 0.007/0.007  max +0.002/+0.010  min -0.036/-0.004  EL ok 34it
    c0.05/p16    long    neutral chi2   0.54/  0.55  L2 0.008/0.006  max -0.012/-0.013  min +0.027/+0.011  EL ok 34it
    c0.05/p17    long    neutral chi2   0.56/  0.57  L2 0.010/0.008  max -0.012/-0.005  min +0.020/+0.016  EL ok 33it
    c0.05/p18    long    both    chi2   0.61/  0.60  L2 0.013/0.010  max -0.017/-0.022  min +0.034/+0.028  EL ok 58it
    c0.05/p19    long    both    chi2   0.52/  0.64  L2 0.010/0.008  max -0.018/-0.016  min +0.024/+0.017  EL ok 72it
    c0.05/p20    long3   both    chi2   0.58/  0.54  L2 0.012/0.009  max -0.031/-0.014  min +0.038/+0.025  EL ok 67it
    c0.05/p21    long    charged chi2   0.62/  0.52  L2 0.011/0.008  max -0.029/-0.017  min +0.017/+0.016  EL ok 70it
  bulk structure: c=0.01: Gamma 1.42 SL -1.2e-12 dS_ZZ 0.031 dS_NN 0.058 lmin 0.85@k=1.74  c=0.02: Gamma 2.35 SL -2.4e-14 dS_ZZ 0.027 dS_NN 0.035 lmin 0.76@k=1.77  c=0.04: Gamma 4.91 SL +9.9e-13 dS_ZZ 0.023 dS_NN 0.025 lmin 0.66@k=1.86  c=0.05: Gamma 6.20 SL -1.1e-12 dS_ZZ 0.020 dS_NN 0.021 lmin 0.61@k=1.85  c=0.06: Gamma 7.42 SL -8.6e-14 dS_ZZ 0.032 dS_NN 0.026 lmin 0.57@k=1.88  c=0.08: Gamma 9.83 SL +1.5e-12 dS_ZZ 0.038 dS_NN 0.024 lmin 0.48@k=1.89
  -> /mnt/research/MultiscaleML_group/Liyao/salt_in_polymer_eps75_dz005/runs/learn/joint_v2_L1_C4_R128x128_H64_c001_c002_c004_c006_c008_val3_kn1softplus_dz005_long_s2/predict_c005: 22 runs, chi2 0.594, rel L2 0.010/0.008, EL converged 22/22
### done Sun Oct  4 07:02:59 AM EDT 2026
