### Sun Oct  4 08:48:13 PM EDT 2026: 144 fine profiles in /mnt/research/MultiscaleML_group/Liyao/salt_in_polymer_eps2_dz005; seed 2 -> joint_v2_L1_C4_R128x128_H64_c001_c002_c004_c006_c008_val3_kn1softplus_dz005_kbK2_s2

##### 2026-10-04 20:48:15  joint --nval 3 --variants v2 --depth 1 --C 4 --readout-hidden 128 128 --kernel-net 32 32 --s-max 1 --M 6 --activation softplus --joint-conc 0.01 0.02 0.04 0.06 0.08 --kboost 2 --kboost-mode k --seed 2 --name-suffix _kn1softplus_dz005_kbK2_s2 --log /mnt/research/MultiscaleML_group/Liyao/salt_in_polymer_eps2_dz005/runs/learn/protocol_kn1softplus_dz005_s2.log
/mnt/ufs18/rs/MultiscaleML_group/Liyao/salt_in_polymer_eps2/code/learn/data.py:182: RuntimeWarning: Profile blocks unavailable: retaining legacy diagonal errors; regenerate profiles for covariance-aware uncertainties.
  sn, sf, uncertainty_method = profile_uncertainties(d, q, uncertainty)
=== joint_v2_L1_C4_R128x128_H64_c001_c002_c004_c006_c008_val3_kn1softplus_dz005_kbK2_s2: v2 L=1 C=4 rf~3.0  train 80 runs [0.01, 0.02, 0.04, 0.06, 0.08], held-out 20, validation 15
  parameters: 19641
    step     0  train chi2/bin  724.0737  monitor  239.1386  stab 0.00e+00  [11s]
    step   200  train chi2/bin    3.6067  monitor    2.3206  stab 0.00e+00  [101s]
    step   400  train chi2/bin    1.4614  monitor    1.1903  stab 0.00e+00  [191s]
    step   600  train chi2/bin    1.0755  monitor    1.0044  stab 0.00e+00  [281s]
    step   800  train chi2/bin    0.9512  monitor    0.9048  stab 0.00e+00  [372s]
    step  1000  train chi2/bin    0.9009  monitor    0.8615  stab 0.00e+00  [462s]
    step  1200  train chi2/bin    0.8702  monitor    0.8432  stab 0.00e+00  [554s]
    step  1400  train chi2/bin    0.8492  monitor    0.8391  stab 0.00e+00  [644s]
    step  1600  train chi2/bin    0.8342  monitor    0.8381  stab 0.00e+00  [734s]
    step  1800  train chi2/bin    0.8225  monitor    0.8377  stab 0.00e+00  [824s]
    step  2000  train chi2/bin    0.8125  monitor    0.8365  stab 0.00e+00  [913s]
    step  2200  train chi2/bin    0.8037  monitor    0.8343  stab 0.00e+00  [999s]
    step  2400  train chi2/bin    0.7961  monitor    0.8316  stab 0.00e+00  [1084s]
    step  2600  train chi2/bin    0.7895  monitor    0.8290  stab 0.00e+00  [1174s]
    step  2800  train chi2/bin    0.7839  monitor    0.8267  stab 0.00e+00  [1264s]
    step  3000  train chi2/bin    0.7794  monitor    0.8247  stab 0.00e+00  [1353s]
    step  3200  train chi2/bin    0.7759  monitor    0.8233  stab 0.00e+00  [1444s]
    step  3400  train chi2/bin    0.7735  monitor    0.8223  stab 0.00e+00  [1534s]
    step  3600  train chi2/bin    0.7720  monitor    0.8217  stab 0.00e+00  [1625s]
    step  3800  train chi2/bin    0.7711  monitor    0.8213  stab 0.00e+00  [1715s]
  held-out runs (joint_v2_L1_C4_R128x128_H64_c001_c002_c004_c006_c008_val3_kn1softplus_dz005_kbK2_s2):
    c0.01/p04    fourier both    chi2   0.59/  0.62  L2 0.077/0.068  max +0.075/+0.011  min -0.065/+0.056  EL ok 41it
    c0.01/p06    fourier neutral chi2   0.52/  0.63  L2 0.163/0.159  max -0.019/-0.060  min +0.089/+0.085  EL ok 21it
    c0.01/p10    mixed   both    chi2   0.57/  0.59  L2 0.101/0.090  max +0.032/-0.053  min +0.195/+0.089  EL ok 34it
    c0.01/p14    gauss   neutral chi2   0.69/  0.65  L2 0.046/0.046  max +0.043/+0.045  min -0.249/-0.167  EL ok 17it
    c0.02/p02    fourier both    chi2   0.65/  0.54  L2 0.034/0.027  max -0.048/-0.016  min -0.099/-0.102  EL ok 60it
    c0.02/p06    fourier neutral chi2   0.54/  0.57  L2 0.026/0.022  max -0.041/-0.041  min -0.027/-0.001  EL ok 25it
    c0.02/p09    mixed   both    chi2   0.55/  0.58  L2 0.038/0.038  max +0.048/+0.063  min -0.039/+0.075  EL ok 67it
    c0.02/p14    gauss   neutral chi2   0.59/  0.76  L2 0.023/0.019  max +0.007/+0.025  min -0.130/-0.078  EL ok 14it
    c0.04/p05    fourier both    chi2   0.55/  0.63  L2 0.010/0.009  max -0.016/+0.001  min -0.004/+0.021  EL ok 71it
    c0.04/p16    long    neutral chi2   0.57/  0.63  L2 0.013/0.012  max -0.032/-0.013  min +0.031/+0.034  EL ok 41it
    c0.04/p25    mixed   both    chi2   0.93/  1.13  L2 0.020/0.017  max -0.038/-0.023  min -0.003/+0.037  EL ok 98it
    c0.04/p27    gauss   neutral chi2   5.40/  2.95  L2 0.067/0.023  max +0.101/+0.026  min -0.092/-0.065  EL ok 70it
    c0.06/p00    fourier both    chi2   0.48/  0.63  L2 0.005/0.006  max -0.006/-0.000  min +0.006/+0.008  EL ok 82it
    c0.06/p06    fourier neutral chi2   0.58/  0.50  L2 0.006/0.006  max -0.003/-0.005  min +0.011/+0.005  EL ok 71it
    c0.06/p08    mixed   both    chi2   0.72/  1.07  L2 0.018/0.015  max +0.024/+0.005  min -0.026/+0.011  EL ok 83it
    c0.06/p14    gauss   neutral chi2   0.64/  0.81  L2 0.012/0.006  max +0.018/+0.009  min -0.014/+0.002  EL ok 35it
    c0.08/p02    fourier both    chi2   0.89/  0.98  L2 0.024/0.010  max +0.058/-0.013  min +0.041/-0.006  EL ok 114it
    c0.08/p06    fourier neutral chi2   0.52/  0.59  L2 0.005/0.005  max +0.000/-0.007  min +0.011/+0.005  EL ok 68it
    c0.08/p10    mixed   both    chi2   0.73/  1.71  L2 0.009/0.019  max -0.001/-0.017  min +0.008/+0.021  EL ok 105it
    c0.08/p14    gauss   neutral chi2   1.12/  1.15  L2 0.013/0.005  max +0.020/-0.008  min +0.001/+0.005  EL ok 36it
  bulk structure: c=0.01: Gamma 0.23 SL +4.4e-11 dS_ZZ 0.076 dS_NN 0.325 lmin 0.23@k=0.00  c=0.02: Gamma 1.08 SL -4.7e-12 dS_ZZ 0.021 dS_NN 0.046 lmin 0.71@k=2.26  c=0.04: Gamma 3.82 SL +6.0e-12 dS_ZZ 0.027 dS_NN 0.023 lmin 0.61@k=2.38  c=0.05: Gamma 5.37 SL -4.1e-12 dS_ZZ 0.036 dS_NN 0.026 lmin 0.60@k=2.44  c=0.06: Gamma 7.12 SL -3.7e-12 dS_ZZ 0.023 dS_NN 0.036 lmin 0.59@k=2.49  c=0.08: Gamma 10.75 SL -9.6e-13 dS_ZZ 0.020 dS_NN 0.059 lmin 0.57@k=2.63
  -> /mnt/research/MultiscaleML_group/Liyao/salt_in_polymer_eps2_dz005/runs/learn/joint_v2_L1_C4_R128x128_H64_c001_c002_c004_c006_c008_val3_kn1softplus_dz005_kbK2_s2  train chi2 0.652  held-out chi2 0.888  rel L2 0.033  (1807s fit, 112s eval)

##### 2026-10-04 21:20:52  predict --model /mnt/research/MultiscaleML_group/Liyao/salt_in_polymer_eps2_dz005/runs/learn/joint_v2_L1_C4_R128x128_H64_c001_c002_c004_c006_c008_val3_kn1softplus_dz005_kbK2_s2 --conc 0.05 --log /mnt/research/MultiscaleML_group/Liyao/salt_in_polymer_eps2_dz005/runs/learn/protocol_kn1softplus_dz005_s2.log
/mnt/ufs18/rs/MultiscaleML_group/Liyao/salt_in_polymer_eps2/code/learn/data.py:182: RuntimeWarning: Profile blocks unavailable: retaining legacy diagonal errors; regenerate profiles for covariance-aware uncertainties.
  sn, sf, uncertainty_method = profile_uncertainties(d, q, uncertainty)
  transfer runs (joint_v2_L1_C4_R128x128_H64_c001_c002_c004_c006_c008_val3_kn1softplus_dz005_kbK2_s2_predict_c005):
    c0.05/p00    fourier both    chi2   0.56/  0.61  L2 0.007/0.007  max +0.002/+0.007  min +0.010/+0.005  EL ok 89it
    c0.05/p01    fourier both    chi2   0.54/  0.69  L2 0.008/0.013  max -0.008/-0.018  min -0.012/-0.006  EL ok 110it
    c0.05/p02    fourier both    chi2   0.57/  0.57  L2 0.008/0.013  max -0.002/+0.010  min -0.005/+0.031  EL ok 104it
    c0.05/p03    fourier both    chi2   0.58/  0.58  L2 0.006/0.006  max -0.002/-0.007  min +0.002/+0.009  EL ok 102it
    c0.05/p04    fourier both    chi2   0.59/  0.58  L2 0.007/0.008  max -0.001/-0.007  min +0.013/+0.003  EL ok 114it
    c0.05/p05    fourier both    chi2   0.66/  0.60  L2 0.008/0.009  max -0.006/+0.008  min -0.011/+0.001  EL ok 86it
    c0.05/p06    fourier neutral chi2   0.55/  0.53  L2 0.008/0.007  max +0.000/-0.011  min +0.011/+0.013  EL ok 59it
    c0.05/p07    fourier charged chi2   0.57/  0.64  L2 0.008/0.007  max -0.012/+0.006  min -0.004/+0.007  EL ok 91it
    c0.05/p08    mixed   both    chi2   0.65/  0.70  L2 0.021/0.014  max +0.027/+0.002  min -0.033/-0.001  EL ok 81it
    c0.05/p09    mixed   both    chi2   0.65/  0.78  L2 0.021/0.011  max -0.005/+0.020  min -0.034/+0.003  EL ok 103it
    c0.05/p10    mixed   both    chi2   0.47/  0.71  L2 0.010/0.007  max +0.000/-0.002  min -0.021/+0.005  EL ok 91it
    c0.05/p11    mixed   both    chi2   0.78/  1.13  L2 0.015/0.015  max -0.000/-0.001  min +0.014/+0.066  EL ok 86it
    c0.05/p12    mixed   both    chi2   0.80/  1.07  L2 0.021/0.015  max -0.002/+0.024  min -0.036/-0.028  EL ok 103it
    c0.05/p13    gauss   neutral chi2   1.01/  1.01  L2 0.009/0.007  max -0.013/-0.006  min -0.015/+0.009  EL ok 28it
    c0.05/p14    gauss   neutral chi2   0.70/  0.63  L2 0.012/0.008  max +0.019/+0.017  min -0.025/-0.000  EL ok 28it
    c0.05/p15    gauss   charged chi2   0.65/  0.61  L2 0.006/0.004  max +0.001/-0.001  min -0.012/+0.008  EL ok 40it
    c0.05/p16    long    neutral chi2   0.61/  0.59  L2 0.007/0.006  max -0.009/-0.006  min +0.006/+0.010  EL ok 44it
    c0.05/p17    long    neutral chi2   0.57/  0.62  L2 0.007/0.008  max +0.001/+0.000  min +0.016/+0.021  EL ok 40it
    c0.05/p18    long    both    chi2   0.55/  0.57  L2 0.010/0.009  max -0.011/-0.016  min +0.018/+0.031  EL ok 85it
    c0.05/p19    long    both    chi2   0.58/  0.60  L2 0.006/0.006  max -0.004/-0.005  min +0.013/+0.010  EL ok 110it
    c0.05/p20    long3   both    chi2   0.61/  0.58  L2 0.008/0.006  max -0.001/-0.009  min +0.009/+0.011  EL ok 90it
    c0.05/p21    long    charged chi2   0.57/  0.62  L2 0.006/0.005  max -0.013/-0.014  min +0.017/+0.016  EL ok 95it
  bulk structure: c=0.01: Gamma 0.23 SL +4.4e-11 dS_ZZ 0.076 dS_NN 0.325 lmin 0.23@k=0.00  c=0.02: Gamma 1.08 SL -4.7e-12 dS_ZZ 0.021 dS_NN 0.046 lmin 0.71@k=2.26  c=0.04: Gamma 3.82 SL +6.0e-12 dS_ZZ 0.027 dS_NN 0.023 lmin 0.61@k=2.38  c=0.05: Gamma 5.37 SL -4.1e-12 dS_ZZ 0.036 dS_NN 0.026 lmin 0.60@k=2.44  c=0.06: Gamma 7.12 SL -3.7e-12 dS_ZZ 0.023 dS_NN 0.036 lmin 0.59@k=2.49  c=0.08: Gamma 10.75 SL -9.6e-13 dS_ZZ 0.020 dS_NN 0.059 lmin 0.57@k=2.63
  -> /mnt/research/MultiscaleML_group/Liyao/salt_in_polymer_eps2_dz005/runs/learn/joint_v2_L1_C4_R128x128_H64_c001_c002_c004_c006_c008_val3_kn1softplus_dz005_kbK2_s2/predict_c005: 22 runs, chi2 0.655, rel L2 0.010/0.009, EL converged 22/22
### done Sun Oct  4 09:22:21 PM EDT 2026
