### Sun Oct  4 06:37:20 AM EDT 2026: 134 fine profiles in /mnt/research/MultiscaleML_group/Liyao/salt_in_polymer_eps75_dz005; seed 0 -> joint_v2_L1_C4_R128x128_H64_c001_c002_c004_c006_c008_val3_kn1softplus_dz005_long_s0

##### 2026-10-04 06:37:22  joint --nval 3 --variants v2 --depth 1 --C 4 --readout-hidden 128 128 --kernel-net 32 32 --s-max 1 --M 6 --activation softplus --joint-conc 0.01 0.02 0.04 0.06 0.08 --seed 0 --name-suffix _kn1softplus_dz005_long_s0 --log /mnt/research/MultiscaleML_group/Liyao/salt_in_polymer_eps75_dz005/runs/learn/protocol_kn1softplus_dz005_s0.log
/mnt/ufs18/rs/MultiscaleML_group/Liyao/salt_in_polymer_eps2/code/learn/data.py:182: RuntimeWarning: Profile blocks unavailable: retaining legacy diagonal errors; regenerate profiles for covariance-aware uncertainties.
  sn, sf, uncertainty_method = profile_uncertainties(d, q, uncertainty)
=== joint_v2_L1_C4_R128x128_H64_c001_c002_c004_c006_c008_val3_kn1softplus_dz005_long_s0: v2 L=1 C=4 rf~3.0  train 71 runs [0.01, 0.02, 0.04, 0.06, 0.08], held-out 20, validation 15
  parameters: 19641
    step     0  train chi2/bin  415.9144  monitor  657.9983  stab 0.00e+00  [12s]
    step   200  train chi2/bin    1.2318  monitor    5.5158  stab 0.00e+00  [58s]
    step   400  train chi2/bin    0.7755  monitor    1.9053  stab 0.00e+00  [105s]
    step   600  train chi2/bin    0.6720  monitor    1.3186  stab 0.00e+00  [153s]
    step   800  train chi2/bin    0.6272  monitor    0.9932  stab 0.00e+00  [201s]
    step  1000  train chi2/bin    0.6109  monitor    0.8437  stab 0.00e+00  [249s]
    step  1200  train chi2/bin    0.6033  monitor    0.7777  stab 0.00e+00  [297s]
    step  1400  train chi2/bin    0.5986  monitor    0.7437  stab 0.00e+00  [345s]
    step  1600  train chi2/bin    0.5952  monitor    0.7223  stab 0.00e+00  [393s]
    step  1800  train chi2/bin    0.5927  monitor    0.7073  stab 0.00e+00  [441s]
    step  2000  train chi2/bin    0.5908  monitor    0.6963  stab 0.00e+00  [489s]
    step  2200  train chi2/bin    0.5892  monitor    0.6885  stab 0.00e+00  [537s]
    step  2400  train chi2/bin    0.5879  monitor    0.6831  stab 0.00e+00  [585s]
    step  2600  train chi2/bin    0.5869  monitor    0.6794  stab 0.00e+00  [633s]
    step  2800  train chi2/bin    0.5861  monitor    0.6767  stab 0.00e+00  [681s]
    step  3000  train chi2/bin    0.5855  monitor    0.6746  stab 0.00e+00  [726s]
    step  3200  train chi2/bin    0.5851  monitor    0.6732  stab 0.00e+00  [771s]
    step  3400  train chi2/bin    0.5848  monitor    0.6722  stab 0.00e+00  [817s]
    step  3600  train chi2/bin    0.5846  monitor    0.6716  stab 0.00e+00  [862s]
    step  3800  train chi2/bin    0.5845  monitor    0.6712  stab 0.00e+00  [907s]
  held-out runs (joint_v2_L1_C4_R128x128_H64_c001_c002_c004_c006_c008_val3_kn1softplus_dz005_long_s0):
    c0.01/p04    fourier both    chi2   0.56/  0.57  L2 0.036/0.027  max -0.030/-0.041  min +0.090/+0.041  EL ok 29it
    c0.01/p06    fourier neutral chi2   0.47/  0.67  L2 0.038/0.027  max -0.022/-0.032  min +0.074/+0.041  EL ok 15it
    c0.01/p10    mixed   both    chi2   0.50/  0.55  L2 0.054/0.048  max -0.053/-0.051  min -0.082/+0.056  EL ok 21it
    c0.01/p14    gauss   neutral chi2   0.57/  0.61  L2 0.006/0.008  max +0.005/-0.010  min +0.034/+0.007  EL ok 12it
    c0.02/p02    fourier both    chi2   0.61/  0.63  L2 0.016/0.017  max -0.007/-0.020  min -0.004/+0.019  EL ok 44it
    c0.02/p06    fourier neutral chi2   0.61/  0.57  L2 0.025/0.019  max -0.036/-0.010  min +0.051/+0.052  EL ok 30it
    c0.02/p09    mixed   both    chi2   0.56/  0.63  L2 0.026/0.020  max -0.004/-0.008  min -0.113/-0.020  EL ok 43it
    c0.02/p14    gauss   neutral chi2   0.62/  0.64  L2 0.013/0.005  max -0.024/+0.002  min +0.031/+0.015  EL ok 14it
    c0.04/p03    fourier neutral chi2   0.59/  0.51  L2 0.013/0.009  max +0.005/+0.000  min +0.023/+0.022  EL ok 67it
    c0.04/p07    fourier both    chi2   0.60/  0.58  L2 0.011/0.009  max +0.007/-0.017  min +0.022/+0.044  EL ok 60it
    c0.04/p16    mixed   both    chi2   0.53/  0.66  L2 0.019/0.014  max +0.026/+0.017  min -0.005/-0.003  EL ok 55it
    c0.04/p21    gauss   neutral chi2   0.69/  0.53  L2 0.004/0.003  max -0.001/-0.003  min +0.011/-0.001  EL ok 20it
    c0.06/p00    fourier both    chi2   0.58/  0.62  L2 0.008/0.006  max +0.001/-0.010  min -0.010/+0.002  EL ok 65it
    c0.06/p06    fourier neutral chi2   0.57/  0.60  L2 0.010/0.007  max -0.008/-0.016  min -0.003/+0.007  EL ok 64it
    c0.06/p08    mixed   both    chi2   0.62/  0.65  L2 0.011/0.007  max +0.002/+0.006  min +0.006/-0.001  EL ok 64it
    c0.06/p14    gauss   neutral chi2   0.56/  0.52  L2 0.005/0.005  max +0.009/-0.002  min +0.000/-0.013  EL ok 19it
    c0.08/p02    fourier both    chi2   0.78/  0.80  L2 0.024/0.011  max +0.032/+0.009  min +0.016/-0.000  EL ok 93it
    c0.08/p06    fourier neutral chi2   0.44/  0.55  L2 0.008/0.005  max +0.019/-0.012  min -0.005/+0.007  EL ok 59it
    c0.08/p10    mixed   both    chi2   0.56/  0.76  L2 0.011/0.008  max +0.020/-0.013  min -0.038/+0.005  EL ok 84it
    c0.08/p14    gauss   neutral chi2   0.53/  0.76  L2 0.004/0.003  max +0.005/-0.005  min -0.005/-0.001  EL ok 26it
  bulk structure: c=0.01: Gamma 1.42 SL -7.2e-13 dS_ZZ 0.037 dS_NN 0.061 lmin 0.82@k=1.71  c=0.02: Gamma 2.42 SL +5.5e-13 dS_ZZ 0.044 dS_NN 0.039 lmin 0.74@k=1.77  c=0.04: Gamma 4.91 SL -6.8e-13 dS_ZZ 0.034 dS_NN 0.025 lmin 0.65@k=1.86  c=0.05: Gamma 6.14 SL +1.1e-13 dS_ZZ 0.026 dS_NN 0.022 lmin 0.61@k=1.85  c=0.06: Gamma 7.40 SL +1.5e-13 dS_ZZ 0.030 dS_NN 0.026 lmin 0.57@k=1.88  c=0.08: Gamma 9.94 SL -2.1e-13 dS_ZZ 0.018 dS_NN 0.024 lmin 0.50@k=1.86
  -> /mnt/research/MultiscaleML_group/Liyao/salt_in_polymer_eps75_dz005/runs/learn/joint_v2_L1_C4_R128x128_H64_c001_c002_c004_c006_c008_val3_kn1softplus_dz005_long_s0  train chi2 0.584  held-out chi2 0.600  rel L2 0.015  (956s fit, 271s eval)

##### 2026-10-04 06:59:05  predict --model /mnt/research/MultiscaleML_group/Liyao/salt_in_polymer_eps75_dz005/runs/learn/joint_v2_L1_C4_R128x128_H64_c001_c002_c004_c006_c008_val3_kn1softplus_dz005_long_s0 --conc 0.05 --log /mnt/research/MultiscaleML_group/Liyao/salt_in_polymer_eps75_dz005/runs/learn/protocol_kn1softplus_dz005_s0.log
/mnt/ufs18/rs/MultiscaleML_group/Liyao/salt_in_polymer_eps2/code/learn/data.py:182: RuntimeWarning: Profile blocks unavailable: retaining legacy diagonal errors; regenerate profiles for covariance-aware uncertainties.
  sn, sf, uncertainty_method = profile_uncertainties(d, q, uncertainty)
  transfer runs (joint_v2_L1_C4_R128x128_H64_c001_c002_c004_c006_c008_val3_kn1softplus_dz005_long_s0_predict_c005):
    c0.05/p00    fourier both    chi2   0.58/  0.58  L2 0.011/0.008  max -0.001/-0.011  min +0.008/+0.007  EL ok 66it
    c0.05/p01    fourier both    chi2   0.59/  0.72  L2 0.013/0.011  max -0.018/-0.021  min +0.028/+0.022  EL ok 84it
    c0.05/p02    fourier both    chi2   0.56/  0.57  L2 0.008/0.007  max +0.002/-0.011  min +0.052/+0.016  EL ok 80it
    c0.05/p03    fourier both    chi2   0.59/  0.64  L2 0.009/0.006  max +0.002/-0.002  min -0.006/+0.005  EL ok 75it
    c0.05/p04    fourier both    chi2   0.60/  0.61  L2 0.009/0.007  max +0.006/-0.007  min +0.022/-0.002  EL ok 80it
    c0.05/p05    fourier both    chi2   0.58/  0.56  L2 0.011/0.007  max -0.012/-0.003  min +0.008/+0.003  EL ok 64it
    c0.05/p06    fourier neutral chi2   0.57/  0.58  L2 0.011/0.007  max +0.002/-0.009  min -0.005/+0.011  EL ok 60it
    c0.05/p07    fourier charged chi2   0.62/  0.53  L2 0.010/0.007  max +0.009/+0.001  min -0.034/+0.008  EL ok 61it
    c0.05/p08    mixed   both    chi2   0.58/  0.56  L2 0.011/0.007  max +0.005/+0.008  min -0.001/+0.001  EL ok 72it
    c0.05/p09    mixed   both    chi2   0.62/  0.68  L2 0.015/0.012  max +0.019/+0.011  min -0.031/-0.015  EL ok 83it
    c0.05/p10    mixed   both    chi2   0.65/  0.65  L2 0.010/0.008  max +0.003/-0.000  min -0.000/-0.003  EL ok 72it
    c0.05/p11    mixed   both    chi2   0.54/  0.61  L2 0.010/0.008  max -0.000/+0.001  min +0.006/+0.013  EL ok 63it
    c0.05/p12    mixed   both    chi2   0.65/  0.71  L2 0.015/0.010  max +0.014/+0.005  min -0.029/-0.006  EL ok 72it
    c0.05/p13    gauss   neutral chi2   0.59/  0.58  L2 0.003/0.003  max -0.004/-0.002  min +0.020/+0.006  EL ok 23it
    c0.05/p14    gauss   neutral chi2   0.59/  0.68  L2 0.006/0.005  max +0.007/-0.003  min +0.001/-0.006  EL ok 17it
    c0.05/p15    gauss   charged chi2   0.40/  0.58  L2 0.005/0.005  max +0.000/+0.007  min -0.036/+0.002  EL ok 27it
    c0.05/p16    long    neutral chi2   0.54/  0.55  L2 0.008/0.006  max -0.011/-0.012  min +0.026/+0.010  EL ok 37it
    c0.05/p17    long    neutral chi2   0.56/  0.57  L2 0.010/0.008  max -0.011/-0.004  min +0.020/+0.015  EL ok 37it
    c0.05/p18    long    both    chi2   0.61/  0.60  L2 0.012/0.010  max -0.016/-0.021  min +0.032/+0.026  EL ok 60it
    c0.05/p19    long    both    chi2   0.52/  0.64  L2 0.010/0.007  max -0.017/-0.015  min +0.024/+0.016  EL ok 72it
    c0.05/p20    long3   both    chi2   0.58/  0.54  L2 0.012/0.009  max -0.030/-0.014  min +0.038/+0.023  EL ok 64it
    c0.05/p21    long    charged chi2   0.62/  0.52  L2 0.011/0.008  max -0.028/-0.017  min +0.017/+0.016  EL ok 72it
  bulk structure: c=0.01: Gamma 1.42 SL -7.2e-13 dS_ZZ 0.037 dS_NN 0.061 lmin 0.82@k=1.71  c=0.02: Gamma 2.42 SL +5.5e-13 dS_ZZ 0.044 dS_NN 0.039 lmin 0.74@k=1.77  c=0.04: Gamma 4.91 SL -6.8e-13 dS_ZZ 0.034 dS_NN 0.025 lmin 0.65@k=1.86  c=0.05: Gamma 6.14 SL +1.1e-13 dS_ZZ 0.026 dS_NN 0.022 lmin 0.61@k=1.85  c=0.06: Gamma 7.40 SL +1.5e-13 dS_ZZ 0.030 dS_NN 0.026 lmin 0.57@k=1.88  c=0.08: Gamma 9.94 SL -2.1e-13 dS_ZZ 0.018 dS_NN 0.024 lmin 0.50@k=1.86
  -> /mnt/research/MultiscaleML_group/Liyao/salt_in_polymer_eps75_dz005/runs/learn/joint_v2_L1_C4_R128x128_H64_c001_c002_c004_c006_c008_val3_kn1softplus_dz005_long_s0/predict_c005: 22 runs, chi2 0.591, rel L2 0.010/0.008, EL converged 22/22
### done Sun Oct  4 07:02:02 AM EDT 2026
