### Sun Oct  4 08:48:12 PM EDT 2026: 134 fine profiles in /mnt/research/MultiscaleML_group/Liyao/salt_in_polymer_eps75_dz005; seed 1 -> joint_v2_L1_C4_R128x128_H64_c001_c002_c004_c006_c008_val3_kn1softplus_dz005_kbK2_long_s1

##### 2026-10-04 20:48:17  joint --nval 3 --variants v2 --depth 1 --C 4 --readout-hidden 128 128 --kernel-net 32 32 --s-max 1 --M 6 --activation softplus --joint-conc 0.01 0.02 0.04 0.06 0.08 --kboost 2 --kboost-mode k --seed 1 --name-suffix _kn1softplus_dz005_kbK2_long_s1 --log /mnt/research/MultiscaleML_group/Liyao/salt_in_polymer_eps75_dz005/runs/learn/protocol_kn1softplus_dz005_s1.log
/mnt/ufs18/rs/MultiscaleML_group/Liyao/salt_in_polymer_eps2/code/learn/data.py:182: RuntimeWarning: Profile blocks unavailable: retaining legacy diagonal errors; regenerate profiles for covariance-aware uncertainties.
  sn, sf, uncertainty_method = profile_uncertainties(d, q, uncertainty)
=== joint_v2_L1_C4_R128x128_H64_c001_c002_c004_c006_c008_val3_kn1softplus_dz005_kbK2_long_s1: v2 L=1 C=4 rf~3.0  train 71 runs [0.01, 0.02, 0.04, 0.06, 0.08], held-out 20, validation 15
  parameters: 19641
    step     0  train chi2/bin  758.0077  monitor  657.5706  stab 0.00e+00  [10s]
    step   200  train chi2/bin    2.3651  monitor    8.0594  stab 0.00e+00  [60s]
    step   400  train chi2/bin    1.0142  monitor    2.4906  stab 0.00e+00  [111s]
    step   600  train chi2/bin    0.8151  monitor    1.4755  stab 0.00e+00  [161s]
    step   800  train chi2/bin    0.7465  monitor    1.0719  stab 0.00e+00  [211s]
    step  1000  train chi2/bin    0.7226  monitor    0.9118  stab 0.00e+00  [262s]
    step  1200  train chi2/bin    0.7116  monitor    0.8276  stab 0.00e+00  [312s]
    step  1400  train chi2/bin    0.7057  monitor    0.7817  stab 0.00e+00  [362s]
    step  1600  train chi2/bin    0.7020  monitor    0.7573  stab 0.00e+00  [412s]
    step  1800  train chi2/bin    0.6991  monitor    0.7448  stab 0.00e+00  [462s]
    step  2000  train chi2/bin    0.6970  monitor    0.7379  stab 0.00e+00  [512s]
    step  2200  train chi2/bin    0.6953  monitor    0.7329  stab 0.00e+00  [563s]
    step  2400  train chi2/bin    0.6939  monitor    0.7291  stab 0.00e+00  [613s]
    step  2600  train chi2/bin    0.6928  monitor    0.7262  stab 0.00e+00  [663s]
    step  2800  train chi2/bin    0.6919  monitor    0.7241  stab 0.00e+00  [713s]
    step  3000  train chi2/bin    0.6912  monitor    0.7226  stab 0.00e+00  [763s]
    step  3200  train chi2/bin    0.6907  monitor    0.7216  stab 0.00e+00  [813s]
    step  3400  train chi2/bin    0.6903  monitor    0.7209  stab 0.00e+00  [864s]
    step  3600  train chi2/bin    0.6901  monitor    0.7205  stab 0.00e+00  [914s]
    step  3800  train chi2/bin    0.6900  monitor    0.7202  stab 0.00e+00  [964s]
  held-out runs (joint_v2_L1_C4_R128x128_H64_c001_c002_c004_c006_c008_val3_kn1softplus_dz005_kbK2_long_s1):
    c0.01/p04    fourier both    chi2   0.56/  0.57  L2 0.033/0.028  max -0.020/-0.042  min +0.097/+0.079  EL ok 30it
    c0.01/p06    fourier neutral chi2   0.47/  0.67  L2 0.037/0.027  max -0.027/-0.029  min +0.077/+0.039  EL ok 15it
    c0.01/p10    mixed   both    chi2   0.50/  0.55  L2 0.053/0.049  max -0.063/-0.059  min -0.041/+0.065  EL ok 21it
    c0.01/p14    gauss   neutral chi2   0.56/  0.61  L2 0.008/0.008  max +0.008/-0.011  min +0.025/+0.012  EL ok 12it
    c0.02/p02    fourier both    chi2   0.60/  0.63  L2 0.015/0.016  max +0.002/-0.017  min -0.022/+0.014  EL ok 53it
    c0.02/p06    fourier neutral chi2   0.61/  0.57  L2 0.024/0.018  max -0.036/-0.005  min +0.051/+0.044  EL ok 27it
    c0.02/p09    mixed   both    chi2   0.55/  0.61  L2 0.023/0.018  max -0.006/-0.009  min -0.065/-0.007  EL ok 36it
    c0.02/p14    gauss   neutral chi2   0.60/  0.64  L2 0.006/0.004  max -0.013/+0.002  min +0.013/+0.006  EL ok 15it
    c0.04/p03    fourier neutral chi2   0.60/  0.50  L2 0.014/0.009  max -0.000/-0.003  min +0.055/+0.017  EL ok 70it
    c0.04/p07    fourier both    chi2   0.60/  0.58  L2 0.011/0.009  max +0.012/-0.017  min +0.024/+0.038  EL ok 64it
    c0.04/p16    mixed   both    chi2   0.53/  0.63  L2 0.017/0.013  max +0.019/+0.012  min +0.009/-0.002  EL ok 67it
    c0.04/p21    gauss   neutral chi2   0.70/  0.55  L2 0.006/0.004  max +0.001/-0.007  min +0.015/-0.005  EL ok 19it
    c0.06/p00    fourier both    chi2   0.58/  0.63  L2 0.010/0.007  max +0.006/-0.006  min -0.010/-0.005  EL ok 74it
    c0.06/p06    fourier neutral chi2   0.57/  0.60  L2 0.011/0.007  max -0.006/-0.019  min -0.002/+0.006  EL ok 54it
    c0.06/p08    mixed   both    chi2   0.63/  0.66  L2 0.012/0.008  max +0.002/+0.009  min +0.002/-0.010  EL ok 70it
    c0.06/p14    gauss   neutral chi2   0.58/  0.60  L2 0.008/0.009  max +0.014/-0.005  min +0.002/-0.022  EL ok 20it
    c0.08/p02    fourier both    chi2   0.87/  0.88  L2 0.029/0.013  max +0.049/+0.017  min +0.012/+0.002  EL ok 91it
    c0.08/p06    fourier neutral chi2   0.44/  0.57  L2 0.008/0.005  max +0.018/-0.013  min -0.007/+0.009  EL ok 65it
    c0.08/p10    mixed   both    chi2   0.58/  0.76  L2 0.014/0.009  max +0.027/-0.003  min -0.061/+0.003  EL ok 84it
    c0.08/p14    gauss   neutral chi2   0.57/  0.80  L2 0.005/0.004  max +0.005/+0.000  min -0.015/-0.004  EL ok 28it
  bulk structure: c=0.01: Gamma 1.36 SL -8.9e-14 dS_ZZ 0.026 dS_NN 0.054 lmin 0.85@k=1.71  c=0.02: Gamma 2.27 SL +7.5e-13 dS_ZZ 0.027 dS_NN 0.029 lmin 0.79@k=1.77  c=0.04: Gamma 4.80 SL -5.6e-13 dS_ZZ 0.023 dS_NN 0.025 lmin 0.67@k=1.86  c=0.05: Gamma 5.94 SL -7.9e-13 dS_ZZ 0.052 dS_NN 0.024 lmin 0.59@k=1.85  c=0.06: Gamma 7.27 SL +8.0e-13 dS_ZZ 0.079 dS_NN 0.028 lmin 0.53@k=1.88  c=0.08: Gamma 9.75 SL +6.3e-13 dS_ZZ 0.062 dS_NN 0.025 lmin 0.47@k=1.86
  -> /mnt/research/MultiscaleML_group/Liyao/salt_in_polymer_eps75_dz005/runs/learn/joint_v2_L1_C4_R128x128_H64_c001_c002_c004_c006_c008_val3_kn1softplus_dz005_kbK2_long_s1  train chi2 0.589  held-out chi2 0.609  rel L2 0.015  (1016s fit, 104s eval)

##### 2026-10-04 21:07:31  predict --model /mnt/research/MultiscaleML_group/Liyao/salt_in_polymer_eps75_dz005/runs/learn/joint_v2_L1_C4_R128x128_H64_c001_c002_c004_c006_c008_val3_kn1softplus_dz005_kbK2_long_s1 --conc 0.05 --log /mnt/research/MultiscaleML_group/Liyao/salt_in_polymer_eps75_dz005/runs/learn/protocol_kn1softplus_dz005_s1.log
/mnt/ufs18/rs/MultiscaleML_group/Liyao/salt_in_polymer_eps2/code/learn/data.py:182: RuntimeWarning: Profile blocks unavailable: retaining legacy diagonal errors; regenerate profiles for covariance-aware uncertainties.
  sn, sf, uncertainty_method = profile_uncertainties(d, q, uncertainty)
  transfer runs (joint_v2_L1_C4_R128x128_H64_c001_c002_c004_c006_c008_val3_kn1softplus_dz005_kbK2_long_s1_predict_c005):
    c0.05/p00    fourier both    chi2   0.58/  0.60  L2 0.012/0.009  max +0.002/-0.007  min +0.008/+0.001  EL ok 69it
    c0.05/p01    fourier both    chi2   0.60/  0.78  L2 0.013/0.014  max -0.020/-0.023  min +0.075/+0.034  EL ok 86it
    c0.05/p02    fourier both    chi2   0.56/  0.55  L2 0.010/0.007  max +0.012/-0.004  min +0.058/+0.010  EL ok 79it
    c0.05/p03    fourier both    chi2   0.59/  0.66  L2 0.009/0.007  max +0.003/-0.001  min -0.002/+0.000  EL ok 68it
    c0.05/p04    fourier both    chi2   0.60/  0.61  L2 0.009/0.008  max +0.008/-0.008  min +0.029/-0.007  EL ok 70it
    c0.05/p05    fourier both    chi2   0.58/  0.56  L2 0.011/0.007  max -0.010/+0.001  min +0.015/-0.002  EL ok 72it
    c0.05/p06    fourier neutral chi2   0.57/  0.58  L2 0.010/0.007  max +0.000/-0.010  min -0.002/+0.008  EL ok 56it
    c0.05/p07    fourier charged chi2   0.62/  0.54  L2 0.008/0.007  max +0.003/+0.005  min +0.026/+0.006  EL ok 67it
    c0.05/p08    mixed   both    chi2   0.59/  0.57  L2 0.012/0.008  max +0.005/+0.012  min +0.003/-0.008  EL ok 64it
    c0.05/p09    mixed   both    chi2   0.63/  0.67  L2 0.014/0.011  max +0.013/+0.007  min -0.028/-0.013  EL ok 70it
    c0.05/p10    mixed   both    chi2   0.66/  0.65  L2 0.009/0.009  max +0.000/+0.000  min +0.001/-0.006  EL ok 70it
    c0.05/p11    mixed   both    chi2   0.55/  0.63  L2 0.010/0.009  max -0.001/+0.005  min +0.009/+0.008  EL ok 75it
    c0.05/p12    mixed   both    chi2   0.65/  0.73  L2 0.014/0.011  max +0.013/+0.006  min -0.019/-0.017  EL ok 75it
    c0.05/p13    gauss   neutral chi2   0.61/  0.59  L2 0.004/0.003  max -0.003/-0.003  min +0.044/-0.001  EL ok 21it
    c0.05/p14    gauss   neutral chi2   0.60/  0.77  L2 0.008/0.009  max +0.011/-0.006  min +0.006/-0.017  EL ok 19it
    c0.05/p15    gauss   charged chi2   0.39/  0.64  L2 0.004/0.007  max -0.001/+0.011  min -0.009/+0.000  EL ok 29it
    c0.05/p16    long    neutral chi2   0.54/  0.55  L2 0.008/0.006  max -0.009/-0.010  min +0.023/+0.008  EL ok 39it
    c0.05/p17    long    neutral chi2   0.55/  0.56  L2 0.010/0.008  max -0.009/-0.003  min +0.018/+0.014  EL ok 34it
    c0.05/p18    long    both    chi2   0.60/  0.61  L2 0.010/0.008  max -0.013/-0.019  min +0.022/+0.018  EL ok 57it
    c0.05/p19    long    both    chi2   0.52/  0.63  L2 0.009/0.007  max -0.015/-0.013  min +0.020/+0.013  EL ok 72it
    c0.05/p20    long3   both    chi2   0.57/  0.55  L2 0.011/0.008  max -0.027/-0.011  min +0.035/+0.020  EL ok 64it
    c0.05/p21    long    charged chi2   0.61/  0.52  L2 0.011/0.008  max -0.028/-0.017  min +0.017/+0.017  EL ok 82it
  bulk structure: c=0.01: Gamma 1.36 SL -8.9e-14 dS_ZZ 0.026 dS_NN 0.054 lmin 0.85@k=1.71  c=0.02: Gamma 2.27 SL +7.5e-13 dS_ZZ 0.027 dS_NN 0.029 lmin 0.79@k=1.77  c=0.04: Gamma 4.80 SL -5.6e-13 dS_ZZ 0.023 dS_NN 0.025 lmin 0.67@k=1.86  c=0.05: Gamma 5.94 SL -7.9e-13 dS_ZZ 0.052 dS_NN 0.024 lmin 0.59@k=1.85  c=0.06: Gamma 7.27 SL +8.0e-13 dS_ZZ 0.079 dS_NN 0.028 lmin 0.53@k=1.88  c=0.08: Gamma 9.75 SL +6.3e-13 dS_ZZ 0.062 dS_NN 0.025 lmin 0.47@k=1.86
  -> /mnt/research/MultiscaleML_group/Liyao/salt_in_polymer_eps75_dz005/runs/learn/joint_v2_L1_C4_R128x128_H64_c001_c002_c004_c006_c008_val3_kn1softplus_dz005_kbK2_long_s1/predict_c005: 22 runs, chi2 0.599, rel L2 0.010/0.008, EL converged 22/22
### done Sun Oct  4 09:08:45 PM EDT 2026
