### Sun Oct  4 06:38:25 AM EDT 2026: 144 fine profiles in /mnt/research/MultiscaleML_group/Liyao/salt_in_polymer_eps2_dz005; seed 1 -> joint_v2_L1_C4_R128x128_H64_c001_c002_c004_c006_c008_val3_kn1softplus_dz005_s1

##### 2026-10-04 06:38:28  joint --nval 3 --variants v2 --depth 1 --C 4 --readout-hidden 128 128 --kernel-net 32 32 --s-max 1 --M 6 --activation softplus --joint-conc 0.01 0.02 0.04 0.06 0.08 --seed 1 --name-suffix _kn1softplus_dz005_s1 --log /mnt/research/MultiscaleML_group/Liyao/salt_in_polymer_eps2_dz005/runs/learn/protocol_kn1softplus_dz005_s1.log
/mnt/ufs18/rs/MultiscaleML_group/Liyao/salt_in_polymer_eps2/code/learn/data.py:182: RuntimeWarning: Profile blocks unavailable: retaining legacy diagonal errors; regenerate profiles for covariance-aware uncertainties.
  sn, sf, uncertainty_method = profile_uncertainties(d, q, uncertainty)
=== joint_v2_L1_C4_R128x128_H64_c001_c002_c004_c006_c008_val3_kn1softplus_dz005_s1: v2 L=1 C=4 rf~3.0  train 80 runs [0.01, 0.02, 0.04, 0.06, 0.08], held-out 20, validation 15
  parameters: 19641
    step     0  train chi2/bin  509.2541  monitor  238.9806  stab 0.00e+00  [9s]
    step   200  train chi2/bin    1.8234  monitor    1.9714  stab 0.00e+00  [62s]
    step   400  train chi2/bin    0.9926  monitor    1.1737  stab 0.00e+00  [116s]
    step   600  train chi2/bin    0.8088  monitor    0.9491  stab 0.00e+00  [169s]
    step   800  train chi2/bin    0.7606  monitor    0.9034  stab 0.00e+00  [221s]
    step  1000  train chi2/bin    0.7311  monitor    0.8794  stab 0.00e+00  [275s]
    step  1200  train chi2/bin    0.7099  monitor    0.8680  stab 0.00e+00  [330s]
    step  1400  train chi2/bin    0.6925  monitor    0.8594  stab 0.00e+00  [388s]
    step  1600  train chi2/bin    0.6784  monitor    0.8541  stab 0.00e+00  [444s]
    step  1800  train chi2/bin    0.6672  monitor    0.8482  stab 0.00e+00  [500s]
    step  2000  train chi2/bin    0.6586  monitor    0.8473  stab 0.00e+00  [555s]
    step  2200  train chi2/bin    0.6517  monitor    0.8463  stab 0.00e+00  [610s]
    step  2400  train chi2/bin    0.6460  monitor    0.8463  stab 0.00e+00  [666s]
    step  2600  train chi2/bin    0.6415  monitor    0.8467  stab 0.00e+00  [721s]
    early stop at step 2760 (best monitor 0.8455)
  held-out runs (joint_v2_L1_C4_R128x128_H64_c001_c002_c004_c006_c008_val3_kn1softplus_dz005_s1):
    c0.01/p04    fourier both    chi2   0.58/  0.65  L2 0.066/0.068  max +0.025/-0.018  min -0.060/+0.025  EL ok 34it
    c0.01/p06    fourier neutral chi2   0.52/  0.64  L2 0.144/0.143  max -0.041/-0.076  min +0.113/+0.090  EL ok 18it
    c0.01/p10    mixed   both    chi2   0.57/  0.62  L2 0.090/0.084  max -0.007/-0.085  min +0.199/+0.125  EL ok 26it
    c0.01/p14    gauss   neutral chi2   0.65/  0.68  L2 0.037/0.042  max +0.036/+0.039  min -0.211/-0.156  EL ok 15it
    c0.02/p02    fourier both    chi2   0.63/  0.53  L2 0.038/0.035  max -0.041/-0.040  min -0.128/-0.185  EL ok 64it
    c0.02/p06    fourier neutral chi2   0.53/  0.59  L2 0.027/0.024  max -0.032/-0.028  min -0.034/-0.021  EL ok 29it
    c0.02/p09    mixed   both    chi2   0.55/  0.71  L2 0.039/0.043  max +0.049/+0.045  min -0.032/+0.112  EL ok 53it
    c0.02/p14    gauss   neutral chi2   0.58/  0.80  L2 0.022/0.020  max +0.011/+0.010  min -0.126/-0.101  EL ok 14it
    c0.04/p05    fourier both    chi2   0.55/  0.63  L2 0.011/0.010  max -0.017/+0.005  min -0.007/+0.022  EL ok 77it
    c0.04/p16    long    neutral chi2   0.57/  0.63  L2 0.013/0.013  max -0.032/-0.013  min +0.032/+0.036  EL ok 40it
    c0.04/p25    mixed   both    chi2   0.99/  1.17  L2 0.020/0.018  max -0.039/-0.022  min +0.013/+0.039  EL ok 106it
    c0.04/p27    gauss   neutral chi2   2.17/  6.88  L2 0.043/0.048  max +0.065/+0.067  min -0.083/-0.100  EL ok 61it
    c0.06/p00    fourier both    chi2   0.48/  0.64  L2 0.005/0.006  max -0.005/+0.001  min +0.005/+0.008  EL ok 83it
    c0.06/p06    fourier neutral chi2   0.58/  0.50  L2 0.006/0.006  max -0.001/-0.003  min +0.009/+0.005  EL ok 73it
    c0.06/p08    mixed   both    chi2   0.79/  1.36  L2 0.021/0.020  max +0.027/+0.002  min -0.018/+0.012  EL ok 90it
    c0.06/p14    gauss   neutral chi2   0.64/  0.85  L2 0.013/0.007  max +0.021/+0.012  min -0.013/+0.004  EL ok 25it
    c0.08/p02    fourier both    chi2   0.77/  0.84  L2 0.019/0.006  max +0.058/-0.006  min +0.027/+0.003  EL ok 116it
    c0.08/p06    fourier neutral chi2   0.50/  0.57  L2 0.004/0.004  max -0.000/-0.004  min +0.006/+0.006  EL ok 59it
    c0.08/p10    mixed   both    chi2   0.78/  1.05  L2 0.011/0.011  max +0.009/-0.008  min -0.002/+0.024  EL ok 104it
    c0.08/p14    gauss   neutral chi2   1.21/  0.78  L2 0.016/0.003  max +0.023/-0.001  min -0.017/+0.002  EL ok 29it
  bulk structure: c=0.01: Gamma 0.46 SL +1.2e-11 dS_ZZ 0.090 dS_NN 0.190 lmin 0.46@k=0.00  c=0.02: Gamma 1.28 SL +1.8e-12 dS_ZZ 0.023 dS_NN 0.090 lmin 0.73@k=2.23  c=0.04: Gamma 3.84 SL -5.7e-12 dS_ZZ 0.023 dS_NN 0.037 lmin 0.64@k=2.35  c=0.05: Gamma 5.39 SL +1.3e-12 dS_ZZ 0.040 dS_NN 0.037 lmin 0.65@k=2.40  c=0.06: Gamma 7.09 SL -1.0e-12 dS_ZZ 0.031 dS_NN 0.025 lmin 0.65@k=2.46  c=0.08: Gamma 10.28 SL +4.4e-12 dS_ZZ 0.022 dS_NN 0.024 lmin 0.61@k=2.66
  -> /mnt/research/MultiscaleML_group/Liyao/salt_in_polymer_eps2_dz005/runs/learn/joint_v2_L1_C4_R128x128_H64_c001_c002_c004_c006_c008_val3_kn1softplus_dz005_s1  train chi2 0.688  held-out chi2 0.894  rel L2 0.031  (767s fit, 105s eval)

##### 2026-10-04 06:53:33  predict --model /mnt/research/MultiscaleML_group/Liyao/salt_in_polymer_eps2_dz005/runs/learn/joint_v2_L1_C4_R128x128_H64_c001_c002_c004_c006_c008_val3_kn1softplus_dz005_s1 --conc 0.05 --log /mnt/research/MultiscaleML_group/Liyao/salt_in_polymer_eps2_dz005/runs/learn/protocol_kn1softplus_dz005_s1.log
/mnt/ufs18/rs/MultiscaleML_group/Liyao/salt_in_polymer_eps2/code/learn/data.py:182: RuntimeWarning: Profile blocks unavailable: retaining legacy diagonal errors; regenerate profiles for covariance-aware uncertainties.
  sn, sf, uncertainty_method = profile_uncertainties(d, q, uncertainty)
  transfer runs (joint_v2_L1_C4_R128x128_H64_c001_c002_c004_c006_c008_val3_kn1softplus_dz005_s1_predict_c005):
    c0.05/p00    fourier both    chi2   0.56/  0.61  L2 0.007/0.007  max +0.004/+0.008  min +0.010/+0.005  EL ok 83it
    c0.05/p01    fourier both    chi2   0.56/  0.69  L2 0.009/0.013  max -0.005/-0.009  min -0.011/+0.011  EL ok 96it
    c0.05/p02    fourier both    chi2   0.58/  0.62  L2 0.009/0.014  max -0.000/+0.015  min -0.000/+0.033  EL ok 101it
    c0.05/p03    fourier both    chi2   0.58/  0.58  L2 0.006/0.006  max -0.001/-0.006  min +0.004/+0.012  EL ok 81it
    c0.05/p04    fourier both    chi2   0.59/  0.61  L2 0.007/0.008  max +0.001/-0.006  min +0.013/+0.004  EL ok 127it
    c0.05/p05    fourier both    chi2   0.67/  0.62  L2 0.008/0.011  max -0.003/+0.013  min -0.010/+0.005  EL ok 75it
    c0.05/p06    fourier neutral chi2   0.55/  0.53  L2 0.008/0.007  max +0.001/-0.011  min +0.015/+0.015  EL ok 61it
    c0.05/p07    fourier charged chi2   0.57/  0.66  L2 0.008/0.007  max -0.012/+0.005  min -0.008/+0.014  EL ok 91it
    c0.05/p08    mixed   both    chi2   0.64/  0.82  L2 0.021/0.018  max +0.028/-0.000  min -0.013/+0.000  EL ok 91it
    c0.05/p09    mixed   both    chi2   0.63/  0.77  L2 0.017/0.012  max -0.012/+0.014  min -0.008/+0.017  EL ok 114it
    c0.05/p10    mixed   both    chi2   0.47/  0.75  L2 0.009/0.009  max -0.000/-0.003  min -0.002/+0.010  EL ok 91it
    c0.05/p11    mixed   both    chi2   0.85/  1.18  L2 0.017/0.016  max +0.016/+0.006  min +0.042/+0.064  EL ok 94it
    c0.05/p12    mixed   both    chi2   0.78/  1.14  L2 0.021/0.017  max +0.002/+0.016  min -0.017/-0.032  EL ok 86it
    c0.05/p13    gauss   neutral chi2   0.89/  1.17  L2 0.010/0.010  max -0.007/-0.010  min -0.057/+0.011  EL ok 28it
    c0.05/p14    gauss   neutral chi2   0.75/  0.70  L2 0.013/0.010  max +0.027/+0.021  min -0.015/-0.003  EL ok 23it
    c0.05/p15    gauss   charged chi2   0.69/  0.75  L2 0.007/0.007  max -0.005/-0.002  min -0.004/+0.011  EL ok 39it
    c0.05/p16    long    neutral chi2   0.62/  0.59  L2 0.007/0.006  max -0.009/-0.006  min +0.006/+0.010  EL ok 53it
    c0.05/p17    long    neutral chi2   0.57/  0.62  L2 0.007/0.008  max +0.001/+0.000  min +0.016/+0.021  EL ok 47it
    c0.05/p18    long    both    chi2   0.56/  0.58  L2 0.010/0.009  max -0.011/-0.016  min +0.018/+0.032  EL ok 70it
    c0.05/p19    long    both    chi2   0.58/  0.60  L2 0.006/0.006  max -0.004/-0.005  min +0.014/+0.010  EL ok 102it
    c0.05/p20    long3   both    chi2   0.62/  0.57  L2 0.008/0.006  max -0.001/-0.008  min +0.009/+0.011  EL ok 93it
    c0.05/p21    long    charged chi2   0.57/  0.63  L2 0.006/0.005  max -0.013/-0.014  min +0.017/+0.016  EL ok 92it
  bulk structure: c=0.01: Gamma 0.46 SL +1.2e-11 dS_ZZ 0.090 dS_NN 0.190 lmin 0.46@k=0.00  c=0.02: Gamma 1.28 SL +1.8e-12 dS_ZZ 0.023 dS_NN 0.090 lmin 0.73@k=2.23  c=0.04: Gamma 3.84 SL -5.7e-12 dS_ZZ 0.023 dS_NN 0.037 lmin 0.64@k=2.35  c=0.05: Gamma 5.39 SL +1.3e-12 dS_ZZ 0.040 dS_NN 0.037 lmin 0.65@k=2.40  c=0.06: Gamma 7.09 SL -1.0e-12 dS_ZZ 0.031 dS_NN 0.025 lmin 0.65@k=2.46  c=0.08: Gamma 10.28 SL +4.4e-12 dS_ZZ 0.022 dS_NN 0.024 lmin 0.61@k=2.66
  -> /mnt/research/MultiscaleML_group/Liyao/salt_in_polymer_eps2_dz005/runs/learn/joint_v2_L1_C4_R128x128_H64_c001_c002_c004_c006_c008_val3_kn1softplus_dz005_s1/predict_c005: 22 runs, chi2 0.674, rel L2 0.010/0.010, EL converged 22/22
### done Sun Oct  4 06:54:54 AM EDT 2026
