### Sun Oct  4 08:48:12 PM EDT 2026: 134 fine profiles in /mnt/research/MultiscaleML_group/Liyao/salt_in_polymer_eps75_dz005; seed 2 -> joint_v2_L1_C4_R128x128_H64_c001_c002_c004_c006_c008_val3_kn1softplus_dz005_kbK2_long_s2

##### 2026-10-04 20:48:14  joint --nval 3 --variants v2 --depth 1 --C 4 --readout-hidden 128 128 --kernel-net 32 32 --s-max 1 --M 6 --activation softplus --joint-conc 0.01 0.02 0.04 0.06 0.08 --kboost 2 --kboost-mode k --seed 2 --name-suffix _kn1softplus_dz005_kbK2_long_s2 --log /mnt/research/MultiscaleML_group/Liyao/salt_in_polymer_eps75_dz005/runs/learn/protocol_kn1softplus_dz005_s2.log
/mnt/ufs18/rs/MultiscaleML_group/Liyao/salt_in_polymer_eps2/code/learn/data.py:182: RuntimeWarning: Profile blocks unavailable: retaining legacy diagonal errors; regenerate profiles for covariance-aware uncertainties.
  sn, sf, uncertainty_method = profile_uncertainties(d, q, uncertainty)
=== joint_v2_L1_C4_R128x128_H64_c001_c002_c004_c006_c008_val3_kn1softplus_dz005_kbK2_long_s2: v2 L=1 C=4 rf~3.0  train 71 runs [0.01, 0.02, 0.04, 0.06, 0.08], held-out 20, validation 15
  parameters: 19641
    step     0  train chi2/bin  758.1185  monitor  658.1729  stab 0.00e+00  [10s]
    step   200  train chi2/bin    2.5305  monitor    8.0461  stab 0.00e+00  [83s]
    step   400  train chi2/bin    1.0768  monitor    2.3922  stab 0.00e+00  [156s]
    step   600  train chi2/bin    0.8588  monitor    1.4943  stab 0.00e+00  [229s]
    step   800  train chi2/bin    0.7761  monitor    1.1235  stab 0.00e+00  [302s]
    step  1000  train chi2/bin    0.7436  monitor    0.9560  stab 0.00e+00  [374s]
    step  1200  train chi2/bin    0.7268  monitor    0.8616  stab 0.00e+00  [448s]
    step  1400  train chi2/bin    0.7169  monitor    0.8069  stab 0.00e+00  [521s]
    step  1600  train chi2/bin    0.7104  monitor    0.7732  stab 0.00e+00  [594s]
    step  1800  train chi2/bin    0.7058  monitor    0.7523  stab 0.00e+00  [666s]
    step  2000  train chi2/bin    0.7022  monitor    0.7392  stab 0.00e+00  [739s]
    step  2200  train chi2/bin    0.6994  monitor    0.7316  stab 0.00e+00  [812s]
    step  2400  train chi2/bin    0.6972  monitor    0.7276  stab 0.00e+00  [885s]
    step  2600  train chi2/bin    0.6954  monitor    0.7256  stab 0.00e+00  [946s]
    step  2800  train chi2/bin    0.6940  monitor    0.7248  stab 0.00e+00  [996s]
    step  3000  train chi2/bin    0.6930  monitor    0.7246  stab 0.00e+00  [1047s]
    step  3200  train chi2/bin    0.6922  monitor    0.7246  stab 0.00e+00  [1098s]
    step  3400  train chi2/bin    0.6917  monitor    0.7247  stab 0.00e+00  [1149s]
    step  3600  train chi2/bin    0.6914  monitor    0.7249  stab 0.00e+00  [1200s]
    step  3800  train chi2/bin    0.6912  monitor    0.7249  stab 0.00e+00  [1251s]
  held-out runs (joint_v2_L1_C4_R128x128_H64_c001_c002_c004_c006_c008_val3_kn1softplus_dz005_kbK2_long_s2):
    c0.01/p04    fourier both    chi2   0.56/  0.57  L2 0.033/0.027  max -0.024/-0.041  min +0.095/+0.067  EL ok 30it
    c0.01/p06    fourier neutral chi2   0.47/  0.67  L2 0.037/0.027  max -0.026/-0.030  min +0.075/+0.038  EL ok 15it
    c0.01/p10    mixed   both    chi2   0.50/  0.55  L2 0.053/0.049  max -0.053/-0.050  min -0.064/+0.056  EL ok 21it
    c0.01/p14    gauss   neutral chi2   0.56/  0.61  L2 0.007/0.008  max +0.008/-0.008  min +0.027/+0.003  EL ok 12it
    c0.02/p02    fourier both    chi2   0.60/  0.64  L2 0.013/0.017  max -0.000/-0.025  min -0.008/+0.016  EL ok 56it
    c0.02/p06    fourier neutral chi2   0.61/  0.57  L2 0.024/0.019  max -0.037/-0.009  min +0.054/+0.050  EL ok 31it
    c0.02/p09    mixed   both    chi2   0.55/  0.64  L2 0.025/0.020  max -0.002/-0.011  min -0.076/-0.026  EL ok 36it
    c0.02/p14    gauss   neutral chi2   0.60/  0.64  L2 0.008/0.004  max -0.016/+0.000  min +0.024/+0.011  EL ok 15it
    c0.04/p03    fourier neutral chi2   0.60/  0.50  L2 0.014/0.009  max -0.003/+0.001  min +0.058/+0.017  EL ok 68it
    c0.04/p07    fourier both    chi2   0.61/  0.58  L2 0.014/0.009  max +0.005/-0.018  min +0.038/+0.041  EL ok 65it
    c0.04/p16    mixed   both    chi2   0.53/  0.65  L2 0.017/0.013  max +0.018/+0.013  min +0.013/-0.001  EL ok 61it
    c0.04/p21    gauss   neutral chi2   0.70/  0.54  L2 0.005/0.004  max -0.001/-0.005  min +0.016/-0.002  EL ok 17it
    c0.06/p00    fourier both    chi2   0.58/  0.63  L2 0.010/0.007  max +0.006/-0.005  min -0.008/-0.003  EL ok 64it
    c0.06/p06    fourier neutral chi2   0.57/  0.60  L2 0.011/0.007  max -0.008/-0.018  min +0.000/+0.007  EL ok 53it
    c0.06/p08    mixed   both    chi2   0.63/  0.67  L2 0.012/0.008  max +0.004/+0.008  min +0.001/-0.005  EL ok 63it
    c0.06/p14    gauss   neutral chi2   0.58/  0.51  L2 0.008/0.006  max +0.013/-0.005  min +0.006/-0.012  EL ok 22it
    c0.08/p02    fourier both    chi2   0.84/  1.01  L2 0.030/0.016  max +0.045/+0.018  min -0.004/+0.001  EL ok 100it
    c0.08/p06    fourier neutral chi2   0.44/  0.58  L2 0.009/0.006  max +0.023/-0.014  min -0.007/+0.009  EL ok 56it
    c0.08/p10    mixed   both    chi2   0.59/  0.77  L2 0.014/0.009  max +0.029/-0.006  min -0.067/-0.003  EL ok 82it
    c0.08/p14    gauss   neutral chi2   0.54/  1.12  L2 0.006/0.007  max +0.008/-0.006  min -0.001/-0.011  EL ok 24it
  bulk structure: c=0.01: Gamma 1.33 SL +1.2e-12 dS_ZZ 0.031 dS_NN 0.050 lmin 0.83@k=1.71  c=0.02: Gamma 2.30 SL +2.0e-13 dS_ZZ 0.029 dS_NN 0.031 lmin 0.75@k=1.77  c=0.04: Gamma 4.83 SL +1.2e-12 dS_ZZ 0.026 dS_NN 0.025 lmin 0.66@k=1.86  c=0.05: Gamma 6.03 SL +4.5e-13 dS_ZZ 0.044 dS_NN 0.021 lmin 0.59@k=1.85  c=0.06: Gamma 7.23 SL +7.3e-13 dS_ZZ 0.095 dS_NN 0.029 lmin 0.52@k=1.88  c=0.08: Gamma 9.69 SL +2.1e-12 dS_ZZ 0.157 dS_NN 0.025 lmin 0.42@k=1.86
  -> /mnt/research/MultiscaleML_group/Liyao/salt_in_polymer_eps75_dz005/runs/learn/joint_v2_L1_C4_R128x128_H64_c001_c002_c004_c006_c008_val3_kn1softplus_dz005_kbK2_long_s2  train chi2 0.591  held-out chi2 0.618  rel L2 0.015  (1305s fit, 113s eval)

##### 2026-10-04 21:12:29  predict --model /mnt/research/MultiscaleML_group/Liyao/salt_in_polymer_eps75_dz005/runs/learn/joint_v2_L1_C4_R128x128_H64_c001_c002_c004_c006_c008_val3_kn1softplus_dz005_kbK2_long_s2 --conc 0.05 --log /mnt/research/MultiscaleML_group/Liyao/salt_in_polymer_eps75_dz005/runs/learn/protocol_kn1softplus_dz005_s2.log
/mnt/ufs18/rs/MultiscaleML_group/Liyao/salt_in_polymer_eps2/code/learn/data.py:182: RuntimeWarning: Profile blocks unavailable: retaining legacy diagonal errors; regenerate profiles for covariance-aware uncertainties.
  sn, sf, uncertainty_method = profile_uncertainties(d, q, uncertainty)
  transfer runs (joint_v2_L1_C4_R128x128_H64_c001_c002_c004_c006_c008_val3_kn1softplus_dz005_kbK2_long_s2_predict_c005):
    c0.05/p00    fourier both    chi2   0.58/  0.59  L2 0.011/0.008  max -0.002/-0.010  min +0.013/+0.006  EL ok 65it
    c0.05/p01    fourier both    chi2   0.60/  0.89  L2 0.012/0.016  max -0.019/-0.034  min +0.015/+0.019  EL ok 81it
    c0.05/p02    fourier both    chi2   0.56/  0.57  L2 0.010/0.007  max +0.006/-0.013  min +0.041/+0.018  EL ok 76it
    c0.05/p03    fourier both    chi2   0.59/  0.64  L2 0.009/0.006  max +0.001/-0.001  min -0.002/+0.006  EL ok 72it
    c0.05/p04    fourier both    chi2   0.60/  0.61  L2 0.009/0.007  max +0.003/-0.008  min +0.034/+0.004  EL ok 74it
    c0.05/p05    fourier both    chi2   0.58/  0.56  L2 0.011/0.007  max -0.012/-0.002  min +0.016/+0.004  EL ok 62it
    c0.05/p06    fourier neutral chi2   0.57/  0.58  L2 0.010/0.007  max -0.001/-0.010  min +0.000/+0.012  EL ok 53it
    c0.05/p07    fourier charged chi2   0.63/  0.57  L2 0.009/0.008  max +0.004/+0.005  min +0.002/+0.012  EL ok 65it
    c0.05/p08    mixed   both    chi2   0.59/  0.57  L2 0.011/0.007  max +0.007/+0.010  min -0.001/+0.002  EL ok 75it
    c0.05/p09    mixed   both    chi2   0.62/  0.67  L2 0.014/0.010  max +0.012/+0.006  min -0.017/-0.001  EL ok 68it
    c0.05/p10    mixed   both    chi2   0.67/  0.65  L2 0.011/0.008  max +0.000/+0.000  min +0.015/+0.004  EL ok 74it
    c0.05/p11    mixed   both    chi2   0.54/  0.61  L2 0.010/0.008  max -0.004/+0.007  min +0.010/+0.011  EL ok 71it
    c0.05/p12    mixed   both    chi2   0.67/  0.71  L2 0.015/0.010  max +0.012/+0.003  min -0.008/-0.004  EL ok 67it
    c0.05/p13    gauss   neutral chi2   0.60/  0.62  L2 0.005/0.004  max -0.008/-0.004  min +0.023/+0.019  EL ok 21it
    c0.05/p14    gauss   neutral chi2   0.60/  0.64  L2 0.006/0.004  max +0.008/-0.003  min +0.005/-0.002  EL ok 17it
    c0.05/p15    gauss   charged chi2   0.40/  0.61  L2 0.007/0.007  max +0.002/+0.010  min -0.029/+0.001  EL ok 37it
    c0.05/p16    long    neutral chi2   0.54/  0.55  L2 0.008/0.006  max -0.010/-0.011  min +0.024/+0.009  EL ok 39it
    c0.05/p17    long    neutral chi2   0.55/  0.57  L2 0.010/0.008  max -0.010/-0.003  min +0.019/+0.015  EL ok 37it
    c0.05/p18    long    both    chi2   0.60/  0.60  L2 0.011/0.009  max -0.013/-0.020  min +0.025/+0.022  EL ok 60it
    c0.05/p19    long    both    chi2   0.52/  0.64  L2 0.009/0.007  max -0.015/-0.014  min +0.021/+0.015  EL ok 78it
    c0.05/p20    long3   both    chi2   0.57/  0.54  L2 0.011/0.009  max -0.027/-0.013  min +0.036/+0.023  EL ok 65it
    c0.05/p21    long    charged chi2   0.61/  0.52  L2 0.011/0.008  max -0.027/-0.017  min +0.016/+0.017  EL ok 71it
  bulk structure: c=0.01: Gamma 1.33 SL +1.2e-12 dS_ZZ 0.031 dS_NN 0.050 lmin 0.83@k=1.71  c=0.02: Gamma 2.30 SL +2.0e-13 dS_ZZ 0.029 dS_NN 0.031 lmin 0.75@k=1.77  c=0.04: Gamma 4.83 SL +1.2e-12 dS_ZZ 0.026 dS_NN 0.025 lmin 0.66@k=1.86  c=0.05: Gamma 6.03 SL +4.5e-13 dS_ZZ 0.044 dS_NN 0.021 lmin 0.59@k=1.85  c=0.06: Gamma 7.23 SL +7.3e-13 dS_ZZ 0.095 dS_NN 0.029 lmin 0.52@k=1.88  c=0.08: Gamma 9.69 SL +2.1e-12 dS_ZZ 0.157 dS_NN 0.025 lmin 0.42@k=1.86
  -> /mnt/research/MultiscaleML_group/Liyao/salt_in_polymer_eps75_dz005/runs/learn/joint_v2_L1_C4_R128x128_H64_c001_c002_c004_c006_c008_val3_kn1softplus_dz005_kbK2_long_s2/predict_c005: 22 runs, chi2 0.597, rel L2 0.010/0.008, EL converged 22/22
### done Sun Oct  4 09:13:46 PM EDT 2026
