### Sun Oct  4 08:48:12 PM EDT 2026: 144 fine profiles in /mnt/research/MultiscaleML_group/Liyao/salt_in_polymer_eps2_dz005; seed 0 -> joint_v2_L1_C4_R128x128_H64_c001_c002_c004_c006_c008_val3_kn1softplus_dz005_kbK2_s0

##### 2026-10-04 20:48:14  joint --nval 3 --variants v2 --depth 1 --C 4 --readout-hidden 128 128 --kernel-net 32 32 --s-max 1 --M 6 --activation softplus --joint-conc 0.01 0.02 0.04 0.06 0.08 --kboost 2 --kboost-mode k --seed 0 --name-suffix _kn1softplus_dz005_kbK2_s0 --log /mnt/research/MultiscaleML_group/Liyao/salt_in_polymer_eps2_dz005/runs/learn/protocol_kn1softplus_dz005_s0.log
/mnt/ufs18/rs/MultiscaleML_group/Liyao/salt_in_polymer_eps2/code/learn/data.py:182: RuntimeWarning: Profile blocks unavailable: retaining legacy diagonal errors; regenerate profiles for covariance-aware uncertainties.
  sn, sf, uncertainty_method = profile_uncertainties(d, q, uncertainty)
=== joint_v2_L1_C4_R128x128_H64_c001_c002_c004_c006_c008_val3_kn1softplus_dz005_kbK2_s0: v2 L=1 C=4 rf~3.0  train 80 runs [0.01, 0.02, 0.04, 0.06, 0.08], held-out 20, validation 15
  parameters: 19641
    step     0  train chi2/bin  724.1086  monitor  239.1585  stab 0.00e+00  [9s]
    step   200  train chi2/bin    3.5017  monitor    2.4552  stab 0.00e+00  [87s]
    step   400  train chi2/bin    1.2604  monitor    1.1758  stab 0.00e+00  [167s]
    step   600  train chi2/bin    1.0141  monitor    1.0054  stab 0.00e+00  [245s]
    step   800  train chi2/bin    0.9219  monitor    0.8907  stab 0.00e+00  [324s]
    step  1000  train chi2/bin    0.8748  monitor    0.8485  stab 0.00e+00  [403s]
    step  1200  train chi2/bin    0.8440  monitor    0.8336  stab 0.00e+00  [482s]
    step  1400  train chi2/bin    0.8231  monitor    0.8321  stab 0.00e+00  [561s]
    step  1600  train chi2/bin    0.8088  monitor    0.8396  stab 0.00e+00  [640s]
    step  1800  train chi2/bin    0.7976  monitor    0.8488  stab 0.00e+00  [719s]
    step  2000  train chi2/bin    0.7885  monitor    0.8576  stab 0.00e+00  [798s]
    step  2200  train chi2/bin    0.7809  monitor    0.8648  stab 0.00e+00  [877s]
    early stop at step 2300 (best monitor 0.8305)
  held-out runs (joint_v2_L1_C4_R128x128_H64_c001_c002_c004_c006_c008_val3_kn1softplus_dz005_kbK2_s0):
    c0.01/p04    fourier both    chi2   0.59/  0.65  L2 0.067/0.066  max +0.046/-0.005  min -0.060/+0.015  EL ok 37it
    c0.01/p06    fourier neutral chi2   0.52/  0.63  L2 0.147/0.144  max -0.035/-0.071  min +0.104/+0.088  EL ok 21it
    c0.01/p10    mixed   both    chi2   0.57/  0.59  L2 0.095/0.084  max +0.010/-0.054  min +0.178/+0.091  EL ok 24it
    c0.01/p14    gauss   neutral chi2   0.65/  0.67  L2 0.037/0.042  max +0.032/+0.040  min -0.221/-0.161  EL ok 15it
    c0.02/p02    fourier both    chi2   0.66/  0.53  L2 0.037/0.029  max -0.035/-0.026  min -0.190/-0.156  EL ok 59it
    c0.02/p06    fourier neutral chi2   0.54/  0.57  L2 0.030/0.025  max -0.024/-0.031  min -0.063/-0.030  EL ok 25it
    c0.02/p09    mixed   both    chi2   0.58/  0.62  L2 0.046/0.043  max +0.078/+0.088  min -0.090/+0.030  EL ok 60it
    c0.02/p14    gauss   neutral chi2   0.64/  0.83  L2 0.038/0.031  max +0.030/+0.030  min -0.191/-0.143  EL ok 15it
    c0.04/p05    fourier both    chi2   0.55/  0.63  L2 0.011/0.010  max -0.021/+0.002  min -0.008/+0.025  EL ok 70it
    c0.04/p16    long    neutral chi2   0.57/  0.63  L2 0.012/0.012  max -0.030/-0.011  min +0.028/+0.032  EL ok 43it
    c0.04/p25    mixed   both    chi2   1.00/  1.82  L2 0.021/0.023  max -0.037/-0.031  min -0.017/+0.050  EL ok 93it
    c0.04/p27    gauss   neutral chi2   1.87/  4.86  L2 0.032/0.041  max +0.045/+0.055  min -0.168/-0.142  EL ok 63it
    c0.06/p00    fourier both    chi2   0.48/  0.64  L2 0.005/0.005  max -0.006/+0.000  min +0.006/+0.009  EL ok 82it
    c0.06/p06    fourier neutral chi2   0.58/  0.50  L2 0.006/0.006  max -0.004/-0.006  min +0.012/+0.006  EL ok 68it
    c0.06/p08    mixed   both    chi2   0.80/  1.24  L2 0.021/0.019  max +0.025/+0.003  min -0.030/+0.001  EL ok 88it
    c0.06/p14    gauss   neutral chi2   0.68/  1.00  L2 0.013/0.009  max +0.018/+0.014  min -0.016/-0.001  EL ok 24it
    c0.08/p02    fourier both    chi2   0.80/  1.13  L2 0.018/0.007  max +0.049/+0.001  min +0.029/+0.002  EL ok 121it
    c0.08/p06    fourier neutral chi2   0.53/  0.68  L2 0.005/0.005  max -0.003/-0.007  min +0.009/+0.009  EL ok 62it
    c0.08/p10    mixed   both    chi2   0.75/  1.45  L2 0.011/0.014  max +0.010/-0.009  min -0.015/+0.009  EL ok 98it
    c0.08/p14    gauss   neutral chi2   1.56/  1.89  L2 0.017/0.004  max +0.022/+0.001  min -0.018/-0.004  EL ok 34it
  bulk structure: c=0.01: Gamma 0.39 SL +8.2e-13 dS_ZZ 0.071 dS_NN 0.193 lmin 0.39@k=0.00  c=0.02: Gamma 1.05 SL +2.5e-12 dS_ZZ 0.034 dS_NN 0.086 lmin 0.67@k=2.29  c=0.04: Gamma 3.75 SL +1.6e-12 dS_ZZ 0.025 dS_NN 0.031 lmin 0.64@k=2.38  c=0.05: Gamma 5.32 SL -1.0e-11 dS_ZZ 0.066 dS_NN 0.042 lmin 0.67@k=2.44  c=0.06: Gamma 7.03 SL -2.7e-12 dS_ZZ 0.046 dS_NN 0.034 lmin 0.66@k=2.49  c=0.08: Gamma 10.82 SL +7.0e-13 dS_ZZ 0.024 dS_NN 0.063 lmin 0.64@k=2.69
  -> /mnt/research/MultiscaleML_group/Liyao/salt_in_polymer_eps2_dz005/runs/learn/joint_v2_L1_C4_R128x128_H64_c001_c002_c004_c006_c008_val3_kn1softplus_dz005_kbK2_s0  train chi2 0.701  held-out chi2 0.912  rel L2 0.032  (918s fit, 106s eval)

##### 2026-10-04 21:05:54  predict --model /mnt/research/MultiscaleML_group/Liyao/salt_in_polymer_eps2_dz005/runs/learn/joint_v2_L1_C4_R128x128_H64_c001_c002_c004_c006_c008_val3_kn1softplus_dz005_kbK2_s0 --conc 0.05 --log /mnt/research/MultiscaleML_group/Liyao/salt_in_polymer_eps2_dz005/runs/learn/protocol_kn1softplus_dz005_s0.log
/mnt/ufs18/rs/MultiscaleML_group/Liyao/salt_in_polymer_eps2/code/learn/data.py:182: RuntimeWarning: Profile blocks unavailable: retaining legacy diagonal errors; regenerate profiles for covariance-aware uncertainties.
  sn, sf, uncertainty_method = profile_uncertainties(d, q, uncertainty)
  transfer runs (joint_v2_L1_C4_R128x128_H64_c001_c002_c004_c006_c008_val3_kn1softplus_dz005_kbK2_s0_predict_c005):
    c0.05/p00    fourier both    chi2   0.56/  0.61  L2 0.007/0.007  max +0.002/+0.007  min +0.012/+0.005  EL ok 80it
    c0.05/p01    fourier both    chi2   0.56/  0.63  L2 0.009/0.010  max -0.020/-0.018  min +0.018/-0.010  EL ok 106it
    c0.05/p02    fourier both    chi2   0.57/  0.57  L2 0.008/0.012  max -0.013/+0.008  min +0.011/+0.031  EL ok 88it
    c0.05/p03    fourier both    chi2   0.58/  0.58  L2 0.006/0.006  max -0.005/-0.009  min +0.006/+0.013  EL ok 90it
    c0.05/p04    fourier both    chi2   0.59/  0.61  L2 0.007/0.008  max -0.003/-0.009  min +0.018/+0.004  EL ok 126it
    c0.05/p05    fourier both    chi2   0.65/  0.61  L2 0.007/0.009  max -0.008/+0.006  min -0.005/+0.003  EL ok 83it
    c0.05/p06    fourier neutral chi2   0.56/  0.54  L2 0.008/0.007  max -0.003/-0.014  min +0.017/+0.015  EL ok 55it
    c0.05/p07    fourier charged chi2   0.57/  0.71  L2 0.008/0.009  max -0.010/+0.014  min +0.003/-0.001  EL ok 90it
    c0.05/p08    mixed   both    chi2   0.66/  0.80  L2 0.022/0.017  max +0.027/-0.000  min -0.028/-0.006  EL ok 90it
    c0.05/p09    mixed   both    chi2   0.64/  0.83  L2 0.018/0.013  max -0.016/+0.017  min -0.021/-0.001  EL ok 108it
    c0.05/p10    mixed   both    chi2   0.47/  0.73  L2 0.011/0.009  max -0.007/-0.002  min +0.004/+0.006  EL ok 96it
    c0.05/p11    mixed   both    chi2   0.83/  1.47  L2 0.016/0.017  max +0.010/+0.002  min +0.035/+0.084  EL ok 77it
    c0.05/p12    mixed   both    chi2   0.88/  1.37  L2 0.023/0.020  max -0.004/+0.014  min -0.041/-0.042  EL ok 98it
    c0.05/p13    gauss   neutral chi2   1.12/  1.07  L2 0.011/0.008  max -0.011/-0.005  min -0.047/-0.012  EL ok 37it
    c0.05/p14    gauss   neutral chi2   0.69/  0.73  L2 0.013/0.009  max +0.021/+0.018  min -0.018/-0.007  EL ok 28it
    c0.05/p15    gauss   charged chi2   0.72/  0.66  L2 0.007/0.006  max -0.007/+0.001  min +0.014/+0.012  EL ok 47it
    c0.05/p16    long    neutral chi2   0.62/  0.59  L2 0.007/0.006  max -0.009/-0.005  min +0.005/+0.009  EL ok 41it
    c0.05/p17    long    neutral chi2   0.57/  0.62  L2 0.007/0.008  max +0.001/+0.001  min +0.016/+0.020  EL ok 49it
    c0.05/p18    long    both    chi2   0.55/  0.58  L2 0.008/0.008  max -0.010/-0.015  min +0.009/+0.025  EL ok 78it
    c0.05/p19    long    both    chi2   0.58/  0.61  L2 0.006/0.006  max -0.004/-0.004  min +0.012/+0.009  EL ok 103it
    c0.05/p20    long3   both    chi2   0.61/  0.57  L2 0.008/0.006  max -0.001/-0.008  min +0.007/+0.009  EL ok 83it
    c0.05/p21    long    charged chi2   0.57/  0.63  L2 0.006/0.005  max -0.013/-0.014  min +0.017/+0.016  EL ok 90it
  bulk structure: c=0.01: Gamma 0.39 SL +8.2e-13 dS_ZZ 0.071 dS_NN 0.193 lmin 0.39@k=0.00  c=0.02: Gamma 1.05 SL +2.5e-12 dS_ZZ 0.034 dS_NN 0.086 lmin 0.67@k=2.29  c=0.04: Gamma 3.75 SL +1.6e-12 dS_ZZ 0.025 dS_NN 0.031 lmin 0.64@k=2.38  c=0.05: Gamma 5.32 SL -1.0e-11 dS_ZZ 0.066 dS_NN 0.042 lmin 0.67@k=2.44  c=0.06: Gamma 7.03 SL -2.7e-12 dS_ZZ 0.046 dS_NN 0.034 lmin 0.66@k=2.49  c=0.08: Gamma 10.82 SL +7.0e-13 dS_ZZ 0.024 dS_NN 0.063 lmin 0.64@k=2.69
  -> /mnt/research/MultiscaleML_group/Liyao/salt_in_polymer_eps2_dz005/runs/learn/joint_v2_L1_C4_R128x128_H64_c001_c002_c004_c006_c008_val3_kn1softplus_dz005_kbK2_s0/predict_c005: 22 runs, chi2 0.688, rel L2 0.010/0.009, EL converged 22/22
### done Sun Oct  4 09:07:17 PM EDT 2026
