### Sun Oct  4 08:48:12 PM EDT 2026: 134 fine profiles in /mnt/research/MultiscaleML_group/Liyao/salt_in_polymer_eps75_dz005; seed 0 -> joint_v2_L1_C4_R128x128_H64_c001_c002_c004_c006_c008_val3_kn1softplus_dz005_kbK2_long_s0

##### 2026-10-04 20:48:14  joint --nval 3 --variants v2 --depth 1 --C 4 --readout-hidden 128 128 --kernel-net 32 32 --s-max 1 --M 6 --activation softplus --joint-conc 0.01 0.02 0.04 0.06 0.08 --kboost 2 --kboost-mode k --seed 0 --name-suffix _kn1softplus_dz005_kbK2_long_s0 --log /mnt/research/MultiscaleML_group/Liyao/salt_in_polymer_eps75_dz005/runs/learn/protocol_kn1softplus_dz005_s0.log
/mnt/ufs18/rs/MultiscaleML_group/Liyao/salt_in_polymer_eps2/code/learn/data.py:182: RuntimeWarning: Profile blocks unavailable: retaining legacy diagonal errors; regenerate profiles for covariance-aware uncertainties.
  sn, sf, uncertainty_method = profile_uncertainties(d, q, uncertainty)
=== joint_v2_L1_C4_R128x128_H64_c001_c002_c004_c006_c008_val3_kn1softplus_dz005_kbK2_long_s0: v2 L=1 C=4 rf~3.0  train 71 runs [0.01, 0.02, 0.04, 0.06, 0.08], held-out 20, validation 15
  parameters: 19641
    step     0  train chi2/bin  758.1826  monitor  658.4456  stab 0.00e+00  [10s]
    step   200  train chi2/bin    2.4096  monitor    7.3788  stab 0.00e+00  [69s]
    step   400  train chi2/bin    1.0471  monitor    1.9628  stab 0.00e+00  [127s]
    step   600  train chi2/bin    0.8385  monitor    1.1166  stab 0.00e+00  [186s]
    step   800  train chi2/bin    0.7594  monitor    0.9069  stab 0.00e+00  [245s]
    step  1000  train chi2/bin    0.7310  monitor    0.7922  stab 0.00e+00  [303s]
    step  1200  train chi2/bin    0.7180  monitor    0.7488  stab 0.00e+00  [362s]
    step  1400  train chi2/bin    0.7104  monitor    0.7239  stab 0.00e+00  [421s]
    step  1600  train chi2/bin    0.7056  monitor    0.7077  stab 0.00e+00  [480s]
    step  1800  train chi2/bin    0.7020  monitor    0.6969  stab 0.00e+00  [539s]
    step  2000  train chi2/bin    0.6992  monitor    0.6901  stab 0.00e+00  [598s]
    step  2200  train chi2/bin    0.6969  monitor    0.6859  stab 0.00e+00  [656s]
    step  2400  train chi2/bin    0.6950  monitor    0.6833  stab 0.00e+00  [715s]
    step  2600  train chi2/bin    0.6935  monitor    0.6817  stab 0.00e+00  [774s]
    step  2800  train chi2/bin    0.6923  monitor    0.6807  stab 0.00e+00  [833s]
    step  3000  train chi2/bin    0.6915  monitor    0.6801  stab 0.00e+00  [892s]
    step  3200  train chi2/bin    0.6908  monitor    0.6798  stab 0.00e+00  [951s]
    step  3400  train chi2/bin    0.6904  monitor    0.6796  stab 0.00e+00  [1009s]
    step  3600  train chi2/bin    0.6901  monitor    0.6795  stab 0.00e+00  [1068s]
    step  3800  train chi2/bin    0.6899  monitor    0.6795  stab 0.00e+00  [1127s]
  held-out runs (joint_v2_L1_C4_R128x128_H64_c001_c002_c004_c006_c008_val3_kn1softplus_dz005_kbK2_long_s0):
    c0.01/p04    fourier both    chi2   0.56/  0.57  L2 0.036/0.028  max -0.012/-0.043  min +0.071/+0.061  EL ok 37it
    c0.01/p06    fourier neutral chi2   0.47/  0.67  L2 0.038/0.027  max -0.017/-0.028  min +0.062/+0.035  EL ok 16it
    c0.01/p10    mixed   both    chi2   0.50/  0.55  L2 0.056/0.049  max -0.038/-0.045  min -0.093/+0.051  EL ok 22it
    c0.01/p14    gauss   neutral chi2   0.56/  0.61  L2 0.015/0.009  max +0.019/-0.008  min +0.002/+0.000  EL ok 12it
    c0.02/p02    fourier both    chi2   0.61/  0.63  L2 0.015/0.017  max +0.004/-0.022  min -0.027/+0.012  EL ok 42it
    c0.02/p06    fourier neutral chi2   0.61/  0.57  L2 0.025/0.018  max -0.034/-0.008  min +0.045/+0.047  EL ok 28it
    c0.02/p09    mixed   both    chi2   0.56/  0.62  L2 0.026/0.019  max +0.004/-0.012  min -0.101/-0.019  EL ok 40it
    c0.02/p14    gauss   neutral chi2   0.61/  0.63  L2 0.007/0.004  max -0.015/+0.000  min +0.006/+0.006  EL ok 14it
    c0.04/p03    fourier neutral chi2   0.60/  0.51  L2 0.013/0.009  max +0.000/+0.002  min +0.044/+0.021  EL ok 62it
    c0.04/p07    fourier both    chi2   0.61/  0.58  L2 0.013/0.009  max +0.007/-0.019  min +0.032/+0.044  EL ok 75it
    c0.04/p16    mixed   both    chi2   0.53/  0.64  L2 0.017/0.013  max +0.020/+0.011  min +0.006/+0.002  EL ok 58it
    c0.04/p21    gauss   neutral chi2   0.70/  0.52  L2 0.005/0.003  max -0.003/-0.002  min +0.014/+0.001  EL ok 19it
    c0.06/p00    fourier both    chi2   0.58/  0.62  L2 0.008/0.006  max +0.002/-0.008  min -0.009/+0.000  EL ok 65it
    c0.06/p06    fourier neutral chi2   0.57/  0.60  L2 0.010/0.007  max -0.010/-0.017  min -0.002/+0.006  EL ok 64it
    c0.06/p08    mixed   both    chi2   0.62/  0.64  L2 0.010/0.006  max +0.001/+0.007  min +0.006/-0.001  EL ok 72it
    c0.06/p14    gauss   neutral chi2   0.56/  0.54  L2 0.006/0.006  max +0.010/-0.005  min -0.001/-0.015  EL ok 21it
    c0.08/p02    fourier both    chi2   0.80/  0.88  L2 0.025/0.011  max +0.037/+0.010  min +0.005/+0.003  EL ok 95it
    c0.08/p06    fourier neutral chi2   0.44/  0.57  L2 0.008/0.005  max +0.019/-0.013  min -0.005/+0.008  EL ok 63it
    c0.08/p10    mixed   both    chi2   0.56/  0.80  L2 0.013/0.009  max +0.026/-0.008  min -0.066/+0.007  EL ok 81it
    c0.08/p14    gauss   neutral chi2   0.55/  0.91  L2 0.005/0.005  max +0.007/-0.004  min -0.010/-0.007  EL ok 24it
  bulk structure: c=0.01: Gamma 1.36 SL +1.3e-12 dS_ZZ 0.050 dS_NN 0.066 lmin 0.81@k=1.68  c=0.02: Gamma 2.34 SL -1.4e-12 dS_ZZ 0.039 dS_NN 0.034 lmin 0.74@k=1.77  c=0.04: Gamma 4.82 SL +2.1e-13 dS_ZZ 0.027 dS_NN 0.024 lmin 0.66@k=1.86  c=0.05: Gamma 5.95 SL -1.1e-13 dS_ZZ 0.039 dS_NN 0.022 lmin 0.60@k=1.88  c=0.06: Gamma 7.22 SL -1.1e-12 dS_ZZ 0.051 dS_NN 0.025 lmin 0.55@k=1.88  c=0.08: Gamma 9.72 SL -2.8e-13 dS_ZZ 0.047 dS_NN 0.025 lmin 0.48@k=1.86
  -> /mnt/research/MultiscaleML_group/Liyao/salt_in_polymer_eps75_dz005/runs/learn/joint_v2_L1_C4_R128x128_H64_c001_c002_c004_c006_c008_val3_kn1softplus_dz005_kbK2_long_s0  train chi2 0.588  held-out chi2 0.606  rel L2 0.015  (1187s fit, 104s eval)

##### 2026-10-04 21:10:22  predict --model /mnt/research/MultiscaleML_group/Liyao/salt_in_polymer_eps75_dz005/runs/learn/joint_v2_L1_C4_R128x128_H64_c001_c002_c004_c006_c008_val3_kn1softplus_dz005_kbK2_long_s0 --conc 0.05 --log /mnt/research/MultiscaleML_group/Liyao/salt_in_polymer_eps75_dz005/runs/learn/protocol_kn1softplus_dz005_s0.log
/mnt/ufs18/rs/MultiscaleML_group/Liyao/salt_in_polymer_eps2/code/learn/data.py:182: RuntimeWarning: Profile blocks unavailable: retaining legacy diagonal errors; regenerate profiles for covariance-aware uncertainties.
  sn, sf, uncertainty_method = profile_uncertainties(d, q, uncertainty)
  transfer runs (joint_v2_L1_C4_R128x128_H64_c001_c002_c004_c006_c008_val3_kn1softplus_dz005_kbK2_long_s0_predict_c005):
    c0.05/p00    fourier both    chi2   0.58/  0.59  L2 0.011/0.008  max -0.003/-0.010  min +0.010/+0.006  EL ok 57it
    c0.05/p01    fourier both    chi2   0.59/  0.74  L2 0.011/0.013  max -0.010/-0.020  min +0.015/+0.040  EL ok 84it
    c0.05/p02    fourier both    chi2   0.56/  0.55  L2 0.010/0.007  max +0.007/-0.007  min +0.051/+0.015  EL ok 81it
    c0.05/p03    fourier both    chi2   0.59/  0.65  L2 0.009/0.007  max -0.000/-0.000  min -0.003/+0.006  EL ok 65it
    c0.05/p04    fourier both    chi2   0.60/  0.61  L2 0.009/0.007  max +0.006/-0.006  min +0.034/-0.002  EL ok 80it
    c0.05/p05    fourier both    chi2   0.58/  0.56  L2 0.011/0.007  max -0.013/-0.001  min +0.012/+0.001  EL ok 69it
    c0.05/p06    fourier neutral chi2   0.57/  0.58  L2 0.010/0.007  max -0.001/-0.008  min -0.003/+0.009  EL ok 52it
    c0.05/p07    fourier charged chi2   0.62/  0.57  L2 0.009/0.009  max +0.005/+0.007  min -0.033/+0.010  EL ok 71it
    c0.05/p08    mixed   both    chi2   0.59/  0.56  L2 0.011/0.007  max +0.006/+0.011  min -0.004/+0.000  EL ok 66it
    c0.05/p09    mixed   both    chi2   0.62/  0.69  L2 0.014/0.011  max +0.015/+0.009  min -0.035/-0.009  EL ok 66it
    c0.05/p10    mixed   both    chi2   0.66/  0.65  L2 0.010/0.009  max +0.001/+0.002  min -0.007/-0.004  EL ok 61it
    c0.05/p11    mixed   both    chi2   0.54/  0.62  L2 0.010/0.008  max -0.002/+0.002  min +0.008/+0.015  EL ok 77it
    c0.05/p12    mixed   both    chi2   0.65/  0.71  L2 0.014/0.010  max +0.015/+0.003  min -0.021/-0.005  EL ok 70it
    c0.05/p13    gauss   neutral chi2   0.61/  0.57  L2 0.004/0.002  max -0.003/-0.003  min +0.014/-0.001  EL ok 23it
    c0.05/p14    gauss   neutral chi2   0.59/  0.72  L2 0.005/0.006  max +0.006/-0.002  min +0.000/-0.006  EL ok 25it
    c0.05/p15    gauss   charged chi2   0.40/  0.62  L2 0.006/0.009  max +0.000/+0.013  min -0.041/-0.004  EL ok 27it
    c0.05/p16    long    neutral chi2   0.54/  0.55  L2 0.008/0.006  max -0.009/-0.010  min +0.023/+0.008  EL ok 37it
    c0.05/p17    long    neutral chi2   0.55/  0.56  L2 0.010/0.008  max -0.009/-0.003  min +0.018/+0.014  EL ok 31it
    c0.05/p18    long    both    chi2   0.60/  0.61  L2 0.010/0.008  max -0.012/-0.019  min +0.023/+0.019  EL ok 59it
    c0.05/p19    long    both    chi2   0.52/  0.63  L2 0.009/0.007  max -0.014/-0.013  min +0.020/+0.013  EL ok 90it
    c0.05/p20    long3   both    chi2   0.57/  0.55  L2 0.010/0.008  max -0.027/-0.012  min +0.034/+0.021  EL ok 59it
    c0.05/p21    long    charged chi2   0.61/  0.52  L2 0.011/0.008  max -0.027/-0.017  min +0.016/+0.017  EL ok 81it
  bulk structure: c=0.01: Gamma 1.36 SL +1.3e-12 dS_ZZ 0.050 dS_NN 0.066 lmin 0.81@k=1.68  c=0.02: Gamma 2.34 SL -1.4e-12 dS_ZZ 0.039 dS_NN 0.034 lmin 0.74@k=1.77  c=0.04: Gamma 4.82 SL +2.1e-13 dS_ZZ 0.027 dS_NN 0.024 lmin 0.66@k=1.86  c=0.05: Gamma 5.95 SL -1.1e-13 dS_ZZ 0.039 dS_NN 0.022 lmin 0.60@k=1.88  c=0.06: Gamma 7.22 SL -1.1e-12 dS_ZZ 0.051 dS_NN 0.025 lmin 0.55@k=1.88  c=0.08: Gamma 9.72 SL -2.8e-13 dS_ZZ 0.047 dS_NN 0.025 lmin 0.48@k=1.86
  -> /mnt/research/MultiscaleML_group/Liyao/salt_in_polymer_eps75_dz005/runs/learn/joint_v2_L1_C4_R128x128_H64_c001_c002_c004_c006_c008_val3_kn1softplus_dz005_kbK2_long_s0/predict_c005: 22 runs, chi2 0.594, rel L2 0.010/0.008, EL converged 22/22
### done Sun Oct  4 09:11:37 PM EDT 2026
