### Sun Oct  4 08:48:12 PM EDT 2026: 144 fine profiles in /mnt/research/MultiscaleML_group/Liyao/salt_in_polymer_eps2_dz005; seed 1 -> joint_v2_L1_C4_R128x128_H64_c001_c002_c004_c006_c008_val3_kn1softplus_dz005_kbK2_s1

##### 2026-10-04 20:48:14  joint --nval 3 --variants v2 --depth 1 --C 4 --readout-hidden 128 128 --kernel-net 32 32 --s-max 1 --M 6 --activation softplus --joint-conc 0.01 0.02 0.04 0.06 0.08 --kboost 2 --kboost-mode k --seed 1 --name-suffix _kn1softplus_dz005_kbK2_s1 --log /mnt/research/MultiscaleML_group/Liyao/salt_in_polymer_eps2_dz005/runs/learn/protocol_kn1softplus_dz005_s1.log
/mnt/ufs18/rs/MultiscaleML_group/Liyao/salt_in_polymer_eps2/code/learn/data.py:182: RuntimeWarning: Profile blocks unavailable: retaining legacy diagonal errors; regenerate profiles for covariance-aware uncertainties.
  sn, sf, uncertainty_method = profile_uncertainties(d, q, uncertainty)
=== joint_v2_L1_C4_R128x128_H64_c001_c002_c004_c006_c008_val3_kn1softplus_dz005_kbK2_s1: v2 L=1 C=4 rf~3.0  train 80 runs [0.01, 0.02, 0.04, 0.06, 0.08], held-out 20, validation 15
  parameters: 19641
    step     0  train chi2/bin  724.0602  monitor  239.0800  stab 0.00e+00  [9s]
    step   200  train chi2/bin    2.8654  monitor    1.8557  stab 0.00e+00  [66s]
    step   400  train chi2/bin    1.1349  monitor    1.0789  stab 0.00e+00  [122s]
    step   600  train chi2/bin    0.9735  monitor    0.9622  stab 0.00e+00  [179s]
    step   800  train chi2/bin    0.9154  monitor    0.9231  stab 0.00e+00  [235s]
    step  1000  train chi2/bin    0.8819  monitor    0.8723  stab 0.00e+00  [292s]
    step  1200  train chi2/bin    0.8584  monitor    0.8412  stab 0.00e+00  [348s]
    step  1400  train chi2/bin    0.8404  monitor    0.8230  stab 0.00e+00  [405s]
    step  1600  train chi2/bin    0.8259  monitor    0.8124  stab 0.00e+00  [461s]
    step  1800  train chi2/bin    0.8136  monitor    0.8073  stab 0.00e+00  [518s]
    step  2000  train chi2/bin    0.8033  monitor    0.8054  stab 0.00e+00  [574s]
    step  2200  train chi2/bin    0.7945  monitor    0.8056  stab 0.00e+00  [631s]
    step  2400  train chi2/bin    0.7871  monitor    0.8067  stab 0.00e+00  [688s]
    step  2600  train chi2/bin    0.7809  monitor    0.8082  stab 0.00e+00  [744s]
    step  2800  train chi2/bin    0.7759  monitor    0.8096  stab 0.00e+00  [800s]
    step  3000  train chi2/bin    0.7720  monitor    0.8109  stab 0.00e+00  [857s]
    early stop at step 3080 (best monitor 0.8053)
  held-out runs (joint_v2_L1_C4_R128x128_H64_c001_c002_c004_c006_c008_val3_kn1softplus_dz005_kbK2_s1):
    c0.01/p04    fourier both    chi2   0.58/  0.63  L2 0.072/0.069  max +0.059/+0.005  min -0.055/+0.038  EL ok 37it
    c0.01/p06    fourier neutral chi2   0.52/  0.64  L2 0.155/0.152  max -0.025/-0.063  min +0.082/+0.063  EL ok 21it
    c0.01/p10    mixed   both    chi2   0.57/  0.59  L2 0.098/0.088  max +0.012/-0.065  min +0.217/+0.084  EL ok 32it
    c0.01/p14    gauss   neutral chi2   0.68/  0.70  L2 0.046/0.047  max +0.042/+0.042  min -0.255/-0.198  EL ok 16it
    c0.02/p02    fourier both    chi2   0.61/  0.57  L2 0.030/0.028  max -0.027/-0.037  min -0.105/-0.142  EL ok 63it
    c0.02/p06    fourier neutral chi2   0.54/  0.57  L2 0.027/0.023  max -0.042/-0.044  min -0.033/-0.012  EL ok 29it
    c0.02/p09    mixed   both    chi2   0.55/  0.57  L2 0.038/0.036  max +0.045/+0.050  min -0.035/+0.058  EL ok 57it
    c0.02/p14    gauss   neutral chi2   0.60/  0.86  L2 0.024/0.021  max +0.011/+0.010  min -0.140/-0.117  EL ok 14it
    c0.04/p05    fourier both    chi2   0.55/  0.63  L2 0.011/0.010  max -0.015/+0.004  min -0.001/+0.023  EL ok 81it
    c0.04/p16    long    neutral chi2   0.57/  0.63  L2 0.013/0.013  max -0.032/-0.013  min +0.032/+0.035  EL ok 41it
    c0.04/p25    mixed   both    chi2   1.02/  1.38  L2 0.021/0.020  max -0.033/-0.022  min +0.016/+0.046  EL ok 89it
    c0.04/p27    gauss   neutral chi2   1.38/  7.80  L2 0.020/0.056  max +0.031/+0.082  min -0.101/-0.129  EL ok 58it
    c0.06/p00    fourier both    chi2   0.48/  0.63  L2 0.005/0.005  max -0.004/+0.001  min +0.006/+0.009  EL ok 88it
    c0.06/p06    fourier neutral chi2   0.58/  0.49  L2 0.006/0.006  max -0.002/-0.006  min +0.011/+0.005  EL ok 64it
    c0.06/p08    mixed   both    chi2   0.80/  1.06  L2 0.022/0.016  max +0.030/+0.010  min -0.023/+0.003  EL ok 96it
    c0.06/p14    gauss   neutral chi2   0.68/  0.98  L2 0.014/0.009  max +0.022/+0.012  min -0.018/-0.011  EL ok 29it
    c0.08/p02    fourier both    chi2   0.80/  1.06  L2 0.018/0.007  max +0.044/-0.008  min +0.037/+0.004  EL ok 120it
    c0.08/p06    fourier neutral chi2   0.50/  0.61  L2 0.004/0.004  max +0.001/-0.006  min +0.008/+0.006  EL ok 71it
    c0.08/p10    mixed   both    chi2   0.87/  0.82  L2 0.016/0.008  max +0.012/+0.008  min -0.021/-0.007  EL ok 103it
    c0.08/p14    gauss   neutral chi2   1.25/  1.73  L2 0.018/0.003  max +0.026/-0.004  min -0.016/-0.000  EL ok 38it
  bulk structure: c=0.01: Gamma 0.29 SL -4.5e-12 dS_ZZ 0.099 dS_NN 0.259 lmin 0.29@k=0.00  c=0.02: Gamma 1.00 SL -4.8e-12 dS_ZZ 0.053 dS_NN 0.056 lmin 0.75@k=2.26  c=0.04: Gamma 3.86 SL +7.3e-13 dS_ZZ 0.021 dS_NN 0.030 lmin 0.62@k=2.38  c=0.05: Gamma 5.36 SL +3.5e-12 dS_ZZ 0.032 dS_NN 0.025 lmin 0.59@k=2.44  c=0.06: Gamma 7.07 SL -4.1e-12 dS_ZZ 0.034 dS_NN 0.030 lmin 0.57@k=2.49  c=0.08: Gamma 10.77 SL -3.7e-12 dS_ZZ 0.040 dS_NN 0.030 lmin 0.49@k=2.66
  -> /mnt/research/MultiscaleML_group/Liyao/salt_in_polymer_eps2_dz005/runs/learn/joint_v2_L1_C4_R128x128_H64_c001_c002_c004_c006_c008_val3_kn1softplus_dz005_kbK2_s1  train chi2 0.676  held-out chi2 0.927  rel L2 0.032  (881s fit, 100s eval)

##### 2026-10-04 21:05:08  predict --model /mnt/research/MultiscaleML_group/Liyao/salt_in_polymer_eps2_dz005/runs/learn/joint_v2_L1_C4_R128x128_H64_c001_c002_c004_c006_c008_val3_kn1softplus_dz005_kbK2_s1 --conc 0.05 --log /mnt/research/MultiscaleML_group/Liyao/salt_in_polymer_eps2_dz005/runs/learn/protocol_kn1softplus_dz005_s1.log
/mnt/ufs18/rs/MultiscaleML_group/Liyao/salt_in_polymer_eps2/code/learn/data.py:182: RuntimeWarning: Profile blocks unavailable: retaining legacy diagonal errors; regenerate profiles for covariance-aware uncertainties.
  sn, sf, uncertainty_method = profile_uncertainties(d, q, uncertainty)
  transfer runs (joint_v2_L1_C4_R128x128_H64_c001_c002_c004_c006_c008_val3_kn1softplus_dz005_kbK2_s1_predict_c005):
    c0.05/p00    fourier both    chi2   0.56/  0.62  L2 0.008/0.007  max +0.006/+0.009  min +0.011/+0.005  EL ok 89it
    c0.05/p01    fourier both    chi2   0.57/  0.62  L2 0.014/0.013  max -0.022/-0.011  min -0.055/+0.008  EL ok 104it
    c0.05/p02    fourier both    chi2   0.57/  0.53  L2 0.011/0.012  max -0.007/+0.013  min -0.011/+0.028  EL ok 102it
    c0.05/p03    fourier both    chi2   0.58/  0.57  L2 0.006/0.006  max -0.002/-0.006  min -0.001/+0.008  EL ok 104it
    c0.05/p04    fourier both    chi2   0.59/  0.58  L2 0.007/0.008  max +0.003/-0.005  min +0.019/+0.003  EL ok 103it
    c0.05/p05    fourier both    chi2   0.66/  0.60  L2 0.009/0.010  max -0.006/+0.009  min -0.016/-0.004  EL ok 79it
    c0.05/p06    fourier neutral chi2   0.55/  0.53  L2 0.008/0.007  max +0.001/-0.013  min +0.009/+0.009  EL ok 66it
    c0.05/p07    fourier charged chi2   0.58/  0.68  L2 0.008/0.008  max -0.005/+0.010  min +0.001/+0.011  EL ok 96it
    c0.05/p08    mixed   both    chi2   0.67/  0.75  L2 0.023/0.016  max +0.034/+0.010  min -0.026/-0.010  EL ok 92it
    c0.05/p09    mixed   both    chi2   0.67/  0.79  L2 0.020/0.013  max -0.011/+0.023  min -0.038/-0.003  EL ok 97it
    c0.05/p10    mixed   both    chi2   0.47/  0.71  L2 0.012/0.010  max +0.003/+0.011  min -0.034/-0.013  EL ok 98it
    c0.05/p11    mixed   both    chi2   0.83/  1.16  L2 0.016/0.017  max +0.007/+0.013  min +0.028/+0.058  EL ok 98it
    c0.05/p12    mixed   both    chi2   0.79/  1.40  L2 0.022/0.022  max -0.004/+0.022  min -0.019/-0.048  EL ok 114it
    c0.05/p13    gauss   neutral chi2   0.76/  1.39  L2 0.007/0.011  max -0.007/-0.009  min -0.020/+0.026  EL ok 33it
    c0.05/p14    gauss   neutral chi2   0.77/  0.80  L2 0.013/0.011  max +0.023/+0.017  min -0.026/-0.023  EL ok 28it
    c0.05/p15    gauss   charged chi2   0.64/  0.59  L2 0.006/0.005  max +0.003/+0.002  min -0.019/+0.001  EL ok 44it
    c0.05/p16    long    neutral chi2   0.61/  0.59  L2 0.007/0.006  max -0.009/-0.005  min +0.005/+0.009  EL ok 48it
    c0.05/p17    long    neutral chi2   0.57/  0.62  L2 0.007/0.008  max +0.001/+0.001  min +0.016/+0.020  EL ok 42it
    c0.05/p18    long    both    chi2   0.55/  0.57  L2 0.010/0.009  max -0.011/-0.016  min +0.019/+0.033  EL ok 73it
    c0.05/p19    long    both    chi2   0.58/  0.60  L2 0.005/0.006  max -0.004/-0.005  min +0.013/+0.010  EL ok 89it
    c0.05/p20    long3   both    chi2   0.61/  0.57  L2 0.008/0.006  max -0.001/-0.008  min +0.006/+0.009  EL ok 99it
    c0.05/p21    long    charged chi2   0.57/  0.62  L2 0.006/0.005  max -0.012/-0.014  min +0.017/+0.016  EL ok 101it
  bulk structure: c=0.01: Gamma 0.29 SL -4.5e-12 dS_ZZ 0.099 dS_NN 0.259 lmin 0.29@k=0.00  c=0.02: Gamma 1.00 SL -4.8e-12 dS_ZZ 0.053 dS_NN 0.056 lmin 0.75@k=2.26  c=0.04: Gamma 3.86 SL +7.3e-13 dS_ZZ 0.021 dS_NN 0.030 lmin 0.62@k=2.38  c=0.05: Gamma 5.36 SL +3.5e-12 dS_ZZ 0.032 dS_NN 0.025 lmin 0.59@k=2.44  c=0.06: Gamma 7.07 SL -4.1e-12 dS_ZZ 0.034 dS_NN 0.030 lmin 0.57@k=2.49  c=0.08: Gamma 10.77 SL -3.7e-12 dS_ZZ 0.040 dS_NN 0.030 lmin 0.49@k=2.66
  -> /mnt/research/MultiscaleML_group/Liyao/salt_in_polymer_eps2_dz005/runs/learn/joint_v2_L1_C4_R128x128_H64_c001_c002_c004_c006_c008_val3_kn1softplus_dz005_kbK2_s1/predict_c005: 22 runs, chi2 0.674, rel L2 0.011/0.010, EL converged 22/22
### done Sun Oct  4 09:06:26 PM EDT 2026
