### acceptance for /mnt/gs21/scratch/lyuliyao/salt_in_polymer/runs/prod_T1.0_c0.02/field_p08  Thu Sep 24 03:53:57 AM EDT 2026
### lz = 24.376019, mmax = 18
==========================================================================
YBG check  run=/mnt/gs21/scratch/lyuliyao/salt_in_polymer/runs/prod_T1.0_c0.02/field_p08  potential=p08 kind=both pp(V_N)=1.15 pp(psi)=0.75 kT

  cation: applied external force vs. stored spec, per particle: max dev 7.36e-05 of range  OK
        bin-by-bin: 99.2% of 244 bins within 2 sigma, chi^2/bin = 0.72
         m  driven   kT k_m |n_m|        |f_m|         |diff|/err
         1   -     4.57889e-05   9.12191e-05      0.65
         2   -     1.77342e-05   1.59338e-04      0.69
         3  yes    6.55787e-04   6.87769e-04      0.49
         4  yes    1.51198e-03   1.35269e-03      2.24
         5  yes    1.11225e-03   8.48684e-04      0.73
         6  yes    2.00145e-04   1.16480e-04      0.36
         7   -     3.41778e-04   5.80988e-04      1.41
         8   -     1.51585e-04   4.29213e-04      1.06
        driven modes only: max |diff|/err = 2.24
        n_mean = 0.01657, contrast n_max/n_min = 3.09

  anion: applied external force vs. stored spec, per particle: max dev 6.53e-05 of range  OK
        bin-by-bin: 99.2% of 244 bins within 2 sigma, chi^2/bin = 0.56
         m  driven   kT k_m |n_m|        |f_m|         |diff|/err
         1   -     3.95849e-05   1.79666e-04      1.31
         2   -     2.04278e-05   1.02399e-04      0.79
         3  yes    4.15751e-04   4.41372e-04      1.26
         4  yes    1.19656e-03   1.22028e-03      0.31
         5  yes    8.22173e-04   7.68641e-04      0.34
         6  yes    3.53150e-03   3.52109e-03      0.42
         7   -     1.73861e-04   1.47798e-04      0.27
         8   -     1.13005e-04   1.22875e-04      0.73
        driven modes only: max |diff|/err = 1.26
        n_mean = 0.01657, contrast n_max/n_min = 3.40

wrote /mnt/gs21/scratch/lyuliyao/salt_in_polymer/runs/prod_T1.0_c0.02/field_p08/profiles.npz
==========================================================================
==========================================================================
field acceptance  /mnt/gs21/scratch/lyuliyao/salt_in_polymer/runs/prod_T1.0_c0.02/field_p08
  cation: halves agree on 95.1% of 244 bins (chi^2/bin 0.84, max pull 3.0)   [diagnostic]
          mode by mode: median 0.6 sigma, worst m=3 at 1.6 sigma  OK
  anion : halves agree on 97.5% of 244 bins (chi^2/bin 0.86, max pull 2.9)   [diagnostic]
          mode by mode: median 0.7 sigma, worst m=3 at 1.6 sigma  OK
  mean ion current over 8000 samples:
    v_cm,z(cation) = +2.521e-04 +- 2.3e-04  (1.1 sigma from zero)  OK
    v_cm,z(anion ) = -1.705e-04 +- 1.8e-04  (1.0 sigma from zero)  OK
  -> PASS
==========================================================================
### acceptance p08 done Thu Sep 24 03:55:23 AM EDT 2026
