### acceptance for /mnt/gs21/scratch/lyuliyao/salt_in_polymer/runs/prod_T1.0_c0.01/field_p12  Thu Sep 24 09:28:16 PM EDT 2026
### lz = 24.359204, mmax = 18
==========================================================================
YBG check  run=/mnt/gs21/scratch/lyuliyao/salt_in_polymer/runs/prod_T1.0_c0.01/field_p12  potential=p12 kind=both pp(V_N)=1.62 pp(psi)=2.01 kT

  cation: applied external force vs. stored spec, per particle: max dev 7.97e-05 of range  OK
        bin-by-bin: 97.5% of 244 bins within 2 sigma, chi^2/bin = 0.79
         m  driven   kT k_m |n_m|        |f_m|         |diff|/err
         1   -     6.77627e-05   1.03233e-04      1.00
         2   -     7.32663e-05   2.02019e-04      0.80
         3  yes    1.06778e-03   1.01130e-03      0.34
         4  yes    1.32973e-03   1.29472e-03      1.00
         5  yes    1.45930e-03   1.57257e-03      0.58
         6  yes    2.19168e-03   2.18121e-03      0.50
         7   -     6.21502e-04   5.00127e-04      1.12
         8   -     7.72125e-04   6.26608e-04      1.44
        driven modes only: max |diff|/err = 2.63
        n_mean = 0.00830, contrast n_max/n_min = 17.31

  anion: applied external force vs. stored spec, per particle: max dev 6.13e-05 of range  OK
        bin-by-bin: 99.6% of 244 bins within 2 sigma, chi^2/bin = 0.49
         m  driven   kT k_m |n_m|        |f_m|         |diff|/err
         1   -     6.11264e-05   1.04956e-04      0.42
         2   -     2.65839e-05   1.50780e-04      1.10
         3  yes    4.86135e-04   4.48491e-04      0.53
         4  yes    8.77853e-04   9.01778e-04      0.91
         5  yes    1.25291e-03   1.25712e-03      0.05
         6  yes    1.89655e-03   1.81526e-03      0.77
         7   -     7.76287e-05   4.66720e-05      0.47
         8   -     1.47009e-04   1.69931e-04      0.81
        driven modes only: max |diff|/err = 1.00
        n_mean = 0.00830, contrast n_max/n_min = 6.03

wrote /mnt/gs21/scratch/lyuliyao/salt_in_polymer/runs/prod_T1.0_c0.01/field_p12/profiles.npz
==========================================================================
==========================================================================
field acceptance  /mnt/gs21/scratch/lyuliyao/salt_in_polymer/runs/prod_T1.0_c0.01/field_p12
  L = 24.3592, driven modes [3, 4, 5, 6, 12, 16]
  cation: halves agree on 98.8% of 244 bins (chi^2/bin 0.43, max pull 2.2)   [diagnostic]
          driven modes: median 0.7 sigma, worst m=3 at 0.9 sigma  OK   [undriven worst m=7 at 1.5 sigma, not a gate]
  anion : halves agree on 100.0% of 244 bins (chi^2/bin 0.40, max pull 1.7)   [diagnostic]
          driven modes: median 0.7 sigma, worst m=16 at 1.2 sigma  OK   [undriven worst m=7 at 0.9 sigma, not a gate]
  mean ion current over 7400 samples:
    v_cm,z(cation) = -2.582e-04 +- 4.9e-04  (0.5 sigma from zero)  OK
    v_cm,z(anion ) = +1.981e-04 +- 4.9e-04  (0.4 sigma from zero)  OK
  -> PASS
==========================================================================
### acceptance p12 done Thu Sep 24 09:28:23 PM EDT 2026
