### acceptance for /mnt/gs21/scratch/lyuliyao/salt_in_polymer/runs/prod_T1.0_c0.08/field_p15  Fri Sep 25 12:36:19 AM EDT 2026
### lz = 24.971625, mmax = 14
==========================================================================
YBG check  run=/mnt/gs21/scratch/lyuliyao/salt_in_polymer/runs/prod_T1.0_c0.08/field_p15  potential=p15 kind=charged pp(V_N)=0.00 pp(psi)=3.26 kT

  cation: applied external force vs. stored spec, per particle: max dev 4.21e-05 of range  OK
        bin-by-bin: 98.0% of 250 bins within 2 sigma, chi^2/bin = 0.61
         m  driven   kT k_m |n_m|        |f_m|         |diff|/err
         1   -     1.98168e-05   1.37641e-04      0.81
         2   -     2.72847e-05   2.48693e-04      1.34
         3   -     4.94423e-05   1.74905e-04      0.49
         4  yes    1.55640e-02   1.56914e-02      0.53
         5   -     1.02269e-04   1.30137e-04      0.83
         6   -     1.91686e-04   2.90076e-04      0.48
         7   -     2.28754e-04   3.70328e-04      0.48
         8  yes    2.72296e-02   2.73534e-02      0.37
        driven modes only: max |diff|/err = 0.53
        n_mean = 0.06165, contrast n_max/n_min = 7.71

  anion: applied external force vs. stored spec, per particle: max dev 4.57e-05 of range  OK
        bin-by-bin: 99.6% of 250 bins within 2 sigma, chi^2/bin = 0.47
         m  driven   kT k_m |n_m|        |f_m|         |diff|/err
         1   -     1.55302e-05   1.07270e-04      0.97
         2   -     1.74617e-05   1.34354e-04      1.27
         3   -     1.05316e-05   1.08511e-04      1.17
         4  yes    5.61982e-03   5.66843e-03      0.84
         5   -     4.67031e-05   1.21534e-04      0.58
         6   -     6.05188e-05   1.45588e-04      0.37
         7   -     1.23701e-04   2.02619e-04      0.52
         8  yes    2.39499e-02   2.41563e-02      1.06
        driven modes only: max |diff|/err = 1.06
        n_mean = 0.06165, contrast n_max/n_min = 2.58

wrote /mnt/gs21/scratch/lyuliyao/salt_in_polymer/runs/prod_T1.0_c0.08/field_p15/profiles.npz
==========================================================================
==========================================================================
field acceptance  /mnt/gs21/scratch/lyuliyao/salt_in_polymer/runs/prod_T1.0_c0.08/field_p15
  L = 24.9716, driven modes [4, 8, 12, 16, 20, 24]
  cation: halves agree on 96.4% of 250 bins (chi^2/bin 0.85, max pull 2.6)   [diagnostic]
          driven modes: median 0.4 sigma, worst m=8 at 0.6 sigma  OK   [undriven worst m=6 at 1.4 sigma, not a gate]
  anion : halves agree on 94.8% of 250 bins (chi^2/bin 0.98, max pull 3.1)   [diagnostic]
          driven modes: median 1.0 sigma, worst m=4 at 1.3 sigma  OK   [undriven worst m=6 at 1.2 sigma, not a gate]
  mean ion current over 28661 samples:
    v_cm,z(cation) = +6.852e-05 +- 1.0e-04  (0.7 sigma from zero)  OK
    v_cm,z(anion ) = +2.031e-05 +- 1.0e-04  (0.2 sigma from zero)  OK
  -> PASS
==========================================================================
### acceptance p15 done Fri Sep 25 12:55:47 AM EDT 2026
