### acceptance for /mnt/gs21/scratch/lyuliyao/salt_in_polymer/runs/pilot_T1.0_c0.04_one_both/field_p00  Thu Sep 24 04:01:01 AM EDT 2026
### lz = 24.502285, mmax = 8
==========================================================================
YBG check  run=/mnt/gs21/scratch/lyuliyao/salt_in_polymer/runs/pilot_T1.0_c0.04_one_both/field_p00  potential=p00 kind=both pp(V_N)=0.60 pp(psi)=0.60 kT

  cation: applied external force vs. stored spec, per particle: max dev 3.34e-05 of range  OK
        bin-by-bin: 95.9% of 245 bins within 2 sigma, chi^2/bin = 0.84
         m  driven   kT k_m |n_m|        |f_m|         |diff|/err
         1   -     9.05702e-06   4.86879e-05      0.19
         2   -     6.45380e-05   3.72118e-04      1.10
         3  yes    1.03284e-03   7.26627e-04      0.83
         4  yes    2.12415e-03   2.14855e-03      0.90
         5   -     1.00139e-04   1.91962e-05      0.30
         6  yes    5.17636e-03   4.95791e-03      1.21
         7   -     2.21476e-04   1.38382e-04      0.27
         8   -     2.11958e-04   1.85579e-04      0.27
        driven modes only: max |diff|/err = 1.21
        n_mean = 0.03263, contrast n_max/n_min = 2.11

  anion: applied external force vs. stored spec, per particle: max dev 3.51e-05 of range  OK
        bin-by-bin: 99.2% of 245 bins within 2 sigma, chi^2/bin = 0.61
         m  driven   kT k_m |n_m|        |f_m|         |diff|/err
         1   -     8.26708e-06   4.16431e-05      0.25
         2   -     4.07187e-05   9.06070e-05      0.40
         3  yes    3.65898e-04   2.04037e-04      1.83
         4  yes    7.00864e-04   6.49991e-04      0.55
         5   -     2.89269e-05   2.15100e-04      1.49
         6  yes    3.64284e-03   3.78288e-03      1.47
         7   -     1.20469e-04   2.08592e-04      0.44
         8   -     1.05469e-04   9.01162e-05      0.54
        driven modes only: max |diff|/err = 1.83
        n_mean = 0.03263, contrast n_max/n_min = 1.50

wrote /mnt/gs21/scratch/lyuliyao/salt_in_polymer/runs/pilot_T1.0_c0.04_one_both/field_p00/profiles.npz
==========================================================================
==========================================================================
field acceptance  /mnt/gs21/scratch/lyuliyao/salt_in_polymer/runs/pilot_T1.0_c0.04_one_both/field_p00
  cation: halves agree on 92.7% of 246 bins (chi^2/bin 1.09, max pull 3.4)   [diagnostic]
          mode by mode: median 0.7 sigma, worst m=7 at 2.0 sigma  OK
  anion : halves agree on 95.9% of 246 bins (chi^2/bin 1.05, max pull 2.4)   [diagnostic]
          mode by mode: median 0.9 sigma, worst m=8 at 1.3 sigma  OK
  mean ion current over 11600 samples:
    v_cm,z(cation) = +1.510e-04 +- 2.0e-04  (0.7 sigma from zero)  OK
    v_cm,z(anion ) = +1.870e-04 +- 1.5e-04  (1.2 sigma from zero)  OK
  -> PASS
==========================================================================
### acceptance p00 done Thu Sep 24 04:01:38 AM EDT 2026
