### acceptance for /mnt/gs21/scratch/lyuliyao/salt_in_polymer/runs/prod_T1.0_c0.08/field_p04  Fri Sep 25 12:30:44 AM EDT 2026
### lz = 24.971625, mmax = 7
==========================================================================
YBG check  run=/mnt/gs21/scratch/lyuliyao/salt_in_polymer/runs/prod_T1.0_c0.08/field_p04  potential=p04 kind=both pp(V_N)=0.60 pp(psi)=2.70 kT

  cation: applied external force vs. stored spec, per particle: max dev 3.59e-05 of range  OK
        bin-by-bin: 98.0% of 250 bins within 2 sigma, chi^2/bin = 0.59
         m  driven   kT k_m |n_m|        |f_m|         |diff|/err
         1   -     3.01117e-05   3.86076e-05      0.12
         2   -     1.18825e-05   2.44410e-04      1.24
         3  yes    2.27924e-03   2.26802e-03      0.81
         4  yes    5.76128e-03   5.99911e-03      1.50
         5  yes    1.21052e-02   1.23589e-02      0.97
         6   -     2.35442e-04   2.65348e-04      0.29
         7   -     6.50488e-04   9.21009e-04      0.58
        driven modes only: max |diff|/err = 1.50
        n_mean = 0.06165, contrast n_max/n_min = 3.25

  anion: applied external force vs. stored spec, per particle: max dev 3.66e-05 of range  OK
        bin-by-bin: 98.8% of 250 bins within 2 sigma, chi^2/bin = 0.45
         m  driven   kT k_m |n_m|        |f_m|         |diff|/err
         1   -     2.80006e-05   1.36071e-04      1.10
         2   -     9.03952e-06   1.20842e-04      1.23
         3  yes    1.66910e-04   2.82270e-04      1.11
         4  yes    1.75570e-03   1.83047e-03      0.70
         5  yes    5.64045e-03   5.57117e-03      0.54
         6   -     5.63876e-05   3.59845e-05      0.27
         7   -     2.67779e-04   1.61743e-04      0.39
        driven modes only: max |diff|/err = 1.11
        n_mean = 0.06165, contrast n_max/n_min = 1.50

wrote /mnt/gs21/scratch/lyuliyao/salt_in_polymer/runs/prod_T1.0_c0.08/field_p04/profiles.npz
==========================================================================
==========================================================================
field acceptance  /mnt/gs21/scratch/lyuliyao/salt_in_polymer/runs/prod_T1.0_c0.08/field_p04
  L = 24.9716, driven modes [3, 4, 5]
  cation: halves agree on 96.8% of 250 bins (chi^2/bin 0.89, max pull 2.4)   [diagnostic]
          driven modes: median 0.7 sigma, worst m=3 at 1.0 sigma  OK   [undriven worst m=7 at 1.5 sigma, not a gate]
  anion : halves agree on 94.8% of 250 bins (chi^2/bin 1.09, max pull 2.7)   [diagnostic]
          driven modes: median 0.7 sigma, worst m=4 at 2.1 sigma  OK   [undriven worst m=1 at 1.5 sigma, not a gate]
  mean ion current over 29106 samples:
    v_cm,z(cation) = +7.994e-05 +- 1.2e-04  (0.7 sigma from zero)  OK
    v_cm,z(anion ) = +1.108e-05 +- 1.2e-04  (0.1 sigma from zero)  OK
  -> PASS
==========================================================================
### acceptance p04 done Fri Sep 25 12:50:14 AM EDT 2026
