### acceptance for /mnt/gs21/scratch/lyuliyao/salt_in_polymer/runs/prod_T1.0_c0.01/field_p05  Thu Sep 24 03:50:09 AM EDT 2026
### lz = 24.359204, mmax = 7
==========================================================================
YBG check  run=/mnt/gs21/scratch/lyuliyao/salt_in_polymer/runs/prod_T1.0_c0.01/field_p05  potential=p05 kind=both pp(V_N)=1.52 pp(psi)=0.52 kT

  cation: applied external force vs. stored spec, per particle: max dev 2.75e-05 of range  OK
        bin-by-bin: 98.0% of 244 bins within 2 sigma, chi^2/bin = 0.77
         m  driven   kT k_m |n_m|        |f_m|         |diff|/err
         1   -     4.96042e-05   2.09471e-04      1.30
         2   -     5.08617e-05   1.28486e-04      0.99
         3  yes    6.69275e-04   5.97989e-04      0.41
         4  yes    1.91061e-03   1.85794e-03      1.94
         5  yes    8.56612e-04   1.04700e-03      1.49
         6   -     1.18625e-04   3.05687e-04      1.08
         7   -     3.90972e-04   2.60290e-04      0.79
        driven modes only: max |diff|/err = 1.94
        n_mean = 0.00830, contrast n_max/n_min = 4.20

  anion: applied external force vs. stored spec, per particle: max dev 2.88e-05 of range  OK
        bin-by-bin: 98.0% of 244 bins within 2 sigma, chi^2/bin = 0.58
         m  driven   kT k_m |n_m|        |f_m|         |diff|/err
         1   -     4.18683e-05   2.84770e-05      0.14
         2   -     4.61275e-05   5.18285e-05      0.66
         3  yes    5.67867e-04   5.33358e-04      0.90
         4  yes    1.45387e-03   1.50377e-03      0.57
         5  yes    1.97840e-03   2.06920e-03      0.94
         6   -     6.39660e-05   5.25438e-05      0.22
         7   -     2.31971e-04   2.26900e-04      0.19
        driven modes only: max |diff|/err = 0.94
        n_mean = 0.00830, contrast n_max/n_min = 3.87

wrote /mnt/gs21/scratch/lyuliyao/salt_in_polymer/runs/prod_T1.0_c0.01/field_p05/profiles.npz
==========================================================================
==========================================================================
field acceptance  /mnt/gs21/scratch/lyuliyao/salt_in_polymer/runs/prod_T1.0_c0.01/field_p05
  cation: halves agree on 93.0% of 244 bins (chi^2/bin 1.31, max pull 3.1)   [diagnostic]
          mode by mode: median 0.7 sigma, worst m=3 at 2.0 sigma  OK
  anion : halves agree on 95.9% of 244 bins (chi^2/bin 0.86, max pull 2.9)   [diagnostic]
          mode by mode: median 1.1 sigma, worst m=4 at 1.7 sigma  OK
  mean ion current over 7400 samples:
    v_cm,z(cation) = +7.536e-05 +- 3.5e-04  (0.2 sigma from zero)  OK
    v_cm,z(anion ) = -6.028e-06 +- 7.6e-04  (0.0 sigma from zero)  OK
  -> PASS
==========================================================================
### acceptance p05 done Thu Sep 24 03:50:51 AM EDT 2026
