### acceptance for /mnt/gs21/scratch/lyuliyao/salt_in_polymer/runs/pilot_T1.0_c0.04_one_both/field_p02  Thu Sep 24 09:48:55 PM EDT 2026
### lz = 24.502285, mmax = 8
==========================================================================
YBG check  run=/mnt/gs21/scratch/lyuliyao/salt_in_polymer/runs/pilot_T1.0_c0.04_one_both/field_p02  potential=p02 kind=neutral pp(V_N)=0.60 pp(psi)=0.00 kT

  cation: applied external force vs. stored spec, per particle: max dev 3.74e-05 of range  OK
        bin-by-bin: 96.3% of 245 bins within 2 sigma, chi^2/bin = 0.86
         m  driven   kT k_m |n_m|        |f_m|         |diff|/err
         1   -     1.17928e-06   4.66874e-04      3.16
         2   -     3.34293e-05   1.57422e-04      0.46
         3   -     4.18781e-05   1.00327e-04      0.54
         4  yes    1.36553e-03   1.41201e-03      0.26
         5  yes    1.96555e-03   1.91674e-03      0.48
         6  yes    2.55171e-03   2.58625e-03      0.27
         7   -     8.75666e-05   2.51888e-04      0.44
         8   -     1.94725e-04   1.38309e-04      0.23
        driven modes only: max |diff|/err = 0.48
        n_mean = 0.03263, contrast n_max/n_min = 1.60

  anion: applied external force vs. stored spec, per particle: max dev 3.63e-05 of range  OK
        bin-by-bin: 97.1% of 245 bins within 2 sigma, chi^2/bin = 0.71
         m  driven   kT k_m |n_m|        |f_m|         |diff|/err
         1   -     3.99811e-07   2.30583e-04      2.68
         2   -     2.21014e-05   2.21075e-04      1.61
         3   -     7.47817e-06   1.72835e-04      1.24
         4  yes    5.14869e-04   4.21884e-04      0.92
         5  yes    6.10289e-04   6.81596e-04      0.46
         6  yes    9.45438e-04   1.00252e-03      0.36
         7   -     8.82930e-05   1.48805e-04      0.52
         8   -     1.99332e-04   2.57582e-04      0.28
        driven modes only: max |diff|/err = 0.92
        n_mean = 0.03263, contrast n_max/n_min = 1.20

wrote /mnt/gs21/scratch/lyuliyao/salt_in_polymer/runs/pilot_T1.0_c0.04_one_both/field_p02/profiles.npz
==========================================================================
==========================================================================
field acceptance  /mnt/gs21/scratch/lyuliyao/salt_in_polymer/runs/pilot_T1.0_c0.04_one_both/field_p02
  L = 24.5023, driven modes [4, 5, 6]
  cation: halves agree on 98.0% of 246 bins (chi^2/bin 0.89, max pull 2.3)   [diagnostic]
          driven modes: median 0.2 sigma, worst m=5 at 0.7 sigma  OK   [undriven worst m=7 at 1.4 sigma, not a gate]
  anion : halves agree on 90.7% of 246 bins (chi^2/bin 1.39, max pull 4.2)   [diagnostic]
          driven modes: median 1.7 sigma, worst m=5 at 1.8 sigma  OK   [undriven worst m=1 at 1.3 sigma, not a gate]
  mean ion current over 11600 samples:
    v_cm,z(cation) = -3.494e-04 +- 3.4e-04  (1.0 sigma from zero)  OK
    v_cm,z(anion ) = +1.861e-04 +- 3.3e-04  (0.6 sigma from zero)  OK
  -> PASS
==========================================================================
### acceptance p02 done Thu Sep 24 09:49:33 PM EDT 2026
