### acceptance for /mnt/gs21/scratch/lyuliyao/salt_in_polymer/runs/pilot_T1.0_c0.04_one_both/field_p17  Thu Sep 24 09:54:31 PM EDT 2026
### lz = 24.502285, mmax = 14
==========================================================================
YBG check  run=/mnt/gs21/scratch/lyuliyao/salt_in_polymer/runs/pilot_T1.0_c0.04_one_both/field_p17  potential=p17 kind=both pp(V_N)=0.72 pp(psi)=2.90 kT

  cation: applied external force vs. stored spec, per particle: max dev 4.88e-05 of range  OK
        bin-by-bin: 99.2% of 245 bins within 2 sigma, chi^2/bin = 0.56
         m  driven   kT k_m |n_m|        |f_m|         |diff|/err
         1   -     1.43884e-05   1.64070e-04      0.60
         2   -     3.52576e-05   1.62667e-04      0.79
         3  yes    1.10132e-03   1.04224e-03      0.39
         4  yes    3.44746e-03   3.40597e-03      0.80
         5  yes    1.15090e-02   1.18765e-02      0.97
         6   -     3.07516e-05   4.41394e-04      1.32
         7   -     8.27766e-04   9.49997e-04      0.42
         8  yes    2.32638e-02   2.32694e-02      0.61
        driven modes only: max |diff|/err = 0.97
        n_mean = 0.03263, contrast n_max/n_min = 18.93

  anion: applied external force vs. stored spec, per particle: max dev 5.44e-05 of range  OK
        bin-by-bin: 98.0% of 245 bins within 2 sigma, chi^2/bin = 0.64
         m  driven   kT k_m |n_m|        |f_m|         |diff|/err
         1   -     1.19269e-05   8.41394e-05      0.76
         2   -     1.90400e-05   1.22561e-04      1.06
         3  yes    4.76387e-04   5.05014e-04      1.18
         4  yes    2.10482e-03   2.08034e-03      0.79
         5  yes    6.49091e-03   6.36054e-03      0.78
         6   -     8.00183e-05   1.30048e-04      0.30
         7   -     4.60812e-04   4.92167e-04      0.30
         8  yes    2.05668e-02   2.09066e-02      1.96
        driven modes only: max |diff|/err = 1.96
        n_mean = 0.03263, contrast n_max/n_min = 9.54

wrote /mnt/gs21/scratch/lyuliyao/salt_in_polymer/runs/pilot_T1.0_c0.04_one_both/field_p17/profiles.npz
==========================================================================
==========================================================================
field acceptance  /mnt/gs21/scratch/lyuliyao/salt_in_polymer/runs/pilot_T1.0_c0.04_one_both/field_p17
  L = 24.5023, driven modes [3, 4, 5, 8, 12]
  cation: halves agree on 99.6% of 246 bins (chi^2/bin 0.45, max pull 2.3)   [diagnostic]
          driven modes: median 0.3 sigma, worst m=4 at 0.7 sigma  OK   [undriven worst m=6 at 0.8 sigma, not a gate]
  anion : halves agree on 98.0% of 246 bins (chi^2/bin 0.69, max pull 2.4)   [diagnostic]
          driven modes: median 0.6 sigma, worst m=8 at 1.3 sigma  OK   [undriven worst m=7 at 1.1 sigma, not a gate]
  mean ion current over 11600 samples:
    v_cm,z(cation) = -3.578e-06 +- 2.1e-04  (0.0 sigma from zero)  OK
    v_cm,z(anion ) = -2.331e-04 +- 2.1e-04  (1.1 sigma from zero)  OK
  -> PASS
==========================================================================
### acceptance p17 done Thu Sep 24 09:55:08 PM EDT 2026
