### acceptance for /mnt/scratch/lyuliyao/salt_in_polymer/runs/prod_T1.0_c0.02/field_p21  Fri Sep 25 06:57:29 AM EDT 2026
### lz = 24.376019, mmax = 4
==========================================================================
YBG check  run=/mnt/scratch/lyuliyao/salt_in_polymer/runs/prod_T1.0_c0.02/field_p21  potential=p21 kind=charged pp(V_N)=0.00 pp(psi)=3.00 kT

  cation: applied external force vs. stored spec, per particle: max dev 1.55e-05 of range  OK
        bin-by-bin: 97.5% of 244 bins within 2 sigma, chi^2/bin = 0.81
         m  driven   kT k_m |n_m|        |f_m|         |diff|/err
         1  yes    9.40762e-05   1.82951e-04      0.51
         2  yes    7.28125e-04   6.50411e-04      2.35
         3   -     7.00336e-05   2.30253e-04      0.65
         4   -     1.97308e-04   3.99419e-04      1.01
        driven modes only: max |diff|/err = 2.35
        n_mean = 0.01657, contrast n_max/n_min = 1.53

  anion: applied external force vs. stored spec, per particle: max dev 1.56e-05 of range  OK
        bin-by-bin: 98.4% of 244 bins within 2 sigma, chi^2/bin = 0.60
         m  driven   kT k_m |n_m|        |f_m|         |diff|/err
         1  yes    2.10373e-05   1.05208e-04      0.87
         2  yes    1.18011e-04   1.05920e-04      0.27
         3   -     4.58727e-05   1.22491e-04      1.45
         4   -     3.72571e-05   9.64488e-05      0.90
        driven modes only: max |diff|/err = 0.87
        n_mean = 0.01657, contrast n_max/n_min = 1.11

wrote /mnt/scratch/lyuliyao/salt_in_polymer/runs/prod_T1.0_c0.02/field_p21/profiles.npz
==========================================================================
==========================================================================
field acceptance  /mnt/scratch/lyuliyao/salt_in_polymer/runs/prod_T1.0_c0.02/field_p21
  L = 24.3760, driven modes [1, 2]
  cation: halves agree on 96.3% of 244 bins (chi^2/bin 0.94, max pull 2.7)   [diagnostic]
          driven modes: median 0.9 sigma, worst m=1 at 1.2 sigma  OK   [undriven worst m=7 at 1.5 sigma, not a gate]
  anion : halves agree on 96.7% of 244 bins (chi^2/bin 1.05, max pull 3.1)   [diagnostic]
          driven modes: median 0.8 sigma, worst m=1 at 1.1 sigma  OK   [undriven worst m=4 at 0.8 sigma, not a gate]
  mean ion current over 8000 samples:
    v_cm,z(cation) = -2.560e-04 +- 6.1e-04  (0.4 sigma from zero)  OK
    v_cm,z(anion ) = +5.639e-04 +- 5.8e-04  (1.0 sigma from zero)  OK
  -> PASS
==========================================================================
### acceptance p21 done Fri Sep 25 06:59:01 AM EDT 2026
