### acceptance for /mnt/gs21/scratch/lyuliyao/salt_in_polymer/runs/pilot_T1.0_c0.04_one_both/field_p10  Thu Sep 24 09:48:56 PM EDT 2026
### lz = 24.502285, mmax = 8
==========================================================================
YBG check  run=/mnt/gs21/scratch/lyuliyao/salt_in_polymer/runs/pilot_T1.0_c0.04_one_both/field_p10  potential=p10 kind=both pp(V_N)=1.90 pp(psi)=3.00 kT

  cation: applied external force vs. stored spec, per particle: max dev 4.04e-05 of range  OK
        bin-by-bin: 97.6% of 245 bins within 2 sigma, chi^2/bin = 0.82
         m  driven   kT k_m |n_m|        |f_m|         |diff|/err
         1   -     6.91300e-06   3.12845e-04      1.08
         2   -     3.14735e-05   2.20594e-04      0.87
         3  yes    3.37485e-03   3.54981e-03      0.98
         4  yes    6.47751e-04   5.68165e-04      1.47
         5   -     1.65747e-04   3.46116e-04      0.52
         6  yes    2.46657e-02   2.53665e-02      3.20
         7   -     2.15276e-04   1.46796e-04      1.10
         8   -     1.70941e-05   1.71585e-04      0.42
        driven modes only: max |diff|/err = 3.20
        n_mean = 0.03263, contrast n_max/n_min = 16.43

  anion: applied external force vs. stored spec, per particle: max dev 3.68e-05 of range  OK
        bin-by-bin: 98.8% of 245 bins within 2 sigma, chi^2/bin = 0.55
         m  driven   kT k_m |n_m|        |f_m|         |diff|/err
         1   -     4.97953e-06   9.68545e-05      0.68
         2   -     3.64024e-05   6.60669e-05      0.27
         3  yes    1.60357e-03   1.60200e-03      0.97
         4  yes    3.43206e-03   3.50742e-03      1.48
         5   -     1.42792e-05   5.07362e-05      0.23
         6  yes    1.79112e-02   1.82106e-02      1.41
         7   -     3.19739e-04   3.24045e-04      0.21
         8   -     6.80951e-04   6.07594e-04      0.76
        driven modes only: max |diff|/err = 1.48
        n_mean = 0.03263, contrast n_max/n_min = 9.83

wrote /mnt/gs21/scratch/lyuliyao/salt_in_polymer/runs/pilot_T1.0_c0.04_one_both/field_p10/profiles.npz
==========================================================================
==========================================================================
field acceptance  /mnt/gs21/scratch/lyuliyao/salt_in_polymer/runs/pilot_T1.0_c0.04_one_both/field_p10
  L = 24.5023, driven modes [3, 4, 6]
  cation: halves agree on 99.6% of 246 bins (chi^2/bin 0.74, max pull 2.1)   [diagnostic]
          driven modes: median 0.6 sigma, worst m=6 at 0.8 sigma  OK   [undriven worst m=7 at 1.4 sigma, not a gate]
  anion : halves agree on 90.7% of 246 bins (chi^2/bin 1.54, max pull 3.8)   [diagnostic]
          driven modes: median 0.6 sigma, worst m=3 at 0.6 sigma  OK   [undriven worst m=7 at 1.5 sigma, not a gate]
  mean ion current over 11600 samples:
    v_cm,z(cation) = -5.688e-05 +- 2.1e-04  (0.3 sigma from zero)  OK
    v_cm,z(anion ) = +1.220e-05 +- 2.1e-04  (0.1 sigma from zero)  OK
  -> PASS
==========================================================================
### acceptance p10 done Thu Sep 24 09:49:35 PM EDT 2026
