### acceptance for /mnt/gs21/scratch/lyuliyao/salt_in_polymer/runs/prod_T1.0_c0.06/field_p04  Thu Sep 24 09:43:26 PM EDT 2026
### lz = 24.710624, mmax = 7
==========================================================================
YBG check  run=/mnt/gs21/scratch/lyuliyao/salt_in_polymer/runs/prod_T1.0_c0.06/field_p04  potential=p04 kind=both pp(V_N)=0.60 pp(psi)=2.70 kT

  cation: applied external force vs. stored spec, per particle: max dev 3.31e-05 of range  OK
        bin-by-bin: 99.2% of 247 bins within 2 sigma, chi^2/bin = 0.54
         m  driven   kT k_m |n_m|        |f_m|         |diff|/err
         1   -     1.53337e-05   1.87371e-04      0.75
         2   -     4.00650e-05   2.03426e-04      0.58
         3  yes    2.39112e-03   2.25404e-03      0.72
         4  yes    5.68540e-03   5.93516e-03      1.34
         5  yes    1.08952e-02   1.09273e-02      0.46
         6   -     3.08576e-04   5.41780e-05      0.62
         7   -     5.72542e-04   6.35493e-04      0.43
        driven modes only: max |diff|/err = 1.34
        n_mean = 0.04772, contrast n_max/n_min = 4.37

  anion: applied external force vs. stored spec, per particle: max dev 3.48e-05 of range  OK
        bin-by-bin: 100.0% of 247 bins within 2 sigma, chi^2/bin = 0.49
         m  driven   kT k_m |n_m|        |f_m|         |diff|/err
         1   -     1.26509e-05   1.04014e-04      0.79
         2   -     2.72609e-05   4.52204e-05      0.49
         3  yes    1.84937e-04   2.50016e-04      0.65
         4  yes    1.81653e-03   1.76760e-03      0.70
         5  yes    5.50706e-03   5.51465e-03      0.48
         6   -     1.22134e-04   1.39170e-04      0.09
         7   -     6.17263e-05   8.85853e-05      0.68
        driven modes only: max |diff|/err = 0.70
        n_mean = 0.04772, contrast n_max/n_min = 1.70

wrote /mnt/gs21/scratch/lyuliyao/salt_in_polymer/runs/prod_T1.0_c0.06/field_p04/profiles.npz
==========================================================================
==========================================================================
field acceptance  /mnt/gs21/scratch/lyuliyao/salt_in_polymer/runs/prod_T1.0_c0.06/field_p04
  L = 24.7106, driven modes [3, 4, 5]
  cation: halves agree on 81.0% of 248 bins (chi^2/bin 2.07, max pull 3.9)   [diagnostic]
          driven modes: median 1.0 sigma, worst m=5 at 1.4 sigma  OK   [undriven worst m=6 at 2.1 sigma, not a gate]
  anion : halves agree on 93.5% of 248 bins (chi^2/bin 1.27, max pull 4.1)   [diagnostic]
          driven modes: median 0.8 sigma, worst m=5 at 1.0 sigma  OK   [undriven worst m=7 at 1.6 sigma, not a gate]
  mean ion current over 18045 samples:
    v_cm,z(cation) = +2.170e-05 +- 1.7e-04  (0.1 sigma from zero)  OK
    v_cm,z(anion ) = -6.451e-05 +- 1.7e-04  (0.4 sigma from zero)  OK
  -> PASS
==========================================================================
### acceptance p04 done Thu Sep 24 09:52:35 PM EDT 2026
