### acceptance for /mnt/scratch/lyuliyao/salt_in_polymer/runs/pilot_T1.0_c0.04_one_both/field_p26  Fri Sep 25 09:44:49 AM EDT 2026
### lz = 24.502285, mmax = 4
==========================================================================
YBG check  run=/mnt/scratch/lyuliyao/salt_in_polymer/runs/pilot_T1.0_c0.04_one_both/field_p26  potential=p26 kind=both pp(V_N)=2.08 pp(psi)=0.56 kT

  cation: applied external force vs. stored spec, per particle: max dev 1.49e-05 of range  OK
        bin-by-bin: 95.9% of 245 bins within 2 sigma, chi^2/bin = 0.93
         m  driven   kT k_m |n_m|        |f_m|         |diff|/err
         1  yes    9.29113e-04   1.16957e-03      1.58
         2  yes    1.33355e-03   1.45713e-03      0.55
         3   -     6.86701e-05   3.08041e-04      1.49
         4   -     1.34299e-04   1.63134e-04      0.28
        driven modes only: max |diff|/err = 1.58
        n_mean = 0.03263, contrast n_max/n_min = 1.97

  anion: applied external force vs. stored spec, per particle: max dev 1.69e-05 of range  OK
        bin-by-bin: 97.6% of 245 bins within 2 sigma, chi^2/bin = 0.74
         m  driven   kT k_m |n_m|        |f_m|         |diff|/err
         1  yes    8.51312e-04   7.68680e-04      0.60
         2  yes    9.19202e-04   8.94931e-04      1.20
         3   -     1.50237e-05   1.18006e-04      0.92
         4   -     3.06263e-05   5.67379e-05      0.73
        driven modes only: max |diff|/err = 1.20
        n_mean = 0.03263, contrast n_max/n_min = 1.75

wrote /mnt/scratch/lyuliyao/salt_in_polymer/runs/pilot_T1.0_c0.04_one_both/field_p26/profiles.npz
==========================================================================
==========================================================================
field acceptance  /mnt/scratch/lyuliyao/salt_in_polymer/runs/pilot_T1.0_c0.04_one_both/field_p26
  L = 24.5023, driven modes [1, 2]
  cation: halves agree on 99.6% of 246 bins (chi^2/bin 0.60, max pull 2.1)   [diagnostic]
          driven modes: median 1.1 sigma, worst m=2 at 1.5 sigma  OK   [undriven worst m=3 at 0.8 sigma, not a gate]
  anion : halves agree on 95.1% of 246 bins (chi^2/bin 0.95, max pull 3.2)   [diagnostic]
          driven modes: median 1.1 sigma, worst m=2 at 1.4 sigma  OK   [undriven worst m=5 at 1.7 sigma, not a gate]
  mean ion current over 11600 samples:
    v_cm,z(cation) = +1.053e-04 +- 3.4e-04  (0.3 sigma from zero)  OK
    v_cm,z(anion ) = +1.191e-04 +- 3.4e-04  (0.4 sigma from zero)  OK
  -> PASS
==========================================================================
### acceptance p26 done Fri Sep 25 09:49:31 AM EDT 2026
