### acceptance for /mnt/scratch/lyuliyao/salt_in_polymer/runs/prod_T1.0_c0.02/field_p16  Fri Sep 25 06:57:30 AM EDT 2026
### lz = 24.376019, mmax = 4
==========================================================================
YBG check  run=/mnt/scratch/lyuliyao/salt_in_polymer/runs/prod_T1.0_c0.02/field_p16  potential=p16 kind=neutral pp(V_N)=0.94 pp(psi)=0.00 kT

  cation: applied external force vs. stored spec, per particle: max dev 2.19e-05 of range  OK
        bin-by-bin: 96.7% of 244 bins within 2 sigma, chi^2/bin = 0.89
         m  driven   kT k_m |n_m|        |f_m|         |diff|/err
         1  yes    2.35485e-04   4.29877e-04      0.85
         2  yes    7.95712e-04   8.06854e-04      1.28
         3   -     3.78008e-05   1.21735e-04      0.43
         4   -     6.86065e-05   1.79040e-04      0.91
        driven modes only: max |diff|/err = 1.28
        n_mean = 0.01657, contrast n_max/n_min = 1.71

  anion: applied external force vs. stored spec, per particle: max dev 2.24e-05 of range  OK
        bin-by-bin: 98.0% of 244 bins within 2 sigma, chi^2/bin = 0.63
         m  driven   kT k_m |n_m|        |f_m|         |diff|/err
         1  yes    2.20238e-04   2.13767e-04      0.14
         2  yes    5.94030e-04   6.57949e-04      1.17
         3   -     2.72613e-05   8.08415e-05      0.98
         4   -     4.49475e-05   2.12095e-04      1.16
        driven modes only: max |diff|/err = 1.17
        n_mean = 0.01657, contrast n_max/n_min = 1.55

wrote /mnt/scratch/lyuliyao/salt_in_polymer/runs/prod_T1.0_c0.02/field_p16/profiles.npz
==========================================================================
==========================================================================
field acceptance  /mnt/scratch/lyuliyao/salt_in_polymer/runs/prod_T1.0_c0.02/field_p16
  L = 24.3760, driven modes [1, 2]
  cation: halves agree on 98.4% of 244 bins (chi^2/bin 0.79, max pull 2.8)   [diagnostic]
          driven modes: median 1.2 sigma, worst m=2 at 1.7 sigma  OK   [undriven worst m=5 at 1.3 sigma, not a gate]
  anion : halves agree on 93.9% of 244 bins (chi^2/bin 0.96, max pull 3.1)   [diagnostic]
          driven modes: median 0.9 sigma, worst m=2 at 1.1 sigma  OK   [undriven worst m=4 at 1.4 sigma, not a gate]
  mean ion current over 8000 samples:
    v_cm,z(cation) = +4.076e-04 +- 6.4e-04  (0.6 sigma from zero)  OK
    v_cm,z(anion ) = +4.091e-04 +- 6.1e-04  (0.7 sigma from zero)  OK
  -> PASS
==========================================================================
### acceptance p16 done Fri Sep 25 06:59:01 AM EDT 2026
