### acceptance for /mnt/gs21/scratch/lyuliyao/salt_in_polymer/runs/prod_T1.0_c0.01/field_p02  Thu Sep 24 03:50:09 AM EDT 2026
### lz = 24.359204, mmax = 7
==========================================================================
YBG check  run=/mnt/gs21/scratch/lyuliyao/salt_in_polymer/runs/prod_T1.0_c0.01/field_p02  potential=p02 kind=both pp(V_N)=2.64 pp(psi)=2.25 kT

  cation: applied external force vs. stored spec, per particle: max dev 3.35e-05 of range  OK
        bin-by-bin: 97.1% of 244 bins within 2 sigma, chi^2/bin = 0.79
         m  driven   kT k_m |n_m|        |f_m|         |diff|/err
         1   -     2.44588e-04   8.85826e-05      1.08
         2   -     5.83400e-05   2.53020e-04      1.86
         3   -     2.49038e-04   3.63658e-04      0.76
         4  yes    3.37509e-03   3.65488e-03      1.88
         5  yes    4.87926e-03   4.77816e-03      0.64
         6   -     1.68395e-04   2.09885e-04      0.41
         7   -     1.99651e-04   2.77786e-04      0.56
        driven modes only: max |diff|/err = 1.88
        n_mean = 0.00830, contrast n_max/n_min = 63.38

  anion: applied external force vs. stored spec, per particle: max dev 3.39e-05 of range  OK
        bin-by-bin: 99.2% of 244 bins within 2 sigma, chi^2/bin = 0.45
         m  driven   kT k_m |n_m|        |f_m|         |diff|/err
         1   -     2.05717e-04   1.80314e-04      0.46
         2   -     3.79943e-05   9.23572e-05      0.82
         3   -     9.45757e-05   1.12639e-04      0.21
         4  yes    2.39566e-04   1.97828e-04      0.90
         5  yes    4.08181e-03   4.11663e-03      0.85
         6   -     4.73316e-04   4.17619e-04      0.65
         7   -     7.50639e-06   8.16371e-05      0.86
        driven modes only: max |diff|/err = 0.90
        n_mean = 0.00830, contrast n_max/n_min = 8.52

wrote /mnt/gs21/scratch/lyuliyao/salt_in_polymer/runs/prod_T1.0_c0.01/field_p02/profiles.npz
==========================================================================
==========================================================================
field acceptance  /mnt/gs21/scratch/lyuliyao/salt_in_polymer/runs/prod_T1.0_c0.01/field_p02
  cation: halves agree on 93.9% of 244 bins (chi^2/bin 1.04, max pull 3.0)   [diagnostic]
          mode by mode: median 0.9 sigma, worst m=5 at 1.2 sigma  OK
  anion : halves agree on 92.6% of 244 bins (chi^2/bin 1.38, max pull 3.6)   [diagnostic]
          mode by mode: median 0.7 sigma, worst m=4 at 1.5 sigma  OK
  mean ion current over 7400 samples:
    v_cm,z(cation) = +1.178e-05 +- 4.8e-04  (0.0 sigma from zero)  OK
    v_cm,z(anion ) = -5.866e-04 +- 4.1e-04  (1.4 sigma from zero)  OK
  -> PASS
==========================================================================
### acceptance p02 done Thu Sep 24 03:50:51 AM EDT 2026
