### acceptance for /mnt/gs21/scratch/lyuliyao/salt_in_polymer/runs/prod_T1.0_c0.08/field_p03  Fri Sep 25 12:30:45 AM EDT 2026
### lz = 24.971625, mmax = 8
==========================================================================
YBG check  run=/mnt/gs21/scratch/lyuliyao/salt_in_polymer/runs/prod_T1.0_c0.08/field_p03  potential=p03 kind=both pp(V_N)=0.68 pp(psi)=1.16 kT

  cation: applied external force vs. stored spec, per particle: max dev 3.15e-05 of range  OK
        bin-by-bin: 98.0% of 250 bins within 2 sigma, chi^2/bin = 0.57
         m  driven   kT k_m |n_m|        |f_m|         |diff|/err
         1   -     3.05487e-05   1.85494e-04      0.84
         2   -     9.97717e-06   2.07732e-04      0.90
         3  yes    7.87483e-04   1.00863e-03      1.10
         4  yes    2.00837e-03   1.94707e-03      0.30
         5  yes    2.11405e-03   2.02597e-03      0.51
         6  yes    4.00799e-03   4.19017e-03      0.86
         7   -     4.55142e-04   6.30477e-04      0.48
         8   -     3.18611e-04   5.65733e-04      0.69
        driven modes only: max |diff|/err = 1.10
        n_mean = 0.06165, contrast n_max/n_min = 1.54

  anion: applied external force vs. stored spec, per particle: max dev 3.10e-05 of range  OK
        bin-by-bin: 99.2% of 250 bins within 2 sigma, chi^2/bin = 0.47
         m  driven   kT k_m |n_m|        |f_m|         |diff|/err
         1   -     2.73561e-05   1.43771e-04      1.16
         2   -     9.14794e-06   8.36798e-05      0.82
         3  yes    1.43692e-04   2.38751e-04      0.98
         4  yes    6.07086e-04   6.22878e-04      0.29
         5  yes    3.34407e-03   3.37081e-03      0.32
         6  yes    1.20797e-04   1.78787e-04      0.97
         7   -     2.11376e-04   1.97528e-04      0.28
         8   -     5.67070e-05   1.70204e-04      0.47
        driven modes only: max |diff|/err = 0.98
        n_mean = 0.06165, contrast n_max/n_min = 1.25

wrote /mnt/gs21/scratch/lyuliyao/salt_in_polymer/runs/prod_T1.0_c0.08/field_p03/profiles.npz
==========================================================================
==========================================================================
field acceptance  /mnt/gs21/scratch/lyuliyao/salt_in_polymer/runs/prod_T1.0_c0.08/field_p03
  L = 24.9716, driven modes [3, 4, 5, 6]
  cation: halves agree on 94.4% of 250 bins (chi^2/bin 1.07, max pull 3.6)   [diagnostic]
          driven modes: median 0.9 sigma, worst m=5 at 1.2 sigma  OK   [undriven worst m=2 at 1.8 sigma, not a gate]
  anion : halves agree on 97.2% of 250 bins (chi^2/bin 0.77, max pull 2.5)   [diagnostic]
          driven modes: median 1.0 sigma, worst m=3 at 1.2 sigma  OK   [undriven worst m=7 at 1.3 sigma, not a gate]
  mean ion current over 29039 samples:
    v_cm,z(cation) = -2.841e-08 +- 1.6e-04  (0.0 sigma from zero)  OK
    v_cm,z(anion ) = -2.205e-04 +- 1.6e-04  (1.4 sigma from zero)  OK
  -> PASS
==========================================================================
### acceptance p03 done Fri Sep 25 12:50:40 AM EDT 2026
