### acceptance for /mnt/gs21/scratch/lyuliyao/salt_in_polymer/runs/prod_T1.0_c0.02/field_p15  Thu Sep 24 03:53:48 AM EDT 2026
### lz = 24.376019, mmax = 14
==========================================================================
YBG check  run=/mnt/gs21/scratch/lyuliyao/salt_in_polymer/runs/prod_T1.0_c0.02/field_p15  potential=p15 kind=charged pp(V_N)=0.00 pp(psi)=3.23 kT

  cation: applied external force vs. stored spec, per particle: max dev 3.91e-05 of range  OK
        bin-by-bin: 95.1% of 244 bins within 2 sigma, chi^2/bin = 0.93
         m  driven   kT k_m |n_m|        |f_m|         |diff|/err
         1   -     3.47843e-05   1.83468e-04      1.01
         2   -     2.52591e-05   3.25622e-04      1.09
         3   -     8.25146e-05   1.01049e-04      0.55
         4  yes    8.30681e-03   8.59570e-03      1.40
         5   -     1.79275e-04   1.75630e-04      0.26
         6   -     1.11131e-04   1.83898e-04      0.77
         7   -     1.20897e-04   3.32890e-04      0.76
         8  yes    6.73217e-04   5.93608e-04      0.32
        driven modes only: max |diff|/err = 1.93
        n_mean = 0.01657, contrast n_max/n_min = 16.74

  anion: applied external force vs. stored spec, per particle: max dev 4.35e-05 of range  OK
        bin-by-bin: 97.1% of 244 bins within 2 sigma, chi^2/bin = 0.74
         m  driven   kT k_m |n_m|        |f_m|         |diff|/err
         1   -     2.87489e-05   1.05959e-04      0.87
         2   -     1.31578e-05   2.76604e-05      0.44
         3   -     2.44275e-05   5.29500e-05      0.64
         4  yes    5.94576e-03   5.96107e-03      0.28
         5   -     1.20687e-05   1.07644e-04      0.75
         6   -     8.37631e-05   2.95345e-04      1.93
         7   -     1.02504e-04   8.04577e-05      0.84
         8  yes    6.34772e-03   6.31363e-03      0.28
        driven modes only: max |diff|/err = 0.99
        n_mean = 0.01657, contrast n_max/n_min = 4.32

wrote /mnt/gs21/scratch/lyuliyao/salt_in_polymer/runs/prod_T1.0_c0.02/field_p15/profiles.npz
==========================================================================
==========================================================================
field acceptance  /mnt/gs21/scratch/lyuliyao/salt_in_polymer/runs/prod_T1.0_c0.02/field_p15
  cation: halves agree on 91.8% of 244 bins (chi^2/bin 1.16, max pull 3.4)   [diagnostic]
          mode by mode: median 0.9 sigma, worst m=6 at 1.8 sigma  OK
  anion : halves agree on 96.3% of 244 bins (chi^2/bin 0.96, max pull 3.5)   [diagnostic]
          mode by mode: median 0.8 sigma, worst m=6 at 1.5 sigma  OK
  mean ion current over 8000 samples:
    v_cm,z(cation) = -4.883e-05 +- 3.7e-04  (0.1 sigma from zero)  OK
    v_cm,z(anion ) = +5.708e-05 +- 3.3e-04  (0.2 sigma from zero)  OK
  -> PASS
==========================================================================
### acceptance p15 done Thu Sep 24 03:55:22 AM EDT 2026
