### acceptance for /mnt/gs21/scratch/lyuliyao/salt_in_polymer/runs/prod_T1.0_c0.08/field_p12  Fri Sep 25 12:30:45 AM EDT 2026
### lz = 24.971625, mmax = 18
==========================================================================
YBG check  run=/mnt/gs21/scratch/lyuliyao/salt_in_polymer/runs/prod_T1.0_c0.08/field_p12  potential=p12 kind=both pp(V_N)=1.62 pp(psi)=2.01 kT

  cation: applied external force vs. stored spec, per particle: max dev 8.31e-05 of range  OK
        bin-by-bin: 95.6% of 250 bins within 2 sigma, chi^2/bin = 0.93
         m  driven   kT k_m |n_m|        |f_m|         |diff|/err
         1   -     1.33993e-05   3.37555e-04      1.22
         2   -     2.56037e-05   4.87196e-05      0.09
         3  yes    1.72021e-03   1.84417e-03      1.05
         4  yes    3.67595e-03   3.61990e-03      0.91
         5  yes    6.51937e-03   6.50626e-03      0.11
         6  yes    1.98412e-02   2.00744e-02      0.89
         7   -     1.45677e-03   1.30874e-03      0.63
         8   -     1.00706e-03   1.38035e-03      1.11
        driven modes only: max |diff|/err = 1.05
        n_mean = 0.06165, contrast n_max/n_min = 9.93

  anion: applied external force vs. stored spec, per particle: max dev 6.52e-05 of range  OK
        bin-by-bin: 99.2% of 250 bins within 2 sigma, chi^2/bin = 0.56
         m  driven   kT k_m |n_m|        |f_m|         |diff|/err
         1   -     1.14333e-05   1.37117e-04      1.13
         2   -     8.11205e-06   6.87731e-05      0.61
         3  yes    3.65612e-04   3.30993e-04      2.15
         4  yes    1.03425e-03   1.06366e-03      0.56
         5  yes    1.05090e-03   1.04943e-03      2.05
         6  yes    1.03821e-02   1.02388e-02      0.91
         7   -     6.47328e-04   7.84162e-04      0.54
         8   -     4.80805e-04   5.56618e-04      0.45
        driven modes only: max |diff|/err = 2.15
        n_mean = 0.06165, contrast n_max/n_min = 2.50

wrote /mnt/gs21/scratch/lyuliyao/salt_in_polymer/runs/prod_T1.0_c0.08/field_p12/profiles.npz
==========================================================================
==========================================================================
field acceptance  /mnt/gs21/scratch/lyuliyao/salt_in_polymer/runs/prod_T1.0_c0.08/field_p12
  L = 24.9716, driven modes [3, 4, 5, 6, 12, 16]
  cation: halves agree on 96.8% of 250 bins (chi^2/bin 1.07, max pull 2.5)   [diagnostic]
          driven modes: median 0.8 sigma, worst m=5 at 1.4 sigma  OK   [undriven worst m=2 at 2.1 sigma, not a gate]
  anion : halves agree on 98.8% of 250 bins (chi^2/bin 0.79, max pull 2.1)   [diagnostic]
          driven modes: median 1.0 sigma, worst m=5 at 1.4 sigma  OK   [undriven worst m=2 at 2.2 sigma, not a gate]
  mean ion current over 29362 samples:
    v_cm,z(cation) = +2.332e-05 +- 9.1e-05  (0.3 sigma from zero)  OK
    v_cm,z(anion ) = -9.919e-05 +- 9.2e-05  (1.1 sigma from zero)  OK
  -> PASS
==========================================================================
### acceptance p12 done Fri Sep 25 12:50:34 AM EDT 2026
