### acceptance for /mnt/gs21/scratch/lyuliyao/salt_in_polymer/runs/prod_T1.0_c0.08/field_p06  Fri Sep 25 12:30:45 AM EDT 2026
### lz = 24.971625, mmax = 8
==========================================================================
YBG check  run=/mnt/gs21/scratch/lyuliyao/salt_in_polymer/runs/prod_T1.0_c0.08/field_p06  potential=p06 kind=neutral pp(V_N)=0.84 pp(psi)=0.00 kT

  cation: applied external force vs. stored spec, per particle: max dev 3.31e-05 of range  OK
        bin-by-bin: 98.8% of 250 bins within 2 sigma, chi^2/bin = 0.46
         m  driven   kT k_m |n_m|        |f_m|         |diff|/err
         1   -     2.19472e-05   2.74734e-04      1.17
         2   -     2.90149e-05   1.96453e-04      0.57
         3  yes    8.27899e-04   8.11029e-04      0.21
         4   -     7.97252e-05   2.43517e-04      1.16
         5  yes    5.06966e-03   5.17842e-03      0.77
         6  yes    4.76563e-03   4.84038e-03      0.36
         7   -     1.40533e-04   4.03595e-04      0.79
         8   -     1.18536e-04   1.10701e-04      0.27
        driven modes only: max |diff|/err = 0.77
        n_mean = 0.06165, contrast n_max/n_min = 1.59

  anion: applied external force vs. stored spec, per particle: max dev 3.31e-05 of range  OK
        bin-by-bin: 98.8% of 250 bins within 2 sigma, chi^2/bin = 0.54
         m  driven   kT k_m |n_m|        |f_m|         |diff|/err
         1   -     1.93231e-05   8.82134e-05      0.76
         2   -     2.43407e-05   8.48789e-05      0.64
         3  yes    4.29121e-04   4.72087e-04      0.60
         4   -     2.24124e-05   1.44355e-04      0.89
         5  yes    7.79294e-04   8.46528e-04      0.60
         6  yes    2.76558e-04   2.55965e-04      0.65
         7   -     3.69213e-05   1.50629e-04      0.63
         8   -     1.80613e-04   2.23197e-04      0.49
        driven modes only: max |diff|/err = 0.65
        n_mean = 0.06165, contrast n_max/n_min = 1.09

wrote /mnt/gs21/scratch/lyuliyao/salt_in_polymer/runs/prod_T1.0_c0.08/field_p06/profiles.npz
==========================================================================
==========================================================================
field acceptance  /mnt/gs21/scratch/lyuliyao/salt_in_polymer/runs/prod_T1.0_c0.08/field_p06
  L = 24.9716, driven modes [3, 5, 6]
  cation: halves agree on 99.6% of 250 bins (chi^2/bin 0.48, max pull 2.1)   [diagnostic]
          driven modes: median 0.5 sigma, worst m=3 at 0.6 sigma  OK   [undriven worst m=2 at 0.9 sigma, not a gate]
  anion : halves agree on 97.2% of 250 bins (chi^2/bin 0.77, max pull 2.8)   [diagnostic]
          driven modes: median 0.4 sigma, worst m=3 at 0.5 sigma  OK   [undriven worst m=2 at 0.8 sigma, not a gate]
  mean ion current over 28636 samples:
    v_cm,z(cation) = +6.068e-05 +- 1.7e-04  (0.4 sigma from zero)  OK
    v_cm,z(anion ) = -6.390e-06 +- 1.6e-04  (0.0 sigma from zero)  OK
  -> PASS
==========================================================================
### acceptance p06 done Fri Sep 25 12:50:21 AM EDT 2026
