### acceptance for /mnt/gs21/scratch/lyuliyao/salt_in_polymer/runs/pilot_T1.0_c0.04_one_both/field_p14  Wed Sep 23 08:13:54 AM EDT 2026
==========================================================================
YBG check  run=/mnt/gs21/scratch/lyuliyao/salt_in_polymer/runs/pilot_T1.0_c0.04_one_both/field_p14  potential=p14 kind=both pp(V_N)=0.50 pp(psi)=1.50 kT

  cation: applied external force vs. stored spec, per particle: max dev 3.27e-05 of range  OK
        bin-by-bin: 97.6% of 245 bins within 2 sigma, chi^2/bin = 0.83
         m  driven   kT k_m |n_m|        |f_m|         |diff|/err
         1   -     4.40380e-05   2.53258e-04      1.02
         2   -     3.16875e-05   1.39376e-04      0.50
         3  yes    1.37654e-03   1.41197e-03      0.98
         4  yes    9.27931e-04   1.03841e-03      1.06
         5   -     4.59828e-05   5.44512e-05      0.27
         6  yes    1.02474e-02   1.05738e-02      1.51
         7   -     1.63101e-04   3.92398e-04      0.97
         8   -     6.86447e-05   1.84852e-04      0.71
        driven modes only: max |diff|/err = 1.51
        n_mean = 0.03263, contrast n_max/n_min = 3.03

  anion: applied external force vs. stored spec, per particle: max dev 3.67e-05 of range  OK
        bin-by-bin: 99.6% of 245 bins within 2 sigma, chi^2/bin = 0.68
         m  driven   kT k_m |n_m|        |f_m|         |diff|/err
         1   -     3.89645e-05   7.72124e-05      0.96
         2   -     1.92727e-05   1.64117e-04      1.20
         3  yes    7.46264e-04   7.82590e-04      1.97
         4  yes    3.73082e-04   4.99122e-04      1.06
         5   -     3.40686e-05   9.63970e-05      0.78
         6  yes    8.70960e-03   8.80159e-03      0.61
         7   -     1.26738e-04   2.70650e-04      1.25
         8   -     6.07763e-05   1.11029e-04      0.60
        driven modes only: max |diff|/err = 1.97
        n_mean = 0.03263, contrast n_max/n_min = 2.23

wrote /mnt/gs21/scratch/lyuliyao/salt_in_polymer/runs/pilot_T1.0_c0.04_one_both/field_p14/profiles.npz
==========================================================================
==========================================================================
field acceptance  /mnt/gs21/scratch/lyuliyao/salt_in_polymer/runs/pilot_T1.0_c0.04_one_both/field_p14
  cation: halves agree on 98.8% of 245 bins (chi^2/bin 0.75, max pull 2.9)  OK
  anion : halves agree on 93.1% of 245 bins (chi^2/bin 1.46, max pull 5.1)  OK
  mean ion current over 11600 samples:
    v_cm,z(cation) = -8.209e-06 +- 1.9e-04  (0.0 sigma from zero)  OK
    v_cm,z(anion ) = +2.386e-04 +- 2.0e-04  (1.2 sigma from zero)  OK
  -> PASS
==========================================================================
### acceptance p14 done Wed Sep 23 08:18:34 AM EDT 2026
