### acceptance for /mnt/gs21/scratch/lyuliyao/salt_in_polymer/runs/pilot_T1.0_c0.04_one_both/field_p03  Thu Sep 24 03:50:08 AM EDT 2026
### lz = 24.502285, mmax = 8
==========================================================================
YBG check  run=/mnt/gs21/scratch/lyuliyao/salt_in_polymer/runs/pilot_T1.0_c0.04_one_both/field_p03  potential=p03 kind=neutral pp(V_N)=2.80 pp(psi)=0.00 kT

  cation: applied external force vs. stored spec, per particle: max dev 3.94e-05 of range  OK
        bin-by-bin: 95.5% of 245 bins within 2 sigma, chi^2/bin = 0.90
         m  driven   kT k_m |n_m|        |f_m|         |diff|/err
         1   -     4.57364e-05   4.16953e-05      0.17
         2   -     7.11825e-05   2.85474e-04      1.41
         3  yes    2.71285e-03   2.48666e-03      0.78
         4   -     9.78472e-05   2.08895e-04      0.58
         5  yes    8.16198e-03   8.38061e-03      0.89
         6  yes    1.41413e-02   1.43892e-02      0.82
         7   -     5.72982e-04   4.81337e-04      0.82
         8   -     1.09808e-03   9.68714e-04      0.36
        driven modes only: max |diff|/err = 0.89
        n_mean = 0.03263, contrast n_max/n_min = 8.23

  anion: applied external force vs. stored spec, per particle: max dev 3.96e-05 of range  OK
        bin-by-bin: 98.8% of 245 bins within 2 sigma, chi^2/bin = 0.52
         m  driven   kT k_m |n_m|        |f_m|         |diff|/err
         1   -     3.83113e-05   2.10331e-04      1.17
         2   -     4.04529e-05   1.38013e-04      1.31
         3  yes    1.37414e-03   1.37231e-03      1.08
         4   -     2.59703e-05   7.33065e-05      0.45
         5  yes    2.95257e-03   2.91456e-03      0.48
         6  yes    6.47500e-03   6.51284e-03      0.66
         7   -     1.74582e-04   1.67298e-04      0.23
         8   -     3.86535e-04   4.55732e-04      0.42
        driven modes only: max |diff|/err = 1.08
        n_mean = 0.03263, contrast n_max/n_min = 2.35

wrote /mnt/gs21/scratch/lyuliyao/salt_in_polymer/runs/pilot_T1.0_c0.04_one_both/field_p03/profiles.npz
==========================================================================
==========================================================================
field acceptance  /mnt/gs21/scratch/lyuliyao/salt_in_polymer/runs/pilot_T1.0_c0.04_one_both/field_p03
  cation: halves agree on 93.5% of 246 bins (chi^2/bin 1.08, max pull 3.4)   [diagnostic]
          mode by mode: median 0.9 sigma, worst m=1 at 1.9 sigma  OK
  anion : halves agree on 92.3% of 246 bins (chi^2/bin 1.30, max pull 3.1)   [diagnostic]
          mode by mode: median 0.8 sigma, worst m=1 at 1.9 sigma  OK
  mean ion current over 11600 samples:
    v_cm,z(cation) = -1.987e-04 +- 1.5e-04  (1.3 sigma from zero)  OK
    v_cm,z(anion ) = +2.019e-04 +- 1.6e-04  (1.2 sigma from zero)  OK
  -> PASS
==========================================================================
### acceptance p03 done Thu Sep 24 03:50:45 AM EDT 2026
