### acceptance for /mnt/scratch/lyuliyao/salt_in_polymer/runs/prod_T1.0_c0.05/field_p20  Fri Sep 25 09:58:50 AM EDT 2026
### lz = 24.597787, mmax = 5
==========================================================================
YBG check  run=/mnt/scratch/lyuliyao/salt_in_polymer/runs/prod_T1.0_c0.05/field_p20  potential=p20 kind=both pp(V_N)=1.07 pp(psi)=0.84 kT

  cation: applied external force vs. stored spec, per particle: max dev 2.25e-05 of range  OK
        bin-by-bin: 97.2% of 246 bins within 2 sigma, chi^2/bin = 0.82
         m  driven   kT k_m |n_m|        |f_m|         |diff|/err
         1  yes    3.27540e-04   3.21542e-04      0.58
         2  yes    4.48568e-04   1.09607e-04      1.11
         3  yes    2.32420e-03   2.47553e-03      0.65
         4   -     6.51725e-05   1.70283e-04      0.45
         5   -     7.83364e-05   6.19389e-05      0.09
        driven modes only: max |diff|/err = 1.11
        n_mean = 0.04031, contrast n_max/n_min = 1.56

  anion: applied external force vs. stored spec, per particle: max dev 2.36e-05 of range  OK
        bin-by-bin: 97.6% of 246 bins within 2 sigma, chi^2/bin = 0.68
         m  driven   kT k_m |n_m|        |f_m|         |diff|/err
         1  yes    2.91083e-04   2.93396e-04      0.12
         2  yes    3.63448e-04   2.78338e-04      1.63
         3  yes    8.33815e-04   7.32516e-04      2.06
         4   -     2.63663e-05   1.67074e-04      1.19
         5   -     2.86059e-05   7.11709e-05      0.93
        driven modes only: max |diff|/err = 2.06
        n_mean = 0.04031, contrast n_max/n_min = 1.25

wrote /mnt/scratch/lyuliyao/salt_in_polymer/runs/prod_T1.0_c0.05/field_p20/profiles.npz
==========================================================================
==========================================================================
field acceptance  /mnt/scratch/lyuliyao/salt_in_polymer/runs/prod_T1.0_c0.05/field_p20
  L = 24.5978, driven modes [1, 2, 3]
  cation: halves agree on 94.3% of 246 bins (chi^2/bin 1.28, max pull 2.6)   [diagnostic]
          driven modes: median 1.6 sigma, worst m=1 at 1.6 sigma  OK   [undriven worst m=7 at 1.5 sigma, not a gate]
  anion : halves agree on 96.7% of 246 bins (chi^2/bin 0.93, max pull 2.6)   [diagnostic]
          driven modes: median 1.6 sigma, worst m=3 at 1.7 sigma  OK   [undriven worst m=4 at 0.8 sigma, not a gate]
  mean ion current over 13400 samples:
    v_cm,z(cation) = +7.727e-06 +- 3.2e-04  (0.0 sigma from zero)  OK
    v_cm,z(anion ) = +1.696e-04 +- 3.0e-04  (0.6 sigma from zero)  OK
  -> PASS
==========================================================================
### acceptance p20 done Fri Sep 25 10:05:34 AM EDT 2026
