### acceptance for /mnt/gs21/scratch/lyuliyao/salt_in_polymer/runs/prod_T1.0_c0.08/field_p11  Fri Sep 25 12:30:45 AM EDT 2026
### lz = 24.971625, mmax = 22
==========================================================================
YBG check  run=/mnt/gs21/scratch/lyuliyao/salt_in_polymer/runs/prod_T1.0_c0.08/field_p11  potential=p11 kind=both pp(V_N)=2.37 pp(psi)=0.80 kT

  cation: applied external force vs. stored spec, per particle: max dev 8.24e-05 of range  OK
        bin-by-bin: 98.8% of 250 bins within 2 sigma, chi^2/bin = 0.59
         m  driven   kT k_m |n_m|        |f_m|         |diff|/err
         1   -     1.64383e-05   7.80493e-05      0.30
         2   -     5.14718e-05   1.38360e-04      1.11
         3   -     4.71590e-05   1.10198e-04      0.76
         4  yes    2.57588e-03   2.56248e-03      0.20
         5  yes    1.37830e-03   1.50177e-03      0.49
         6  yes    1.33499e-02   1.33105e-02      0.15
         7   -     2.73017e-04   3.78557e-04      0.20
         8  yes    1.09929e-02   1.11828e-02      0.65
        driven modes only: max |diff|/err = 1.75
        n_mean = 0.06165, contrast n_max/n_min = 3.65

  anion: applied external force vs. stored spec, per particle: max dev 9.01e-05 of range  OK
        bin-by-bin: 93.6% of 250 bins within 2 sigma, chi^2/bin = 1.30
         m  driven   kT k_m |n_m|        |f_m|         |diff|/err
         1   -     1.62262e-05   1.78506e-04      1.34
         2   -     3.02038e-05   8.89774e-05      0.53
         3   -     1.70201e-05   8.03443e-05      0.79
         4  yes    1.36021e-03   1.38541e-03      0.40
         5  yes    2.93343e-03   2.89370e-03      0.76
         6  yes    7.90734e-04   7.85667e-04      0.79
         7   -     1.72419e-04   2.10097e-04      0.17
         8  yes    3.08437e-03   3.14544e-03      0.25
        driven modes only: max |diff|/err = 1.52
        n_mean = 0.06165, contrast n_max/n_min = 3.30

wrote /mnt/gs21/scratch/lyuliyao/salt_in_polymer/runs/prod_T1.0_c0.08/field_p11/profiles.npz
==========================================================================
==========================================================================
field acceptance  /mnt/gs21/scratch/lyuliyao/salt_in_polymer/runs/prod_T1.0_c0.08/field_p11
  L = 24.9716, driven modes [4, 5, 6, 8, 16, 20]
  cation: halves agree on 98.8% of 250 bins (chi^2/bin 0.83, max pull 2.3)   [diagnostic]
          driven modes: median 0.6 sigma, worst m=8 at 1.6 sigma  OK   [undriven worst m=2 at 0.9 sigma, not a gate]
  anion : halves agree on 93.6% of 250 bins (chi^2/bin 1.05, max pull 3.5)   [diagnostic]
          driven modes: median 1.1 sigma, worst m=4 at 1.4 sigma  OK   [undriven worst m=2 at 1.2 sigma, not a gate]
  mean ion current over 29072 samples:
    v_cm,z(cation) = +9.734e-05 +- 9.4e-05  (1.0 sigma from zero)  OK
    v_cm,z(anion ) = +1.125e-04 +- 9.4e-05  (1.2 sigma from zero)  OK
  -> PASS
==========================================================================
### acceptance p11 done Fri Sep 25 12:50:21 AM EDT 2026
