### acceptance for /mnt/gs21/scratch/lyuliyao/salt_in_polymer/runs/prod_T1.0_c0.08/field_p10  Fri Sep 25 12:30:45 AM EDT 2026
### lz = 24.971625, mmax = 14
==========================================================================
YBG check  run=/mnt/gs21/scratch/lyuliyao/salt_in_polymer/runs/prod_T1.0_c0.08/field_p10  potential=p10 kind=both pp(V_N)=0.59 pp(psi)=1.64 kT

  cation: applied external force vs. stored spec, per particle: max dev 5.21e-05 of range  OK
        bin-by-bin: 98.4% of 250 bins within 2 sigma, chi^2/bin = 0.66
         m  driven   kT k_m |n_m|        |f_m|         |diff|/err
         1   -     1.49313e-05   1.22772e-04      0.60
         2   -     1.48506e-04   9.42147e-05      0.33
         3  yes    1.49019e-03   1.61595e-03      0.71
         4   -     5.00487e-04   7.54045e-04      1.17
         5   -     2.48734e-04   2.97739e-04      0.88
         6  yes    2.71809e-02   2.75432e-02      1.47
         7   -     3.19799e-04   2.99199e-04      0.39
         8  yes    2.02687e-02   2.06870e-02      1.07
        driven modes only: max |diff|/err = 1.47
        n_mean = 0.06165, contrast n_max/n_min = 8.87

  anion: applied external force vs. stored spec, per particle: max dev 5.62e-05 of range  OK
        bin-by-bin: 98.8% of 250 bins within 2 sigma, chi^2/bin = 0.55
         m  driven   kT k_m |n_m|        |f_m|         |diff|/err
         1   -     1.46872e-05   8.40917e-05      0.84
         2   -     9.37839e-05   7.04052e-05      1.49
         3  yes    1.21406e-04   1.30206e-04      0.90
         4   -     6.69501e-05   8.91006e-05      0.81
         5   -     7.53817e-05   1.20875e-04      0.67
         6  yes    1.24676e-02   1.26180e-02      1.20
         7   -     1.56815e-04   2.47734e-04      0.50
         8  yes    1.64308e-02   1.64945e-02      0.29
        driven modes only: max |diff|/err = 1.20
        n_mean = 0.06165, contrast n_max/n_min = 2.97

wrote /mnt/gs21/scratch/lyuliyao/salt_in_polymer/runs/prod_T1.0_c0.08/field_p10/profiles.npz
==========================================================================
==========================================================================
field acceptance  /mnt/gs21/scratch/lyuliyao/salt_in_polymer/runs/prod_T1.0_c0.08/field_p10
  L = 24.9716, driven modes [3, 6, 8, 12]
  cation: halves agree on 96.0% of 250 bins (chi^2/bin 0.99, max pull 2.7)   [diagnostic]
          driven modes: median 1.1 sigma, worst m=3 at 1.8 sigma  OK   [undriven worst m=2 at 1.3 sigma, not a gate]
  anion : halves agree on 98.4% of 250 bins (chi^2/bin 1.00, max pull 2.2)   [diagnostic]
          driven modes: median 0.6 sigma, worst m=3 at 0.8 sigma  OK   [undriven worst m=2 at 1.4 sigma, not a gate]
  mean ion current over 29251 samples:
    v_cm,z(cation) = +1.433e-04 +- 1.0e-04  (1.4 sigma from zero)  OK
    v_cm,z(anion ) = +1.546e-04 +- 1.0e-04  (1.5 sigma from zero)  OK
  -> PASS
==========================================================================
### acceptance p10 done Fri Sep 25 12:50:18 AM EDT 2026
