### acceptance for /mnt/gs21/scratch/lyuliyao/salt_in_polymer/runs/prod_T1.0_c0.06/field_p13  Thu Sep 24 09:48:55 PM EDT 2026
### lz = 24.710624, mmax = 18
==========================================================================
YBG check  run=/mnt/gs21/scratch/lyuliyao/salt_in_polymer/runs/prod_T1.0_c0.06/field_p13  potential=p13 kind=neutral pp(V_N)=4.46 pp(psi)=0.00 kT

  cation: applied external force vs. stored spec, per particle: max dev 5.12e-05 of range  OK
        bin-by-bin: 98.8% of 247 bins within 2 sigma, chi^2/bin = 0.59
         m  driven   kT k_m |n_m|        |f_m|         |diff|/err
         1   -     4.07360e-06   4.40689e-04      1.52
         2   -     3.54456e-05   1.33209e-04      0.93
         3   -     4.94564e-05   3.57899e-05      0.28
         4  yes    1.97143e-02   1.98360e-02      0.71
         5   -     1.18006e-04   3.51518e-04      0.95
         6   -     1.37375e-04   1.24342e-04      0.22
         7   -     1.03483e-04   2.96157e-04      0.53
         8  yes    6.79556e-03   6.77524e-03      0.15
        driven modes only: max |diff|/err = 0.79
        n_mean = 0.04772, contrast n_max/n_min = 15.64

  anion: applied external force vs. stored spec, per particle: max dev 5.14e-05 of range  OK
        bin-by-bin: 98.4% of 247 bins within 2 sigma, chi^2/bin = 0.51
         m  driven   kT k_m |n_m|        |f_m|         |diff|/err
         1   -     3.23964e-06   1.54614e-04      1.12
         2   -     2.24671e-05   8.73778e-05      0.50
         3   -     2.32435e-05   5.00737e-05      0.58
         4  yes    7.50281e-03   7.43185e-03      0.67
         5   -     7.00165e-05   1.46624e-04      0.67
         6   -     1.42977e-05   3.39980e-05      0.28
         7   -     8.70058e-05   4.77762e-05      0.40
         8  yes    2.13653e-02   2.14537e-02      0.45
        driven modes only: max |diff|/err = 0.67
        n_mean = 0.04772, contrast n_max/n_min = 5.60

wrote /mnt/gs21/scratch/lyuliyao/salt_in_polymer/runs/prod_T1.0_c0.06/field_p13/profiles.npz
==========================================================================
==========================================================================
field acceptance  /mnt/gs21/scratch/lyuliyao/salt_in_polymer/runs/prod_T1.0_c0.06/field_p13
  L = 24.7106, driven modes [4, 8, 12, 16, 20, 24, 28, 32]
  cation: halves agree on 96.8% of 248 bins (chi^2/bin 0.80, max pull 2.5)   [diagnostic]
          driven modes: median 0.5 sigma, worst m=20 at 1.5 sigma  OK   [undriven worst m=7 at 1.5 sigma, not a gate]
  anion : halves agree on 89.1% of 248 bins (chi^2/bin 1.49, max pull 3.2)   [diagnostic]
          driven modes: median 1.1 sigma, worst m=12 at 1.9 sigma  OK   [undriven worst m=7 at 1.8 sigma, not a gate]
  mean ion current over 17800 samples:
    v_cm,z(cation) = -8.372e-05 +- 1.4e-04  (0.6 sigma from zero)  OK
    v_cm,z(anion ) = +2.379e-04 +- 1.3e-04  (1.8 sigma from zero)  OK
  -> PASS
==========================================================================
### acceptance p13 done Thu Sep 24 09:58:19 PM EDT 2026
