### acceptance for /mnt/scratch/lyuliyao/salt_in_polymer/runs/prod_T1.0_c0.06/field_p20  Fri Sep 25 12:57:13 PM EDT 2026
### lz = 24.710624, mmax = 5
==========================================================================
YBG check  run=/mnt/scratch/lyuliyao/salt_in_polymer/runs/prod_T1.0_c0.06/field_p20  potential=p20 kind=both pp(V_N)=1.07 pp(psi)=0.84 kT

  cation: applied external force vs. stored spec, per particle: max dev 2.22e-05 of range  OK
        bin-by-bin: 97.2% of 247 bins within 2 sigma, chi^2/bin = 0.80
         m  driven   kT k_m |n_m|        |f_m|         |diff|/err
         1  yes    3.01691e-04   3.77906e-04      0.92
         2  yes    4.23318e-04   4.66680e-04      0.62
         3  yes    2.28507e-03   2.22989e-03      0.34
         4   -     3.49087e-05   2.02846e-04      0.72
         5   -     3.37693e-05   1.09721e-04      0.45
        driven modes only: max |diff|/err = 0.92
        n_mean = 0.04772, contrast n_max/n_min = 1.43

  anion: applied external force vs. stored spec, per particle: max dev 2.17e-05 of range  OK
        bin-by-bin: 98.8% of 247 bins within 2 sigma, chi^2/bin = 0.69
         m  driven   kT k_m |n_m|        |f_m|         |diff|/err
         1  yes    2.67266e-04   2.82397e-04      0.55
         2  yes    3.46587e-04   4.03406e-04      0.76
         3  yes    8.07963e-04   8.29147e-04      0.51
         4   -     1.84760e-05   7.93786e-05      0.84
         5   -     3.80488e-05   1.33662e-04      0.92
        driven modes only: max |diff|/err = 0.76
        n_mean = 0.04772, contrast n_max/n_min = 1.19

wrote /mnt/scratch/lyuliyao/salt_in_polymer/runs/prod_T1.0_c0.06/field_p20/profiles.npz
==========================================================================
==========================================================================
field acceptance  /mnt/scratch/lyuliyao/salt_in_polymer/runs/prod_T1.0_c0.06/field_p20
  L = 24.7106, driven modes [1, 2, 3]
  cation: halves agree on 96.4% of 248 bins (chi^2/bin 1.05, max pull 2.3)   [diagnostic]
          driven modes: median 1.2 sigma, worst m=1 at 2.1 sigma  OK   [undriven worst m=6 at 1.6 sigma, not a gate]
  anion : halves agree on 92.7% of 248 bins (chi^2/bin 1.27, max pull 3.3)   [diagnostic]
          driven modes: median 0.7 sigma, worst m=1 at 2.2 sigma  OK   [undriven worst m=4 at 1.2 sigma, not a gate]
  mean ion current over 17800 samples:
    v_cm,z(cation) = +3.518e-05 +- 2.6e-04  (0.1 sigma from zero)  OK
    v_cm,z(anion ) = +6.197e-05 +- 2.6e-04  (0.2 sigma from zero)  OK
  -> PASS
==========================================================================
### acceptance p20 done Fri Sep 25 01:07:55 PM EDT 2026
