### acceptance for /mnt/gs21/scratch/lyuliyao/salt_in_polymer/runs/prod_T1.0_c0.01/field_p15  Thu Sep 24 03:52:06 AM EDT 2026
### lz = 24.359204, mmax = 14
==========================================================================
YBG check  run=/mnt/gs21/scratch/lyuliyao/salt_in_polymer/runs/prod_T1.0_c0.01/field_p15  potential=p15 kind=charged pp(V_N)=0.00 pp(psi)=3.23 kT

  cation: applied external force vs. stored spec, per particle: max dev 3.75e-05 of range  OK
        bin-by-bin: 98.0% of 244 bins within 2 sigma, chi^2/bin = 0.67
         m  driven   kT k_m |n_m|        |f_m|         |diff|/err
         1   -     1.28646e-05   2.28410e-04      1.56
         2   -     7.57024e-05   7.51293e-05      0.57
         3   -     3.88298e-05   2.17204e-04      1.26
         4  yes    4.54570e-03   4.60340e-03      0.98
         5   -     1.03849e-04   1.41430e-04      0.86
         6   -     6.82874e-05   7.18611e-05      0.80
         7   -     1.12022e-04   1.68439e-04      0.92
         8  yes    1.01035e-03   9.59857e-04      1.01
        driven modes only: max |diff|/err = 1.01
        n_mean = 0.00830, contrast n_max/n_min = 22.85

  anion: applied external force vs. stored spec, per particle: max dev 4.32e-05 of range  OK
        bin-by-bin: 100.0% of 244 bins within 2 sigma, chi^2/bin = 0.35
         m  driven   kT k_m |n_m|        |f_m|         |diff|/err
         1   -     1.03027e-05   6.07294e-06      0.18
         2   -     2.68710e-05   7.46366e-05      0.71
         3   -     2.87196e-05   5.97751e-05      0.34
         4  yes    4.59945e-03   4.66449e-03      1.27
         5   -     1.67748e-05   6.75180e-05      0.69
         6   -     9.37675e-05   9.24391e-05      0.02
         7   -     5.43652e-05   6.86835e-05      0.66
         8  yes    4.42655e-03   4.47217e-03      0.77
        driven modes only: max |diff|/err = 1.27
        n_mean = 0.00830, contrast n_max/n_min = 10.39

wrote /mnt/gs21/scratch/lyuliyao/salt_in_polymer/runs/prod_T1.0_c0.01/field_p15/profiles.npz
==========================================================================
==========================================================================
field acceptance  /mnt/gs21/scratch/lyuliyao/salt_in_polymer/runs/prod_T1.0_c0.01/field_p15
  cation: halves agree on 73.0% of 244 bins (chi^2/bin 3.45, max pull 4.8)   [diagnostic]
          mode by mode: median 1.0 sigma, worst m=1 at 2.5 sigma  OK
  anion : halves agree on 64.8% of 244 bins (chi^2/bin 4.64, max pull 5.2)   [diagnostic]
          mode by mode: median 1.2 sigma, worst m=1 at 2.6 sigma  OK
  mean ion current over 7400 samples:
    v_cm,z(cation) = -2.293e-04 +- 3.5e-04  (0.6 sigma from zero)  OK
    v_cm,z(anion ) = -1.231e-04 +- 4.1e-04  (0.3 sigma from zero)  OK
  -> PASS
==========================================================================
### acceptance p15 done Thu Sep 24 03:52:49 AM EDT 2026
