### acceptance for /mnt/gs21/scratch/lyuliyao/salt_in_polymer/runs/prod_T1.0_c0.08/field_p09  Fri Sep 25 12:30:45 AM EDT 2026
### lz = 24.971625, mmax = 18
==========================================================================
YBG check  run=/mnt/gs21/scratch/lyuliyao/salt_in_polymer/runs/prod_T1.0_c0.08/field_p09  potential=p09 kind=both pp(V_N)=1.11 pp(psi)=2.14 kT

  cation: applied external force vs. stored spec, per particle: max dev 7.21e-05 of range  OK
        bin-by-bin: 98.8% of 250 bins within 2 sigma, chi^2/bin = 0.50
         m  driven   kT k_m |n_m|        |f_m|         |diff|/err
         1   -     2.26220e-05   1.34030e-04      0.91
         2   -     1.94910e-05   4.29868e-05      0.26
         3  yes    8.91421e-04   1.00104e-03      0.53
         4  yes    4.35491e-03   4.10484e-03      1.90
         5  yes    1.14688e-02   1.14786e-02      0.14
         6  yes    1.30101e-02   1.28768e-02      0.43
         7   -     3.96375e-03   4.02723e-03      0.18
         8   -     2.10365e-03   2.11839e-03      0.93
        driven modes only: max |diff|/err = 1.90
        n_mean = 0.06165, contrast n_max/n_min = 6.50

  anion: applied external force vs. stored spec, per particle: max dev 6.85e-05 of range  OK
        bin-by-bin: 98.8% of 250 bins within 2 sigma, chi^2/bin = 0.66
         m  driven   kT k_m |n_m|        |f_m|         |diff|/err
         1   -     2.03672e-05   3.73552e-05      0.17
         2   -     1.45024e-05   6.43531e-05      0.68
         3  yes    4.53274e-04   4.74282e-04      0.94
         4  yes    1.25122e-03   1.14408e-03      0.85
         5  yes    3.21220e-03   3.24122e-03      1.21
         6  yes    7.52440e-03   7.47469e-03      0.54
         7   -     1.57132e-03   1.51706e-03      0.45
         8   -     7.54756e-04   7.42108e-04      0.47
        driven modes only: max |diff|/err = 1.63
        n_mean = 0.06165, contrast n_max/n_min = 4.03

wrote /mnt/gs21/scratch/lyuliyao/salt_in_polymer/runs/prod_T1.0_c0.08/field_p09/profiles.npz
==========================================================================
==========================================================================
field acceptance  /mnt/gs21/scratch/lyuliyao/salt_in_polymer/runs/prod_T1.0_c0.08/field_p09
  L = 24.9716, driven modes [3, 4, 5, 6, 12, 16]
  cation: halves agree on 90.8% of 250 bins (chi^2/bin 1.52, max pull 2.9)   [diagnostic]
          driven modes: median 1.3 sigma, worst m=6 at 1.9 sigma  OK   [undriven worst m=7 at 1.5 sigma, not a gate]
  anion : halves agree on 88.0% of 250 bins (chi^2/bin 1.69, max pull 4.5)   [diagnostic]
          driven modes: median 1.3 sigma, worst m=6 at 1.7 sigma  OK   [undriven worst m=7 at 1.1 sigma, not a gate]
  mean ion current over 29045 samples:
    v_cm,z(cation) = +1.007e-04 +- 9.3e-05  (1.1 sigma from zero)  OK
    v_cm,z(anion ) = -3.900e-05 +- 9.2e-05  (0.4 sigma from zero)  OK
  -> PASS
==========================================================================
### acceptance p09 done Fri Sep 25 12:50:22 AM EDT 2026
