### acceptance for /mnt/gs21/scratch/lyuliyao/salt_in_polymer/runs/prod_T1.0_c0.02/field_p11  Thu Sep 24 03:53:49 AM EDT 2026
### lz = 24.376019, mmax = 22
==========================================================================
YBG check  run=/mnt/gs21/scratch/lyuliyao/salt_in_polymer/runs/prod_T1.0_c0.02/field_p11  potential=p11 kind=both pp(V_N)=2.37 pp(psi)=0.80 kT

  cation: applied external force vs. stored spec, per particle: max dev 7.46e-05 of range  OK
        bin-by-bin: 98.0% of 244 bins within 2 sigma, chi^2/bin = 0.69
         m  driven   kT k_m |n_m|        |f_m|         |diff|/err
         1   -     4.10766e-05   2.69229e-04      1.00
         2   -     1.07212e-04   1.94605e-04      0.48
         3   -     1.10985e-04   1.47463e-04      0.64
         4  yes    1.83066e-03   1.74004e-03      1.32
         5  yes    2.56414e-04   2.86339e-04      0.36
         6  yes    4.02908e-03   4.07302e-03      0.68
         7   -     6.59670e-05   1.09511e-04      0.53
         8  yes    3.60536e-03   3.63886e-03      0.20
        driven modes only: max |diff|/err = 1.32
        n_mean = 0.01657, contrast n_max/n_min = 4.44

  anion: applied external force vs. stored spec, per particle: max dev 8.82e-05 of range  OK
        bin-by-bin: 98.4% of 244 bins within 2 sigma, chi^2/bin = 0.77
         m  driven   kT k_m |n_m|        |f_m|         |diff|/err
         1   -     4.03417e-05   9.13423e-05      0.64
         2   -     7.44650e-05   2.31924e-04      1.31
         3   -     7.39871e-05   1.54194e-04      0.73
         4  yes    1.56759e-03   1.45553e-03      1.08
         5  yes    2.63015e-03   2.67952e-03      0.32
         6  yes    3.35441e-03   3.40325e-03      0.36
         7   -     6.45425e-05   3.67947e-05      0.21
         8  yes    3.43200e-03   3.51251e-03      1.02
        driven modes only: max |diff|/err = 1.35
        n_mean = 0.01657, contrast n_max/n_min = 9.75

wrote /mnt/gs21/scratch/lyuliyao/salt_in_polymer/runs/prod_T1.0_c0.02/field_p11/profiles.npz
==========================================================================
==========================================================================
field acceptance  /mnt/gs21/scratch/lyuliyao/salt_in_polymer/runs/prod_T1.0_c0.02/field_p11
  cation: halves agree on 98.0% of 244 bins (chi^2/bin 0.94, max pull 2.4)   [diagnostic]
          mode by mode: median 0.8 sigma, worst m=2 at 1.6 sigma  OK
  anion : halves agree on 99.2% of 244 bins (chi^2/bin 0.66, max pull 2.5)   [diagnostic]
          mode by mode: median 0.7 sigma, worst m=16 at 3.7 sigma  REVIEW
  mean ion current over 8000 samples:
    v_cm,z(cation) = +2.724e-04 +- 3.4e-04  (0.8 sigma from zero)  OK
    v_cm,z(anion ) = -2.258e-04 +- 3.3e-04  (0.7 sigma from zero)  OK
  -> REVIEW
==========================================================================
### acceptance p11 done Thu Sep 24 03:55:22 AM EDT 2026
