### acceptance for /mnt/scratch/lyuliyao/salt_in_polymer/runs/prod_T1.0_c0.06/field_p19  Fri Sep 25 12:57:13 PM EDT 2026
### lz = 24.710624, mmax = 4
==========================================================================
YBG check  run=/mnt/scratch/lyuliyao/salt_in_polymer/runs/prod_T1.0_c0.06/field_p19  potential=p19 kind=both pp(V_N)=1.01 pp(psi)=2.69 kT

  cation: applied external force vs. stored spec, per particle: max dev 1.50e-05 of range  OK
        bin-by-bin: 95.1% of 247 bins within 2 sigma, chi^2/bin = 0.87
         m  driven   kT k_m |n_m|        |f_m|         |diff|/err
         1  yes    2.82345e-04   2.85545e-05      1.22
         2  yes    1.43093e-03   1.33371e-03      0.91
         3   -     7.25586e-05   3.03894e-04      0.83
         4   -     4.60789e-05   2.27064e-04      0.53
        driven modes only: max |diff|/err = 1.22
        n_mean = 0.04772, contrast n_max/n_min = 1.36

  anion: applied external force vs. stored spec, per particle: max dev 1.73e-05 of range  OK
        bin-by-bin: 98.0% of 247 bins within 2 sigma, chi^2/bin = 0.69
         m  driven   kT k_m |n_m|        |f_m|         |diff|/err
         1  yes    2.51607e-04   1.20469e-04      1.20
         2  yes    5.15063e-04   5.79174e-04      1.03
         3   -     2.01352e-05   1.92299e-04      1.51
         4   -     1.99037e-05   1.42897e-04      0.88
        driven modes only: max |diff|/err = 1.20
        n_mean = 0.04772, contrast n_max/n_min = 1.17

wrote /mnt/scratch/lyuliyao/salt_in_polymer/runs/prod_T1.0_c0.06/field_p19/profiles.npz
==========================================================================
==========================================================================
field acceptance  /mnt/scratch/lyuliyao/salt_in_polymer/runs/prod_T1.0_c0.06/field_p19
  L = 24.7106, driven modes [1, 2]
  cation: halves agree on 96.4% of 248 bins (chi^2/bin 0.95, max pull 3.0)   [diagnostic]
          driven modes: median 1.8 sigma, worst m=2 at 2.3 sigma  OK   [undriven worst m=3 at 2.0 sigma, not a gate]
  anion : halves agree on 91.9% of 248 bins (chi^2/bin 1.38, max pull 3.2)   [diagnostic]
          driven modes: median 2.1 sigma, worst m=2 at 2.8 sigma  OK   [undriven worst m=3 at 1.4 sigma, not a gate]
  mean ion current over 17800 samples:
    v_cm,z(cation) = +7.436e-05 +- 2.7e-04  (0.3 sigma from zero)  OK
    v_cm,z(anion ) = +2.285e-05 +- 2.8e-04  (0.1 sigma from zero)  OK
  -> PASS
==========================================================================
### acceptance p19 done Fri Sep 25 01:07:52 PM EDT 2026
