### acceptance for /mnt/gs21/scratch/lyuliyao/salt_in_polymer/runs/prod_T1.0_c0.06/field_p08  Thu Sep 24 09:43:29 PM EDT 2026
### lz = 24.710624, mmax = 18
==========================================================================
YBG check  run=/mnt/gs21/scratch/lyuliyao/salt_in_polymer/runs/prod_T1.0_c0.06/field_p08  potential=p08 kind=both pp(V_N)=1.15 pp(psi)=0.75 kT

  cation: applied external force vs. stored spec, per particle: max dev 7.66e-05 of range  OK
        bin-by-bin: 97.6% of 247 bins within 2 sigma, chi^2/bin = 0.78
         m  driven   kT k_m |n_m|        |f_m|         |diff|/err
         1   -     1.75896e-05   2.54444e-04      1.36
         2   -     8.16236e-06   9.56385e-05      0.34
         3  yes    8.26035e-04   1.09768e-03      1.43
         4  yes    2.38972e-03   2.15191e-03      0.84
         5  yes    2.58959e-03   2.52842e-03      0.42
         6  yes    2.12182e-03   1.89293e-03      0.58
         7   -     4.83943e-04   4.69904e-04      0.56
         8   -     6.43961e-04   3.95358e-04      0.59
        driven modes only: max |diff|/err = 1.43
        n_mean = 0.04772, contrast n_max/n_min = 2.53

  anion: applied external force vs. stored spec, per particle: max dev 6.82e-05 of range  OK
        bin-by-bin: 98.0% of 247 bins within 2 sigma, chi^2/bin = 0.74
         m  driven   kT k_m |n_m|        |f_m|         |diff|/err
         1   -     1.84748e-05   9.63983e-05      0.94
         2   -     1.03634e-05   5.47821e-05      0.59
         3  yes    4.04674e-04   5.40581e-04      1.51
         4  yes    1.13695e-03   1.08609e-03      0.56
         5  yes    1.09844e-03   1.07247e-03      0.23
         6  yes    5.30201e-03   5.38479e-03      0.50
         7   -     2.21746e-04   2.54713e-04      0.49
         8   -     2.48758e-04   2.60160e-04      0.34
        driven modes only: max |diff|/err = 1.51
        n_mean = 0.04772, contrast n_max/n_min = 2.37

wrote /mnt/gs21/scratch/lyuliyao/salt_in_polymer/runs/prod_T1.0_c0.06/field_p08/profiles.npz
==========================================================================
==========================================================================
field acceptance  /mnt/gs21/scratch/lyuliyao/salt_in_polymer/runs/prod_T1.0_c0.06/field_p08
  L = 24.7106, driven modes [3, 4, 5, 6, 12, 16]
  cation: halves agree on 96.0% of 248 bins (chi^2/bin 0.90, max pull 2.3)   [diagnostic]
          driven modes: median 0.8 sigma, worst m=3 at 1.3 sigma  OK   [undriven worst m=2 at 1.2 sigma, not a gate]
  anion : halves agree on 92.3% of 248 bins (chi^2/bin 1.16, max pull 3.2)   [diagnostic]
          driven modes: median 0.8 sigma, worst m=6 at 1.4 sigma  OK   [undriven worst m=2 at 1.2 sigma, not a gate]
  mean ion current over 17928 samples:
    v_cm,z(cation) = -1.467e-04 +- 1.6e-04  (0.9 sigma from zero)  OK
    v_cm,z(anion ) = +2.167e-04 +- 1.6e-04  (1.4 sigma from zero)  OK
  -> PASS
==========================================================================
### acceptance p08 done Thu Sep 24 09:52:58 PM EDT 2026
