### acceptance for /mnt/gs21/scratch/lyuliyao/salt_in_polymer/runs/prod_T1.0_c0.08/field_p01  Fri Sep 25 12:30:44 AM EDT 2026
### lz = 24.971625, mmax = 8
==========================================================================
YBG check  run=/mnt/gs21/scratch/lyuliyao/salt_in_polymer/runs/prod_T1.0_c0.08/field_p01  potential=p01 kind=both pp(V_N)=2.80 pp(psi)=2.80 kT

  cation: applied external force vs. stored spec, per particle: max dev 3.75e-05 of range  OK
        bin-by-bin: 99.2% of 250 bins within 2 sigma, chi^2/bin = 0.66
         m  driven   kT k_m |n_m|        |f_m|         |diff|/err
         1   -     1.31693e-04   1.61724e-04      0.39
         2   -     1.18380e-04   2.51995e-04      0.92
         3  yes    2.62648e-03   2.85053e-03      1.18
         4  yes    5.59685e-03   5.65999e-03      0.33
         5  yes    2.13246e-02   2.14290e-02      1.14
         6  yes    3.78547e-02   3.82700e-02      1.73
         7   -     5.91015e-03   6.15517e-03      0.75
         8   -     4.35424e-03   4.51289e-03      1.13
        driven modes only: max |diff|/err = 1.73
        n_mean = 0.06165, contrast n_max/n_min = 54.85

  anion: applied external force vs. stored spec, per particle: max dev 3.66e-05 of range  OK
        bin-by-bin: 100.0% of 250 bins within 2 sigma, chi^2/bin = 0.40
         m  driven   kT k_m |n_m|        |f_m|         |diff|/err
         1   -     1.14107e-04   1.54767e-04      1.08
         2   -     5.69744e-05   4.89565e-05      0.75
         3  yes    1.46067e-03   1.36192e-03      0.98
         4  yes    2.09700e-03   2.07214e-03      0.29
         5  yes    9.45567e-03   9.49903e-03      0.36
         6  yes    2.16185e-02   2.18490e-02      1.55
         7   -     2.36985e-03   2.38053e-03      0.51
         8   -     2.02610e-03   2.13158e-03      0.70
        driven modes only: max |diff|/err = 1.55
        n_mean = 0.06165, contrast n_max/n_min = 5.04

wrote /mnt/gs21/scratch/lyuliyao/salt_in_polymer/runs/prod_T1.0_c0.08/field_p01/profiles.npz
==========================================================================
==========================================================================
field acceptance  /mnt/gs21/scratch/lyuliyao/salt_in_polymer/runs/prod_T1.0_c0.08/field_p01
  L = 24.9716, driven modes [3, 4, 5, 6]
  cation: halves agree on 94.8% of 250 bins (chi^2/bin 0.95, max pull 2.7)   [diagnostic]
          driven modes: median 0.5 sigma, worst m=5 at 1.2 sigma  OK   [undriven worst m=7 at 1.3 sigma, not a gate]
  anion : halves agree on 98.0% of 250 bins (chi^2/bin 0.81, max pull 2.4)   [diagnostic]
          driven modes: median 1.0 sigma, worst m=3 at 1.6 sigma  OK   [undriven worst m=7 at 1.4 sigma, not a gate]
  mean ion current over 28715 samples:
    v_cm,z(cation) = +1.654e-04 +- 9.3e-05  (1.8 sigma from zero)  OK
    v_cm,z(anion ) = +7.724e-05 +- 9.3e-05  (0.8 sigma from zero)  OK
  -> PASS
==========================================================================
### acceptance p01 done Fri Sep 25 12:50:21 AM EDT 2026
