### acceptance for /mnt/gs21/scratch/lyuliyao/salt_in_polymer/runs/prod_T1.0_c0.08/field_p00  Fri Sep 25 12:30:44 AM EDT 2026
### lz = 24.971625, mmax = 8
==========================================================================
YBG check  run=/mnt/gs21/scratch/lyuliyao/salt_in_polymer/runs/prod_T1.0_c0.08/field_p00  potential=p00 kind=both pp(V_N)=0.60 pp(psi)=0.60 kT

  cation: applied external force vs. stored spec, per particle: max dev 3.23e-05 of range  OK
        bin-by-bin: 98.8% of 250 bins within 2 sigma, chi^2/bin = 0.54
         m  driven   kT k_m |n_m|        |f_m|         |diff|/err
         1   -     2.52033e-06   9.55958e-05      0.40
         2   -     2.14427e-05   3.97533e-05      0.44
         3  yes    9.89944e-04   9.24654e-04      0.26
         4  yes    2.35005e-03   2.37988e-03      0.59
         5   -     9.76410e-05   1.46623e-04      0.44
         6  yes    1.06500e-02   1.08996e-02      1.06
         7   -     3.80426e-04   5.46917e-04      0.49
         8   -     8.19056e-05   2.88263e-04      0.53
        driven modes only: max |diff|/err = 1.06
        n_mean = 0.06165, contrast n_max/n_min = 1.91

  anion: applied external force vs. stored spec, per particle: max dev 3.46e-05 of range  OK
        bin-by-bin: 99.6% of 250 bins within 2 sigma, chi^2/bin = 0.51
         m  driven   kT k_m |n_m|        |f_m|         |diff|/err
         1   -     1.73352e-06   1.47463e-04      1.32
         2   -     1.47439e-05   1.18617e-04      1.01
         3  yes    3.24582e-04   3.54144e-04      0.72
         4  yes    6.35501e-04   5.94990e-04      1.35
         5   -     5.42733e-05   7.32713e-05      0.79
         6  yes    5.51913e-03   5.54106e-03      0.21
         7   -     2.61627e-04   3.92925e-04      0.56
         8   -     7.50313e-05   1.81158e-04      0.39
        driven modes only: max |diff|/err = 1.35
        n_mean = 0.06165, contrast n_max/n_min = 1.35

wrote /mnt/gs21/scratch/lyuliyao/salt_in_polymer/runs/prod_T1.0_c0.08/field_p00/profiles.npz
==========================================================================
==========================================================================
field acceptance  /mnt/gs21/scratch/lyuliyao/salt_in_polymer/runs/prod_T1.0_c0.08/field_p00
  L = 24.9716, driven modes [3, 4, 6]
  cation: halves agree on 98.8% of 250 bins (chi^2/bin 0.85, max pull 2.5)   [diagnostic]
          driven modes: median 0.6 sigma, worst m=6 at 0.6 sigma  OK   [undriven worst m=7 at 1.3 sigma, not a gate]
  anion : halves agree on 94.8% of 250 bins (chi^2/bin 1.15, max pull 3.7)   [diagnostic]
          driven modes: median 0.5 sigma, worst m=4 at 1.6 sigma  OK   [undriven worst m=7 at 1.6 sigma, not a gate]
  mean ion current over 28600 samples:
    v_cm,z(cation) = -9.399e-05 +- 1.5e-04  (0.6 sigma from zero)  OK
    v_cm,z(anion ) = -2.347e-05 +- 1.5e-04  (0.2 sigma from zero)  OK
  -> PASS
==========================================================================
### acceptance p00 done Fri Sep 25 12:51:14 AM EDT 2026
