### acceptance for /mnt/gs21/scratch/lyuliyao/salt_in_polymer/runs/prod_T1.0_c0.01/field_p07  Thu Sep 24 09:28:15 PM EDT 2026
### lz = 24.359204, mmax = 8
==========================================================================
YBG check  run=/mnt/gs21/scratch/lyuliyao/salt_in_polymer/runs/prod_T1.0_c0.01/field_p07  potential=p07 kind=charged pp(V_N)=0.00 pp(psi)=2.74 kT

  cation: applied external force vs. stored spec, per particle: max dev 3.66e-05 of range  OK
        bin-by-bin: 98.0% of 244 bins within 2 sigma, chi^2/bin = 0.63
         m  driven   kT k_m |n_m|        |f_m|         |diff|/err
         1   -     4.06834e-05   6.82428e-05      0.40
         2   -     3.91093e-04   5.44054e-04      0.94
         3   -     4.36554e-05   4.89380e-05      0.43
         4  yes    2.32525e-03   2.32140e-03      0.22
         5   -     5.30694e-05   9.60304e-05      0.77
         6  yes    5.34637e-03   5.41362e-03      2.16
         7   -     1.73182e-04   3.18861e-04      0.69
         8   -     5.07609e-04   5.90727e-04      0.79
        driven modes only: max |diff|/err = 2.16
        n_mean = 0.00830, contrast n_max/n_min = 19.88

  anion: applied external force vs. stored spec, per particle: max dev 4.08e-05 of range  OK
        bin-by-bin: 100.0% of 244 bins within 2 sigma, chi^2/bin = 0.32
         m  driven   kT k_m |n_m|        |f_m|         |diff|/err
         1   -     3.66609e-05   8.67285e-05      0.79
         2   -     3.00514e-04   2.95704e-04      0.10
         3   -     1.50757e-05   6.71105e-05      0.71
         4  yes    1.76696e-03   1.87998e-03      1.67
         5   -     8.59762e-05   1.33642e-04      0.43
         6  yes    5.28958e-03   5.32890e-03      0.58
         7   -     1.01525e-04   1.59509e-04      0.37
         8   -     4.33879e-04   4.91612e-04      0.64
        driven modes only: max |diff|/err = 1.67
        n_mean = 0.00830, contrast n_max/n_min = 13.37

wrote /mnt/gs21/scratch/lyuliyao/salt_in_polymer/runs/prod_T1.0_c0.01/field_p07/profiles.npz
==========================================================================
==========================================================================
field acceptance  /mnt/gs21/scratch/lyuliyao/salt_in_polymer/runs/prod_T1.0_c0.01/field_p07
  L = 24.3592, driven modes [4, 6]
  cation: halves agree on 98.0% of 244 bins (chi^2/bin 0.72, max pull 2.4)   [diagnostic]
          driven modes: median 1.4 sigma, worst m=4 at 1.5 sigma  OK   [undriven worst m=2 at 1.5 sigma, not a gate]
  anion : halves agree on 98.0% of 244 bins (chi^2/bin 0.59, max pull 3.1)   [diagnostic]
          driven modes: median 0.7 sigma, worst m=6 at 0.9 sigma  OK   [undriven worst m=3 at 1.0 sigma, not a gate]
  mean ion current over 7400 samples:
    v_cm,z(cation) = +3.235e-05 +- 5.0e-04  (0.1 sigma from zero)  OK
    v_cm,z(anion ) = +1.049e-04 +- 5.0e-04  (0.2 sigma from zero)  OK
  -> PASS
==========================================================================
### acceptance p07 done Thu Sep 24 09:28:22 PM EDT 2026
