### acceptance for /mnt/scratch/lyuliyao/salt_in_polymer/runs/prod_T1.0_c0.05/field_p17  Fri Sep 25 09:58:50 AM EDT 2026
### lz = 24.597787, mmax = 4
==========================================================================
YBG check  run=/mnt/scratch/lyuliyao/salt_in_polymer/runs/prod_T1.0_c0.05/field_p17  potential=p17 kind=neutral pp(V_N)=0.72 pp(psi)=0.00 kT

  cation: applied external force vs. stored spec, per particle: max dev 2.28e-05 of range  OK
        bin-by-bin: 96.3% of 246 bins within 2 sigma, chi^2/bin = 0.86
         m  driven   kT k_m |n_m|        |f_m|         |diff|/err
         1  yes    9.68081e-05   3.08840e-04      0.73
         2  yes    7.39095e-04   8.24686e-04      1.59
         3   -     3.33954e-05   3.23912e-04      1.20
         4   -     8.71436e-05   3.26858e-05      0.20
        driven modes only: max |diff|/err = 1.59
        n_mean = 0.04031, contrast n_max/n_min = 1.19

  anion: applied external force vs. stored spec, per particle: max dev 2.29e-05 of range  OK
        bin-by-bin: 98.4% of 246 bins within 2 sigma, chi^2/bin = 0.75
         m  driven   kT k_m |n_m|        |f_m|         |diff|/err
         1  yes    9.11820e-05   1.29353e-04      0.22
         2  yes    5.39351e-04   7.44584e-04      2.08
         3   -     1.35416e-05   1.89878e-04      1.95
         4   -     2.48684e-05   3.51255e-05      0.60
        driven modes only: max |diff|/err = 2.08
        n_mean = 0.04031, contrast n_max/n_min = 1.14

wrote /mnt/scratch/lyuliyao/salt_in_polymer/runs/prod_T1.0_c0.05/field_p17/profiles.npz
==========================================================================
==========================================================================
field acceptance  /mnt/scratch/lyuliyao/salt_in_polymer/runs/prod_T1.0_c0.05/field_p17
  L = 24.5978, driven modes [1, 2]
  cation: halves agree on 95.1% of 246 bins (chi^2/bin 1.07, max pull 2.6)   [diagnostic]
          driven modes: median 1.0 sigma, worst m=1 at 1.5 sigma  OK   [undriven worst m=6 at 1.5 sigma, not a gate]
  anion : halves agree on 89.8% of 246 bins (chi^2/bin 1.48, max pull 3.0)   [diagnostic]
          driven modes: median 1.1 sigma, worst m=1 at 1.4 sigma  OK   [undriven worst m=6 at 1.6 sigma, not a gate]
  mean ion current over 13400 samples:
    v_cm,z(cation) = +3.086e-04 +- 4.5e-04  (0.7 sigma from zero)  OK
    v_cm,z(anion ) = +1.342e-04 +- 4.6e-04  (0.3 sigma from zero)  OK
  -> PASS
==========================================================================
### acceptance p17 done Fri Sep 25 10:05:35 AM EDT 2026
