### acceptance for /mnt/gs21/scratch/lyuliyao/salt_in_polymer/runs/prod_T1.0_c0.08/field_p05  Fri Sep 25 12:30:45 AM EDT 2026
### lz = 24.971625, mmax = 7
==========================================================================
YBG check  run=/mnt/gs21/scratch/lyuliyao/salt_in_polymer/runs/prod_T1.0_c0.08/field_p05  potential=p05 kind=both pp(V_N)=1.52 pp(psi)=0.52 kT

  cation: applied external force vs. stored spec, per particle: max dev 2.80e-05 of range  OK
        bin-by-bin: 99.6% of 250 bins within 2 sigma, chi^2/bin = 0.46
         m  driven   kT k_m |n_m|        |f_m|         |diff|/err
         1   -     7.54132e-06   1.94847e-04      0.74
         2   -     3.61602e-05   7.02851e-05      0.19
         3  yes    1.33859e-03   1.42856e-03      0.29
         4  yes    5.47142e-03   5.65405e-03      1.04
         5  yes    3.35984e-03   3.10950e-03      1.08
         6   -     2.24011e-04   2.70959e-04      0.87
         7   -     3.77873e-04   3.03698e-04      0.16
        driven modes only: max |diff|/err = 1.08
        n_mean = 0.06165, contrast n_max/n_min = 1.71

  anion: applied external force vs. stored spec, per particle: max dev 2.92e-05 of range  OK
        bin-by-bin: 99.6% of 250 bins within 2 sigma, chi^2/bin = 0.46
         m  driven   kT k_m |n_m|        |f_m|         |diff|/err
         1   -     6.86058e-06   4.08891e-05      0.26
         2   -     2.33901e-05   1.36826e-04      1.43
         3  yes    7.19402e-04   7.19945e-04      0.40
         4  yes    1.71608e-03   1.79961e-03      0.91
         5  yes    2.80286e-03   2.99332e-03      1.20
         6   -     1.22026e-04   2.09755e-05      0.92
         7   -     1.92842e-04   2.22381e-04      0.29
        driven modes only: max |diff|/err = 1.20
        n_mean = 0.06165, contrast n_max/n_min = 1.27

wrote /mnt/gs21/scratch/lyuliyao/salt_in_polymer/runs/prod_T1.0_c0.08/field_p05/profiles.npz
==========================================================================
==========================================================================
field acceptance  /mnt/gs21/scratch/lyuliyao/salt_in_polymer/runs/prod_T1.0_c0.08/field_p05
  L = 24.9716, driven modes [3, 4, 5]
  cation: halves agree on 92.4% of 250 bins (chi^2/bin 1.19, max pull 3.2)   [diagnostic]
          driven modes: median 0.9 sigma, worst m=5 at 1.3 sigma  OK   [undriven worst m=1 at 1.2 sigma, not a gate]
  anion : halves agree on 92.0% of 250 bins (chi^2/bin 1.27, max pull 2.8)   [diagnostic]
          driven modes: median 0.7 sigma, worst m=3 at 0.8 sigma  OK   [undriven worst m=1 at 1.3 sigma, not a gate]
  mean ion current over 29363 samples:
    v_cm,z(cation) = +3.724e-05 +- 1.4e-04  (0.3 sigma from zero)  OK
    v_cm,z(anion ) = +9.496e-05 +- 1.4e-04  (0.7 sigma from zero)  OK
  -> PASS
==========================================================================
### acceptance p05 done Fri Sep 25 12:50:21 AM EDT 2026
