### acceptance for /mnt/gs21/scratch/lyuliyao/salt_in_polymer/runs/prod_T1.0_c0.06/field_p02  Thu Sep 24 09:43:26 PM EDT 2026
### lz = 24.710624, mmax = 7
==========================================================================
YBG check  run=/mnt/gs21/scratch/lyuliyao/salt_in_polymer/runs/prod_T1.0_c0.06/field_p02  potential=p02 kind=both pp(V_N)=2.64 pp(psi)=2.25 kT

  cation: applied external force vs. stored spec, per particle: max dev 3.50e-05 of range  OK
        bin-by-bin: 98.4% of 247 bins within 2 sigma, chi^2/bin = 0.74
         m  driven   kT k_m |n_m|        |f_m|         |diff|/err
         1   -     9.17109e-05   4.81826e-04      1.54
         2   -     3.42571e-05   2.09302e-04      0.65
         3   -     9.16446e-05   2.36291e-04      0.75
         4  yes    1.07930e-02   1.07644e-02      0.42
         5  yes    2.43145e-02   2.42039e-02      0.31
         6   -     1.33182e-03   1.03979e-03      1.05
         7   -     3.99181e-04   6.55769e-04      0.92
        driven modes only: max |diff|/err = 0.42
        n_mean = 0.04772, contrast n_max/n_min = 17.88

  anion: applied external force vs. stored spec, per particle: max dev 3.52e-05 of range  OK
        bin-by-bin: 98.4% of 247 bins within 2 sigma, chi^2/bin = 0.69
         m  driven   kT k_m |n_m|        |f_m|         |diff|/err
         1   -     7.64747e-05   1.18483e-04      0.58
         2   -     2.58718e-05   2.46399e-04      2.26
         3   -     2.69815e-05   8.83656e-05      0.85
         4  yes    4.64027e-04   4.45894e-04      0.46
         5  yes    7.89887e-03   7.97014e-03      0.48
         6   -     5.01028e-04   6.33495e-04      0.88
         7   -     1.12266e-04   3.53506e-04      1.09
        driven modes only: max |diff|/err = 0.48
        n_mean = 0.04772, contrast n_max/n_min = 1.98

wrote /mnt/gs21/scratch/lyuliyao/salt_in_polymer/runs/prod_T1.0_c0.06/field_p02/profiles.npz
==========================================================================
==========================================================================
field acceptance  /mnt/gs21/scratch/lyuliyao/salt_in_polymer/runs/prod_T1.0_c0.06/field_p02
  L = 24.7106, driven modes [4, 5]
  cation: halves agree on 98.0% of 248 bins (chi^2/bin 0.64, max pull 2.7)   [diagnostic]
          driven modes: median 0.5 sigma, worst m=5 at 0.5 sigma  OK   [undriven worst m=7 at 1.9 sigma, not a gate]
  anion : halves agree on 95.6% of 248 bins (chi^2/bin 1.05, max pull 2.8)   [diagnostic]
          driven modes: median 0.8 sigma, worst m=4 at 1.3 sigma  OK   [undriven worst m=2 at 1.3 sigma, not a gate]
  mean ion current over 18032 samples:
    v_cm,z(cation) = +3.493e-05 +- 1.5e-04  (0.2 sigma from zero)  OK
    v_cm,z(anion ) = -1.091e-04 +- 1.5e-04  (0.7 sigma from zero)  OK
  -> PASS
==========================================================================
### acceptance p02 done Thu Sep 24 09:52:33 PM EDT 2026
