### acceptance for /mnt/gs21/scratch/lyuliyao/salt_in_polymer/runs/prod_T1.0_c0.05/field_p11  Thu Sep 24 09:37:25 PM EDT 2026
### lz = 24.597787, mmax = 22
==========================================================================
YBG check  run=/mnt/gs21/scratch/lyuliyao/salt_in_polymer/runs/prod_T1.0_c0.05/field_p11  potential=p11 kind=both pp(V_N)=2.37 pp(psi)=0.80 kT

  cation: applied external force vs. stored spec, per particle: max dev 8.26e-05 of range  OK
        bin-by-bin: 96.7% of 246 bins within 2 sigma, chi^2/bin = 0.75
         m  driven   kT k_m |n_m|        |f_m|         |diff|/err
         1   -     3.23942e-06   1.42430e-04      0.50
         2   -     6.61832e-05   3.31106e-04      1.40
         3   -     1.03934e-04   1.46136e-04      0.38
         4  yes    2.69542e-03   2.53101e-03      1.50
         5  yes    1.07466e-03   1.13062e-03      0.63
         6  yes    9.17968e-03   9.33458e-03      0.64
         7   -     9.29389e-05   6.22040e-05      0.14
         8  yes    7.03200e-03   6.86543e-03      0.65
        driven modes only: max |diff|/err = 1.50
        n_mean = 0.04031, contrast n_max/n_min = 3.87

  anion: applied external force vs. stored spec, per particle: max dev 8.96e-05 of range  OK
        bin-by-bin: 95.5% of 246 bins within 2 sigma, chi^2/bin = 0.99
         m  driven   kT k_m |n_m|        |f_m|         |diff|/err
         1   -     2.50485e-06   1.17197e-04      1.11
         2   -     3.45788e-05   8.44900e-05      0.37
         3   -     3.28857e-05   3.76920e-05      0.38
         4  yes    1.52621e-03   1.56236e-03      1.72
         5  yes    3.07337e-03   3.07093e-03      1.60
         6  yes    2.65992e-03   2.73007e-03      0.34
         7   -     1.06524e-04   8.27442e-05      0.52
         8  yes    5.54541e-03   5.57500e-03      0.27
        driven modes only: max |diff|/err = 1.72
        n_mean = 0.04031, contrast n_max/n_min = 4.36

wrote /mnt/gs21/scratch/lyuliyao/salt_in_polymer/runs/prod_T1.0_c0.05/field_p11/profiles.npz
==========================================================================
==========================================================================
field acceptance  /mnt/gs21/scratch/lyuliyao/salt_in_polymer/runs/prod_T1.0_c0.05/field_p11
  L = 24.5978, driven modes [4, 5, 6, 8, 16, 20]
  cation: halves agree on 94.7% of 246 bins (chi^2/bin 1.08, max pull 2.9)   [diagnostic]
          driven modes: median 0.8 sigma, worst m=6 at 1.5 sigma  OK   [undriven worst m=7 at 1.6 sigma, not a gate]
  anion : halves agree on 98.4% of 246 bins (chi^2/bin 0.68, max pull 2.2)   [diagnostic]
          driven modes: median 0.8 sigma, worst m=6 at 0.9 sigma  OK   [undriven worst m=1 at 0.9 sigma, not a gate]
  mean ion current over 13597 samples:
    v_cm,z(cation) = -1.204e-04 +- 1.8e-04  (0.7 sigma from zero)  OK
    v_cm,z(anion ) = -7.278e-05 +- 1.7e-04  (0.4 sigma from zero)  OK
  -> PASS
==========================================================================
### acceptance p11 done Thu Sep 24 09:43:13 PM EDT 2026
