### acceptance for /mnt/gs21/scratch/lyuliyao/salt_in_polymer/runs/prod_T1.0_c0.05/field_p00  Thu Sep 24 09:37:25 PM EDT 2026
### lz = 24.597787, mmax = 8
==========================================================================
YBG check  run=/mnt/gs21/scratch/lyuliyao/salt_in_polymer/runs/prod_T1.0_c0.05/field_p00  potential=p00 kind=both pp(V_N)=0.60 pp(psi)=0.60 kT

  cation: applied external force vs. stored spec, per particle: max dev 3.27e-05 of range  OK
        bin-by-bin: 95.5% of 246 bins within 2 sigma, chi^2/bin = 0.86
         m  driven   kT k_m |n_m|        |f_m|         |diff|/err
         1   -     3.99777e-05   2.94847e-04      1.06
         2   -     4.16753e-05   1.49125e-04      0.44
         3  yes    1.05429e-03   1.16093e-03      0.57
         4  yes    2.28582e-03   2.18658e-03      0.66
         5   -     1.82626e-04   4.80539e-04      1.04
         6  yes    6.80323e-03   6.85363e-03      0.36
         7   -     2.25745e-04   3.53595e-04      0.48
         8   -     1.15349e-04   3.29861e-04      0.60
        driven modes only: max |diff|/err = 0.66
        n_mean = 0.04031, contrast n_max/n_min = 2.08

  anion: applied external force vs. stored spec, per particle: max dev 3.49e-05 of range  OK
        bin-by-bin: 99.6% of 246 bins within 2 sigma, chi^2/bin = 0.64
         m  driven   kT k_m |n_m|        |f_m|         |diff|/err
         1   -     3.37221e-05   1.49142e-04      1.27
         2   -     1.69045e-05   1.20665e-04      1.12
         3  yes    3.75946e-04   4.30238e-04      1.75
         4  yes    6.89297e-04   6.65623e-04      1.50
         5   -     7.06797e-05   2.98778e-04      2.37
         6  yes    4.19345e-03   4.20763e-03      0.50
         7   -     4.77863e-05   9.00043e-05      0.72
         8   -     7.93651e-05   8.14003e-05      0.70
        driven modes only: max |diff|/err = 1.75
        n_mean = 0.04031, contrast n_max/n_min = 1.46

wrote /mnt/gs21/scratch/lyuliyao/salt_in_polymer/runs/prod_T1.0_c0.05/field_p00/profiles.npz
==========================================================================
==========================================================================
field acceptance  /mnt/gs21/scratch/lyuliyao/salt_in_polymer/runs/prod_T1.0_c0.05/field_p00
  L = 24.5978, driven modes [3, 4, 6]
  cation: halves agree on 89.8% of 246 bins (chi^2/bin 1.50, max pull 2.9)   [diagnostic]
          driven modes: median 1.4 sigma, worst m=4 at 2.5 sigma  OK   [undriven worst m=2 at 1.0 sigma, not a gate]
  anion : halves agree on 95.1% of 246 bins (chi^2/bin 0.95, max pull 3.0)   [diagnostic]
          driven modes: median 0.8 sigma, worst m=3 at 1.4 sigma  OK   [undriven worst m=2 at 1.1 sigma, not a gate]
  mean ion current over 13463 samples:
    v_cm,z(cation) = -6.113e-05 +- 2.6e-04  (0.2 sigma from zero)  OK
    v_cm,z(anion ) = -1.394e-04 +- 2.6e-04  (0.5 sigma from zero)  OK
  -> PASS
==========================================================================
### acceptance p00 done Thu Sep 24 09:43:14 PM EDT 2026
