### acceptance for /mnt/gs21/scratch/lyuliyao/salt_in_polymer/runs/prod_T1.0_c0.02/field_p13  Thu Sep 24 09:32:54 PM EDT 2026
### lz = 24.376019, mmax = 18
==========================================================================
YBG check  run=/mnt/gs21/scratch/lyuliyao/salt_in_polymer/runs/prod_T1.0_c0.02/field_p13  potential=p13 kind=neutral pp(V_N)=4.45 pp(psi)=0.00 kT

  cation: applied external force vs. stored spec, per particle: max dev 4.60e-05 of range  OK
        bin-by-bin: 96.3% of 244 bins within 2 sigma, chi^2/bin = 0.72
         m  driven   kT k_m |n_m|        |f_m|         |diff|/err
         1   -     3.16803e-05   2.49976e-04      1.27
         2   -     9.20548e-05   1.59981e-04      0.57
         3   -     6.53899e-05   9.97039e-05      0.58
         4  yes    9.50261e-03   9.43333e-03      0.57
         5   -     1.16827e-04   3.21007e-04      1.47
         6   -     5.35173e-05   3.59666e-04      1.33
         7   -     6.16275e-05   1.19064e-04      0.71
         8  yes    1.17113e-03   9.22009e-04      1.04
        driven modes only: max |diff|/err = 1.14
        n_mean = 0.01657, contrast n_max/n_min = 67.75

  anion: applied external force vs. stored spec, per particle: max dev 5.16e-05 of range  OK
        bin-by-bin: 99.2% of 244 bins within 2 sigma, chi^2/bin = 0.43
         m  driven   kT k_m |n_m|        |f_m|         |diff|/err
         1   -     3.12028e-05   1.38297e-04      1.33
         2   -     6.19172e-05   1.69980e-04      0.99
         3   -     3.85025e-05   1.56910e-04      0.88
         4  yes    6.39438e-03   6.42627e-03      0.48
         5   -     2.79251e-05   1.12842e-04      0.62
         6   -     4.76829e-05   9.65406e-05      0.31
         7   -     1.03123e-04   2.61818e-05      0.49
         8  yes    5.66249e-03   5.63366e-03      0.28
        driven modes only: max |diff|/err = 1.18
        n_mean = 0.01657, contrast n_max/n_min = 21.26

wrote /mnt/gs21/scratch/lyuliyao/salt_in_polymer/runs/prod_T1.0_c0.02/field_p13/profiles.npz
==========================================================================
==========================================================================
field acceptance  /mnt/gs21/scratch/lyuliyao/salt_in_polymer/runs/prod_T1.0_c0.02/field_p13
  L = 24.3760, driven modes [4, 8, 12, 16, 20, 24, 28, 32]
  cation: halves agree on 74.2% of 244 bins (chi^2/bin 3.16, max pull 4.6)   [diagnostic]
          driven modes: median 0.8 sigma, worst m=32 at 1.1 sigma  OK   [undriven worst m=2 at 2.2 sigma, not a gate]
  anion : halves agree on 75.8% of 244 bins (chi^2/bin 3.00, max pull 4.8)   [diagnostic]
          driven modes: median 0.5 sigma, worst m=20 at 0.7 sigma  OK   [undriven worst m=2 at 2.2 sigma, not a gate]
  mean ion current over 8000 samples:
    v_cm,z(cation) = -1.225e-04 +- 3.5e-04  (0.3 sigma from zero)  OK
    v_cm,z(anion ) = +4.329e-05 +- 3.4e-04  (0.1 sigma from zero)  OK
  -> PASS
==========================================================================
### acceptance p13 done Thu Sep 24 09:33:08 PM EDT 2026
