### acceptance for /mnt/gs21/scratch/lyuliyao/salt_in_polymer/runs/prod_T1.0_c0.06/field_p14  Thu Sep 24 09:48:55 PM EDT 2026
### lz = 24.710624, mmax = 22
==========================================================================
YBG check  run=/mnt/gs21/scratch/lyuliyao/salt_in_polymer/runs/prod_T1.0_c0.06/field_p14  potential=p14 kind=neutral pp(V_N)=1.87 pp(psi)=0.00 kT

  cation: applied external force vs. stored spec, per particle: max dev 5.31e-05 of range  OK
        bin-by-bin: 98.0% of 247 bins within 2 sigma, chi^2/bin = 0.56
         m  driven   kT k_m |n_m|        |f_m|         |diff|/err
         1   -     1.47486e-05   1.41435e-04      0.55
         2   -     1.25991e-05   2.02219e-04      0.69
         3   -     6.41837e-05   4.50797e-04      1.53
         4  yes    9.42572e-03   9.36957e-03      0.21
         5   -     1.61400e-04   2.15528e-04      0.21
         6   -     1.86921e-04   3.30238e-04      0.67
         7   -     2.02263e-04   2.74498e-04      0.50
         8  yes    1.31820e-03   1.45449e-03      0.48
        driven modes only: max |diff|/err = 1.69
        n_mean = 0.04772, contrast n_max/n_min = 2.85

  anion: applied external force vs. stored spec, per particle: max dev 5.41e-05 of range  OK
        bin-by-bin: 98.0% of 247 bins within 2 sigma, chi^2/bin = 0.61
         m  driven   kT k_m |n_m|        |f_m|         |diff|/err
         1   -     1.33274e-05   8.78031e-05      0.81
         2   -     6.77374e-06   9.49373e-05      0.64
         3   -     1.66305e-05   1.30605e-04      0.98
         4  yes    3.13675e-03   3.25315e-03      1.14
         5   -     4.19557e-05   5.02720e-05      0.83
         6   -     9.87943e-05   2.61407e-04      1.20
         7   -     2.47420e-04   1.39849e-04      0.87
         8  yes    4.01887e-03   4.13162e-03      0.67
        driven modes only: max |diff|/err = 1.14
        n_mean = 0.04772, contrast n_max/n_min = 1.61

wrote /mnt/gs21/scratch/lyuliyao/salt_in_polymer/runs/prod_T1.0_c0.06/field_p14/profiles.npz
==========================================================================
==========================================================================
field acceptance  /mnt/gs21/scratch/lyuliyao/salt_in_polymer/runs/prod_T1.0_c0.06/field_p14
  L = 24.7106, driven modes [4, 8, 12, 16, 20, 24, 28, 32, 36]
  cation: halves agree on 93.5% of 248 bins (chi^2/bin 1.16, max pull 3.2)   [diagnostic]
          driven modes: median 0.9 sigma, worst m=24 at 1.7 sigma  OK   [undriven worst m=2 at 1.4 sigma, not a gate]
  anion : halves agree on 96.8% of 248 bins (chi^2/bin 0.86, max pull 2.4)   [diagnostic]
          driven modes: median 0.7 sigma, worst m=24 at 1.0 sigma  OK   [undriven worst m=5 at 1.3 sigma, not a gate]
  mean ion current over 17860 samples:
    v_cm,z(cation) = +1.946e-04 +- 1.7e-04  (1.2 sigma from zero)  OK
    v_cm,z(anion ) = -1.288e-04 +- 1.7e-04  (0.7 sigma from zero)  OK
  -> PASS
==========================================================================
### acceptance p14 done Thu Sep 24 09:58:03 PM EDT 2026
