### acceptance for /mnt/gs21/scratch/lyuliyao/salt_in_polymer/runs/prod_T1.0_c0.08/field_p08  Fri Sep 25 12:30:44 AM EDT 2026
### lz = 24.971625, mmax = 18
==========================================================================
YBG check  run=/mnt/gs21/scratch/lyuliyao/salt_in_polymer/runs/prod_T1.0_c0.08/field_p08  potential=p08 kind=both pp(V_N)=1.15 pp(psi)=0.75 kT

  cation: applied external force vs. stored spec, per particle: max dev 7.60e-05 of range  OK
        bin-by-bin: 97.6% of 250 bins within 2 sigma, chi^2/bin = 0.67
         m  driven   kT k_m |n_m|        |f_m|         |diff|/err
         1   -     2.47206e-05   2.60984e-04      1.34
         2   -     2.91366e-05   4.44338e-04      2.39
         3  yes    7.85460e-04   7.26147e-04      0.40
         4  yes    2.40556e-03   2.63104e-03      1.29
         5  yes    3.00012e-03   2.85860e-03      0.45
         6  yes    2.96067e-03   3.01689e-03      0.42
         7   -     5.78671e-04   6.79370e-04      0.38
         8   -     8.66182e-04   8.93688e-04      0.15
        driven modes only: max |diff|/err = 1.29
        n_mean = 0.06165, contrast n_max/n_min = 2.45

  anion: applied external force vs. stored spec, per particle: max dev 6.31e-05 of range  OK
        bin-by-bin: 99.2% of 250 bins within 2 sigma, chi^2/bin = 0.59
         m  driven   kT k_m |n_m|        |f_m|         |diff|/err
         1   -     2.23406e-05   7.23716e-05      0.50
         2   -     1.93184e-05   1.65148e-04      1.18
         3  yes    4.03139e-04   4.17679e-04      0.71
         4  yes    1.09717e-03   1.00738e-03      0.94
         5  yes    1.21794e-03   1.07787e-03      0.93
         6  yes    5.45594e-03   5.55006e-03      0.94
         7   -     2.98294e-04   2.88484e-04      0.34
         8   -     3.91101e-04   4.88446e-04      0.74
        driven modes only: max |diff|/err = 0.94
        n_mean = 0.06165, contrast n_max/n_min = 2.25

wrote /mnt/gs21/scratch/lyuliyao/salt_in_polymer/runs/prod_T1.0_c0.08/field_p08/profiles.npz
==========================================================================
==========================================================================
field acceptance  /mnt/gs21/scratch/lyuliyao/salt_in_polymer/runs/prod_T1.0_c0.08/field_p08
  L = 24.9716, driven modes [3, 4, 5, 6, 12, 16]
  cation: halves agree on 98.8% of 250 bins (chi^2/bin 0.82, max pull 2.4)   [diagnostic]
          driven modes: median 0.6 sigma, worst m=4 at 2.2 sigma  OK   [undriven worst m=2 at 0.8 sigma, not a gate]
  anion : halves agree on 96.8% of 250 bins (chi^2/bin 0.87, max pull 2.6)   [diagnostic]
          driven modes: median 1.1 sigma, worst m=4 at 1.7 sigma  OK   [undriven worst m=2 at 0.8 sigma, not a gate]
  mean ion current over 28672 samples:
    v_cm,z(cation) = -7.726e-05 +- 1.1e-04  (0.7 sigma from zero)  OK
    v_cm,z(anion ) = -7.265e-06 +- 1.1e-04  (0.1 sigma from zero)  OK
  -> PASS
==========================================================================
### acceptance p08 done Fri Sep 25 12:50:13 AM EDT 2026
