### acceptance for /mnt/gs21/scratch/lyuliyao/salt_in_polymer/runs/prod_T1.0_c0.02/field_p07  Thu Sep 24 03:54:00 AM EDT 2026
### lz = 24.376019, mmax = 8
==========================================================================
YBG check  run=/mnt/gs21/scratch/lyuliyao/salt_in_polymer/runs/prod_T1.0_c0.02/field_p07  potential=p07 kind=charged pp(V_N)=0.00 pp(psi)=2.74 kT

  cation: applied external force vs. stored spec, per particle: max dev 4.05e-05 of range  OK
        bin-by-bin: 97.1% of 244 bins within 2 sigma, chi^2/bin = 0.74
         m  driven   kT k_m |n_m|        |f_m|         |diff|/err
         1   -     1.10625e-05   2.63688e-04      1.60
         2   -     4.68120e-04   2.02059e-04      1.04
         3   -     5.44639e-05   1.21320e-04      0.76
         4  yes    3.93792e-03   4.00045e-03      0.41
         5   -     1.06741e-04   3.42099e-04      1.24
         6  yes    1.14946e-02   1.14713e-02      0.32
         7   -     5.14077e-05   2.91302e-04      0.85
         8   -     9.37381e-04   1.23408e-03      1.87
        driven modes only: max |diff|/err = 0.41
        n_mean = 0.01657, contrast n_max/n_min = 20.57

  anion: applied external force vs. stored spec, per particle: max dev 4.01e-05 of range  OK
        bin-by-bin: 99.6% of 244 bins within 2 sigma, chi^2/bin = 0.48
         m  driven   kT k_m |n_m|        |f_m|         |diff|/err
         1   -     9.82119e-06   5.85703e-05      0.49
         2   -     2.95675e-04   2.44486e-04      0.54
         3   -     3.45803e-05   7.93338e-05      1.36
         4  yes    2.13869e-03   2.35194e-03      2.59
         5   -     8.53002e-06   1.16701e-04      0.71
         6  yes    1.06411e-02   1.06541e-02      0.49
         7   -     4.29823e-05   7.53034e-05      0.66
         8   -     2.33842e-04   3.06862e-04      0.44
        driven modes only: max |diff|/err = 2.59
        n_mean = 0.01657, contrast n_max/n_min = 9.90

wrote /mnt/gs21/scratch/lyuliyao/salt_in_polymer/runs/prod_T1.0_c0.02/field_p07/profiles.npz
==========================================================================
==========================================================================
field acceptance  /mnt/gs21/scratch/lyuliyao/salt_in_polymer/runs/prod_T1.0_c0.02/field_p07
  cation: halves agree on 93.4% of 244 bins (chi^2/bin 0.98, max pull 3.5)   [diagnostic]
          mode by mode: median 0.9 sigma, worst m=6 at 1.4 sigma  OK
  anion : halves agree on 99.2% of 244 bins (chi^2/bin 0.55, max pull 2.8)   [diagnostic]
          mode by mode: median 0.8 sigma, worst m=5 at 1.3 sigma  OK
  mean ion current over 8000 samples:
    v_cm,z(cation) = +2.709e-04 +- 3.3e-04  (0.8 sigma from zero)  OK
    v_cm,z(anion ) = -2.534e-04 +- 4.9e-04  (0.5 sigma from zero)  OK
  -> PASS
==========================================================================
### acceptance p07 done Thu Sep 24 03:55:28 AM EDT 2026
