### acceptance for /mnt/gs21/scratch/lyuliyao/salt_in_polymer/runs/pilot_T1.0_c0.04_one_both/field_p22  Thu Sep 24 09:54:32 PM EDT 2026
### lz = 24.502285, mmax = 18
==========================================================================
YBG check  run=/mnt/gs21/scratch/lyuliyao/salt_in_polymer/runs/pilot_T1.0_c0.04_one_both/field_p22  potential=p22 kind=neutral pp(V_N)=4.19 pp(psi)=0.00 kT

  cation: applied external force vs. stored spec, per particle: max dev 4.69e-05 of range  OK
        bin-by-bin: 97.6% of 245 bins within 2 sigma, chi^2/bin = 0.61
         m  driven   kT k_m |n_m|        |f_m|         |diff|/err
         1   -     1.49226e-05   3.33012e-04      1.74
         2   -     9.86888e-06   2.82065e-04      1.38
         3   -     6.04066e-05   1.62974e-04      1.00
         4  yes    2.04516e-02   2.05805e-02      0.55
         5   -     4.28103e-05   3.71395e-04      0.81
         6   -     6.53260e-05   1.47310e-04      0.88
         7   -     5.98610e-05   2.48398e-04      0.86
         8  yes    2.15002e-02   2.15916e-02      0.61
        driven modes only: max |diff|/err = 0.72
        n_mean = 0.03263, contrast n_max/n_min = 15.76

  anion: applied external force vs. stored spec, per particle: max dev 4.63e-05 of range  OK
        bin-by-bin: 99.2% of 245 bins within 2 sigma, chi^2/bin = 0.53
         m  driven   kT k_m |n_m|        |f_m|         |diff|/err
         1   -     1.39243e-05   7.27939e-05      0.69
         2   -     1.21348e-05   2.12931e-04      2.07
         3   -     2.90942e-05   1.37075e-04      2.01
         4  yes    8.06199e-03   7.97456e-03      0.68
         5   -     4.89577e-05   3.90680e-05      0.30
         6   -     2.40701e-05   6.56198e-05      0.48
         7   -     1.19314e-04   2.49352e-04      0.91
         8  yes    5.26212e-03   5.39496e-03      0.70
        driven modes only: max |diff|/err = 0.70
        n_mean = 0.03263, contrast n_max/n_min = 2.86

wrote /mnt/gs21/scratch/lyuliyao/salt_in_polymer/runs/pilot_T1.0_c0.04_one_both/field_p22/profiles.npz
==========================================================================
==========================================================================
field acceptance  /mnt/gs21/scratch/lyuliyao/salt_in_polymer/runs/pilot_T1.0_c0.04_one_both/field_p22
  L = 24.5023, driven modes [4, 8, 12, 16, 20, 24, 28]
  cation: halves agree on 95.9% of 246 bins (chi^2/bin 0.95, max pull 2.4)   [diagnostic]
          driven modes: median 0.9 sigma, worst m=28 at 2.3 sigma  OK   [undriven worst m=2 at 1.1 sigma, not a gate]
  anion : halves agree on 91.1% of 246 bins (chi^2/bin 1.35, max pull 3.9)   [diagnostic]
          driven modes: median 1.1 sigma, worst m=28 at 1.5 sigma  OK   [undriven worst m=6 at 1.3 sigma, not a gate]
  mean ion current over 11600 samples:
    v_cm,z(cation) = +1.478e-04 +- 2.0e-04  (0.7 sigma from zero)  OK
    v_cm,z(anion ) = +2.127e-05 +- 2.0e-04  (0.1 sigma from zero)  OK
  -> PASS
==========================================================================
### acceptance p22 done Thu Sep 24 09:55:11 PM EDT 2026
