### acceptance for /mnt/gs21/scratch/lyuliyao/salt_in_polymer/runs/prod_T1.0_c0.08/field_p13  Fri Sep 25 12:30:44 AM EDT 2026
### lz = 24.971625, mmax = 18
==========================================================================
YBG check  run=/mnt/gs21/scratch/lyuliyao/salt_in_polymer/runs/prod_T1.0_c0.08/field_p13  potential=p13 kind=neutral pp(V_N)=4.47 pp(psi)=0.00 kT

  cation: applied external force vs. stored spec, per particle: max dev 5.21e-05 of range  OK
        bin-by-bin: 99.6% of 250 bins within 2 sigma, chi^2/bin = 0.51
         m  driven   kT k_m |n_m|        |f_m|         |diff|/err
         1   -     3.05992e-05   4.40563e-04      2.79
         2   -     2.90528e-05   1.76440e-04      0.93
         3   -     3.78751e-05   3.29169e-04      1.60
         4  yes    2.05278e-02   2.05672e-02      1.22
         5   -     8.81404e-05   3.06260e-04      0.67
         6   -     3.89702e-04   1.45603e-04      0.88
         7   -     2.29800e-04   4.11278e-04      0.54
         8  yes    1.48048e-02   1.48983e-02      0.23
        driven modes only: max |diff|/err = 1.22
        n_mean = 0.06165, contrast n_max/n_min = 9.85

  anion: applied external force vs. stored spec, per particle: max dev 5.49e-05 of range  OK
        bin-by-bin: 99.6% of 250 bins within 2 sigma, chi^2/bin = 0.54
         m  driven   kT k_m |n_m|        |f_m|         |diff|/err
         1   -     2.76066e-05   1.27916e-04      0.62
         2   -     2.81108e-05   1.73588e-04      1.52
         3   -     2.17225e-05   7.61552e-05      0.70
         4  yes    7.36131e-03   7.35142e-03      0.18
         5   -     3.56924e-05   8.20671e-05      0.49
         6   -     1.44988e-04   1.33324e-04      0.28
         7   -     7.99349e-05   1.71270e-04      0.37
         8  yes    1.96094e-02   1.97225e-02      0.44
        driven modes only: max |diff|/err = 0.80
        n_mean = 0.06165, contrast n_max/n_min = 3.60

wrote /mnt/gs21/scratch/lyuliyao/salt_in_polymer/runs/prod_T1.0_c0.08/field_p13/profiles.npz
==========================================================================
==========================================================================
field acceptance  /mnt/gs21/scratch/lyuliyao/salt_in_polymer/runs/prod_T1.0_c0.08/field_p13
  L = 24.9716, driven modes [4, 8, 12, 16, 20, 24, 28, 32]
  cation: halves agree on 90.8% of 250 bins (chi^2/bin 1.32, max pull 3.5)   [diagnostic]
          driven modes: median 0.6 sigma, worst m=20 at 1.3 sigma  OK   [undriven worst m=6 at 1.5 sigma, not a gate]
  anion : halves agree on 94.8% of 250 bins (chi^2/bin 1.09, max pull 3.1)   [diagnostic]
          driven modes: median 0.9 sigma, worst m=12 at 1.9 sigma  OK   [undriven worst m=1 at 1.3 sigma, not a gate]
  mean ion current over 29364 samples:
    v_cm,z(cation) = -6.642e-05 +- 9.2e-05  (0.7 sigma from zero)  OK
    v_cm,z(anion ) = -1.304e-04 +- 9.2e-05  (1.4 sigma from zero)  OK
  -> PASS
==========================================================================
### acceptance p13 done Fri Sep 25 12:50:44 AM EDT 2026
