### acceptance for /mnt/scratch/lyuliyao/salt_in_polymer/runs/prod_T1.0_c0.06/field_p17  Fri Sep 25 12:57:13 PM EDT 2026
### lz = 24.710624, mmax = 4
==========================================================================
YBG check  run=/mnt/scratch/lyuliyao/salt_in_polymer/runs/prod_T1.0_c0.06/field_p17  potential=p17 kind=neutral pp(V_N)=0.72 pp(psi)=0.00 kT

  cation: applied external force vs. stored spec, per particle: max dev 2.29e-05 of range  OK
        bin-by-bin: 97.2% of 247 bins within 2 sigma, chi^2/bin = 0.80
         m  driven   kT k_m |n_m|        |f_m|         |diff|/err
         1  yes    1.60607e-04   8.36183e-05      0.87
         2  yes    7.01310e-04   1.01059e-03      2.00
         3   -     1.47037e-05   2.81883e-04      0.75
         4   -     4.79966e-05   1.89602e-04      0.63
        driven modes only: max |diff|/err = 2.00
        n_mean = 0.04772, contrast n_max/n_min = 1.17

  anion: applied external force vs. stored spec, per particle: max dev 2.33e-05 of range  OK
        bin-by-bin: 96.8% of 247 bins within 2 sigma, chi^2/bin = 0.70
         m  driven   kT k_m |n_m|        |f_m|         |diff|/err
         1  yes    1.46039e-04   2.07473e-04      0.39
         2  yes    5.09849e-04   4.07391e-04      2.18
         3   -     2.13365e-05   5.29734e-05      0.26
         4   -     1.04811e-05   8.07439e-05      0.62
        driven modes only: max |diff|/err = 2.18
        n_mean = 0.04772, contrast n_max/n_min = 1.13

wrote /mnt/scratch/lyuliyao/salt_in_polymer/runs/prod_T1.0_c0.06/field_p17/profiles.npz
==========================================================================
==========================================================================
field acceptance  /mnt/scratch/lyuliyao/salt_in_polymer/runs/prod_T1.0_c0.06/field_p17
  L = 24.7106, driven modes [1, 2]
  cation: halves agree on 92.7% of 248 bins (chi^2/bin 1.28, max pull 3.3)   [diagnostic]
          driven modes: median 0.8 sigma, worst m=1 at 1.2 sigma  OK   [undriven worst m=6 at 1.8 sigma, not a gate]
  anion : halves agree on 91.1% of 248 bins (chi^2/bin 1.29, max pull 3.5)   [diagnostic]
          driven modes: median 0.9 sigma, worst m=1 at 1.2 sigma  OK   [undriven worst m=5 at 1.5 sigma, not a gate]
  mean ion current over 17800 samples:
    v_cm,z(cation) = +7.570e-07 +- 3.8e-04  (0.0 sigma from zero)  OK
    v_cm,z(anion ) = +2.956e-04 +- 3.8e-04  (0.8 sigma from zero)  OK
  -> PASS
==========================================================================
### acceptance p17 done Fri Sep 25 01:07:53 PM EDT 2026
