### acceptance for /mnt/gs21/scratch/lyuliyao/salt_in_polymer/runs/prod_T1.0_c0.06/field_p10  Thu Sep 24 09:43:28 PM EDT 2026
### lz = 24.710624, mmax = 14
==========================================================================
YBG check  run=/mnt/gs21/scratch/lyuliyao/salt_in_polymer/runs/prod_T1.0_c0.06/field_p10  potential=p10 kind=both pp(V_N)=0.59 pp(psi)=1.64 kT

  cation: applied external force vs. stored spec, per particle: max dev 5.22e-05 of range  OK
        bin-by-bin: 98.0% of 247 bins within 2 sigma, chi^2/bin = 0.69
         m  driven   kT k_m |n_m|        |f_m|         |diff|/err
         1   -     3.62192e-05   1.38812e-04      0.86
         2   -     1.86361e-04   1.41052e-04      0.55
         3  yes    1.56440e-03   1.80166e-03      1.18
         4   -     3.45199e-04   2.02500e-04      0.63
         5   -     2.05539e-04   3.56136e-04      0.41
         6  yes    2.16355e-02   2.18428e-02      0.61
         7   -     1.17214e-04   2.69138e-05      0.47
         8  yes    1.35307e-02   1.34516e-02      0.43
        driven modes only: max |diff|/err = 1.18
        n_mean = 0.04772, contrast n_max/n_min = 8.39

  anion: applied external force vs. stored spec, per particle: max dev 5.79e-05 of range  OK
        bin-by-bin: 97.6% of 247 bins within 2 sigma, chi^2/bin = 0.74
         m  driven   kT k_m |n_m|        |f_m|         |diff|/err
         1   -     3.25563e-05   8.35363e-05      0.96
         2   -     1.13398e-04   3.35276e-04      1.97
         3  yes    1.49598e-04   7.45904e-05      0.64
         4   -     9.20248e-05   2.04400e-04      1.26
         5   -     5.96534e-05   4.59700e-05      0.69
         6  yes    1.04081e-02   1.04665e-02      0.39
         7   -     3.87642e-05   3.42775e-05      0.26
         8  yes    1.23877e-02   1.24666e-02      0.39
        driven modes only: max |diff|/err = 0.64
        n_mean = 0.04772, contrast n_max/n_min = 3.01

wrote /mnt/gs21/scratch/lyuliyao/salt_in_polymer/runs/prod_T1.0_c0.06/field_p10/profiles.npz
==========================================================================
==========================================================================
field acceptance  /mnt/gs21/scratch/lyuliyao/salt_in_polymer/runs/prod_T1.0_c0.06/field_p10
  L = 24.7106, driven modes [3, 6, 8, 12]
  cation: halves agree on 97.6% of 248 bins (chi^2/bin 0.76, max pull 2.5)   [diagnostic]
          driven modes: median 0.5 sigma, worst m=12 at 0.7 sigma  OK   [undriven worst m=7 at 1.5 sigma, not a gate]
  anion : halves agree on 99.6% of 248 bins (chi^2/bin 0.44, max pull 2.0)   [diagnostic]
          driven modes: median 0.4 sigma, worst m=3 at 1.1 sigma  OK   [undriven worst m=5 at 0.6 sigma, not a gate]
  mean ion current over 18293 samples:
    v_cm,z(cation) = +1.036e-04 +- 1.5e-04  (0.7 sigma from zero)  OK
    v_cm,z(anion ) = +1.072e-04 +- 1.5e-04  (0.7 sigma from zero)  OK
  -> PASS
==========================================================================
### acceptance p10 done Thu Sep 24 09:52:35 PM EDT 2026
