### acceptance for /mnt/gs21/scratch/lyuliyao/salt_in_polymer/runs/prod_T1.0_c0.08/field_p02  Fri Sep 25 12:30:44 AM EDT 2026
### lz = 24.971625, mmax = 7
==========================================================================
YBG check  run=/mnt/gs21/scratch/lyuliyao/salt_in_polymer/runs/prod_T1.0_c0.08/field_p02  potential=p02 kind=both pp(V_N)=2.64 pp(psi)=2.25 kT

  cation: applied external force vs. stored spec, per particle: max dev 3.50e-05 of range  OK
        bin-by-bin: 98.4% of 250 bins within 2 sigma, chi^2/bin = 0.58
         m  driven   kT k_m |n_m|        |f_m|         |diff|/err
         1   -     2.55070e-05   2.99745e-04      1.28
         2   -     2.11038e-05   4.28844e-05      0.25
         3   -     4.74885e-05   1.69615e-04      0.92
         4  yes    1.10076e-02   1.11745e-02      0.74
         5  yes    2.75195e-02   2.78068e-02      1.10
         6   -     9.98065e-04   1.02660e-03      0.08
         7   -     3.79801e-04   2.95396e-04      0.46
        driven modes only: max |diff|/err = 1.10
        n_mean = 0.06165, contrast n_max/n_min = 10.61

  anion: applied external force vs. stored spec, per particle: max dev 3.62e-05 of range  OK
        bin-by-bin: 100.0% of 250 bins within 2 sigma, chi^2/bin = 0.46
         m  driven   kT k_m |n_m|        |f_m|         |diff|/err
         1   -     2.05872e-05   5.49059e-05      0.30
         2   -     9.66925e-06   4.75763e-05      0.49
         3   -     1.26676e-05   1.34589e-04      1.20
         4  yes    4.52692e-04   3.54092e-04      0.58
         5  yes    8.01332e-03   8.04013e-03      0.22
         6   -     3.63637e-04   3.57048e-04      0.33
         7   -     1.81926e-04   2.34832e-04      0.51
        driven modes only: max |diff|/err = 0.58
        n_mean = 0.06165, contrast n_max/n_min = 1.72

wrote /mnt/gs21/scratch/lyuliyao/salt_in_polymer/runs/prod_T1.0_c0.08/field_p02/profiles.npz
==========================================================================
==========================================================================
field acceptance  /mnt/gs21/scratch/lyuliyao/salt_in_polymer/runs/prod_T1.0_c0.08/field_p02
  L = 24.9716, driven modes [4, 5]
  cation: halves agree on 92.8% of 250 bins (chi^2/bin 1.18, max pull 3.1)   [diagnostic]
          driven modes: median 0.9 sigma, worst m=5 at 0.9 sigma  OK   [undriven worst m=3 at 1.0 sigma, not a gate]
  anion : halves agree on 97.6% of 250 bins (chi^2/bin 0.83, max pull 3.2)   [diagnostic]
          driven modes: median 1.0 sigma, worst m=4 at 1.0 sigma  OK   [undriven worst m=3 at 1.3 sigma, not a gate]
  mean ion current over 28600 samples:
    v_cm,z(cation) = -9.100e-05 +- 1.0e-04  (0.9 sigma from zero)  OK
    v_cm,z(anion ) = +8.095e-05 +- 1.0e-04  (0.8 sigma from zero)  OK
  -> PASS
==========================================================================
### acceptance p02 done Fri Sep 25 12:50:27 AM EDT 2026
