### acceptance for /mnt/gs21/scratch/lyuliyao/salt_in_polymer/runs/prod_T1.0_c0.06/field_p05  Thu Sep 24 09:43:27 PM EDT 2026
### lz = 24.710624, mmax = 7
==========================================================================
YBG check  run=/mnt/gs21/scratch/lyuliyao/salt_in_polymer/runs/prod_T1.0_c0.06/field_p05  potential=p05 kind=both pp(V_N)=1.52 pp(psi)=0.52 kT

  cation: applied external force vs. stored spec, per particle: max dev 2.85e-05 of range  OK
        bin-by-bin: 97.2% of 247 bins within 2 sigma, chi^2/bin = 0.76
         m  driven   kT k_m |n_m|        |f_m|         |diff|/err
         1   -     1.28507e-05   3.91060e-05      0.19
         2   -     2.68114e-05   2.47189e-04      0.98
         3  yes    1.37919e-03   1.44053e-03      0.23
         4  yes    5.56878e-03   5.99880e-03      1.41
         5  yes    3.37076e-03   3.38860e-03      0.19
         6   -     1.54835e-04   1.95839e-04      0.52
         7   -     4.83054e-04   2.93403e-04      0.70
        driven modes only: max |diff|/err = 1.41
        n_mean = 0.04772, contrast n_max/n_min = 2.07

  anion: applied external force vs. stored spec, per particle: max dev 3.00e-05 of range  OK
        bin-by-bin: 98.8% of 247 bins within 2 sigma, chi^2/bin = 0.59
         m  driven   kT k_m |n_m|        |f_m|         |diff|/err
         1   -     9.92440e-06   1.12918e-04      1.26
         2   -     1.65151e-05   7.10929e-05      0.37
         3  yes    7.40741e-04   6.85959e-04      0.97
         4  yes    1.80680e-03   1.81336e-03      0.52
         5  yes    2.98807e-03   3.07270e-03      1.27
         6   -     1.17408e-04   7.94801e-05      0.80
         7   -     2.55649e-04   3.78358e-04      0.58
        driven modes only: max |diff|/err = 1.27
        n_mean = 0.04772, contrast n_max/n_min = 1.38

wrote /mnt/gs21/scratch/lyuliyao/salt_in_polymer/runs/prod_T1.0_c0.06/field_p05/profiles.npz
==========================================================================
==========================================================================
field acceptance  /mnt/gs21/scratch/lyuliyao/salt_in_polymer/runs/prod_T1.0_c0.06/field_p05
  L = 24.7106, driven modes [3, 4, 5]
  cation: halves agree on 98.8% of 248 bins (chi^2/bin 0.74, max pull 2.7)   [diagnostic]
          driven modes: median 0.8 sigma, worst m=3 at 1.1 sigma  OK   [undriven worst m=6 at 1.0 sigma, not a gate]
  anion : halves agree on 95.2% of 248 bins (chi^2/bin 1.02, max pull 3.3)   [diagnostic]
          driven modes: median 1.2 sigma, worst m=4 at 1.9 sigma  OK   [undriven worst m=1 at 1.1 sigma, not a gate]
  mean ion current over 17814 samples:
    v_cm,z(cation) = -7.971e-05 +- 1.9e-04  (0.4 sigma from zero)  OK
    v_cm,z(anion ) = -1.637e-04 +- 1.9e-04  (0.9 sigma from zero)  OK
  -> PASS
==========================================================================
### acceptance p05 done Thu Sep 24 09:52:35 PM EDT 2026
