### acceptance for /mnt/gs21/scratch/lyuliyao/salt_in_polymer/runs/prod_T1.0_c0.05/field_p12  Thu Sep 24 09:37:25 PM EDT 2026
### lz = 24.597787, mmax = 18
==========================================================================
YBG check  run=/mnt/gs21/scratch/lyuliyao/salt_in_polymer/runs/prod_T1.0_c0.05/field_p12  potential=p12 kind=both pp(V_N)=1.62 pp(psi)=2.01 kT

  cation: applied external force vs. stored spec, per particle: max dev 8.48e-05 of range  OK
        bin-by-bin: 95.1% of 246 bins within 2 sigma, chi^2/bin = 0.87
         m  driven   kT k_m |n_m|        |f_m|         |diff|/err
         1   -     2.73993e-05   2.77282e-04      0.84
         2   -     3.68556e-05   2.32974e-04      1.14
         3  yes    1.80099e-03   1.86131e-03      0.79
         4  yes    3.60984e-03   3.41159e-03      0.75
         5  yes    5.63951e-03   6.07157e-03      1.13
         6  yes    1.26599e-02   1.25157e-02      0.45
         7   -     1.33245e-03   1.39516e-03      0.25
         8   -     1.25497e-03   1.69372e-03      1.49
        driven modes only: max |diff|/err = 1.13
        n_mean = 0.04031, contrast n_max/n_min = 11.87

  anion: applied external force vs. stored spec, per particle: max dev 6.71e-05 of range  OK
        bin-by-bin: 98.8% of 246 bins within 2 sigma, chi^2/bin = 0.60
         m  driven   kT k_m |n_m|        |f_m|         |diff|/err
         1   -     2.31691e-05   9.97360e-05      0.43
         2   -     2.31788e-05   1.82004e-04      2.20
         3  yes    3.82919e-04   4.03234e-04      0.18
         4  yes    1.14697e-03   1.11470e-03      1.15
         5  yes    1.50482e-03   1.46130e-03      0.34
         6  yes    7.84223e-03   8.12649e-03      1.43
         7   -     4.79853e-04   4.04754e-04      0.40
         8   -     3.40533e-04   3.49836e-04      0.54
        driven modes only: max |diff|/err = 1.43
        n_mean = 0.04031, contrast n_max/n_min = 3.00

wrote /mnt/gs21/scratch/lyuliyao/salt_in_polymer/runs/prod_T1.0_c0.05/field_p12/profiles.npz
==========================================================================
==========================================================================
field acceptance  /mnt/gs21/scratch/lyuliyao/salt_in_polymer/runs/prod_T1.0_c0.05/field_p12
  L = 24.5978, driven modes [3, 4, 5, 6, 12, 16]
  cation: halves agree on 93.1% of 246 bins (chi^2/bin 1.03, max pull 2.9)   [diagnostic]
          driven modes: median 0.8 sigma, worst m=16 at 1.4 sigma  OK   [undriven worst m=2 at 1.6 sigma, not a gate]
  anion : halves agree on 96.7% of 246 bins (chi^2/bin 0.83, max pull 2.5)   [diagnostic]
          driven modes: median 0.9 sigma, worst m=3 at 1.6 sigma  OK   [undriven worst m=2 at 1.4 sigma, not a gate]
  mean ion current over 13597 samples:
    v_cm,z(cation) = -1.859e-05 +- 1.7e-04  (0.1 sigma from zero)  OK
    v_cm,z(anion ) = -3.529e-05 +- 1.7e-04  (0.2 sigma from zero)  OK
  -> PASS
==========================================================================
### acceptance p12 done Thu Sep 24 09:43:14 PM EDT 2026
