### acceptance for /mnt/gs21/scratch/lyuliyao/salt_in_polymer/runs/pilot_T1.0_c0.04_one_both/field_p09  Thu Sep 24 03:50:09 AM EDT 2026
### lz = 24.502285, mmax = 8
==========================================================================
YBG check  run=/mnt/gs21/scratch/lyuliyao/salt_in_polymer/runs/pilot_T1.0_c0.04_one_both/field_p09  potential=p09 kind=both pp(V_N)=1.50 pp(psi)=2.70 kT

  cation: applied external force vs. stored spec, per particle: max dev 3.82e-05 of range  OK
        bin-by-bin: 98.0% of 245 bins within 2 sigma, chi^2/bin = 0.70
         m  driven   kT k_m |n_m|        |f_m|         |diff|/err
         1   -     1.12864e-05   1.23514e-04      0.59
         2   -     1.03070e-04   1.57314e-04      0.32
         3  yes    1.74311e-03   1.92952e-03      0.55
         4  yes    8.30541e-03   8.21421e-03      0.65
         5   -     2.80661e-04   4.20156e-04      1.70
         6  yes    5.05863e-03   5.15375e-03      0.58
         7   -     1.08996e-03   1.03709e-03      0.32
         8   -     2.28343e-03   2.28394e-03      0.36
        driven modes only: max |diff|/err = 0.65
        n_mean = 0.03263, contrast n_max/n_min = 5.01

  anion: applied external force vs. stored spec, per particle: max dev 3.88e-05 of range  OK
        bin-by-bin: 98.8% of 245 bins within 2 sigma, chi^2/bin = 0.65
         m  driven   kT k_m |n_m|        |f_m|         |diff|/err
         1   -     8.95597e-06   1.15771e-04      1.01
         2   -     4.59646e-05   2.10398e-04      2.20
         3  yes    1.39059e-03   1.31249e-03      0.82
         4  yes    2.13504e-03   2.14009e-03      0.38
         5   -     5.31367e-05   1.21216e-04      0.72
         6  yes    2.43450e-03   2.46853e-03      0.99
         7   -     3.74333e-04   3.80325e-04      0.70
         8   -     6.26974e-04   5.86417e-04      0.32
        driven modes only: max |diff|/err = 0.99
        n_mean = 0.03263, contrast n_max/n_min = 1.78

wrote /mnt/gs21/scratch/lyuliyao/salt_in_polymer/runs/pilot_T1.0_c0.04_one_both/field_p09/profiles.npz
==========================================================================
==========================================================================
field acceptance  /mnt/gs21/scratch/lyuliyao/salt_in_polymer/runs/pilot_T1.0_c0.04_one_both/field_p09
  cation: halves agree on 91.9% of 246 bins (chi^2/bin 1.34, max pull 3.7)   [diagnostic]
          mode by mode: median 0.7 sigma, worst m=3 at 1.8 sigma  OK
  anion : halves agree on 96.7% of 246 bins (chi^2/bin 0.94, max pull 2.6)   [diagnostic]
          mode by mode: median 0.9 sigma, worst m=3 at 1.6 sigma  OK
  mean ion current over 11600 samples:
    v_cm,z(cation) = -2.074e-04 +- 1.7e-04  (1.2 sigma from zero)  OK
    v_cm,z(anion ) = -4.322e-05 +- 1.7e-04  (0.2 sigma from zero)  OK
  -> PASS
==========================================================================
### acceptance p09 done Thu Sep 24 03:50:46 AM EDT 2026
