### acceptance for /mnt/gs21/scratch/lyuliyao/salt_in_polymer/runs/prod_T1.0_c0.01/field_p08  Thu Sep 24 03:52:06 AM EDT 2026
### lz = 24.359204, mmax = 18
==========================================================================
YBG check  run=/mnt/gs21/scratch/lyuliyao/salt_in_polymer/runs/prod_T1.0_c0.01/field_p08  potential=p08 kind=both pp(V_N)=1.15 pp(psi)=0.75 kT

  cation: applied external force vs. stored spec, per particle: max dev 7.07e-05 of range  OK
        bin-by-bin: 98.4% of 244 bins within 2 sigma, chi^2/bin = 0.63
         m  driven   kT k_m |n_m|        |f_m|         |diff|/err
         1   -     6.04306e-05   1.73505e-04      0.93
         2   -     1.97509e-05   1.85064e-04      0.72
         3  yes    4.53732e-04   3.82440e-04      0.49
         4  yes    8.00262e-04   8.96181e-04      0.71
         5  yes    6.05860e-04   7.35245e-04      0.99
         6  yes    8.67627e-05   1.36915e-04      0.81
         7   -     1.57538e-04   1.49202e-04      0.42
         8   -     9.94820e-05   1.25328e-04      0.18
        driven modes only: max |diff|/err = 1.66
        n_mean = 0.00830, contrast n_max/n_min = 3.09

  anion: applied external force vs. stored spec, per particle: max dev 6.33e-05 of range  OK
        bin-by-bin: 99.6% of 244 bins within 2 sigma, chi^2/bin = 0.46
         m  driven   kT k_m |n_m|        |f_m|         |diff|/err
         1   -     5.54734e-05   1.16361e-04      1.02
         2   -     2.96042e-05   8.35976e-05      0.63
         3  yes    3.43578e-04   4.48616e-04      1.76
         4  yes    9.34371e-04   9.50064e-04      0.32
         5  yes    4.57459e-04   4.70110e-04      0.28
         6  yes    1.88783e-03   1.82144e-03      0.74
         7   -     4.78622e-05   7.11198e-05      0.91
         8   -     9.68868e-05   1.24301e-04      0.44
        driven modes only: max |diff|/err = 1.76
        n_mean = 0.00830, contrast n_max/n_min = 3.93

wrote /mnt/gs21/scratch/lyuliyao/salt_in_polymer/runs/prod_T1.0_c0.01/field_p08/profiles.npz
==========================================================================
==========================================================================
field acceptance  /mnt/gs21/scratch/lyuliyao/salt_in_polymer/runs/prod_T1.0_c0.01/field_p08
  cation: halves agree on 81.1% of 244 bins (chi^2/bin 2.79, max pull 6.3)   [diagnostic]
          mode by mode: median 1.0 sigma, worst m=2 at 2.2 sigma  OK
  anion : halves agree on 84.4% of 244 bins (chi^2/bin 1.93, max pull 4.4)   [diagnostic]
          mode by mode: median 1.1 sigma, worst m=2 at 2.3 sigma  OK
  mean ion current over 7400 samples:
    v_cm,z(cation) = +2.895e-04 +- 3.0e-04  (1.0 sigma from zero)  OK
    v_cm,z(anion ) = +1.120e-04 +- 5.6e-04  (0.2 sigma from zero)  OK
  -> PASS
==========================================================================
### acceptance p08 done Thu Sep 24 03:52:49 AM EDT 2026
