### acceptance for /mnt/scratch/lyuliyao/salt_in_polymer/runs/prod_T1.0_c0.06/field_p18  Fri Sep 25 12:57:13 PM EDT 2026
### lz = 24.710624, mmax = 4
==========================================================================
YBG check  run=/mnt/scratch/lyuliyao/salt_in_polymer/runs/prod_T1.0_c0.06/field_p18  potential=p18 kind=both pp(V_N)=2.08 pp(psi)=0.56 kT

  cation: applied external force vs. stored spec, per particle: max dev 1.50e-05 of range  OK
        bin-by-bin: 99.2% of 247 bins within 2 sigma, chi^2/bin = 0.62
         m  driven   kT k_m |n_m|        |f_m|         |diff|/err
         1  yes    8.74106e-04   1.03679e-03      1.31
         2  yes    1.26740e-03   1.50455e-03      1.19
         3   -     8.48784e-05   1.01450e-04      0.23
         4   -     7.22969e-05   2.72936e-04      1.38
        driven modes only: max |diff|/err = 1.31
        n_mean = 0.04772, contrast n_max/n_min = 1.52

  anion: applied external force vs. stored spec, per particle: max dev 1.65e-05 of range  OK
        bin-by-bin: 98.8% of 247 bins within 2 sigma, chi^2/bin = 0.49
         m  driven   kT k_m |n_m|        |f_m|         |diff|/err
         1  yes    8.00010e-04   7.61474e-04      0.51
         2  yes    8.70071e-04   9.13451e-04      0.50
         3   -     3.67994e-05   1.37679e-04      0.85
         4   -     4.85593e-05   5.81820e-05      0.91
        driven modes only: max |diff|/err = 0.51
        n_mean = 0.04772, contrast n_max/n_min = 1.41

wrote /mnt/scratch/lyuliyao/salt_in_polymer/runs/prod_T1.0_c0.06/field_p18/profiles.npz
==========================================================================
==========================================================================
field acceptance  /mnt/scratch/lyuliyao/salt_in_polymer/runs/prod_T1.0_c0.06/field_p18
  L = 24.7106, driven modes [1, 2]
  cation: halves agree on 91.5% of 248 bins (chi^2/bin 1.53, max pull 4.4)   [diagnostic]
          driven modes: median 1.1 sigma, worst m=1 at 1.5 sigma  OK   [undriven worst m=6 at 1.3 sigma, not a gate]
  anion : halves agree on 88.7% of 248 bins (chi^2/bin 1.60, max pull 3.3)   [diagnostic]
          driven modes: median 0.9 sigma, worst m=1 at 1.6 sigma  OK   [undriven worst m=5 at 2.2 sigma, not a gate]
  mean ion current over 17800 samples:
    v_cm,z(cation) = -3.391e-05 +- 2.7e-04  (0.1 sigma from zero)  OK
    v_cm,z(anion ) = +6.748e-05 +- 2.7e-04  (0.3 sigma from zero)  OK
  -> PASS
==========================================================================
### acceptance p18 done Fri Sep 25 01:07:54 PM EDT 2026
