### acceptance for /mnt/scratch/lyuliyao/salt_in_polymer/runs/prod_T1.0_c0.05/field_p19  Fri Sep 25 09:58:50 AM EDT 2026
### lz = 24.597787, mmax = 4
==========================================================================
YBG check  run=/mnt/scratch/lyuliyao/salt_in_polymer/runs/prod_T1.0_c0.05/field_p19  potential=p19 kind=both pp(V_N)=1.01 pp(psi)=2.69 kT

  cation: applied external force vs. stored spec, per particle: max dev 1.44e-05 of range  OK
        bin-by-bin: 98.8% of 246 bins within 2 sigma, chi^2/bin = 0.71
         m  driven   kT k_m |n_m|        |f_m|         |diff|/err
         1  yes    2.69280e-04   1.31594e-04      0.63
         2  yes    1.44034e-03   1.61455e-03      0.72
         3   -     7.81431e-05   1.56416e-04      0.26
         4   -     5.65214e-05   2.02137e-04      0.76
        driven modes only: max |diff|/err = 0.72
        n_mean = 0.04031, contrast n_max/n_min = 1.44

  anion: applied external force vs. stored spec, per particle: max dev 1.77e-05 of range  OK
        bin-by-bin: 98.0% of 246 bins within 2 sigma, chi^2/bin = 0.68
         m  driven   kT k_m |n_m|        |f_m|         |diff|/err
         1  yes    2.45541e-04   3.49971e-04      1.52
         2  yes    5.18834e-04   4.68203e-04      0.50
         3   -     1.60036e-05   1.17967e-04      0.80
         4   -     3.02361e-05   7.08791e-05      0.33
        driven modes only: max |diff|/err = 1.52
        n_mean = 0.04031, contrast n_max/n_min = 1.20

wrote /mnt/scratch/lyuliyao/salt_in_polymer/runs/prod_T1.0_c0.05/field_p19/profiles.npz
==========================================================================
==========================================================================
field acceptance  /mnt/scratch/lyuliyao/salt_in_polymer/runs/prod_T1.0_c0.05/field_p19
  L = 24.5978, driven modes [1, 2]
  cation: halves agree on 98.4% of 246 bins (chi^2/bin 0.91, max pull 3.2)   [diagnostic]
          driven modes: median 0.5 sigma, worst m=2 at 0.5 sigma  OK   [undriven worst m=4 at 1.5 sigma, not a gate]
  anion : halves agree on 95.5% of 246 bins (chi^2/bin 0.88, max pull 2.9)   [diagnostic]
          driven modes: median 0.5 sigma, worst m=1 at 0.5 sigma  OK   [undriven worst m=7 at 1.1 sigma, not a gate]
  mean ion current over 13400 samples:
    v_cm,z(cation) = +1.066e-04 +- 3.4e-04  (0.3 sigma from zero)  OK
    v_cm,z(anion ) = +3.960e-05 +- 3.5e-04  (0.1 sigma from zero)  OK
  -> PASS
==========================================================================
### acceptance p19 done Fri Sep 25 10:05:34 AM EDT 2026
