### acceptance for /mnt/gs21/scratch/lyuliyao/salt_in_polymer/runs/pppm_1e-4_check/field_p01  Wed Sep 23 08:05:57 AM EDT 2026
==========================================================================
YBG check  run=/mnt/gs21/scratch/lyuliyao/salt_in_polymer/runs/pppm_1e-4_check/field_p01  potential=p01 kind=both pp(V_N)=2.80 pp(psi)=2.80 kT

  cation: applied external force vs. stored spec, per particle: max dev 3.81e-05 of range  OK
        bin-by-bin: 97.6% of 245 bins within 2 sigma, chi^2/bin = 0.82
         m  driven   kT k_m |n_m|        |f_m|         |diff|/err
         1   -     2.50185e-04   5.38302e-05      0.76
         2   -     2.95877e-04   2.53413e-04      0.40
         3  yes    2.43720e-03   2.47318e-03      1.19
         4  yes    4.67378e-03   4.75603e-03      0.72
         5  yes    1.41616e-02   1.39358e-02      0.66
         6  yes    1.77948e-02   1.77449e-02      0.23
         7   -     2.72701e-03   3.03095e-03      1.14
         8   -     3.95088e-03   3.88412e-03      0.79
        driven modes only: max |diff|/err = 1.19
        n_mean = 0.03263, contrast n_max/n_min = 113.04

  anion: applied external force vs. stored spec, per particle: max dev 3.71e-05 of range  OK
        bin-by-bin: 98.8% of 245 bins within 2 sigma, chi^2/bin = 0.55
         m  driven   kT k_m |n_m|        |f_m|         |diff|/err
         1   -     2.16865e-04   2.86760e-04      0.69
         2   -     1.39463e-04   1.33378e-04      0.16
         3  yes    1.55702e-03   1.49942e-03      0.71
         4  yes    2.29166e-03   2.37635e-03      0.80
         5  yes    8.65718e-03   8.62455e-03      0.57
         6  yes    1.40104e-02   1.39498e-02      0.49
         7   -     6.27880e-04   6.68604e-04      0.28
         8   -     1.36665e-03   1.44634e-03      0.78
        driven modes only: max |diff|/err = 0.80
        n_mean = 0.03263, contrast n_max/n_min = 12.32

wrote /mnt/gs21/scratch/lyuliyao/salt_in_polymer/runs/pppm_1e-4_check/field_p01/profiles.npz
==========================================================================
==========================================================================
field acceptance  /mnt/gs21/scratch/lyuliyao/salt_in_polymer/runs/pppm_1e-4_check/field_p01
  cation: halves agree on 98.0% of 245 bins (chi^2/bin 0.62, max pull 2.5)  OK
  anion : halves agree on 93.5% of 245 bins (chi^2/bin 1.19, max pull 2.9)  OK
  mean ion current over 11600 samples:
    v_cm,z(cation) = -2.685e-04 +- 1.6e-04  (1.7 sigma from zero)  OK
    v_cm,z(anion ) = +2.679e-04 +- 2.0e-04  (1.3 sigma from zero)  OK
  -> PASS
==========================================================================
### acceptance p01 done Wed Sep 23 08:10:38 AM EDT 2026
