### acceptance for /mnt/scratch/lyuliyao/salt_in_polymer/runs/prod_T1.0_c0.06/field_p16  Fri Sep 25 12:57:13 PM EDT 2026
### lz = 24.710624, mmax = 4
==========================================================================
YBG check  run=/mnt/scratch/lyuliyao/salt_in_polymer/runs/prod_T1.0_c0.06/field_p16  potential=p16 kind=neutral pp(V_N)=0.94 pp(psi)=0.00 kT

  cation: applied external force vs. stored spec, per particle: max dev 2.22e-05 of range  OK
        bin-by-bin: 95.5% of 247 bins within 2 sigma, chi^2/bin = 0.91
         m  driven   kT k_m |n_m|        |f_m|         |diff|/err
         1  yes    2.24146e-04   2.51641e-04      0.49
         2  yes    8.06528e-04   8.93552e-04      0.70
         3   -     7.56583e-06   5.21984e-05      0.22
         4   -     6.14128e-05   5.66792e-05      0.42
        driven modes only: max |diff|/err = 0.70
        n_mean = 0.04772, contrast n_max/n_min = 1.23

  anion: applied external force vs. stored spec, per particle: max dev 2.27e-05 of range  OK
        bin-by-bin: 97.2% of 247 bins within 2 sigma, chi^2/bin = 0.67
         m  driven   kT k_m |n_m|        |f_m|         |diff|/err
         1  yes    2.05591e-04   7.39511e-05      1.58
         2  yes    5.83640e-04   6.07068e-04      0.74
         3   -     1.31832e-05   1.50887e-04      1.42
         4   -     8.64992e-06   1.32696e-04      0.95
        driven modes only: max |diff|/err = 1.58
        n_mean = 0.04772, contrast n_max/n_min = 1.17

wrote /mnt/scratch/lyuliyao/salt_in_polymer/runs/prod_T1.0_c0.06/field_p16/profiles.npz
==========================================================================
==========================================================================
field acceptance  /mnt/scratch/lyuliyao/salt_in_polymer/runs/prod_T1.0_c0.06/field_p16
  L = 24.7106, driven modes [1, 2]
  cation: halves agree on 99.6% of 248 bins (chi^2/bin 0.67, max pull 2.2)   [diagnostic]
          driven modes: median 1.4 sigma, worst m=2 at 1.9 sigma  OK   [undriven worst m=5 at 0.9 sigma, not a gate]
  anion : halves agree on 94.8% of 248 bins (chi^2/bin 0.93, max pull 2.8)   [diagnostic]
          driven modes: median 1.4 sigma, worst m=2 at 1.7 sigma  OK   [undriven worst m=5 at 1.1 sigma, not a gate]
  mean ion current over 17800 samples:
    v_cm,z(cation) = -2.321e-04 +- 3.4e-04  (0.7 sigma from zero)  OK
    v_cm,z(anion ) = +9.624e-05 +- 3.4e-04  (0.3 sigma from zero)  OK
  -> PASS
==========================================================================
### acceptance p16 done Fri Sep 25 01:07:53 PM EDT 2026
