### acceptance for /mnt/scratch/lyuliyao/salt_in_polymer/runs/pilot_T1.0_c0.04_one_both/field_p28  Fri Sep 25 09:45:50 AM EDT 2026
### lz = 24.502285, mmax = 5
==========================================================================
YBG check  run=/mnt/scratch/lyuliyao/salt_in_polymer/runs/pilot_T1.0_c0.04_one_both/field_p28  potential=p28 kind=both pp(V_N)=1.07 pp(psi)=0.84 kT

  cation: applied external force vs. stored spec, per particle: max dev 2.23e-05 of range  OK
        bin-by-bin: 97.6% of 245 bins within 2 sigma, chi^2/bin = 0.84
         m  driven   kT k_m |n_m|        |f_m|         |diff|/err
         1  yes    2.79912e-04   3.21421e-04      0.19
         2  yes    5.10058e-04   2.20188e-04      1.50
         3  yes    2.29325e-03   2.20881e-03      0.73
         4   -     6.65924e-05   1.06969e-04      0.25
         5   -     2.54219e-04   2.26517e-04      0.17
        driven modes only: max |diff|/err = 1.50
        n_mean = 0.03263, contrast n_max/n_min = 1.62

  anion: applied external force vs. stored spec, per particle: max dev 2.26e-05 of range  OK
        bin-by-bin: 98.4% of 245 bins within 2 sigma, chi^2/bin = 0.63
         m  driven   kT k_m |n_m|        |f_m|         |diff|/err
         1  yes    2.49537e-04   2.51393e-04      0.37
         2  yes    3.99744e-04   4.17454e-04      1.23
         3  yes    8.51894e-04   9.60435e-04      0.85
         4   -     2.35809e-05   1.46930e-04      1.29
         5   -     2.61271e-05   1.58457e-04      1.00
        driven modes only: max |diff|/err = 1.23
        n_mean = 0.03263, contrast n_max/n_min = 1.32

wrote /mnt/scratch/lyuliyao/salt_in_polymer/runs/pilot_T1.0_c0.04_one_both/field_p28/profiles.npz
==========================================================================
==========================================================================
field acceptance  /mnt/scratch/lyuliyao/salt_in_polymer/runs/pilot_T1.0_c0.04_one_both/field_p28
  L = 24.5023, driven modes [1, 2, 3]
  cation: halves agree on 98.0% of 246 bins (chi^2/bin 0.94, max pull 3.5)   [diagnostic]
          driven modes: median 0.9 sigma, worst m=1 at 1.2 sigma  OK   [undriven worst m=5 at 1.3 sigma, not a gate]
  anion : halves agree on 94.3% of 246 bins (chi^2/bin 1.11, max pull 2.9)   [diagnostic]
          driven modes: median 1.1 sigma, worst m=3 at 1.3 sigma  OK   [undriven worst m=4 at 1.8 sigma, not a gate]
  mean ion current over 11600 samples:
    v_cm,z(cation) = +6.660e-05 +- 3.4e-04  (0.2 sigma from zero)  OK
    v_cm,z(anion ) = +1.342e-04 +- 3.4e-04  (0.4 sigma from zero)  OK
  -> PASS
==========================================================================
### acceptance p28 done Fri Sep 25 09:50:32 AM EDT 2026
