### acceptance for /mnt/scratch/lyuliyao/salt_in_polymer/runs/prod_T1.0_c0.05/field_p16  Fri Sep 25 09:58:50 AM EDT 2026
### lz = 24.597787, mmax = 4
==========================================================================
YBG check  run=/mnt/scratch/lyuliyao/salt_in_polymer/runs/prod_T1.0_c0.05/field_p16  potential=p16 kind=neutral pp(V_N)=0.94 pp(psi)=0.00 kT

  cation: applied external force vs. stored spec, per particle: max dev 2.36e-05 of range  OK
        bin-by-bin: 95.9% of 246 bins within 2 sigma, chi^2/bin = 0.72
         m  driven   kT k_m |n_m|        |f_m|         |diff|/err
         1  yes    2.11807e-04   4.03657e-04      0.88
         2  yes    8.11749e-04   7.91388e-04      0.12
         3   -     1.08441e-05   3.63274e-04      1.75
         4   -     5.12475e-05   1.07977e-04      0.61
        driven modes only: max |diff|/err = 0.88
        n_mean = 0.04031, contrast n_max/n_min = 1.27

  anion: applied external force vs. stored spec, per particle: max dev 2.29e-05 of range  OK
        bin-by-bin: 98.4% of 246 bins within 2 sigma, chi^2/bin = 0.69
         m  driven   kT k_m |n_m|        |f_m|         |diff|/err
         1  yes    1.94506e-04   2.50197e-04      1.24
         2  yes    5.92908e-04   6.63325e-04      0.42
         3   -     6.37020e-06   1.53730e-04      0.93
         4   -     3.63087e-05   2.82516e-04      2.15
        driven modes only: max |diff|/err = 1.24
        n_mean = 0.04031, contrast n_max/n_min = 1.20

wrote /mnt/scratch/lyuliyao/salt_in_polymer/runs/prod_T1.0_c0.05/field_p16/profiles.npz
==========================================================================
==========================================================================
field acceptance  /mnt/scratch/lyuliyao/salt_in_polymer/runs/prod_T1.0_c0.05/field_p16
  L = 24.5978, driven modes [1, 2]
  cation: halves agree on 98.8% of 246 bins (chi^2/bin 0.71, max pull 2.4)   [diagnostic]
          driven modes: median 0.8 sigma, worst m=1 at 0.8 sigma  OK   [undriven worst m=3 at 1.1 sigma, not a gate]
  anion : halves agree on 98.4% of 246 bins (chi^2/bin 0.67, max pull 2.2)   [diagnostic]
          driven modes: median 0.7 sigma, worst m=1 at 0.8 sigma  OK   [undriven worst m=4 at 1.2 sigma, not a gate]
  mean ion current over 13400 samples:
    v_cm,z(cation) = +3.492e-05 +- 4.3e-04  (0.1 sigma from zero)  OK
    v_cm,z(anion ) = +2.735e-04 +- 4.3e-04  (0.6 sigma from zero)  OK
  -> PASS
==========================================================================
### acceptance p16 done Fri Sep 25 10:05:36 AM EDT 2026
