### acceptance for /mnt/gs21/scratch/lyuliyao/salt_in_polymer/runs/prod_T1.0_c0.06/field_p03  Thu Sep 24 09:43:27 PM EDT 2026
### lz = 24.710624, mmax = 8
==========================================================================
YBG check  run=/mnt/gs21/scratch/lyuliyao/salt_in_polymer/runs/prod_T1.0_c0.06/field_p03  potential=p03 kind=both pp(V_N)=0.68 pp(psi)=1.16 kT

  cation: applied external force vs. stored spec, per particle: max dev 3.42e-05 of range  OK
        bin-by-bin: 96.0% of 247 bins within 2 sigma, chi^2/bin = 0.87
         m  driven   kT k_m |n_m|        |f_m|         |diff|/err
         1   -     2.36325e-05   2.89792e-04      0.81
         2   -     2.14973e-05   8.94794e-05      0.52
         3  yes    8.60937e-04   9.18828e-04      0.58
         4  yes    1.96543e-03   2.06701e-03      0.44
         5  yes    1.71010e-03   1.42192e-03      1.07
         6  yes    3.06924e-03   2.73483e-03      1.14
         7   -     6.71507e-05   2.55018e-04      1.15
         8   -     2.26826e-04   4.26583e-04      1.12
        driven modes only: max |diff|/err = 1.14
        n_mean = 0.04772, contrast n_max/n_min = 1.62

  anion: applied external force vs. stored spec, per particle: max dev 3.06e-05 of range  OK
        bin-by-bin: 98.8% of 247 bins within 2 sigma, chi^2/bin = 0.73
         m  driven   kT k_m |n_m|        |f_m|         |diff|/err
         1   -     2.31100e-05   1.20956e-04      0.83
         2   -     9.72521e-06   5.65056e-05      0.46
         3  yes    1.31910e-04   1.29076e-04      0.27
         4  yes    6.43164e-04   5.87034e-04      0.38
         5  yes    3.47820e-03   3.43145e-03      0.65
         6  yes    6.09988e-04   5.41588e-04      0.68
         7   -     6.67731e-05   7.09011e-05      0.41
         8   -     1.93996e-05   8.14077e-05      0.39
        driven modes only: max |diff|/err = 0.68
        n_mean = 0.04772, contrast n_max/n_min = 1.32

wrote /mnt/gs21/scratch/lyuliyao/salt_in_polymer/runs/prod_T1.0_c0.06/field_p03/profiles.npz
==========================================================================
==========================================================================
field acceptance  /mnt/gs21/scratch/lyuliyao/salt_in_polymer/runs/prod_T1.0_c0.06/field_p03
  L = 24.7106, driven modes [3, 4, 5, 6]
  cation: halves agree on 89.5% of 248 bins (chi^2/bin 1.72, max pull 5.1)   [diagnostic]
          driven modes: median 1.3 sigma, worst m=5 at 1.7 sigma  OK   [undriven worst m=2 at 1.3 sigma, not a gate]
  anion : halves agree on 94.4% of 248 bins (chi^2/bin 0.96, max pull 2.9)   [diagnostic]
          driven modes: median 1.1 sigma, worst m=5 at 1.8 sigma  OK   [undriven worst m=2 at 1.3 sigma, not a gate]
  mean ion current over 18137 samples:
    v_cm,z(cation) = +3.008e-04 +- 2.2e-04  (1.4 sigma from zero)  OK
    v_cm,z(anion ) = +2.104e-04 +- 2.2e-04  (1.0 sigma from zero)  OK
  -> PASS
==========================================================================
### acceptance p03 done Thu Sep 24 09:52:31 PM EDT 2026
