### acceptance for /mnt/gs21/scratch/lyuliyao/salt_in_polymer/runs/prod_T1.0_c0.06/field_p07  Thu Sep 24 09:43:27 PM EDT 2026
### lz = 24.710624, mmax = 8
==========================================================================
YBG check  run=/mnt/gs21/scratch/lyuliyao/salt_in_polymer/runs/prod_T1.0_c0.06/field_p07  potential=p07 kind=charged pp(V_N)=0.00 pp(psi)=2.74 kT

  cation: applied external force vs. stored spec, per particle: max dev 4.03e-05 of range  OK
        bin-by-bin: 99.2% of 247 bins within 2 sigma, chi^2/bin = 0.60
         m  driven   kT k_m |n_m|        |f_m|         |diff|/err
         1   -     2.64680e-05   2.69130e-04      1.07
         2   -     2.63200e-04   3.61385e-04      0.34
         3   -     8.07965e-06   2.86665e-05      0.12
         4  yes    6.28512e-03   6.43948e-03      0.45
         5   -     1.32161e-04   1.32903e-04      0.43
         6  yes    3.76303e-02   3.78743e-02      1.19
         7   -     2.09612e-04   2.64941e-04      0.50
         8   -     2.81595e-03   2.83926e-03      0.46
        driven modes only: max |diff|/err = 1.19
        n_mean = 0.04772, contrast n_max/n_min = 22.93

  anion: applied external force vs. stored spec, per particle: max dev 4.02e-05 of range  OK
        bin-by-bin: 99.2% of 247 bins within 2 sigma, chi^2/bin = 0.62
         m  driven   kT k_m |n_m|        |f_m|         |diff|/err
         1   -     2.33982e-05   2.03059e-04      1.76
         2   -     1.51905e-04   2.69238e-04      0.91
         3   -     2.16534e-05   1.52918e-04      1.12
         4  yes    2.19384e-03   2.14880e-03      0.81
         5   -     8.33642e-05   1.34579e-04      1.25
         6  yes    2.33228e-02   2.35319e-02      1.16
         7   -     1.06800e-04   8.74182e-05      0.25
         8   -     9.86495e-04   1.06558e-03      0.33
        driven modes only: max |diff|/err = 1.16
        n_mean = 0.04772, contrast n_max/n_min = 4.50

wrote /mnt/gs21/scratch/lyuliyao/salt_in_polymer/runs/prod_T1.0_c0.06/field_p07/profiles.npz
==========================================================================
==========================================================================
field acceptance  /mnt/gs21/scratch/lyuliyao/salt_in_polymer/runs/prod_T1.0_c0.06/field_p07
  L = 24.7106, driven modes [4, 6]
  cation: halves agree on 95.2% of 248 bins (chi^2/bin 0.95, max pull 3.3)   [diagnostic]
          driven modes: median 1.1 sigma, worst m=4 at 1.3 sigma  OK   [undriven worst m=2 at 2.1 sigma, not a gate]
  anion : halves agree on 91.5% of 248 bins (chi^2/bin 1.46, max pull 3.3)   [diagnostic]
          driven modes: median 1.5 sigma, worst m=6 at 1.8 sigma  OK   [undriven worst m=2 at 1.7 sigma, not a gate]
  mean ion current over 18151 samples:
    v_cm,z(cation) = -3.596e-05 +- 1.4e-04  (0.3 sigma from zero)  OK
    v_cm,z(anion ) = +1.125e-04 +- 1.4e-04  (0.8 sigma from zero)  OK
  -> PASS
==========================================================================
### acceptance p07 done Thu Sep 24 09:52:33 PM EDT 2026
