### acceptance for /mnt/gs21/scratch/lyuliyao/salt_in_polymer/runs/prod_T1.0_c0.02/field_p09  Thu Sep 24 03:53:48 AM EDT 2026
### lz = 24.376019, mmax = 18
==========================================================================
YBG check  run=/mnt/gs21/scratch/lyuliyao/salt_in_polymer/runs/prod_T1.0_c0.02/field_p09  potential=p09 kind=both pp(V_N)=1.11 pp(psi)=2.14 kT

  cation: applied external force vs. stored spec, per particle: max dev 6.42e-05 of range  OK
        bin-by-bin: 97.5% of 244 bins within 2 sigma, chi^2/bin = 0.72
         m  driven   kT k_m |n_m|        |f_m|         |diff|/err
         1   -     4.72933e-05   7.51225e-05      0.63
         2   -     4.02244e-05   2.15002e-04      1.34
         3  yes    7.73221e-04   8.29271e-04      0.55
         4  yes    2.45467e-03   2.34050e-03      1.02
         5  yes    4.51631e-03   4.55397e-03      0.17
         6  yes    2.96092e-03   3.03094e-03      0.31
         7   -     9.88205e-04   1.06699e-03      0.38
         8   -     7.73493e-04   6.99685e-04      1.38
        driven modes only: max |diff|/err = 1.02
        n_mean = 0.01657, contrast n_max/n_min = 7.76

  anion: applied external force vs. stored spec, per particle: max dev 6.93e-05 of range  OK
        bin-by-bin: 98.4% of 244 bins within 2 sigma, chi^2/bin = 0.75
         m  driven   kT k_m |n_m|        |f_m|         |diff|/err
         1   -     4.21831e-05   8.29493e-05      0.96
         2   -     3.79620e-05   9.95362e-05      1.04
         3  yes    4.91956e-04   5.26660e-04      0.36
         4  yes    1.34560e-03   1.52730e-03      2.06
         5  yes    2.34348e-03   2.35016e-03      0.58
         6  yes    3.34053e-03   3.31810e-03      0.38
         7   -     7.26135e-04   7.02998e-04      0.42
         8   -     5.95323e-04   5.74570e-04      0.37
        driven modes only: max |diff|/err = 2.06
        n_mean = 0.01657, contrast n_max/n_min = 7.41

wrote /mnt/gs21/scratch/lyuliyao/salt_in_polymer/runs/prod_T1.0_c0.02/field_p09/profiles.npz
==========================================================================
==========================================================================
field acceptance  /mnt/gs21/scratch/lyuliyao/salt_in_polymer/runs/prod_T1.0_c0.02/field_p09
  cation: halves agree on 93.9% of 244 bins (chi^2/bin 1.14, max pull 2.5)   [diagnostic]
          mode by mode: median 0.9 sigma, worst m=15 at 1.5 sigma  OK
  anion : halves agree on 89.8% of 244 bins (chi^2/bin 1.57, max pull 3.3)   [diagnostic]
          mode by mode: median 1.2 sigma, worst m=14 at 1.9 sigma  OK
  mean ion current over 8000 samples:
    v_cm,z(cation) = +1.050e-05 +- 3.2e-04  (0.0 sigma from zero)  OK
    v_cm,z(anion ) = +2.125e-04 +- 3.3e-04  (0.6 sigma from zero)  OK
  -> PASS
==========================================================================
### acceptance p09 done Thu Sep 24 03:55:12 AM EDT 2026
