### acceptance for /mnt/gs21/scratch/lyuliyao/salt_in_polymer/eps2/runs/prod_T1.0_c0.06/field_p12  Sun Sep 27 03:02:04 PM EDT 2026
### lz = 24.590851, mmax = 18
==========================================================================
YBG check  run=/mnt/gs21/scratch/lyuliyao/salt_in_polymer/eps2/runs/prod_T1.0_c0.06/field_p12  potential=p12 kind=both pp(V_N)=1.62 pp(psi)=2.01 kT

  cation: applied external force vs. stored spec, per particle: max dev 8.54e-05 of range  OK
        bin-by-bin: 90.7% of 246 bins within 2 sigma, chi^2/bin = 1.32
         m  driven   kT k_m |n_m|        |f_m|         |diff|/err
         1   -     1.29261e-05   4.04755e-04      1.81
         2   -     1.74629e-05   1.75026e-04      0.68
         3  yes    3.16569e-04   4.60815e-04      0.80
         4  yes    2.13115e-03   2.12690e-03      0.67
         5  yes    3.26440e-03   3.19872e-03      1.39
         6  yes    2.70251e-03   2.68768e-03      0.07
         7   -     9.47055e-05   1.72935e-04      0.41
         8   -     1.51580e-04   2.37580e-04      0.37
        driven modes only: max |diff|/err = 2.49
        n_mean = 0.04842, contrast n_max/n_min = 4.11
Traceback (most recent call last):
  File "/mnt/gs21/scratch/lyuliyao/salt_in_polymer/tools/analyze_profiles.py", line 197, in <module>
    main()
  File "/mnt/gs21/scratch/lyuliyao/salt_in_polymer/tools/analyze_profiles.py", line 123, in main
    zc, nb, ftb, feb, pp_dev = bin_species(path, lz, a.binw, a.nblock, zlo,
                               ^^^^^^^^^^^^^^^^^^^^^^^^^^^^^^^^^^^^^^^^^^^^
  File "/mnt/gs21/scratch/lyuliyao/salt_in_polymer/tools/analyze_profiles.py", line 53, in bin_species
    steps, boxes, cols, data = dumpio.read_dump(dumpfile)
                               ^^^^^^^^^^^^^^^^^^^^^^^^^^
  File "/mnt/gs21/scratch/lyuliyao/salt_in_polymer/tools/dumpio.py", line 48, in read_dump
    for k, (st, bx, cl, ar) in enumerate(_frames(fn)):
  File "/mnt/gs21/scratch/lyuliyao/salt_in_polymer/tools/dumpio.py", line 33, in _frames
    arr = np.fromstring("".join(buf), sep=" ").reshape(nat, len(cols))
          ^^^^^^^^^^^^^^^^^^^^^^^^^^^^^^^^^^^^^^^^^^^^^^^^^^^^^^^^^^^^
ValueError: cannot reshape array of size 4779 into shape (720,9)
