### acceptance for /mnt/gs21/scratch/lyuliyao/salt_in_polymer/eps2/runs/prod_T1.0_c0.05/field_p15  Sun Sep 27 11:28:05 AM EDT 2026
### lz = 24.493736, mmax = 14
==========================================================================
YBG check  run=/mnt/gs21/scratch/lyuliyao/salt_in_polymer/eps2/runs/prod_T1.0_c0.05/field_p15  potential=p15 kind=charged pp(V_N)=0.00 pp(psi)=3.24 kT

  cation: applied external force vs. stored spec, per particle: max dev 4.35e-05 of range  OK
        bin-by-bin: 97.1% of 245 bins within 2 sigma, chi^2/bin = 0.79
         m  driven   kT k_m |n_m|        |f_m|         |diff|/err
         1   -     2.32035e-05   1.81199e-04      0.77
         2   -     5.88877e-06   1.24428e-04      0.44
         3   -     2.41323e-05   1.86762e-04      0.69
         4  yes    2.99736e-03   3.36308e-03      1.54
         5   -     7.17801e-06   1.09441e-04      0.55
         6   -     5.94792e-05   1.61153e-04      0.30
         7   -     8.16548e-05   4.41125e-04      1.46
         8  yes    1.23866e-02   1.25764e-02      1.06
        driven modes only: max |diff|/err = 1.54
        n_mean = 0.04083, contrast n_max/n_min = 2.33

  anion: applied external force vs. stored spec, per particle: max dev 4.23e-05 of range  OK
        bin-by-bin: 98.0% of 245 bins within 2 sigma, chi^2/bin = 0.60
         m  driven   kT k_m |n_m|        |f_m|         |diff|/err
         1   -     2.24203e-05   3.44786e-05      0.34
         2   -     4.11535e-06   1.79618e-04      1.47
         3   -     2.86186e-05   2.86523e-04      2.36
         4  yes    9.66227e-04   8.35423e-04      1.61
         5   -     1.78368e-05   3.00003e-04      2.72
         6   -     6.99693e-05   1.50781e-04      0.92
         7   -     7.29501e-05   9.72632e-05      1.04
         8  yes    1.26804e-02   1.28300e-02      1.16
        driven modes only: max |diff|/err = 1.61
        n_mean = 0.04083, contrast n_max/n_min = 1.98

wrote /mnt/gs21/scratch/lyuliyao/salt_in_polymer/eps2/runs/prod_T1.0_c0.05/field_p15/profiles.npz
==========================================================================
==========================================================================
field acceptance  /mnt/gs21/scratch/lyuliyao/salt_in_polymer/eps2/runs/prod_T1.0_c0.05/field_p15
  L = 24.4937, driven modes [4, 8, 12, 16, 20, 24]
  cation: halves agree on 93.1% of 245 bins (chi^2/bin 1.19, max pull 2.7)   [diagnostic]
          driven modes: median 0.4 sigma, worst m=24 at 0.9 sigma  OK   [undriven worst m=1 at 1.9 sigma, not a gate]
  anion : halves agree on 93.1% of 245 bins (chi^2/bin 1.14, max pull 2.8)   [diagnostic]
          driven modes: median 0.7 sigma, worst m=20 at 1.3 sigma  OK   [undriven worst m=1 at 1.9 sigma, not a gate]
  mean ion current over 17600 samples:
    v_cm,z(cation) = -4.140e-05 +- 1.7e-04  (0.2 sigma from zero)  OK
    v_cm,z(anion ) = -2.419e-04 +- 1.7e-04  (1.4 sigma from zero)  OK
  -> PASS
==========================================================================
### acceptance p15 done Sun Sep 27 11:35:40 AM EDT 2026
