### acceptance for /mnt/gs21/scratch/lyuliyao/salt_in_polymer/eps2/runs/prod_T1.0_c0.04/field_p28  Sun Sep 27 08:08:18 PM EDT 2026
### lz = 24.416564, mmax = 14
==========================================================================
YBG check  run=/mnt/gs21/scratch/lyuliyao/salt_in_polymer/eps2/runs/prod_T1.0_c0.04/field_p28  potential=p28 kind=neutral pp(V_N)=2.66 pp(psi)=0.00 kT

  cation: applied external force vs. stored spec, per particle: max dev 3.83e-05 of range  OK
        bin-by-bin: 98.0% of 244 bins within 2 sigma, chi^2/bin = 0.77
         m  driven   kT k_m |n_m|        |f_m|         |diff|/err
         1   -     4.72896e-05   1.04373e-04      0.65
         2   -     3.31753e-05   1.31900e-04      0.52
         3   -     2.74235e-05   1.75053e-04      0.83
         4  yes    1.05601e-02   1.07623e-02      1.00
         5   -     1.02610e-04   2.12586e-04      0.47
         6   -     7.37240e-05   4.17384e-04      1.67
         7   -     1.60537e-04   1.72988e-04      0.49
         8  yes    3.03334e-04   5.94850e-04      1.38
        driven modes only: max |diff|/err = 1.47
        n_mean = 0.03298, contrast n_max/n_min = 4.20

  anion: applied external force vs. stored spec, per particle: max dev 3.43e-05 of range  OK
        bin-by-bin: 98.8% of 244 bins within 2 sigma, chi^2/bin = 0.47
         m  driven   kT k_m |n_m|        |f_m|         |diff|/err
         1   -     4.56050e-05   8.69122e-05      0.36
         2   -     3.43257e-05   2.09621e-04      1.47
         3   -     3.06742e-05   7.60088e-05      0.53
         4  yes    8.87413e-03   8.75541e-03      0.95
         5   -     7.50921e-05   2.24766e-05      0.61
         6   -     5.19158e-05   1.02198e-04      0.74
         7   -     4.11373e-05   1.17774e-04      0.34
         8  yes    2.19162e-03   2.13472e-03      0.36
        driven modes only: max |diff|/err = 1.05
        n_mean = 0.03298, contrast n_max/n_min = 3.35

wrote /mnt/gs21/scratch/lyuliyao/salt_in_polymer/eps2/runs/prod_T1.0_c0.04/field_p28/profiles.npz
==========================================================================
==========================================================================
field acceptance  /mnt/gs21/scratch/lyuliyao/salt_in_polymer/eps2/runs/prod_T1.0_c0.04/field_p28
  L = 24.4166, driven modes [4, 8, 12, 16, 20, 24]
  cation: halves agree on 89.0% of 245 bins (chi^2/bin 1.75, max pull 3.4)   [diagnostic]
          driven modes: median 0.9 sigma, worst m=4 at 2.2 sigma  OK   [undriven worst m=1 at 2.5 sigma, not a gate]
  anion : halves agree on 80.8% of 245 bins (chi^2/bin 2.14, max pull 3.3)   [diagnostic]
          driven modes: median 0.6 sigma, worst m=4 at 2.3 sigma  OK   [undriven worst m=1 at 2.5 sigma, not a gate]
  mean ion current over 15200 samples:
    v_cm,z(cation) = -5.490e-05 +- 2.0e-04  (0.3 sigma from zero)  OK
    v_cm,z(anion ) = +2.122e-04 +- 2.0e-04  (1.1 sigma from zero)  OK
  -> PASS
==========================================================================
### acceptance p28 done Sun Sep 27 08:13:35 PM EDT 2026
