### acceptance for /mnt/gs21/scratch/lyuliyao/salt_in_polymer/eps2/runs/prod_T1.0_c0.01/field_p12  Sun Sep 27 10:40:53 AM EDT 2026
### lz = 24.345259, mmax = 18
==========================================================================
YBG check  run=/mnt/gs21/scratch/lyuliyao/salt_in_polymer/eps2/runs/prod_T1.0_c0.01/field_p12  potential=p12 kind=both pp(V_N)=1.62 pp(psi)=2.01 kT

  cation: applied external force vs. stored spec, per particle: max dev 8.19e-05 of range  OK
        bin-by-bin: 100.0% of 243 bins within 2 sigma, chi^2/bin = 0.36
         m  driven   kT k_m |n_m|        |f_m|         |diff|/err
         1   -     5.30618e-05   9.11468e-05      0.94
         2   -     7.03177e-05   6.63983e-05      0.70
         3  yes    1.86842e-04   1.40603e-04      0.46
         4  yes    1.64084e-03   1.67838e-03      0.51
         5  yes    1.72473e-03   1.79747e-03      0.43
         6  yes    1.30487e-03   1.35386e-03      0.74
         7   -     2.67431e-04   3.50115e-04      0.63
         8   -     5.90085e-04   5.17970e-04      0.54
        driven modes only: max |diff|/err = 0.74
        n_mean = 0.00832, contrast n_max/n_min = 12.36

  anion: applied external force vs. stored spec, per particle: max dev 6.32e-05 of range  OK
        bin-by-bin: 100.0% of 243 bins within 2 sigma, chi^2/bin = 0.19
         m  driven   kT k_m |n_m|        |f_m|         |diff|/err
         1   -     5.40334e-05   1.07554e-04      0.46
         2   -     6.52203e-05   4.05291e-05      0.26
         3  yes    1.72498e-04   1.98587e-04      0.66
         4  yes    1.48375e-03   1.54472e-03      0.69
         5  yes    1.66690e-03   1.72555e-03      0.45
         6  yes    1.13956e-03   1.12952e-03      0.49
         7   -     2.48081e-04   3.65445e-04      0.88
         8   -     3.97895e-04   4.03278e-04      0.86
        driven modes only: max |diff|/err = 0.79
        n_mean = 0.00832, contrast n_max/n_min = 7.06

wrote /mnt/gs21/scratch/lyuliyao/salt_in_polymer/eps2/runs/prod_T1.0_c0.01/field_p12/profiles.npz
==========================================================================
==========================================================================
field acceptance  /mnt/gs21/scratch/lyuliyao/salt_in_polymer/eps2/runs/prod_T1.0_c0.01/field_p12
  L = 24.3453, driven modes [3, 4, 5, 6, 12, 16]
  cation: halves agree on 86.5% of 244 bins (chi^2/bin 1.62, max pull 3.7)   [diagnostic]
          driven modes: median 0.7 sigma, worst m=6 at 1.5 sigma  OK   [undriven worst m=2 at 1.2 sigma, not a gate]
  anion : halves agree on 86.9% of 244 bins (chi^2/bin 2.06, max pull 5.1)   [diagnostic]
          driven modes: median 0.7 sigma, worst m=12 at 1.1 sigma  OK   [undriven worst m=7 at 1.9 sigma, not a gate]
  mean ion current over 8200 samples:
    v_cm,z(cation) = +4.552e-04 +- 4.6e-04  (1.0 sigma from zero)  OK
    v_cm,z(anion ) = +6.758e-05 +- 4.8e-04  (0.1 sigma from zero)  OK
  -> PASS
==========================================================================
### acceptance p12 done Sun Sep 27 10:41:35 AM EDT 2026
