### acceptance for /mnt/gs21/scratch/lyuliyao/salt_in_polymer/eps2/runs/prod_T1.0_c0.01/field_p04  Sun Sep 27 10:40:50 AM EDT 2026
### lz = 24.345259, mmax = 7
==========================================================================
YBG check  run=/mnt/gs21/scratch/lyuliyao/salt_in_polymer/eps2/runs/prod_T1.0_c0.01/field_p04  potential=p04 kind=both pp(V_N)=0.60 pp(psi)=2.70 kT

  cation: applied external force vs. stored spec, per particle: max dev 2.87e-05 of range  OK
        bin-by-bin: 100.0% of 243 bins within 2 sigma, chi^2/bin = 0.26
         m  driven   kT k_m |n_m|        |f_m|         |diff|/err
         1   -     6.20323e-05   6.11116e-05      0.19
         2   -     1.80280e-04   1.31666e-04      0.84
         3  yes    7.44785e-04   8.36671e-04      0.63
         4  yes    5.78357e-04   4.94952e-04      0.60
         5  yes    1.24136e-03   1.32598e-03      0.55
         6   -     1.53917e-04   2.09575e-04      0.43
         7   -     5.58642e-05   3.70717e-05      0.21
        driven modes only: max |diff|/err = 0.63
        n_mean = 0.00832, contrast n_max/n_min = 3.13

  anion: applied external force vs. stored spec, per particle: max dev 3.14e-05 of range  OK
        bin-by-bin: 100.0% of 243 bins within 2 sigma, chi^2/bin = 0.16
         m  driven   kT k_m |n_m|        |f_m|         |diff|/err
         1   -     6.00546e-05   8.98448e-05      0.58
         2   -     1.73226e-04   1.99735e-04      0.23
         3  yes    3.50874e-04   3.14436e-04      0.28
         4  yes    4.35945e-04   4.08915e-04      0.48
         5  yes    1.66596e-03   1.61750e-03      0.57
         6   -     2.54441e-05   9.41052e-05      0.58
         7   -     7.73651e-05   8.33922e-05      0.31
        driven modes only: max |diff|/err = 0.57
        n_mean = 0.00832, contrast n_max/n_min = 2.73

wrote /mnt/gs21/scratch/lyuliyao/salt_in_polymer/eps2/runs/prod_T1.0_c0.01/field_p04/profiles.npz
==========================================================================
==========================================================================
field acceptance  /mnt/gs21/scratch/lyuliyao/salt_in_polymer/eps2/runs/prod_T1.0_c0.01/field_p04
  L = 24.3453, driven modes [3, 4, 5]
  cation: halves agree on 62.7% of 244 bins (chi^2/bin 7.27, max pull 7.3)   [diagnostic]
          driven modes: median 1.1 sigma, worst m=5 at 1.9 sigma  OK   [undriven worst m=2 at 2.4 sigma, not a gate]
  anion : halves agree on 56.1% of 244 bins (chi^2/bin 6.23, max pull 6.5)   [diagnostic]
          driven modes: median 1.5 sigma, worst m=5 at 1.9 sigma  OK   [undriven worst m=2 at 2.4 sigma, not a gate]
  mean ion current over 8200 samples:
    v_cm,z(cation) = +2.913e-04 +- 5.3e-04  (0.5 sigma from zero)  OK
    v_cm,z(anion ) = +1.126e-04 +- 5.4e-04  (0.2 sigma from zero)  OK
  -> PASS
==========================================================================
### acceptance p04 done Sun Sep 27 10:41:32 AM EDT 2026
