### acceptance for /mnt/gs21/scratch/lyuliyao/salt_in_polymer/eps2/runs/prod_T1.0_c0.02/field_p17  Sun Sep 27 10:42:30 AM EDT 2026
### lz = 24.338627, mmax = 4
==========================================================================
YBG check  run=/mnt/gs21/scratch/lyuliyao/salt_in_polymer/eps2/runs/prod_T1.0_c0.02/field_p17  potential=p17 kind=neutral pp(V_N)=0.72 pp(psi)=0.00 kT

  cation: applied external force vs. stored spec, per particle: max dev 2.22e-05 of range  OK
        bin-by-bin: 97.9% of 243 bins within 2 sigma, chi^2/bin = 0.65
         m  driven   kT k_m |n_m|        |f_m|         |diff|/err
         1  yes    3.19367e-04   4.14422e-04      0.66
         2  yes    1.30236e-03   1.35183e-03      1.63
         3   -     6.81007e-05   2.01778e-04      1.02
         4   -     8.49780e-05   1.04418e-04      0.17
        driven modes only: max |diff|/err = 1.63
        n_mean = 0.01665, contrast n_max/n_min = 2.14

  anion: applied external force vs. stored spec, per particle: max dev 2.15e-05 of range  OK
        bin-by-bin: 100.0% of 243 bins within 2 sigma, chi^2/bin = 0.31
         m  driven   kT k_m |n_m|        |f_m|         |diff|/err
         1  yes    3.14172e-04   2.96960e-04      0.18
         2  yes    1.22668e-03   1.29375e-03      0.52
         3   -     6.73199e-05   1.59083e-04      0.41
         4   -     5.77797e-05   1.49833e-04      0.82
        driven modes only: max |diff|/err = 0.52
        n_mean = 0.01665, contrast n_max/n_min = 2.11

wrote /mnt/gs21/scratch/lyuliyao/salt_in_polymer/eps2/runs/prod_T1.0_c0.02/field_p17/profiles.npz
==========================================================================
==========================================================================
field acceptance  /mnt/gs21/scratch/lyuliyao/salt_in_polymer/eps2/runs/prod_T1.0_c0.02/field_p17
  L = 24.3386, driven modes [1, 2]
  cation: halves agree on 93.0% of 244 bins (chi^2/bin 1.09, max pull 3.6)   [diagnostic]
          driven modes: median 1.0 sigma, worst m=2 at 1.4 sigma  OK   [undriven worst m=6 at 1.7 sigma, not a gate]
  anion : halves agree on 98.4% of 244 bins (chi^2/bin 0.86, max pull 2.4)   [diagnostic]
          driven modes: median 1.0 sigma, worst m=2 at 1.4 sigma  OK   [undriven worst m=5 at 1.4 sigma, not a gate]
  mean ion current over 10200 samples:
    v_cm,z(cation) = +6.061e-04 +- 4.6e-04  (1.3 sigma from zero)  OK
    v_cm,z(anion ) = -2.443e-04 +- 4.4e-04  (0.6 sigma from zero)  OK
  -> PASS
==========================================================================
### acceptance p17 done Sun Sep 27 10:44:13 AM EDT 2026
