### acceptance for /mnt/gs21/scratch/lyuliyao/salt_in_polymer/eps2/runs/prod_T1.0_c0.04/field_p02  Sun Sep 27 11:52:19 AM EDT 2026
### lz = 24.416564, mmax = 7
==========================================================================
YBG check  run=/mnt/gs21/scratch/lyuliyao/salt_in_polymer/eps2/runs/prod_T1.0_c0.04/field_p02  potential=p02 kind=both pp(V_N)=2.64 pp(psi)=2.25 kT

  cation: applied external force vs. stored spec, per particle: max dev 3.51e-05 of range  OK
        bin-by-bin: 95.9% of 244 bins within 2 sigma, chi^2/bin = 0.82
         m  driven   kT k_m |n_m|        |f_m|         |diff|/err
         1   -     5.45739e-05   1.33760e-04      0.45
         2   -     2.28355e-05   1.31120e-04      0.44
         3   -     5.81031e-05   7.59477e-05      0.76
         4  yes    5.08402e-03   5.17678e-03      0.61
         5  yes    1.08989e-02   1.07379e-02      1.01
         6   -     2.48734e-04   4.24843e-04      0.98
         7   -     8.11417e-05   3.30230e-04      1.07
        driven modes only: max |diff|/err = 1.01
        n_mean = 0.03298, contrast n_max/n_min = 5.59

  anion: applied external force vs. stored spec, per particle: max dev 3.64e-05 of range  OK
        bin-by-bin: 98.8% of 244 bins within 2 sigma, chi^2/bin = 0.63
         m  driven   kT k_m |n_m|        |f_m|         |diff|/err
         1   -     5.39739e-05   4.84270e-05      0.90
         2   -     2.19297e-05   2.35219e-04      1.91
         3   -     5.01763e-05   1.53315e-05      0.29
         4  yes    3.14161e-03   3.28386e-03      1.35
         5  yes    8.24130e-03   8.25990e-03      0.22
         6   -     1.40002e-04   1.96835e-04      0.35
         7   -     2.25679e-05   1.88544e-04      1.45
        driven modes only: max |diff|/err = 1.35
        n_mean = 0.03298, contrast n_max/n_min = 3.43

wrote /mnt/gs21/scratch/lyuliyao/salt_in_polymer/eps2/runs/prod_T1.0_c0.04/field_p02/profiles.npz
==========================================================================
==========================================================================
field acceptance  /mnt/gs21/scratch/lyuliyao/salt_in_polymer/eps2/runs/prod_T1.0_c0.04/field_p02
  L = 24.4166, driven modes [4, 5]
  cation: halves agree on 93.1% of 245 bins (chi^2/bin 1.03, max pull 2.9)   [diagnostic]
          driven modes: median 1.1 sigma, worst m=4 at 1.3 sigma  OK   [undriven worst m=6 at 1.3 sigma, not a gate]
  anion : halves agree on 100.0% of 245 bins (chi^2/bin 0.75, max pull 2.0)   [diagnostic]
          driven modes: median 1.1 sigma, worst m=5 at 1.2 sigma  OK   [undriven worst m=6 at 1.4 sigma, not a gate]
  mean ion current over 15450 samples:
    v_cm,z(cation) = +1.899e-05 +- 1.9e-04  (0.1 sigma from zero)  OK
    v_cm,z(anion ) = -1.282e-04 +- 1.9e-04  (0.7 sigma from zero)  OK
  -> PASS
==========================================================================
### acceptance p02 done Sun Sep 27 11:58:29 AM EDT 2026
