### acceptance for /mnt/gs21/scratch/lyuliyao/salt_in_polymer/eps2/runs/prod_T1.0_c0.08/field_p12  Mon Sep 28 10:03:16 PM EDT 2026
### lz = 24.823562, mmax = 18
==========================================================================
YBG check  run=/mnt/gs21/scratch/lyuliyao/salt_in_polymer/eps2/runs/prod_T1.0_c0.08/field_p12  potential=p12 kind=both pp(V_N)=1.62 pp(psi)=2.01 kT

  cation: applied external force vs. stored spec, per particle: max dev 8.39e-05 of range  OK
        bin-by-bin: 89.9% of 248 bins within 2 sigma, chi^2/bin = 1.48
         m  driven   kT k_m |n_m|        |f_m|         |diff|/err
         1   -     1.20584e-05   1.57050e-04      0.98
         2   -     2.14366e-05   2.63824e-04      1.54
         3  yes    3.21693e-04   4.39827e-04      0.92
         4  yes    1.74305e-03   1.75926e-03      1.02
         5  yes    2.62981e-03   2.67004e-03      0.44
         6  yes    2.27260e-03   2.30919e-03      0.48
         7   -     1.63879e-04   2.72064e-04      1.61
         8   -     1.59513e-04   8.55086e-05      0.58
        driven modes only: max |diff|/err = 3.18
        n_mean = 0.06276, contrast n_max/n_min = 3.62

  anion: applied external force vs. stored spec, per particle: max dev 7.07e-05 of range  OK
        bin-by-bin: 99.2% of 248 bins within 2 sigma, chi^2/bin = 0.43
         m  driven   kT k_m |n_m|        |f_m|         |diff|/err
         1   -     1.23241e-05   6.07596e-05      0.45
         2   -     1.99586e-05   1.27407e-04      1.17
         3  yes    8.23172e-05   1.63480e-04      0.72
         4  yes    1.38673e-03   1.43501e-03      0.36
         5  yes    2.06971e-03   2.07135e-03      0.04
         6  yes    1.53620e-03   1.55880e-03      0.36
         7   -     1.00722e-04   2.00206e-04      0.93
         8   -     5.45399e-05   5.47918e-05      0.40
        driven modes only: max |diff|/err = 0.72
        n_mean = 0.06276, contrast n_max/n_min = 1.70

wrote /mnt/gs21/scratch/lyuliyao/salt_in_polymer/eps2/runs/prod_T1.0_c0.08/field_p12/profiles.npz
==========================================================================
==========================================================================
field acceptance  /mnt/gs21/scratch/lyuliyao/salt_in_polymer/eps2/runs/prod_T1.0_c0.08/field_p12
  L = 24.8236, driven modes [3, 4, 5, 6, 12, 16]
  cation: halves agree on 97.2% of 249 bins (chi^2/bin 0.89, max pull 2.8)   [diagnostic]
          driven modes: median 0.5 sigma, worst m=6 at 1.5 sigma  OK   [undriven worst m=1 at 1.3 sigma, not a gate]
  anion : halves agree on 98.8% of 249 bins (chi^2/bin 0.71, max pull 2.7)   [diagnostic]
          driven modes: median 0.7 sigma, worst m=6 at 1.1 sigma  OK   [undriven worst m=1 at 1.2 sigma, not a gate]
  mean ion current over 40548 samples:
    v_cm,z(cation) = +1.556e-04 +- 7.8e-05  (2.0 sigma from zero)  OK
    v_cm,z(anion ) = -1.135e-04 +- 7.9e-05  (1.4 sigma from zero)  OK
  -> PASS
==========================================================================
### acceptance p12 done Mon Sep 28 10:30:53 PM EDT 2026
