### acceptance for /mnt/gs21/scratch/lyuliyao/salt_in_polymer/eps2/runs/prod_T1.0_c0.06/field_p01  Sun Sep 27 03:02:08 PM EDT 2026
### lz = 24.590851, mmax = 8
==========================================================================
YBG check  run=/mnt/gs21/scratch/lyuliyao/salt_in_polymer/eps2/runs/prod_T1.0_c0.06/field_p01  potential=p01 kind=both pp(V_N)=2.80 pp(psi)=2.80 kT

  cation: applied external force vs. stored spec, per particle: max dev 3.78e-05 of range  OK
        bin-by-bin: 96.3% of 246 bins within 2 sigma, chi^2/bin = 0.91
         m  driven   kT k_m |n_m|        |f_m|         |diff|/err
         1   -     4.77317e-05   4.61903e-04      2.42
         2   -     4.27662e-05   1.97105e-04      0.83
         3  yes    2.16027e-03   2.15032e-03      1.30
         4  yes    3.85672e-03   4.02596e-03      0.99
         5  yes    6.29497e-03   6.23434e-03      0.50
         6  yes    6.03842e-03   6.45629e-03      2.65
         7   -     1.51924e-04   2.87247e-04      0.73
         8   -     1.63228e-04   6.33507e-05      0.65
        driven modes only: max |diff|/err = 2.65
        n_mean = 0.04842, contrast n_max/n_min = 3.48

  anion: applied external force vs. stored spec, per particle: max dev 3.82e-05 of range  OK
        bin-by-bin: 98.8% of 246 bins within 2 sigma, chi^2/bin = 0.49
         m  driven   kT k_m |n_m|        |f_m|         |diff|/err
         1   -     4.65868e-05   6.00199e-05      0.33
         2   -     3.55968e-05   1.14125e-04      1.27
         3  yes    1.85757e-03   1.74716e-03      1.00
         4  yes    3.14631e-03   3.04019e-03      0.81
         5  yes    4.86121e-03   4.76144e-03      0.92
         6  yes    3.82506e-03   3.83383e-03      0.53
         7   -     2.78696e-04   4.18445e-04      1.23
         8   -     2.62370e-04   3.24788e-04      0.27
        driven modes only: max |diff|/err = 1.00
        n_mean = 0.04842, contrast n_max/n_min = 2.04

wrote /mnt/gs21/scratch/lyuliyao/salt_in_polymer/eps2/runs/prod_T1.0_c0.06/field_p01/profiles.npz
==========================================================================
==========================================================================
field acceptance  /mnt/gs21/scratch/lyuliyao/salt_in_polymer/eps2/runs/prod_T1.0_c0.06/field_p01
  L = 24.5909, driven modes [3, 4, 5, 6]
  cation: halves agree on 94.3% of 246 bins (chi^2/bin 1.15, max pull 3.2)   [diagnostic]
          driven modes: median 0.7 sigma, worst m=3 at 1.4 sigma  OK   [undriven worst m=1 at 2.0 sigma, not a gate]
  anion : halves agree on 91.5% of 246 bins (chi^2/bin 1.38, max pull 4.0)   [diagnostic]
          driven modes: median 0.8 sigma, worst m=3 at 1.2 sigma  OK   [undriven worst m=1 at 2.0 sigma, not a gate]
  mean ion current over 22600 samples:
    v_cm,z(cation) = -2.809e-05 +- 1.4e-04  (0.2 sigma from zero)  OK
    v_cm,z(anion ) = +1.063e-04 +- 1.4e-04  (0.8 sigma from zero)  OK
  -> PASS
==========================================================================
### acceptance p01 done Sun Sep 27 03:14:12 PM EDT 2026
