### acceptance for /mnt/scratch/lyuliyao/salt_in_polymer/eps2/runs/prod_T1.0_c0.01/field_p41  Wed Sep 30 07:59:32 PM EDT 2026
### lz = 24.345259, mmax = 3
==========================================================================
YBG check  run=/mnt/scratch/lyuliyao/salt_in_polymer/eps2/runs/prod_T1.0_c0.01/field_p41  potential=p41 kind=neutral pp(V_N)=0.10 pp(psi)=0.00 kT

  cation: applied external force vs. stored spec, per particle: max dev 2.16e-05 of range  OK
        bin-by-bin: 98.4% of 243 bins within 2 sigma, chi^2/bin = 0.62
         m  driven   kT k_m |n_m|        |f_m|         |diff|/err
         1  yes    1.29384e-04   1.19912e-04      0.15
         2   -     1.08342e-05   4.13849e-05      0.69
         3   -     1.33832e-05   9.06082e-05      1.45
        driven modes only: max |diff|/err = 0.15
        n_mean = 0.00832, contrast n_max/n_min = 1.31

  anion: applied external force vs. stored spec, per particle: max dev 2.18e-05 of range  OK
        bin-by-bin: 100.0% of 243 bins within 2 sigma, chi^2/bin = 0.22
         m  driven   kT k_m |n_m|        |f_m|         |diff|/err
         1  yes    1.28250e-04   1.69248e-04      0.73
         2   -     1.13362e-05   3.66750e-05      1.23
         3   -     1.29781e-05   4.54667e-05      1.04
        driven modes only: max |diff|/err = 0.73
        n_mean = 0.00832, contrast n_max/n_min = 1.31

wrote /mnt/scratch/lyuliyao/salt_in_polymer/eps2/runs/prod_T1.0_c0.01/field_p41/profiles.npz
==========================================================================
==========================================================================
field acceptance  /mnt/scratch/lyuliyao/salt_in_polymer/eps2/runs/prod_T1.0_c0.01/field_p41
  L = 24.3453, driven modes [1]
  cation: halves agree on 80.3% of 244 bins (chi^2/bin 2.76, max pull 3.7)   [diagnostic]
          driven modes: median 1.4 sigma, worst m=1 at 1.4 sigma  OK   [undriven worst m=5 at 1.8 sigma, not a gate]
  anion : halves agree on 77.9% of 244 bins (chi^2/bin 2.61, max pull 3.4)   [diagnostic]
          driven modes: median 1.4 sigma, worst m=1 at 1.4 sigma  OK   [undriven worst m=7 at 1.3 sigma, not a gate]
  mean ion current over 40000 samples:
    v_cm,z(cation) = +7.116e-04 +- 5.5e-04  (1.3 sigma from zero)  OK
    v_cm,z(anion ) = +3.159e-04 +- 5.7e-04  (0.6 sigma from zero)  OK
  -> PASS
==========================================================================
### acceptance p41 done Wed Sep 30 08:02:41 PM EDT 2026
