### acceptance for /mnt/gs21/scratch/lyuliyao/salt_in_polymer/eps2/runs/prod_T1.0_c0.06/field_p10  Sun Sep 27 03:02:03 PM EDT 2026
### lz = 24.590851, mmax = 14
==========================================================================
YBG check  run=/mnt/gs21/scratch/lyuliyao/salt_in_polymer/eps2/runs/prod_T1.0_c0.06/field_p10  potential=p10 kind=both pp(V_N)=0.59 pp(psi)=1.64 kT

  cation: applied external force vs. stored spec, per particle: max dev 6.09e-05 of range  OK
        bin-by-bin: 93.9% of 246 bins within 2 sigma, chi^2/bin = 1.02
         m  driven   kT k_m |n_m|        |f_m|         |diff|/err
         1   -     1.18282e-05   8.69821e-05      0.44
         2   -     1.79492e-05   1.60189e-04      0.68
         3  yes    5.75294e-04   5.31186e-04      1.29
         4   -     1.00274e-04   1.98562e-04      1.10
         5   -     4.67367e-05   1.05385e-04      0.44
         6  yes    5.43268e-03   5.53464e-03      0.74
         7   -     2.24205e-05   1.21437e-04      0.45
         8  yes    8.22028e-03   8.44415e-03      1.25
        driven modes only: max |diff|/err = 1.29
        n_mean = 0.04842, contrast n_max/n_min = 2.42
Traceback (most recent call last):
  File "/mnt/gs21/scratch/lyuliyao/salt_in_polymer/tools/analyze_profiles.py", line 197, in <module>
    main()
  File "/mnt/gs21/scratch/lyuliyao/salt_in_polymer/tools/analyze_profiles.py", line 123, in main
    zc, nb, ftb, feb, pp_dev = bin_species(path, lz, a.binw, a.nblock, zlo,
                               ^^^^^^^^^^^^^^^^^^^^^^^^^^^^^^^^^^^^^^^^^^^^
  File "/mnt/gs21/scratch/lyuliyao/salt_in_polymer/tools/analyze_profiles.py", line 53, in bin_species
    steps, boxes, cols, data = dumpio.read_dump(dumpfile)
                               ^^^^^^^^^^^^^^^^^^^^^^^^^^
  File "/mnt/gs21/scratch/lyuliyao/salt_in_polymer/tools/dumpio.py", line 48, in read_dump
    for k, (st, bx, cl, ar) in enumerate(_frames(fn)):
  File "/mnt/gs21/scratch/lyuliyao/salt_in_polymer/tools/dumpio.py", line 33, in _frames
    arr = np.fromstring("".join(buf), sep=" ").reshape(nat, len(cols))
          ^^^^^^^^^^^^^^^^^^^^^^^^^^^^^^^^^^^^^^^^^^^^^^^^^^^^^^^^^^^^
ValueError: cannot reshape array of size 5718 into shape (720,9)
