### acceptance for /mnt/gs21/scratch/lyuliyao/salt_in_polymer/eps2/runs/prod_T1.0_c0.04/field_p24  Sun Sep 27 11:29:52 AM EDT 2026
### lz = 24.416564, mmax = 22
==========================================================================
YBG check  run=/mnt/gs21/scratch/lyuliyao/salt_in_polymer/eps2/runs/prod_T1.0_c0.04/field_p24  potential=p24 kind=both pp(V_N)=2.60 pp(psi)=1.29 kT

  cation: applied external force vs. stored spec, per particle: max dev 1.04e-04 of range  MISMATCH
        bin-by-bin: 88.5% of 244 bins within 2 sigma, chi^2/bin = 1.58
         m  driven   kT k_m |n_m|        |f_m|         |diff|/err
         1   -     2.78454e-05   1.82587e-04      0.52
         2   -     4.98854e-05   2.63045e-04      1.54
         3  yes    2.07136e-03   2.22156e-03      1.03
         4  yes    2.57630e-03   2.75146e-03      0.68
         5  yes    4.32358e-03   4.57521e-03      1.51
         6  yes    2.12385e-03   2.13540e-03      0.37
         7   -     1.71298e-04   5.46052e-04      1.65
         8   -     5.72527e-04   7.25084e-04      0.70
        driven modes only: max |diff|/err = 1.68
        n_mean = 0.03298, contrast n_max/n_min = 6.33

  anion: applied external force vs. stored spec, per particle: max dev 1.13e-04 of range  MISMATCH
        bin-by-bin: 90.6% of 244 bins within 2 sigma, chi^2/bin = 1.42
         m  driven   kT k_m |n_m|        |f_m|         |diff|/err
         1   -     2.74012e-05   8.93012e-05      0.78
         2   -     4.74604e-05   2.23715e-04      1.26
         3  yes    1.77667e-03   1.83585e-03      0.84
         4  yes    2.37754e-03   2.32340e-03      0.47
         5  yes    3.60586e-03   3.59305e-03      0.15
         6  yes    1.52230e-03   1.61262e-03      0.65
         7   -     1.93789e-04   2.43048e-04      0.65
         8   -     1.85374e-04   2.35100e-04      0.41
        driven modes only: max |diff|/err = 1.09
        n_mean = 0.03298, contrast n_max/n_min = 6.31

wrote /mnt/gs21/scratch/lyuliyao/salt_in_polymer/eps2/runs/prod_T1.0_c0.04/field_p24/profiles.npz
==========================================================================
==========================================================================
field acceptance  /mnt/gs21/scratch/lyuliyao/salt_in_polymer/eps2/runs/prod_T1.0_c0.04/field_p24
  L = 24.4166, driven modes [3, 4, 5, 6, 16, 20]
  cation: halves agree on 98.4% of 245 bins (chi^2/bin 0.66, max pull 2.4)   [diagnostic]
          driven modes: median 0.5 sigma, worst m=6 at 0.7 sigma  OK   [undriven worst m=7 at 0.8 sigma, not a gate]
  anion : halves agree on 98.4% of 245 bins (chi^2/bin 0.62, max pull 2.6)   [diagnostic]
          driven modes: median 0.5 sigma, worst m=16 at 1.0 sigma  OK   [undriven worst m=7 at 1.4 sigma, not a gate]
  mean ion current over 15200 samples:
    v_cm,z(cation) = +3.247e-04 +- 1.7e-04  (1.9 sigma from zero)  OK
    v_cm,z(anion ) = -2.360e-04 +- 1.7e-04  (1.4 sigma from zero)  OK
  -> PASS
==========================================================================
### acceptance p24 done Sun Sep 27 11:35:17 AM EDT 2026
