### acceptance for /mnt/gs21/scratch/lyuliyao/salt_in_polymer/eps2/runs/prod_T1.0_c0.01/field_p13  Sun Sep 27 10:40:53 AM EDT 2026
### lz = 24.345259, mmax = 18
==========================================================================
YBG check  run=/mnt/gs21/scratch/lyuliyao/salt_in_polymer/eps2/runs/prod_T1.0_c0.01/field_p13  potential=p13 kind=neutral pp(V_N)=4.44 pp(psi)=0.00 kT

  cation: applied external force vs. stored spec, per particle: max dev 4.89e-05 of range  OK
        bin-by-bin: 95.5% of 243 bins within 2 sigma, chi^2/bin = 0.72
         m  driven   kT k_m |n_m|        |f_m|         |diff|/err
         1   -     2.98699e-04   2.42139e-04      0.57
         2   -     8.77279e-05   2.51810e-04      1.93
         3   -     6.84341e-04   6.11512e-04      1.06
         4  yes    5.67864e-03   5.67327e-03      0.53
         5   -     8.47436e-04   7.59668e-04      0.45
         6   -     1.72957e-04   2.16479e-04      0.37
         7   -     4.66838e-04   2.35349e-04      1.55
         8  yes    2.74712e-03   2.71865e-03      0.30
        driven modes only: max |diff|/err = 1.84
        n_mean = 0.00832, contrast n_max/n_min = 356.12

  anion: applied external force vs. stored spec, per particle: max dev 2.80e-05 of range  OK
        bin-by-bin: 99.6% of 243 bins within 2 sigma, chi^2/bin = 0.46
         m  driven   kT k_m |n_m|        |f_m|         |diff|/err
         1   -     2.91979e-04   3.11271e-04      0.92
         2   -     8.69854e-05   1.07333e-04      0.26
         3   -     6.20411e-04   6.40245e-04      0.17
         4  yes    5.43135e-03   5.47102e-03      1.86
         5   -     7.68689e-04   8.09352e-04      0.36
         6   -     7.47074e-05   8.40492e-05      0.39
         7   -     3.19181e-04   3.18750e-04      0.25
         8  yes    1.98096e-03   2.01028e-03      0.74
        driven modes only: max |diff|/err = 1.86
        n_mean = 0.00832, contrast n_max/n_min = 305.31

wrote /mnt/gs21/scratch/lyuliyao/salt_in_polymer/eps2/runs/prod_T1.0_c0.01/field_p13/profiles.npz
==========================================================================
==========================================================================
field acceptance  /mnt/gs21/scratch/lyuliyao/salt_in_polymer/eps2/runs/prod_T1.0_c0.01/field_p13
  L = 24.3453, driven modes [4, 8, 12, 16, 20, 24, 28, 32]
  cation: halves agree on 98.0% of 244 bins (chi^2/bin 0.73, max pull 2.3)   [diagnostic]
          driven modes: median 0.7 sigma, worst m=4 at 0.9 sigma  OK   [undriven worst m=3 at 1.1 sigma, not a gate]
  anion : halves agree on 97.1% of 244 bins (chi^2/bin 0.86, max pull 2.8)   [diagnostic]
          driven modes: median 0.6 sigma, worst m=8 at 1.3 sigma  OK   [undriven worst m=7 at 1.2 sigma, not a gate]
  mean ion current over 8200 samples:
    v_cm,z(cation) = +4.990e-04 +- 4.6e-04  (1.1 sigma from zero)  OK
    v_cm,z(anion ) = +6.444e-06 +- 4.7e-04  (0.0 sigma from zero)  OK
  -> PASS
==========================================================================
### acceptance p13 done Sun Sep 27 10:41:35 AM EDT 2026
