### acceptance for /mnt/gs21/scratch/lyuliyao/salt_in_polymer/eps2/runs/prod_T1.0_c0.05/field_p04  Sun Sep 27 11:28:05 AM EDT 2026
### lz = 24.493736, mmax = 7
==========================================================================
YBG check  run=/mnt/gs21/scratch/lyuliyao/salt_in_polymer/eps2/runs/prod_T1.0_c0.05/field_p04  potential=p04 kind=both pp(V_N)=0.60 pp(psi)=2.70 kT

  cation: applied external force vs. stored spec, per particle: max dev 3.37e-05 of range  OK
        bin-by-bin: 96.3% of 245 bins within 2 sigma, chi^2/bin = 0.94
         m  driven   kT k_m |n_m|        |f_m|         |diff|/err
         1   -     3.07292e-05   1.11836e-04      0.43
         2   -     2.28231e-05   4.59547e-04      2.38
         3  yes    8.07511e-04   7.12715e-04      0.50
         4  yes    9.99059e-04   9.18394e-04      0.50
         5  yes    2.42990e-03   2.17933e-03      0.96
         6   -     7.09513e-05   2.41505e-04      0.77
         7   -     5.73973e-05   3.36727e-04      1.65
        driven modes only: max |diff|/err = 0.96
        n_mean = 0.04083, contrast n_max/n_min = 1.44

  anion: applied external force vs. stored spec, per particle: max dev 3.68e-05 of range  OK
        bin-by-bin: 98.4% of 245 bins within 2 sigma, chi^2/bin = 0.61
         m  driven   kT k_m |n_m|        |f_m|         |diff|/err
         1   -     3.02136e-05   7.42478e-05      0.69
         2   -     2.28264e-05   9.00550e-05      0.75
         3  yes    3.17354e-04   2.57346e-04      1.14
         4  yes    3.00906e-04   2.82464e-04      0.56
         5  yes    2.42203e-03   2.55097e-03      1.23
         6   -     4.34176e-05   1.12403e-04      1.10
         7   -     3.60851e-05   9.16517e-05      0.42
        driven modes only: max |diff|/err = 1.23
        n_mean = 0.04083, contrast n_max/n_min = 1.28

wrote /mnt/gs21/scratch/lyuliyao/salt_in_polymer/eps2/runs/prod_T1.0_c0.05/field_p04/profiles.npz
==========================================================================
==========================================================================
field acceptance  /mnt/gs21/scratch/lyuliyao/salt_in_polymer/eps2/runs/prod_T1.0_c0.05/field_p04
  L = 24.4937, driven modes [3, 4, 5]
  cation: halves agree on 89.8% of 245 bins (chi^2/bin 1.46, max pull 3.9)   [diagnostic]
          driven modes: median 2.0 sigma, worst m=3 at 2.1 sigma  OK   [undriven worst m=2 at 2.0 sigma, not a gate]
  anion : halves agree on 93.5% of 245 bins (chi^2/bin 1.23, max pull 2.9)   [diagnostic]
          driven modes: median 1.5 sigma, worst m=3 at 1.8 sigma  OK   [undriven worst m=2 at 2.0 sigma, not a gate]
  mean ion current over 17600 samples:
    v_cm,z(cation) = +1.233e-04 +- 2.3e-04  (0.5 sigma from zero)  OK
    v_cm,z(anion ) = -1.692e-04 +- 2.3e-04  (0.7 sigma from zero)  OK
  -> PASS
==========================================================================
### acceptance p04 done Sun Sep 27 11:35:37 AM EDT 2026
