### acceptance for /mnt/gs21/scratch/lyuliyao/salt_in_polymer/eps2/runs/prod_T1.0_c0.08/field_p15  Mon Sep 28 10:51:55 PM EDT 2026
### lz = 24.823562, mmax = 14
==========================================================================
YBG check  run=/mnt/gs21/scratch/lyuliyao/salt_in_polymer/eps2/runs/prod_T1.0_c0.08/field_p15  potential=p15 kind=charged pp(V_N)=0.00 pp(psi)=3.25 kT

  cation: applied external force vs. stored spec, per particle: max dev 4.38e-05 of range  OK
        bin-by-bin: 97.6% of 248 bins within 2 sigma, chi^2/bin = 0.72
         m  driven   kT k_m |n_m|        |f_m|         |diff|/err
         1   -     6.86196e-06   2.79958e-04      1.31
         2   -     1.83222e-06   6.31285e-05      0.34
         3   -     8.98756e-06   1.18887e-04      0.56
         4  yes    2.61190e-03   2.79702e-03      1.00
         5   -     1.70620e-05   1.71449e-04      0.89
         6   -     4.92683e-05   1.48264e-04      0.40
         7   -     9.91935e-05   2.28661e-04      0.83
         8  yes    1.18762e-02   1.19706e-02      0.91
        driven modes only: max |diff|/err = 1.00
        n_mean = 0.06276, contrast n_max/n_min = 1.69

  anion: applied external force vs. stored spec, per particle: max dev 4.35e-05 of range  OK
        bin-by-bin: 99.2% of 248 bins within 2 sigma, chi^2/bin = 0.51
         m  driven   kT k_m |n_m|        |f_m|         |diff|/err
         1   -     7.12296e-06   4.18885e-05      0.44
         2   -     1.64619e-06   7.76515e-05      0.73
         3   -     4.92489e-06   4.96063e-05      0.47
         4  yes    9.86904e-04   9.67301e-04      0.54
         5   -     6.77282e-06   1.10964e-04      1.17
         6   -     2.69105e-05   5.71119e-05      0.23
         7   -     7.07579e-05   2.50810e-04      1.46
         8  yes    1.08124e-02   1.08200e-02      0.11
        driven modes only: max |diff|/err = 0.85
        n_mean = 0.06276, contrast n_max/n_min = 1.51

wrote /mnt/gs21/scratch/lyuliyao/salt_in_polymer/eps2/runs/prod_T1.0_c0.08/field_p15/profiles.npz
==========================================================================
==========================================================================
field acceptance  /mnt/gs21/scratch/lyuliyao/salt_in_polymer/eps2/runs/prod_T1.0_c0.08/field_p15
  L = 24.8236, driven modes [4, 8, 12, 16, 20, 24]
  cation: halves agree on 95.2% of 249 bins (chi^2/bin 0.80, max pull 3.0)   [diagnostic]
          driven modes: median 1.2 sigma, worst m=4 at 1.5 sigma  OK   [undriven worst m=3 at 1.2 sigma, not a gate]
  anion : halves agree on 98.4% of 249 bins (chi^2/bin 0.89, max pull 2.7)   [diagnostic]
          driven modes: median 0.7 sigma, worst m=8 at 1.3 sigma  OK   [undriven worst m=7 at 1.4 sigma, not a gate]
  mean ion current over 40589 samples:
    v_cm,z(cation) = -1.150e-04 +- 1.0e-04  (1.1 sigma from zero)  OK
    v_cm,z(anion ) = +4.085e-05 +- 1.0e-04  (0.4 sigma from zero)  OK
  -> PASS
==========================================================================
### acceptance p15 done Mon Sep 28 10:56:11 PM EDT 2026
