### acceptance for /mnt/gs21/scratch/lyuliyao/salt_in_polymer/eps2/runs/prod_T1.0_c0.05/field_p01  Sun Sep 27 08:08:27 PM EDT 2026
### lz = 24.493736, mmax = 8
==========================================================================
YBG check  run=/mnt/gs21/scratch/lyuliyao/salt_in_polymer/eps2/runs/prod_T1.0_c0.05/field_p01  potential=p01 kind=both pp(V_N)=2.80 pp(psi)=2.80 kT

  cation: applied external force vs. stored spec, per particle: max dev 3.48e-05 of range  OK
        bin-by-bin: 97.1% of 245 bins within 2 sigma, chi^2/bin = 0.79
         m  driven   kT k_m |n_m|        |f_m|         |diff|/err
         1   -     3.84543e-05   2.35010e-04      1.25
         2   -     4.30066e-05   5.24190e-05      0.38
         3  yes    2.42438e-03   2.42832e-03      0.37
         4  yes    4.27017e-03   4.34110e-03      0.99
         5  yes    6.78941e-03   6.89143e-03      0.77
         6  yes    6.17015e-03   6.18946e-03      0.61
         7   -     2.07255e-04   1.16364e-04      0.88
         8   -     5.24494e-04   5.64880e-04      0.12
        driven modes only: max |diff|/err = 0.99
        n_mean = 0.04083, contrast n_max/n_min = 5.12

  anion: applied external force vs. stored spec, per particle: max dev 3.69e-05 of range  OK
        bin-by-bin: 99.6% of 245 bins within 2 sigma, chi^2/bin = 0.55
         m  driven   kT k_m |n_m|        |f_m|         |diff|/err
         1   -     3.70257e-05   1.36238e-04      1.09
         2   -     3.79677e-05   9.44608e-05      0.77
         3  yes    2.09473e-03   2.12203e-03      1.11
         4  yes    3.52180e-03   3.56435e-03      0.35
         5  yes    5.42632e-03   5.37221e-03      1.08
         6  yes    4.23607e-03   4.20331e-03      1.05
         7   -     2.91855e-04   1.79508e-04      0.77
         8   -     2.37960e-04   3.65403e-04      0.69
        driven modes only: max |diff|/err = 1.11
        n_mean = 0.04083, contrast n_max/n_min = 2.56

wrote /mnt/gs21/scratch/lyuliyao/salt_in_polymer/eps2/runs/prod_T1.0_c0.05/field_p01/profiles.npz
==========================================================================
==========================================================================
field acceptance  /mnt/gs21/scratch/lyuliyao/salt_in_polymer/eps2/runs/prod_T1.0_c0.05/field_p01
  L = 24.4937, driven modes [3, 4, 5, 6]
  cation: halves agree on 98.0% of 245 bins (chi^2/bin 0.94, max pull 2.5)   [diagnostic]
          driven modes: median 1.2 sigma, worst m=4 at 2.0 sigma  OK   [undriven worst m=2 at 1.6 sigma, not a gate]
  anion : halves agree on 98.8% of 245 bins (chi^2/bin 0.74, max pull 2.2)   [diagnostic]
          driven modes: median 1.4 sigma, worst m=4 at 2.2 sigma  OK   [undriven worst m=2 at 1.6 sigma, not a gate]
  mean ion current over 17600 samples:
    v_cm,z(cation) = -2.797e-04 +- 1.7e-04  (1.7 sigma from zero)  OK
    v_cm,z(anion ) = +1.229e-04 +- 1.6e-04  (0.7 sigma from zero)  OK
  -> PASS
==========================================================================
### acceptance p01 done Sun Sep 27 08:17:59 PM EDT 2026
