### acceptance for /mnt/gs21/scratch/lyuliyao/salt_in_polymer/eps2/runs/prod_T1.0_c0.01/field_p10  Sun Sep 27 10:40:53 AM EDT 2026
### lz = 24.345259, mmax = 14
==========================================================================
YBG check  run=/mnt/gs21/scratch/lyuliyao/salt_in_polymer/eps2/runs/prod_T1.0_c0.01/field_p10  potential=p10 kind=both pp(V_N)=0.59 pp(psi)=1.64 kT

  cation: applied external force vs. stored spec, per particle: max dev 5.06e-05 of range  OK
        bin-by-bin: 100.0% of 243 bins within 2 sigma, chi^2/bin = 0.40
         m  driven   kT k_m |n_m|        |f_m|         |diff|/err
         1   -     9.71392e-05   2.12839e-04      0.80
         2   -     5.82603e-05   2.50547e-04      0.87
         3  yes    6.80149e-04   5.66202e-04      0.95
         4   -     7.95836e-05   8.62414e-05      0.36
         5   -     5.02210e-05   2.50733e-04      1.42
         6  yes    2.22298e-03   2.30252e-03      0.62
         7   -     1.18357e-04   2.54564e-04      0.77
         8  yes    1.87384e-03   2.01744e-03      1.74
        driven modes only: max |diff|/err = 1.74
        n_mean = 0.00832, contrast n_max/n_min = 5.25

  anion: applied external force vs. stored spec, per particle: max dev 5.68e-05 of range  OK
        bin-by-bin: 100.0% of 243 bins within 2 sigma, chi^2/bin = 0.16
         m  driven   kT k_m |n_m|        |f_m|         |diff|/err
         1   -     9.42815e-05   1.57750e-04      1.16
         2   -     5.98021e-05   3.52069e-05      0.25
         3  yes    4.54525e-04   5.42315e-04      0.80
         4   -     8.80891e-05   4.19090e-05      0.53
         5   -     4.62304e-05   5.85986e-05      0.13
         6  yes    1.04845e-03   9.91445e-04      0.61
         7   -     1.38691e-04   1.99296e-04      0.51
         8  yes    2.14583e-03   2.17641e-03      0.70
        driven modes only: max |diff|/err = 0.80
        n_mean = 0.00832, contrast n_max/n_min = 3.62

wrote /mnt/gs21/scratch/lyuliyao/salt_in_polymer/eps2/runs/prod_T1.0_c0.01/field_p10/profiles.npz
==========================================================================
==========================================================================
field acceptance  /mnt/gs21/scratch/lyuliyao/salt_in_polymer/eps2/runs/prod_T1.0_c0.01/field_p10
  L = 24.3453, driven modes [3, 6, 8, 12]
  cation: halves agree on 77.0% of 244 bins (chi^2/bin 4.26, max pull 5.8)   [diagnostic]
          driven modes: median 0.9 sigma, worst m=6 at 1.3 sigma  OK   [undriven worst m=1 at 1.7 sigma, not a gate]
  anion : halves agree on 78.3% of 244 bins (chi^2/bin 4.42, max pull 7.7)   [diagnostic]
          driven modes: median 1.0 sigma, worst m=12 at 1.2 sigma  OK   [undriven worst m=1 at 1.7 sigma, not a gate]
  mean ion current over 8200 samples:
    v_cm,z(cation) = +4.606e-05 +- 5.0e-04  (0.1 sigma from zero)  OK
    v_cm,z(anion ) = -4.821e-04 +- 4.9e-04  (1.0 sigma from zero)  OK
  -> PASS
==========================================================================
### acceptance p10 done Sun Sep 27 10:41:34 AM EDT 2026
