### acceptance for /mnt/gs21/scratch/lyuliyao/salt_in_polymer/eps2/runs/prod_T1.0_c0.01/field_p17  Sun Sep 27 10:42:24 AM EDT 2026
### lz = 24.345259, mmax = 4
==========================================================================
YBG check  run=/mnt/gs21/scratch/lyuliyao/salt_in_polymer/eps2/runs/prod_T1.0_c0.01/field_p17  potential=p17 kind=neutral pp(V_N)=0.72 pp(psi)=0.00 kT

  cation: applied external force vs. stored spec, per particle: max dev 2.30e-05 of range  OK
        bin-by-bin: 98.8% of 243 bins within 2 sigma, chi^2/bin = 0.49
         m  driven   kT k_m |n_m|        |f_m|         |diff|/err
         1  yes    5.25279e-04   4.83936e-04      0.28
         2  yes    1.09378e-03   1.09256e-03      0.39
         3   -     1.34633e-04   1.58333e-04      0.37
         4   -     1.92988e-04   2.74668e-04      1.11
        driven modes only: max |diff|/err = 0.39
        n_mean = 0.00832, contrast n_max/n_min = 4.91

  anion: applied external force vs. stored spec, per particle: max dev 2.30e-05 of range  OK
        bin-by-bin: 99.6% of 243 bins within 2 sigma, chi^2/bin = 0.20
         m  driven   kT k_m |n_m|        |f_m|         |diff|/err
         1  yes    5.18990e-04   5.87763e-04      0.47
         2  yes    1.05041e-03   1.07462e-03      1.47
         3   -     1.15462e-04   1.03963e-04      0.12
         4   -     1.49393e-04   2.12950e-04      0.93
        driven modes only: max |diff|/err = 1.47
        n_mean = 0.00832, contrast n_max/n_min = 4.71

wrote /mnt/gs21/scratch/lyuliyao/salt_in_polymer/eps2/runs/prod_T1.0_c0.01/field_p17/profiles.npz
==========================================================================
==========================================================================
field acceptance  /mnt/gs21/scratch/lyuliyao/salt_in_polymer/eps2/runs/prod_T1.0_c0.01/field_p17
  L = 24.3453, driven modes [1, 2]
  cation: halves agree on 87.7% of 244 bins (chi^2/bin 1.79, max pull 3.5)   [diagnostic]
          driven modes: median 0.9 sigma, worst m=1 at 1.2 sigma  OK   [undriven worst m=3 at 1.5 sigma, not a gate]
  anion : halves agree on 84.8% of 244 bins (chi^2/bin 1.66, max pull 3.0)   [diagnostic]
          driven modes: median 0.9 sigma, worst m=1 at 1.3 sigma  OK   [undriven worst m=7 at 1.6 sigma, not a gate]
  mean ion current over 8200 samples:
    v_cm,z(cation) = +5.071e-04 +- 5.4e-04  (0.9 sigma from zero)  OK
    v_cm,z(anion ) = +5.142e-04 +- 5.7e-04  (0.9 sigma from zero)  OK
  -> PASS
==========================================================================
### acceptance p17 done Sun Sep 27 10:43:04 AM EDT 2026
