### acceptance for /mnt/gs21/scratch/lyuliyao/salt_in_polymer/eps2/runs/prod_T1.0_c0.01/field_p06  Sun Sep 27 10:40:51 AM EDT 2026
### lz = 24.345259, mmax = 8
==========================================================================
YBG check  run=/mnt/gs21/scratch/lyuliyao/salt_in_polymer/eps2/runs/prod_T1.0_c0.01/field_p06  potential=p06 kind=neutral pp(V_N)=0.84 pp(psi)=0.00 kT

  cation: applied external force vs. stored spec, per particle: max dev 3.23e-05 of range  OK
        bin-by-bin: 98.8% of 243 bins within 2 sigma, chi^2/bin = 0.44
         m  driven   kT k_m |n_m|        |f_m|         |diff|/err
         1   -     1.77948e-04   2.94400e-04      0.71
         2   -     9.15635e-05   1.07264e-04      0.83
         3  yes    7.32854e-04   7.27470e-04      0.16
         4   -     3.47108e-05   1.65022e-04      0.78
         5  yes    1.32459e-03   1.40755e-03      0.53
         6  yes    6.93252e-04   6.30776e-04      0.34
         7   -     1.18874e-04   7.43953e-05      0.82
         8   -     1.93895e-04   3.25597e-04      0.72
        driven modes only: max |diff|/err = 0.53
        n_mean = 0.00832, contrast n_max/n_min = 3.56

  anion: applied external force vs. stored spec, per particle: max dev 3.14e-05 of range  OK
        bin-by-bin: 100.0% of 243 bins within 2 sigma, chi^2/bin = 0.17
         m  driven   kT k_m |n_m|        |f_m|         |diff|/err
         1   -     1.76571e-04   1.58896e-04      0.17
         2   -     9.07330e-05   6.87829e-05      0.74
         3  yes    6.94550e-04   6.94551e-04      0.06
         4   -     4.13813e-05   6.72384e-05      0.58
         5  yes    1.32077e-03   1.31065e-03      0.12
         6  yes    6.62676e-04   6.88974e-04      0.71
         7   -     5.21188e-05   2.74769e-05      0.25
         8   -     2.17722e-04   3.23942e-04      0.97
        driven modes only: max |diff|/err = 0.71
        n_mean = 0.00832, contrast n_max/n_min = 3.38

wrote /mnt/gs21/scratch/lyuliyao/salt_in_polymer/eps2/runs/prod_T1.0_c0.01/field_p06/profiles.npz
==========================================================================
==========================================================================
field acceptance  /mnt/gs21/scratch/lyuliyao/salt_in_polymer/eps2/runs/prod_T1.0_c0.01/field_p06
  L = 24.3453, driven modes [3, 5, 6]
  cation: halves agree on 76.6% of 244 bins (chi^2/bin 3.24, max pull 4.5)   [diagnostic]
          driven modes: median 1.5 sigma, worst m=3 at 1.6 sigma  OK   [undriven worst m=2 at 2.2 sigma, not a gate]
  anion : halves agree on 79.1% of 244 bins (chi^2/bin 3.13, max pull 4.5)   [diagnostic]
          driven modes: median 1.3 sigma, worst m=3 at 1.6 sigma  OK   [undriven worst m=2 at 2.1 sigma, not a gate]
  mean ion current over 8200 samples:
    v_cm,z(cation) = -4.882e-05 +- 5.4e-04  (0.1 sigma from zero)  OK
    v_cm,z(anion ) = -4.062e-04 +- 5.3e-04  (0.8 sigma from zero)  OK
  -> PASS
==========================================================================
### acceptance p06 done Sun Sep 27 10:41:32 AM EDT 2026
