### acceptance for /mnt/gs21/scratch/lyuliyao/salt_in_polymer/eps2/runs/prod_T1.0_c0.04/field_p17  Sun Sep 27 11:53:03 AM EDT 2026
### lz = 24.416564, mmax = 4
==========================================================================
YBG check  run=/mnt/gs21/scratch/lyuliyao/salt_in_polymer/eps2/runs/prod_T1.0_c0.04/field_p17  potential=p17 kind=neutral pp(V_N)=0.72 pp(psi)=0.00 kT

  cation: applied external force vs. stored spec, per particle: max dev 2.35e-05 of range  OK
        bin-by-bin: 96.7% of 244 bins within 2 sigma, chi^2/bin = 0.96
         m  driven   kT k_m |n_m|        |f_m|         |diff|/err
         1  yes    1.80462e-04   2.43046e-04      1.78
         2  yes    7.60661e-04   5.39237e-04      1.26
         3   -     5.75448e-05   2.56139e-04      1.36
         4   -     3.48403e-05   3.25924e-04      1.90
        driven modes only: max |diff|/err = 1.78
        n_mean = 0.03298, contrast n_max/n_min = 1.26

  anion: applied external force vs. stored spec, per particle: max dev 2.38e-05 of range  OK
        bin-by-bin: 98.8% of 244 bins within 2 sigma, chi^2/bin = 0.65
         m  driven   kT k_m |n_m|        |f_m|         |diff|/err
         1  yes    1.76874e-04   2.34571e-04      1.27
         2  yes    7.04605e-04   6.69552e-04      0.49
         3   -     4.98335e-05   1.93043e-04      1.33
         4   -     2.81007e-05   1.72027e-04      1.30
        driven modes only: max |diff|/err = 1.27
        n_mean = 0.03298, contrast n_max/n_min = 1.24

wrote /mnt/gs21/scratch/lyuliyao/salt_in_polymer/eps2/runs/prod_T1.0_c0.04/field_p17/profiles.npz
==========================================================================
==========================================================================
field acceptance  /mnt/gs21/scratch/lyuliyao/salt_in_polymer/eps2/runs/prod_T1.0_c0.04/field_p17
  L = 24.4166, driven modes [1, 2]
  cation: halves agree on 91.8% of 245 bins (chi^2/bin 1.27, max pull 2.6)   [diagnostic]
          driven modes: median 1.2 sigma, worst m=1 at 1.7 sigma  OK   [undriven worst m=3 at 1.3 sigma, not a gate]
  anion : halves agree on 89.8% of 245 bins (chi^2/bin 1.57, max pull 3.5)   [diagnostic]
          driven modes: median 1.3 sigma, worst m=1 at 1.7 sigma  OK   [undriven worst m=7 at 1.3 sigma, not a gate]
  mean ion current over 15450 samples:
    v_cm,z(cation) = +9.161e-05 +- 4.0e-04  (0.2 sigma from zero)  OK
    v_cm,z(anion ) = +2.143e-05 +- 4.1e-04  (0.1 sigma from zero)  OK
  -> PASS
==========================================================================
### acceptance p17 done Sun Sep 27 11:58:20 AM EDT 2026
