### acceptance for /mnt/gs21/scratch/lyuliyao/salt_in_polymer/eps2/runs/prod_T1.0_c0.01/field_p14  Sun Sep 27 10:40:52 AM EDT 2026
### lz = 24.345259, mmax = 22
==========================================================================
YBG check  run=/mnt/gs21/scratch/lyuliyao/salt_in_polymer/eps2/runs/prod_T1.0_c0.01/field_p14  potential=p14 kind=neutral pp(V_N)=1.87 pp(psi)=0.00 kT

  cation: applied external force vs. stored spec, per particle: max dev 5.08e-05 of range  OK
        bin-by-bin: 97.1% of 243 bins within 2 sigma, chi^2/bin = 0.65
         m  driven   kT k_m |n_m|        |f_m|         |diff|/err
         1   -     2.52593e-04   4.09152e-05      1.63
         2   -     2.49055e-04   2.29989e-04      1.01
         3   -     3.87887e-04   4.28649e-04      0.22
         4  yes    3.96924e-03   3.85190e-03      1.14
         5   -     4.66155e-04   3.85294e-04      0.45
         6   -     2.34246e-04   2.22881e-04      0.81
         7   -     1.41961e-04   1.52619e-04      0.27
         8  yes    1.62135e-03   1.62869e-03      0.50
        driven modes only: max |diff|/err = 1.14
        n_mean = 0.00832, contrast n_max/n_min = 19.05

  anion: applied external force vs. stored spec, per particle: max dev 5.26e-05 of range  OK
        bin-by-bin: 100.0% of 243 bins within 2 sigma, chi^2/bin = 0.27
         m  driven   kT k_m |n_m|        |f_m|         |diff|/err
         1   -     2.49428e-04   2.80049e-04      0.50
         2   -     2.34317e-04   2.47494e-04      0.33
         3   -     3.60275e-04   3.47860e-04      0.17
         4  yes    3.73326e-03   3.82054e-03      1.40
         5   -     3.83799e-04   4.82300e-04      0.91
         6   -     1.66890e-04   1.91128e-04      0.21
         7   -     9.18292e-05   7.77103e-05      0.19
         8  yes    1.16456e-03   1.17418e-03      0.13
        driven modes only: max |diff|/err = 1.40
        n_mean = 0.00832, contrast n_max/n_min = 16.41

wrote /mnt/gs21/scratch/lyuliyao/salt_in_polymer/eps2/runs/prod_T1.0_c0.01/field_p14/profiles.npz
==========================================================================
==========================================================================
field acceptance  /mnt/gs21/scratch/lyuliyao/salt_in_polymer/eps2/runs/prod_T1.0_c0.01/field_p14
  L = 24.3453, driven modes [4, 8, 12, 16, 20, 24, 28, 32, 36]
  cation: halves agree on 62.7% of 244 bins (chi^2/bin 4.99, max pull 5.3)   [diagnostic]
          driven modes: median 0.9 sigma, worst m=28 at 1.3 sigma  OK   [undriven worst m=2 at 2.7 sigma, not a gate]
  anion : halves agree on 57.8% of 244 bins (chi^2/bin 4.68, max pull 4.8)   [diagnostic]
          driven modes: median 0.8 sigma, worst m=12 at 1.5 sigma  OK   [undriven worst m=2 at 2.7 sigma, not a gate]
  mean ion current over 8200 samples:
    v_cm,z(cation) = +5.702e-05 +- 4.9e-04  (0.1 sigma from zero)  OK
    v_cm,z(anion ) = -6.582e-04 +- 5.0e-04  (1.3 sigma from zero)  OK
  -> PASS
==========================================================================
### acceptance p14 done Sun Sep 27 10:41:33 AM EDT 2026
