### acceptance for /mnt/gs21/scratch/lyuliyao/salt_in_polymer/eps2/runs/prod_T1.0_c0.02/field_p08  Sun Sep 27 10:41:11 AM EDT 2026
### lz = 24.338627, mmax = 18
==========================================================================
YBG check  run=/mnt/gs21/scratch/lyuliyao/salt_in_polymer/eps2/runs/prod_T1.0_c0.02/field_p08  potential=p08 kind=both pp(V_N)=1.15 pp(psi)=0.75 kT

  cation: applied external force vs. stored spec, per particle: max dev 7.48e-05 of range  OK
        bin-by-bin: 99.6% of 243 bins within 2 sigma, chi^2/bin = 0.57
         m  driven   kT k_m |n_m|        |f_m|         |diff|/err
         1   -     3.29773e-05   1.34029e-04      0.84
         2   -     6.71853e-05   1.50464e-04      0.40
         3  yes    9.85291e-04   9.59929e-04      0.60
         4  yes    1.99750e-03   1.88199e-03      0.66
         5  yes    3.65351e-04   4.56946e-04      0.40
         6  yes    1.14021e-03   1.06833e-03      0.57
         7   -     1.97162e-04   1.93214e-04      1.80
         8   -     2.78169e-04   4.54657e-04      0.95
        driven modes only: max |diff|/err = 0.79
        n_mean = 0.01665, contrast n_max/n_min = 3.20

  anion: applied external force vs. stored spec, per particle: max dev 7.10e-05 of range  OK
        bin-by-bin: 99.2% of 243 bins within 2 sigma, chi^2/bin = 0.35
         m  driven   kT k_m |n_m|        |f_m|         |diff|/err
         1   -     3.22858e-05   4.07730e-05      0.16
         2   -     6.59793e-05   1.13779e-04      0.25
         3  yes    9.09915e-04   8.81137e-04      0.26
         4  yes    1.92568e-03   1.96826e-03      0.45
         5  yes    2.71285e-04   1.97535e-04      0.83
         6  yes    3.10186e-03   3.22548e-03      1.14
         7   -     9.21785e-05   9.36569e-05      0.38
         8   -     4.30935e-04   3.81816e-04      0.33
        driven modes only: max |diff|/err = 1.14
        n_mean = 0.01665, contrast n_max/n_min = 3.70

wrote /mnt/gs21/scratch/lyuliyao/salt_in_polymer/eps2/runs/prod_T1.0_c0.02/field_p08/profiles.npz
==========================================================================
==========================================================================
field acceptance  /mnt/gs21/scratch/lyuliyao/salt_in_polymer/eps2/runs/prod_T1.0_c0.02/field_p08
  L = 24.3386, driven modes [3, 4, 5, 6, 12, 16]
  cation: halves agree on 98.8% of 244 bins (chi^2/bin 0.78, max pull 2.1)   [diagnostic]
          driven modes: median 0.6 sigma, worst m=3 at 1.8 sigma  OK   [undriven worst m=7 at 1.5 sigma, not a gate]
  anion : halves agree on 100.0% of 244 bins (chi^2/bin 0.64, max pull 2.0)   [diagnostic]
          driven modes: median 0.5 sigma, worst m=3 at 1.8 sigma  OK   [undriven worst m=2 at 0.8 sigma, not a gate]
  mean ion current over 10200 samples:
    v_cm,z(cation) = +1.200e-04 +- 3.3e-04  (0.4 sigma from zero)  OK
    v_cm,z(anion ) = +3.795e-04 +- 3.4e-04  (1.1 sigma from zero)  OK
  -> PASS
==========================================================================
### acceptance p08 done Sun Sep 27 10:42:55 AM EDT 2026
