### acceptance for /mnt/gs21/scratch/lyuliyao/salt_in_polymer/eps2/runs/prod_T1.0_c0.06/field_p15  Sun Sep 27 03:04:47 PM EDT 2026
### lz = 24.590851, mmax = 14
==========================================================================
YBG check  run=/mnt/gs21/scratch/lyuliyao/salt_in_polymer/eps2/runs/prod_T1.0_c0.06/field_p15  potential=p15 kind=charged pp(V_N)=0.00 pp(psi)=3.24 kT

  cation: applied external force vs. stored spec, per particle: max dev 4.18e-05 of range  OK
        bin-by-bin: 96.3% of 246 bins within 2 sigma, chi^2/bin = 0.83
         m  driven   kT k_m |n_m|        |f_m|         |diff|/err
         1   -     2.67226e-05   6.05527e-05      0.39
         2   -     3.04940e-05   1.93895e-04      0.79
         3   -     2.55110e-05   5.42181e-05      0.14
         4  yes    2.88821e-03   3.04283e-03      0.89
         5   -     1.51348e-05   1.78284e-04      1.07
         6   -     6.23838e-05   4.22121e-05      0.18
         7   -     2.92570e-05   2.02246e-04      0.81
         8  yes    1.27158e-02   1.28531e-02      1.04
        driven modes only: max |diff|/err = 1.04
        n_mean = 0.04842, contrast n_max/n_min = 2.07

  anion: applied external force vs. stored spec, per particle: max dev 4.44e-05 of range  OK
        bin-by-bin: 98.4% of 246 bins within 2 sigma, chi^2/bin = 0.53
         m  driven   kT k_m |n_m|        |f_m|         |diff|/err
         1   -     2.65536e-05   1.16583e-04      0.71
         2   -     2.72589e-05   1.31467e-04      0.65
         3   -     2.09282e-05   8.19135e-05      0.65
         4  yes    9.35245e-04   1.13675e-03      2.58
         5   -     1.12258e-05   6.38107e-05      0.36
         6   -     2.45295e-05   1.10709e-04      0.58
         7   -     1.08761e-04   1.40839e-04      1.40
         8  yes    1.23614e-02   1.24192e-02      0.77
        driven modes only: max |diff|/err = 2.58
        n_mean = 0.04842, contrast n_max/n_min = 1.78

wrote /mnt/gs21/scratch/lyuliyao/salt_in_polymer/eps2/runs/prod_T1.0_c0.06/field_p15/profiles.npz
==========================================================================
==========================================================================
field acceptance  /mnt/gs21/scratch/lyuliyao/salt_in_polymer/eps2/runs/prod_T1.0_c0.06/field_p15
  L = 24.5909, driven modes [4, 8, 12, 16, 20, 24]
  cation: halves agree on 93.9% of 246 bins (chi^2/bin 1.20, max pull 3.2)   [diagnostic]
          driven modes: median 0.4 sigma, worst m=8 at 1.1 sigma  OK   [undriven worst m=2 at 1.8 sigma, not a gate]
  anion : halves agree on 94.7% of 246 bins (chi^2/bin 0.97, max pull 3.2)   [diagnostic]
          driven modes: median 1.0 sigma, worst m=24 at 1.7 sigma  OK   [undriven worst m=2 at 1.9 sigma, not a gate]
  mean ion current over 22600 samples:
    v_cm,z(cation) = +1.195e-04 +- 1.5e-04  (0.8 sigma from zero)  OK
    v_cm,z(anion ) = +2.061e-04 +- 1.5e-04  (1.4 sigma from zero)  OK
  -> PASS
==========================================================================
### acceptance p15 done Sun Sep 27 03:17:31 PM EDT 2026
