### acceptance for /mnt/gs21/scratch/lyuliyao/salt_in_polymer/eps2/runs/prod_T1.0_c0.08/field_p08  Mon Sep 28 10:03:18 PM EDT 2026
### lz = 24.823562, mmax = 18
==========================================================================
YBG check  run=/mnt/gs21/scratch/lyuliyao/salt_in_polymer/eps2/runs/prod_T1.0_c0.08/field_p08  potential=p08 kind=both pp(V_N)=1.15 pp(psi)=0.75 kT

  cation: applied external force vs. stored spec, per particle: max dev 7.55e-05 of range  OK
        bin-by-bin: 96.8% of 248 bins within 2 sigma, chi^2/bin = 0.94
         m  driven   kT k_m |n_m|        |f_m|         |diff|/err
         1   -     7.65371e-06   1.90948e-04      1.55
         2   -     1.40279e-05   1.92499e-04      2.07
         3  yes    4.38060e-04   6.39225e-04      1.43
         4  yes    1.22084e-03   1.12014e-03      0.55
         5  yes    3.06398e-04   2.65519e-04      0.50
         6  yes    1.40144e-03   1.16371e-03      1.35
         7   -     2.50705e-05   1.96352e-04      0.71
         8   -     1.72670e-04   2.44257e-04      0.61
        driven modes only: max |diff|/err = 1.52
        n_mean = 0.06276, contrast n_max/n_min = 2.32

  anion: applied external force vs. stored spec, per particle: max dev 6.63e-05 of range  OK
        bin-by-bin: 99.2% of 248 bins within 2 sigma, chi^2/bin = 0.61
         m  driven   kT k_m |n_m|        |f_m|         |diff|/err
         1   -     7.46058e-06   2.77893e-05      0.30
         2   -     1.44262e-05   9.88322e-05      0.98
         3  yes    3.78105e-04   3.95370e-04      0.44
         4  yes    1.10980e-03   1.07600e-03      1.39
         5  yes    2.09352e-04   1.61313e-04      0.66
         6  yes    2.72406e-03   2.67793e-03      0.83
         7   -     4.20657e-05   6.29731e-05      0.83
         8   -     4.01356e-05   4.49281e-05      0.50
        driven modes only: max |diff|/err = 1.39
        n_mean = 0.06276, contrast n_max/n_min = 2.16

wrote /mnt/gs21/scratch/lyuliyao/salt_in_polymer/eps2/runs/prod_T1.0_c0.08/field_p08/profiles.npz
==========================================================================
==========================================================================
field acceptance  /mnt/gs21/scratch/lyuliyao/salt_in_polymer/eps2/runs/prod_T1.0_c0.08/field_p08
  L = 24.8236, driven modes [3, 4, 5, 6, 12, 16]
  cation: halves agree on 96.4% of 249 bins (chi^2/bin 0.88, max pull 2.7)   [diagnostic]
          driven modes: median 1.0 sigma, worst m=5 at 1.8 sigma  OK   [undriven worst m=7 at 1.6 sigma, not a gate]
  anion : halves agree on 97.2% of 249 bins (chi^2/bin 0.79, max pull 2.6)   [diagnostic]
          driven modes: median 0.9 sigma, worst m=12 at 1.3 sigma  OK   [undriven worst m=7 at 0.6 sigma, not a gate]
  mean ion current over 40450 samples:
    v_cm,z(cation) = -6.676e-05 +- 9.0e-05  (0.7 sigma from zero)  OK
    v_cm,z(anion ) = -5.503e-05 +- 9.0e-05  (0.6 sigma from zero)  OK
  -> PASS
==========================================================================
### acceptance p08 done Mon Sep 28 10:31:47 PM EDT 2026
