### acceptance for /mnt/gs21/scratch/lyuliyao/salt_in_polymer/eps2/runs/prod_T1.0_c0.04/field_p27  Sun Sep 27 11:30:00 AM EDT 2026
### lz = 24.416564, mmax = 17
==========================================================================
YBG check  run=/mnt/gs21/scratch/lyuliyao/salt_in_polymer/eps2/runs/prod_T1.0_c0.04/field_p27  potential=p27 kind=neutral pp(V_N)=6.52 pp(psi)=0.00 kT

  cation: applied external force vs. stored spec, per particle: max dev 4.50e-05 of range  OK
        bin-by-bin: 98.8% of 244 bins within 2 sigma, chi^2/bin = 0.67
         m  driven   kT k_m |n_m|        |f_m|         |diff|/err
         1   -     3.59445e-05   1.51708e-04      0.84
         2   -     3.66688e-05   2.10318e-04      1.02
         3  yes    1.38586e-02   1.37235e-02      0.95
         4   -     5.42568e-05   1.99232e-04      0.55
         5   -     7.27064e-05   1.83154e-04      0.44
         6  yes    1.01706e-02   1.01188e-02      0.58
         7   -     1.57373e-04   1.00896e-04      0.80
         8   -     1.34455e-04   1.26148e-04      0.26
        driven modes only: max |diff|/err = 0.95
        n_mean = 0.03298, contrast n_max/n_min = 14.84

  anion: applied external force vs. stored spec, per particle: max dev 4.41e-05 of range  OK
        bin-by-bin: 100.0% of 244 bins within 2 sigma, chi^2/bin = 0.37
         m  driven   kT k_m |n_m|        |f_m|         |diff|/err
         1   -     3.62495e-05   8.11304e-05      0.44
         2   -     3.12436e-05   2.36525e-05      0.19
         3  yes    1.21820e-02   1.21932e-02      0.38
         4   -     5.17326e-05   6.77317e-05      0.22
         5   -     6.54357e-05   1.33418e-04      0.86
         6  yes    6.89053e-03   7.01847e-03      1.56
         7   -     1.64906e-05   1.51723e-04      0.92
         8   -     1.25952e-04   1.99203e-04      0.27
        driven modes only: max |diff|/err = 1.56
        n_mean = 0.03298, contrast n_max/n_min = 10.60

wrote /mnt/gs21/scratch/lyuliyao/salt_in_polymer/eps2/runs/prod_T1.0_c0.04/field_p27/profiles.npz
==========================================================================
==========================================================================
field acceptance  /mnt/gs21/scratch/lyuliyao/salt_in_polymer/eps2/runs/prod_T1.0_c0.04/field_p27
  L = 24.4166, driven modes [3, 6, 9, 12, 15, 18, 21, 24, 27]
  cation: halves agree on 98.0% of 245 bins (chi^2/bin 0.66, max pull 2.9)   [diagnostic]
          driven modes: median 0.9 sigma, worst m=15 at 1.7 sigma  OK   [undriven worst m=5 at 0.9 sigma, not a gate]
  anion : halves agree on 97.6% of 245 bins (chi^2/bin 0.70, max pull 2.2)   [diagnostic]
          driven modes: median 0.7 sigma, worst m=24 at 1.1 sigma  OK   [undriven worst m=7 at 0.9 sigma, not a gate]
  mean ion current over 15200 samples:
    v_cm,z(cation) = -2.665e-04 +- 1.8e-04  (1.5 sigma from zero)  OK
    v_cm,z(anion ) = -1.346e-04 +- 1.7e-04  (0.8 sigma from zero)  OK
  -> PASS
==========================================================================
### acceptance p27 done Sun Sep 27 11:36:20 AM EDT 2026
