### acceptance for /mnt/gs21/scratch/lyuliyao/salt_in_polymer/eps2/runs/prod_T1.0_c0.04/field_p13  Sun Sep 27 11:53:03 AM EDT 2026
### lz = 24.416564, mmax = 18
==========================================================================
YBG check  run=/mnt/gs21/scratch/lyuliyao/salt_in_polymer/eps2/runs/prod_T1.0_c0.04/field_p13  potential=p13 kind=neutral pp(V_N)=4.45 pp(psi)=0.00 kT

  cation: applied external force vs. stored spec, per particle: max dev 5.19e-05 of range  OK
        bin-by-bin: 97.1% of 244 bins within 2 sigma, chi^2/bin = 0.78
         m  driven   kT k_m |n_m|        |f_m|         |diff|/err
         1   -     5.31224e-05   2.73184e-04      1.46
         2   -     4.12649e-05   1.55211e-04      0.53
         3   -     7.96510e-05   2.43051e-04      0.86
         4  yes    1.41599e-02   1.43256e-02      1.05
         5   -     8.09142e-05   2.90380e-04      0.91
         6   -     3.29435e-05   1.30103e-04      0.50
         7   -     1.81177e-04   2.27230e-04      1.48
         8  yes    6.91900e-03   6.94807e-03      1.04
        driven modes only: max |diff|/err = 1.05
        n_mean = 0.03298, contrast n_max/n_min = 18.16

  anion: applied external force vs. stored spec, per particle: max dev 5.11e-05 of range  OK
        bin-by-bin: 98.8% of 244 bins within 2 sigma, chi^2/bin = 0.53
         m  driven   kT k_m |n_m|        |f_m|         |diff|/err
         1   -     5.13346e-05   5.30932e-05      1.14
         2   -     3.50389e-05   1.00716e-04      0.79
         3   -     6.53876e-05   1.27790e-04      1.18
         4  yes    1.19414e-02   1.17092e-02      2.02
         5   -     8.79163e-05   1.86630e-04      0.70
         6   -     6.43946e-05   2.50466e-04      1.03
         7   -     1.37184e-04   2.49918e-04      0.58
         8  yes    1.24385e-02   1.26374e-02      0.84
        driven modes only: max |diff|/err = 2.02
        n_mean = 0.03298, contrast n_max/n_min = 16.36

wrote /mnt/gs21/scratch/lyuliyao/salt_in_polymer/eps2/runs/prod_T1.0_c0.04/field_p13/profiles.npz
==========================================================================
==========================================================================
field acceptance  /mnt/gs21/scratch/lyuliyao/salt_in_polymer/eps2/runs/prod_T1.0_c0.04/field_p13
  L = 24.4166, driven modes [4, 8, 12, 16, 20, 24, 28, 32]
  cation: halves agree on 97.1% of 245 bins (chi^2/bin 0.87, max pull 2.4)   [diagnostic]
          driven modes: median 0.8 sigma, worst m=16 at 1.5 sigma  OK   [undriven worst m=2 at 1.3 sigma, not a gate]
  anion : halves agree on 93.9% of 245 bins (chi^2/bin 1.13, max pull 2.8)   [diagnostic]
          driven modes: median 0.9 sigma, worst m=8 at 1.6 sigma  OK   [undriven worst m=2 at 1.3 sigma, not a gate]
  mean ion current over 15450 samples:
    v_cm,z(cation) = +4.091e-07 +- 1.8e-04  (0.0 sigma from zero)  OK
    v_cm,z(anion ) = -3.657e-05 +- 1.8e-04  (0.2 sigma from zero)  OK
  -> PASS
==========================================================================
### acceptance p13 done Sun Sep 27 11:58:44 AM EDT 2026
