### acceptance for /mnt/gs21/scratch/lyuliyao/salt_in_polymer/eps2/runs/prod_T1.0_c0.06/field_p07  Sun Sep 27 08:08:21 PM EDT 2026
### lz = 24.590851, mmax = 8
==========================================================================
YBG check  run=/mnt/gs21/scratch/lyuliyao/salt_in_polymer/eps2/runs/prod_T1.0_c0.06/field_p07  potential=p07 kind=charged pp(V_N)=0.00 pp(psi)=2.74 kT

  cation: applied external force vs. stored spec, per particle: max dev 4.03e-05 of range  OK
        bin-by-bin: 97.6% of 246 bins within 2 sigma, chi^2/bin = 0.75
         m  driven   kT k_m |n_m|        |f_m|         |diff|/err
         1   -     1.89248e-05   1.12936e-04      0.72
         2   -     4.81150e-05   1.79905e-04      1.22
         3   -     3.60482e-05   7.79789e-05      0.35
         4  yes    1.19293e-03   1.18686e-03      0.15
         5   -     2.58979e-05   1.35223e-05      0.05
         6  yes    7.48323e-03   7.39782e-03      0.77
         7   -     7.41331e-05   2.52273e-04      0.80
         8   -     1.46414e-04   3.52758e-04      1.09
        driven modes only: max |diff|/err = 0.77
        n_mean = 0.04842, contrast n_max/n_min = 1.65

  anion: applied external force vs. stored spec, per particle: max dev 3.96e-05 of range  OK
        bin-by-bin: 98.0% of 246 bins within 2 sigma, chi^2/bin = 0.66
         m  driven   kT k_m |n_m|        |f_m|         |diff|/err
         1   -     1.78698e-05   3.22622e-04      2.40
         2   -     4.30171e-05   1.22052e-04      0.85
         3   -     3.40653e-05   1.44220e-04      1.64
         4  yes    3.67868e-04   2.94408e-04      0.65
         5   -     2.69662e-05   1.64385e-04      1.12
         6  yes    4.78478e-03   4.71968e-03      0.59
         7   -     5.44398e-05   2.69573e-04      1.41
         8   -     2.83852e-04   2.63944e-04      0.14
        driven modes only: max |diff|/err = 0.65
        n_mean = 0.04842, contrast n_max/n_min = 1.35

wrote /mnt/gs21/scratch/lyuliyao/salt_in_polymer/eps2/runs/prod_T1.0_c0.06/field_p07/profiles.npz
==========================================================================
==========================================================================
field acceptance  /mnt/gs21/scratch/lyuliyao/salt_in_polymer/eps2/runs/prod_T1.0_c0.06/field_p07
  L = 24.5909, driven modes [4, 6]
  cation: halves agree on 92.7% of 246 bins (chi^2/bin 1.27, max pull 3.6)   [diagnostic]
          driven modes: median 0.5 sigma, worst m=4 at 0.6 sigma  OK   [undriven worst m=7 at 1.2 sigma, not a gate]
  anion : halves agree on 88.6% of 246 bins (chi^2/bin 1.62, max pull 3.0)   [diagnostic]
          driven modes: median 0.6 sigma, worst m=4 at 0.7 sigma  OK   [undriven worst m=1 at 1.0 sigma, not a gate]
  mean ion current over 22600 samples:
    v_cm,z(cation) = +2.260e-06 +- 1.5e-04  (0.0 sigma from zero)  OK
    v_cm,z(anion ) = -1.369e-04 +- 1.5e-04  (0.9 sigma from zero)  OK
  -> PASS
==========================================================================
### acceptance p07 done Sun Sep 27 08:20:38 PM EDT 2026
