### acceptance for /mnt/gs21/scratch/lyuliyao/salt_in_polymer/eps2/runs/prod_T1.0_c0.05/field_p12  Sun Sep 27 11:28:05 AM EDT 2026
### lz = 24.493736, mmax = 18
==========================================================================
YBG check  run=/mnt/gs21/scratch/lyuliyao/salt_in_polymer/eps2/runs/prod_T1.0_c0.05/field_p12  potential=p12 kind=both pp(V_N)=1.62 pp(psi)=2.01 kT

  cation: applied external force vs. stored spec, per particle: max dev 8.49e-05 of range  OK
        bin-by-bin: 93.5% of 245 bins within 2 sigma, chi^2/bin = 1.19
         m  driven   kT k_m |n_m|        |f_m|         |diff|/err
         1   -     1.28156e-05   2.79114e-04      1.16
         2   -     2.63578e-05   3.01095e-04      1.04
         3  yes    3.81562e-04   9.76956e-05      1.37
         4  yes    2.30235e-03   2.42780e-03      1.42
         5  yes    3.65798e-03   3.92909e-03      1.24
         6  yes    2.65002e-03   2.68768e-03      0.20
         7   -     2.26839e-04   3.27111e-04      1.09
         8   -     3.17328e-04   2.73250e-04      1.18
        driven modes only: max |diff|/err = 1.42
        n_mean = 0.04083, contrast n_max/n_min = 4.59

  anion: applied external force vs. stored spec, per particle: max dev 6.79e-05 of range  OK
        bin-by-bin: 98.4% of 245 bins within 2 sigma, chi^2/bin = 0.60
         m  driven   kT k_m |n_m|        |f_m|         |diff|/err
         1   -     1.25748e-05   2.28890e-04      1.69
         2   -     2.34225e-05   1.02898e-04      0.68
         3  yes    5.36086e-05   1.64179e-04      1.17
         4  yes    1.84191e-03   1.89712e-03      0.53
         5  yes    2.95439e-03   2.94126e-03      0.43
         6  yes    1.85288e-03   2.04589e-03      1.66
         7   -     3.30097e-04   2.72060e-04      1.36
         8   -     2.25019e-04   2.92779e-04      1.42
        driven modes only: max |diff|/err = 1.66
        n_mean = 0.04083, contrast n_max/n_min = 2.22

wrote /mnt/gs21/scratch/lyuliyao/salt_in_polymer/eps2/runs/prod_T1.0_c0.05/field_p12/profiles.npz
==========================================================================
==========================================================================
field acceptance  /mnt/gs21/scratch/lyuliyao/salt_in_polymer/eps2/runs/prod_T1.0_c0.05/field_p12
  L = 24.4937, driven modes [3, 4, 5, 6, 12, 16]
  cation: halves agree on 93.9% of 245 bins (chi^2/bin 0.97, max pull 2.8)   [diagnostic]
          driven modes: median 0.5 sigma, worst m=4 at 1.4 sigma  OK   [undriven worst m=7 at 1.8 sigma, not a gate]
  anion : halves agree on 98.0% of 245 bins (chi^2/bin 0.77, max pull 2.4)   [diagnostic]
          driven modes: median 0.7 sigma, worst m=4 at 1.3 sigma  OK   [undriven worst m=7 at 1.5 sigma, not a gate]
  mean ion current over 17600 samples:
    v_cm,z(cation) = +9.123e-06 +- 1.5e-04  (0.1 sigma from zero)  OK
    v_cm,z(anion ) = +2.305e-04 +- 1.5e-04  (1.5 sigma from zero)  OK
  -> PASS
==========================================================================
### acceptance p12 done Sun Sep 27 11:35:41 AM EDT 2026
