### acceptance for /mnt/gs21/scratch/lyuliyao/salt_in_polymer/eps2/runs/prod_T1.0_c0.01/field_p05  Sun Sep 27 10:40:49 AM EDT 2026
### lz = 24.345259, mmax = 7
==========================================================================
YBG check  run=/mnt/gs21/scratch/lyuliyao/salt_in_polymer/eps2/runs/prod_T1.0_c0.01/field_p05  potential=p05 kind=both pp(V_N)=1.52 pp(psi)=0.52 kT

  cation: applied external force vs. stored spec, per particle: max dev 2.84e-05 of range  OK
        bin-by-bin: 98.8% of 243 bins within 2 sigma, chi^2/bin = 0.39
         m  driven   kT k_m |n_m|        |f_m|         |diff|/err
         1   -     7.07013e-05   8.77091e-05      0.13
         2   -     1.30195e-04   2.10278e-04      0.46
         3  yes    1.17453e-03   1.27305e-03      0.75
         4  yes    2.40234e-03   2.36346e-03      0.28
         5  yes    1.40564e-03   1.39708e-03      0.16
         6   -     1.80404e-04   2.02798e-04      0.67
         7   -     8.08505e-04   9.21475e-04      1.11
        driven modes only: max |diff|/err = 0.75
        n_mean = 0.00832, contrast n_max/n_min = 7.63

  anion: applied external force vs. stored spec, per particle: max dev 2.99e-05 of range  OK
        bin-by-bin: 100.0% of 243 bins within 2 sigma, chi^2/bin = 0.16
         m  driven   kT k_m |n_m|        |f_m|         |diff|/err
         1   -     6.87667e-05   7.03888e-05      0.52
         2   -     1.25703e-04   8.85802e-05      0.67
         3  yes    1.11456e-03   1.13435e-03      0.15
         4  yes    2.25605e-03   2.22505e-03      0.25
         5  yes    1.89929e-03   1.88283e-03      0.34
         6   -     8.13776e-05   1.78839e-04      0.56
         7   -     6.67088e-04   5.75128e-04      1.04
        driven modes only: max |diff|/err = 0.34
        n_mean = 0.00832, contrast n_max/n_min = 6.46

wrote /mnt/gs21/scratch/lyuliyao/salt_in_polymer/eps2/runs/prod_T1.0_c0.01/field_p05/profiles.npz
==========================================================================
==========================================================================
field acceptance  /mnt/gs21/scratch/lyuliyao/salt_in_polymer/eps2/runs/prod_T1.0_c0.01/field_p05
  L = 24.3453, driven modes [3, 4, 5]
  cation: halves agree on 63.9% of 244 bins (chi^2/bin 4.87, max pull 6.4)   [diagnostic]
          driven modes: median 2.1 sigma, worst m=4 at 2.4 sigma  OK   [undriven worst m=1 at 2.8 sigma, not a gate]
  anion : halves agree on 57.4% of 244 bins (chi^2/bin 5.28, max pull 6.0)   [diagnostic]
          driven modes: median 2.1 sigma, worst m=4 at 2.7 sigma  OK   [undriven worst m=1 at 2.8 sigma, not a gate]
  mean ion current over 8200 samples:
    v_cm,z(cation) = -4.043e-04 +- 4.9e-04  (0.8 sigma from zero)  OK
    v_cm,z(anion ) = -6.441e-04 +- 5.1e-04  (1.3 sigma from zero)  OK
  -> PASS
==========================================================================
### acceptance p05 done Sun Sep 27 10:41:31 AM EDT 2026
