### acceptance for /mnt/gs21/scratch/lyuliyao/salt_in_polymer/eps2/runs/prod_T1.0_c0.02/field_p02  Sun Sep 27 10:41:13 AM EDT 2026
### lz = 24.338627, mmax = 7
==========================================================================
YBG check  run=/mnt/gs21/scratch/lyuliyao/salt_in_polymer/eps2/runs/prod_T1.0_c0.02/field_p02  potential=p02 kind=both pp(V_N)=2.64 pp(psi)=2.25 kT

  cation: applied external force vs. stored spec, per particle: max dev 3.52e-05 of range  OK
        bin-by-bin: 98.8% of 243 bins within 2 sigma, chi^2/bin = 0.57
         m  driven   kT k_m |n_m|        |f_m|         |diff|/err
         1   -     2.41878e-04   1.90468e-04      2.22
         2   -     3.23466e-05   1.29901e-04      0.61
         3   -     1.60539e-04   1.12785e-04      0.59
         4  yes    4.86174e-03   5.11657e-03      1.21
         5  yes    8.48727e-03   8.40030e-03      1.29
         6   -     1.31812e-04   6.05869e-05      0.31
         7   -     1.60239e-04   2.05389e-04      0.20
        driven modes only: max |diff|/err = 1.29
        n_mean = 0.01665, contrast n_max/n_min = 20.69

  anion: applied external force vs. stored spec, per particle: max dev 3.28e-05 of range  OK
        bin-by-bin: 100.0% of 243 bins within 2 sigma, chi^2/bin = 0.31
         m  driven   kT k_m |n_m|        |f_m|         |diff|/err
         1   -     2.33656e-04   3.31164e-04      0.97
         2   -     3.05847e-05   1.04678e-04      1.01
         3   -     1.59683e-04   2.97900e-04      1.41
         4  yes    3.25190e-03   3.20091e-03      0.78
         5  yes    7.36769e-03   7.43016e-03      0.85
         6   -     2.49950e-04   2.77412e-04      0.23
         7   -     6.89553e-05   9.00471e-05      0.13
        driven modes only: max |diff|/err = 0.85
        n_mean = 0.01665, contrast n_max/n_min = 9.05

wrote /mnt/gs21/scratch/lyuliyao/salt_in_polymer/eps2/runs/prod_T1.0_c0.02/field_p02/profiles.npz
==========================================================================
==========================================================================
field acceptance  /mnt/gs21/scratch/lyuliyao/salt_in_polymer/eps2/runs/prod_T1.0_c0.02/field_p02
  L = 24.3386, driven modes [4, 5]
  cation: halves agree on 75.0% of 244 bins (chi^2/bin 2.91, max pull 3.5)   [diagnostic]
          driven modes: median 1.5 sigma, worst m=4 at 1.7 sigma  OK   [undriven worst m=1 at 2.3 sigma, not a gate]
  anion : halves agree on 63.5% of 244 bins (chi^2/bin 3.54, max pull 3.9)   [diagnostic]
          driven modes: median 1.2 sigma, worst m=4 at 1.8 sigma  OK   [undriven worst m=1 at 2.3 sigma, not a gate]
  mean ion current over 10200 samples:
    v_cm,z(cation) = +1.474e-05 +- 3.1e-04  (0.0 sigma from zero)  OK
    v_cm,z(anion ) = +3.892e-04 +- 3.1e-04  (1.2 sigma from zero)  OK
  -> PASS
==========================================================================
### acceptance p02 done Sun Sep 27 10:42:58 AM EDT 2026
