### acceptance for /mnt/gs21/scratch/lyuliyao/salt_in_polymer/eps2/runs/prod_T1.0_c0.01/field_p18  Sun Sep 27 10:42:26 AM EDT 2026
### lz = 24.345259, mmax = 4
==========================================================================
YBG check  run=/mnt/gs21/scratch/lyuliyao/salt_in_polymer/eps2/runs/prod_T1.0_c0.01/field_p18  potential=p18 kind=both pp(V_N)=2.08 pp(psi)=0.56 kT

  cation: applied external force vs. stored spec, per particle: max dev 1.37e-05 of range  OK
        bin-by-bin: 97.1% of 243 bins within 2 sigma, chi^2/bin = 0.65
         m  driven   kT k_m |n_m|        |f_m|         |diff|/err
         1  yes    1.08722e-03   1.14362e-03      0.46
         2  yes    5.93734e-04   4.02638e-04      1.59
         3   -     1.11070e-03   9.58146e-04      0.91
         4   -     1.77243e-05   4.02682e-05      0.34
        driven modes only: max |diff|/err = 1.59
        n_mean = 0.00832, contrast n_max/n_min = 313.97

  anion: applied external force vs. stored spec, per particle: max dev 1.52e-05 of range  OK
        bin-by-bin: 99.2% of 243 bins within 2 sigma, chi^2/bin = 0.39
         m  driven   kT k_m |n_m|        |f_m|         |diff|/err
         1  yes    1.07764e-03   1.02188e-03      0.80
         2  yes    5.78612e-04   5.04264e-04      1.05
         3   -     1.01332e-03   8.59230e-04      1.49
         4   -     6.68853e-05   1.45321e-04      0.77
        driven modes only: max |diff|/err = 1.05
        n_mean = 0.00832, contrast n_max/n_min = 186.86

wrote /mnt/gs21/scratch/lyuliyao/salt_in_polymer/eps2/runs/prod_T1.0_c0.01/field_p18/profiles.npz
==========================================================================
==========================================================================
field acceptance  /mnt/gs21/scratch/lyuliyao/salt_in_polymer/eps2/runs/prod_T1.0_c0.01/field_p18
  L = 24.3453, driven modes [1, 2]
  cation: halves agree on 99.6% of 244 bins (chi^2/bin 0.97, max pull 2.2)   [diagnostic]
          driven modes: median 1.3 sigma, worst m=1 at 1.4 sigma  OK   [undriven worst m=5 at 1.7 sigma, not a gate]
  anion : halves agree on 95.5% of 244 bins (chi^2/bin 1.01, max pull 2.6)   [diagnostic]
          driven modes: median 1.3 sigma, worst m=1 at 1.4 sigma  OK   [undriven worst m=7 at 2.0 sigma, not a gate]
  mean ion current over 8200 samples:
    v_cm,z(cation) = +3.029e-04 +- 5.8e-04  (0.5 sigma from zero)  OK
    v_cm,z(anion ) = -4.941e-04 +- 6.1e-04  (0.8 sigma from zero)  OK
  -> PASS
==========================================================================
### acceptance p18 done Sun Sep 27 10:43:06 AM EDT 2026
