### acceptance for /mnt/gs21/scratch/lyuliyao/salt_in_polymer/eps2/runs/prod_T1.0_c0.01/field_p03  Sun Sep 27 10:40:50 AM EDT 2026
### lz = 24.345259, mmax = 8
==========================================================================
YBG check  run=/mnt/gs21/scratch/lyuliyao/salt_in_polymer/eps2/runs/prod_T1.0_c0.01/field_p03  potential=p03 kind=both pp(V_N)=0.68 pp(psi)=1.16 kT

  cation: applied external force vs. stored spec, per particle: max dev 3.19e-05 of range  OK
        bin-by-bin: 100.0% of 243 bins within 2 sigma, chi^2/bin = 0.34
         m  driven   kT k_m |n_m|        |f_m|         |diff|/err
         1   -     1.53649e-04   2.48554e-04      0.67
         2   -     1.12025e-04   1.38987e-04      0.55
         3  yes    1.08908e-04   2.39481e-04      1.15
         4  yes    1.04862e-04   2.60852e-04      0.92
         5  yes    9.65955e-04   8.82095e-04      0.81
         6  yes    6.55293e-04   6.65458e-04      0.62
         7   -     6.43732e-05   4.92486e-05      0.67
         8   -     5.55300e-05   1.22546e-04      0.82
        driven modes only: max |diff|/err = 1.15
        n_mean = 0.00832, contrast n_max/n_min = 2.23

  anion: applied external force vs. stored spec, per particle: max dev 3.00e-05 of range  OK
        bin-by-bin: 100.0% of 243 bins within 2 sigma, chi^2/bin = 0.11
         m  driven   kT k_m |n_m|        |f_m|         |diff|/err
         1   -     1.52121e-04   2.35440e-04      0.62
         2   -     1.07944e-04   9.79143e-05      0.09
         3  yes    7.35491e-05   7.14548e-05      0.05
         4  yes    2.54809e-04   2.48212e-04      0.29
         5  yes    1.74867e-03   1.76252e-03      0.67
         6  yes    6.25282e-04   6.02809e-04      0.24
         7   -     6.52280e-05   8.55675e-05      0.22
         8   -     1.29253e-04   1.53146e-04      0.51
        driven modes only: max |diff|/err = 0.67
        n_mean = 0.00832, contrast n_max/n_min = 2.87

wrote /mnt/gs21/scratch/lyuliyao/salt_in_polymer/eps2/runs/prod_T1.0_c0.01/field_p03/profiles.npz
==========================================================================
==========================================================================
field acceptance  /mnt/gs21/scratch/lyuliyao/salt_in_polymer/eps2/runs/prod_T1.0_c0.01/field_p03
  L = 24.3453, driven modes [3, 4, 5, 6]
  cation: halves agree on 68.9% of 244 bins (chi^2/bin 3.25, max pull 4.4)   [diagnostic]
          driven modes: median 0.4 sigma, worst m=6 at 1.3 sigma  OK   [undriven worst m=1 at 2.1 sigma, not a gate]
  anion : halves agree on 62.3% of 244 bins (chi^2/bin 3.35, max pull 3.3)   [diagnostic]
          driven modes: median 0.7 sigma, worst m=5 at 1.9 sigma  OK   [undriven worst m=1 at 2.1 sigma, not a gate]
  mean ion current over 8200 samples:
    v_cm,z(cation) = +6.238e-04 +- 5.4e-04  (1.2 sigma from zero)  OK
    v_cm,z(anion ) = +1.259e-04 +- 5.4e-04  (0.2 sigma from zero)  OK
  -> PASS
==========================================================================
### acceptance p03 done Sun Sep 27 10:41:32 AM EDT 2026
