### acceptance for /mnt/scratch/lyuliyao/salt_in_polymer/eps2/runs/prod_T1.0_c0.01/field_p40  Wed Sep 30 07:59:33 PM EDT 2026
### lz = 24.345259, mmax = 3
==========================================================================
YBG check  run=/mnt/scratch/lyuliyao/salt_in_polymer/eps2/runs/prod_T1.0_c0.01/field_p40  potential=p40 kind=neutral pp(V_N)=0.06 pp(psi)=0.00 kT

  cation: applied external force vs. stored spec, per particle: max dev 9.17e-06 of range  OK
        bin-by-bin: 99.6% of 243 bins within 2 sigma, chi^2/bin = 0.37
         m  driven   kT k_m |n_m|        |f_m|         |diff|/err
         1  yes    1.10954e-04   1.35180e-04      0.25
         2   -     2.33090e-05   1.17058e-04      1.45
         3   -     1.39281e-05   5.32756e-05      0.49
        driven modes only: max |diff|/err = 0.25
        n_mean = 0.00832, contrast n_max/n_min = 1.27

  anion: applied external force vs. stored spec, per particle: max dev 9.04e-06 of range  OK
        bin-by-bin: 99.6% of 243 bins within 2 sigma, chi^2/bin = 0.20
         m  driven   kT k_m |n_m|        |f_m|         |diff|/err
         1  yes    1.09291e-04   1.02932e-04      0.14
         2   -     2.13766e-05   4.35900e-05      0.50
         3   -     7.32529e-06   8.09455e-06      0.22
        driven modes only: max |diff|/err = 0.14
        n_mean = 0.00832, contrast n_max/n_min = 1.25

wrote /mnt/scratch/lyuliyao/salt_in_polymer/eps2/runs/prod_T1.0_c0.01/field_p40/profiles.npz
==========================================================================
==========================================================================
field acceptance  /mnt/scratch/lyuliyao/salt_in_polymer/eps2/runs/prod_T1.0_c0.01/field_p40
  L = 24.3453, driven modes [1]
  cation: halves agree on 71.7% of 244 bins (chi^2/bin 2.83, max pull 2.9)   [diagnostic]
          driven modes: median 1.8 sigma, worst m=1 at 1.8 sigma  OK   [undriven worst m=3 at 1.2 sigma, not a gate]
  anion : halves agree on 75.0% of 244 bins (chi^2/bin 2.97, max pull 3.2)   [diagnostic]
          driven modes: median 1.8 sigma, worst m=1 at 1.8 sigma  OK   [undriven worst m=3 at 1.4 sigma, not a gate]
  mean ion current over 40000 samples:
    v_cm,z(cation) = -1.938e-06 +- 7.8e-04  (0.0 sigma from zero)  OK
    v_cm,z(anion ) = +1.510e-04 +- 7.2e-04  (0.2 sigma from zero)  OK
  -> PASS
==========================================================================
### acceptance p40 done Wed Sep 30 08:02:44 PM EDT 2026
