### acceptance for /mnt/gs21/scratch/lyuliyao/salt_in_polymer/eps2/runs/prod_T1.0_c0.08/field_p09  Mon Sep 28 10:50:39 PM EDT 2026
### lz = 24.823562, mmax = 18
==========================================================================
YBG check  run=/mnt/gs21/scratch/lyuliyao/salt_in_polymer/eps2/runs/prod_T1.0_c0.08/field_p09  potential=p09 kind=both pp(V_N)=1.11 pp(psi)=2.14 kT

  cation: applied external force vs. stored spec, per particle: max dev 7.31e-05 of range  OK
        bin-by-bin: 97.6% of 248 bins within 2 sigma, chi^2/bin = 0.87
         m  driven   kT k_m |n_m|        |f_m|         |diff|/err
         1   -     1.38963e-05   1.29875e-04      0.56
         2   -     1.95967e-05   2.22700e-04      1.57
         3  yes    5.21391e-04   6.52149e-04      1.12
         4  yes    6.41799e-04   7.34440e-04      0.48
         5  yes    2.66769e-03   2.76954e-03      1.00
         6  yes    1.69454e-03   1.53785e-03      0.92
         7   -     3.09655e-04   5.39425e-04      1.41
         8   -     1.37577e-04   2.82148e-04      1.11
        driven modes only: max |diff|/err = 1.62
        n_mean = 0.06276, contrast n_max/n_min = 4.03

  anion: applied external force vs. stored spec, per particle: max dev 7.06e-05 of range  OK
        bin-by-bin: 94.8% of 248 bins within 2 sigma, chi^2/bin = 1.08
         m  driven   kT k_m |n_m|        |f_m|         |diff|/err
         1   -     1.33555e-05   3.88324e-05      0.32
         2   -     1.93340e-05   2.68184e-05      0.10
         3  yes    4.47454e-04   5.87726e-04      1.31
         4  yes    2.11994e-04   2.96883e-04      1.28
         5  yes    1.64694e-03   1.71972e-03      0.60
         6  yes    1.19652e-03   1.24419e-03      0.38
         7   -     1.22323e-04   3.21206e-04      1.60
         8   -     2.53675e-04   2.72383e-04      0.66
        driven modes only: max |diff|/err = 1.71
        n_mean = 0.06276, contrast n_max/n_min = 4.72

wrote /mnt/gs21/scratch/lyuliyao/salt_in_polymer/eps2/runs/prod_T1.0_c0.08/field_p09/profiles.npz
==========================================================================
==========================================================================
field acceptance  /mnt/gs21/scratch/lyuliyao/salt_in_polymer/eps2/runs/prod_T1.0_c0.08/field_p09
  L = 24.8236, driven modes [3, 4, 5, 6, 12, 16]
  cation: halves agree on 88.4% of 249 bins (chi^2/bin 1.56, max pull 3.9)   [diagnostic]
          driven modes: median 0.7 sigma, worst m=5 at 1.6 sigma  OK   [undriven worst m=1 at 1.3 sigma, not a gate]
  anion : halves agree on 93.2% of 249 bins (chi^2/bin 1.12, max pull 3.7)   [diagnostic]
          driven modes: median 1.0 sigma, worst m=5 at 1.8 sigma  OK   [undriven worst m=7 at 2.1 sigma, not a gate]
  mean ion current over 40541 samples:
    v_cm,z(cation) = +3.263e-05 +- 7.8e-05  (0.4 sigma from zero)  OK
    v_cm,z(anion ) = -7.475e-05 +- 7.8e-05  (1.0 sigma from zero)  OK
  -> PASS
==========================================================================
### acceptance p09 done Mon Sep 28 10:55:20 PM EDT 2026
