DAMAGED cat.dump: kept 200028 frames (dstep 200, last step 40200000), dropped 11, gaps 11 (973 frames missing)
    dropped step 20596400: 359 atom lines, want 960
    dropped step 20655400: 901 atom lines, want 960
    dropped step 20716200: 862 atom lines, want 960
    dropped step 20777400: 843 atom lines, want 960
    dropped step 20852600: 1671 atom lines, want 960
    dropped step 20919200: 1055 atom lines, want 960
    dropped step 21034400: 862 atom lines, want 960
    dropped step 21149800: 862 atom lines, want 960
    dropped step 21264000: 1486 atom lines, want 960
    dropped step 21327600: 360 atom lines, want 960
    dropped step 21390400: 929 atom lines, want 960
    gap 20596200 -> 20599000
    gap 20655200 -> 20659800
    gap 20716000 -> 20721000
    gap 20777200 -> 20796200
    gap 20852400 -> 20863000
    gap 20919000 -> 20978000
    gap 21034200 -> 21036800
    gap 21149600 -> 21207600
    gap 21263800 -> 21271200
    gap 21327400 -> 21334000
    gap 21390200 -> 21411400
DAMAGED ani.dump: kept 199886 frames (dstep 200, last step 40200000), dropped 9, gaps 9 (1115 frames missing)
    dropped step 20622400: 632 atom lines, want 960
    dropped step 20681600: 341 atom lines, want 960
    dropped step 20853600: 948 atom lines, want 960
    dropped step 20941400: 207 atom lines, want 960
    dropped step 21034600: 379 atom lines, want 960
    dropped step 21093400: 284 atom lines, want 960
    dropped step 21264200: 322 atom lines, want 960
    dropped step 21327600: 342 atom lines, want 960
    dropped step 21390600: 322 atom lines, want 960
    gap 20622200 -> 20625000
    gap 20681400 -> 20683800
    gap 20853400 -> 20884800
    gap 20941200 -> 20978000
    gap 21034400 -> 21036800
    gap 21093200 -> 21207600
    gap 21264000 -> 21271000
    gap 21327400 -> 21334000
    gap 21390400 -> 21411400
### repair 0.08/p08 done
