### acceptance for /mnt/gs21/scratch/lyuliyao/salt_in_polymer/eps2/runs/prod_T1.0_c0.01/field_p01  Sun Sep 27 10:40:48 AM EDT 2026
### lz = 24.345259, mmax = 8
==========================================================================
YBG check  run=/mnt/gs21/scratch/lyuliyao/salt_in_polymer/eps2/runs/prod_T1.0_c0.01/field_p01  potential=p01 kind=both pp(V_N)=2.80 pp(psi)=2.80 kT

  cation: applied external force vs. stored spec, per particle: max dev 3.92e-05 of range  OK
        bin-by-bin: 98.8% of 243 bins within 2 sigma, chi^2/bin = 0.55
         m  driven   kT k_m |n_m|        |f_m|         |diff|/err
         1   -     3.51458e-04   3.28178e-04      0.27
         2   -     3.78363e-04   3.33568e-04      1.32
         3  yes    1.99394e-03   2.06151e-03      1.03
         4  yes    2.82102e-03   2.85031e-03      0.99
         5  yes    3.48164e-03   3.58197e-03      1.12
         6  yes    2.27486e-03   2.26097e-03      0.12
         7   -     1.72746e-03   1.60316e-03      0.73
         8   -     1.99094e-03   1.95902e-03      0.18
        driven modes only: max |diff|/err = 1.12
        n_mean = 0.00832, contrast n_max/n_min = 113.39

  anion: applied external force vs. stored spec, per particle: max dev 3.39e-05 of range  OK
        bin-by-bin: 100.0% of 243 bins within 2 sigma, chi^2/bin = 0.26
         m  driven   kT k_m |n_m|        |f_m|         |diff|/err
         1   -     3.43224e-04   3.99935e-04      0.67
         2   -     3.11233e-04   3.81639e-04      0.63
         3  yes    2.05212e-03   2.01496e-03      0.35
         4  yes    2.56474e-03   2.55644e-03      0.61
         5  yes    3.09653e-03   3.14493e-03      0.54
         6  yes    2.76285e-03   2.65917e-03      0.72
         7   -     1.61262e-03   1.53277e-03      0.46
         8   -     1.16097e-03   1.15105e-03      0.27
        driven modes only: max |diff|/err = 0.72
        n_mean = 0.00832, contrast n_max/n_min = 47.07

wrote /mnt/gs21/scratch/lyuliyao/salt_in_polymer/eps2/runs/prod_T1.0_c0.01/field_p01/profiles.npz
==========================================================================
==========================================================================
field acceptance  /mnt/gs21/scratch/lyuliyao/salt_in_polymer/eps2/runs/prod_T1.0_c0.01/field_p01
  L = 24.3453, driven modes [3, 4, 5, 6]
  cation: halves agree on 78.3% of 244 bins (chi^2/bin 2.64, max pull 4.5)   [diagnostic]
          driven modes: median 1.5 sigma, worst m=5 at 2.1 sigma  OK   [undriven worst m=7 at 2.8 sigma, not a gate]
  anion : halves agree on 74.2% of 244 bins (chi^2/bin 2.91, max pull 4.1)   [diagnostic]
          driven modes: median 1.4 sigma, worst m=4 at 1.8 sigma  OK   [undriven worst m=2 at 2.4 sigma, not a gate]
  mean ion current over 8200 samples:
    v_cm,z(cation) = +1.770e-04 +- 4.7e-04  (0.4 sigma from zero)  OK
    v_cm,z(anion ) = -8.331e-04 +- 4.5e-04  (1.8 sigma from zero)  OK
  -> PASS
==========================================================================
### acceptance p01 done Sun Sep 27 10:41:30 AM EDT 2026
