### acceptance for /mnt/gs21/scratch/lyuliyao/salt_in_polymer/eps2/runs/prod_T1.0_c0.04/field_p29  Sun Sep 27 11:29:55 AM EDT 2026
### lz = 24.416564, mmax = 14
==========================================================================
YBG check  run=/mnt/gs21/scratch/lyuliyao/salt_in_polymer/eps2/runs/prod_T1.0_c0.04/field_p29  potential=p29 kind=charged pp(V_N)=0.00 pp(psi)=1.82 kT

  cation: applied external force vs. stored spec, per particle: max dev 3.48e-05 of range  OK
        bin-by-bin: 97.1% of 244 bins within 2 sigma, chi^2/bin = 0.83
         m  driven   kT k_m |n_m|        |f_m|         |diff|/err
         1   -     4.98704e-05   1.79768e-04      0.76
         2   -     1.52675e-05   6.05889e-05      0.33
         3   -     4.80149e-05   1.78775e-04      0.85
         4  yes    1.83715e-03   2.17922e-03      1.50
         5   -     4.57742e-05   2.95345e-04      1.21
         6   -     3.19677e-05   1.44482e-04      0.77
         7   -     3.86757e-05   3.54660e-04      1.58
         8  yes    3.21642e-03   3.13966e-03      1.22
        driven modes only: max |diff|/err = 1.50
        n_mean = 0.03298, contrast n_max/n_min = 1.40

  anion: applied external force vs. stored spec, per particle: max dev 3.59e-05 of range  OK
        bin-by-bin: 98.8% of 244 bins within 2 sigma, chi^2/bin = 0.51
         m  driven   kT k_m |n_m|        |f_m|         |diff|/err
         1   -     4.87435e-05   8.33840e-05      0.68
         2   -     1.43909e-05   6.72901e-05      0.66
         3   -     3.99992e-05   4.49280e-05      0.71
         4  yes    5.17051e-04   5.99311e-04      0.93
         5   -     2.68936e-05   5.06452e-05      0.50
         6   -     3.99632e-05   3.22234e-05      0.33
         7   -     7.48218e-05   1.36097e-04      0.45
         8  yes    3.16659e-03   3.08809e-03      0.40
        driven modes only: max |diff|/err = 0.93
        n_mean = 0.03298, contrast n_max/n_min = 1.29

wrote /mnt/gs21/scratch/lyuliyao/salt_in_polymer/eps2/runs/prod_T1.0_c0.04/field_p29/profiles.npz
==========================================================================
==========================================================================
field acceptance  /mnt/gs21/scratch/lyuliyao/salt_in_polymer/eps2/runs/prod_T1.0_c0.04/field_p29
  L = 24.4166, driven modes [4, 8, 12, 16, 20, 24]
  cation: halves agree on 97.6% of 245 bins (chi^2/bin 0.80, max pull 2.4)   [diagnostic]
          driven modes: median 0.5 sigma, worst m=12 at 1.3 sigma  OK   [undriven worst m=5 at 1.1 sigma, not a gate]
  anion : halves agree on 97.1% of 245 bins (chi^2/bin 0.73, max pull 2.6)   [diagnostic]
          driven modes: median 0.5 sigma, worst m=16 at 0.9 sigma  OK   [undriven worst m=6 at 0.9 sigma, not a gate]
  mean ion current over 15200 samples:
    v_cm,z(cation) = +1.420e-04 +- 2.6e-04  (0.5 sigma from zero)  OK
    v_cm,z(anion ) = +1.916e-04 +- 2.6e-04  (0.7 sigma from zero)  OK
  -> PASS
==========================================================================
### acceptance p29 done Sun Sep 27 11:35:13 AM EDT 2026
