### acceptance for /mnt/gs21/scratch/lyuliyao/salt_in_polymer/eps2/runs/prod_T1.0_c0.05/field_p02  Sun Sep 27 11:28:05 AM EDT 2026
### lz = 24.493736, mmax = 7
==========================================================================
YBG check  run=/mnt/gs21/scratch/lyuliyao/salt_in_polymer/eps2/runs/prod_T1.0_c0.05/field_p02  potential=p02 kind=both pp(V_N)=2.64 pp(psi)=2.25 kT

  cation: applied external force vs. stored spec, per particle: max dev 3.35e-05 of range  OK
        bin-by-bin: 97.6% of 245 bins within 2 sigma, chi^2/bin = 0.77
         m  driven   kT k_m |n_m|        |f_m|         |diff|/err
         1   -     5.77833e-05   3.17649e-05      0.26
         2   -     2.40016e-05   2.33034e-04      1.08
         3   -     2.48911e-05   2.13219e-04      0.83
         4  yes    4.75995e-03   5.03524e-03      1.07
         5  yes    1.03033e-02   1.01282e-02      0.70
         6   -     9.78067e-05   6.64868e-05      0.50
         7   -     1.35811e-04   5.29917e-04      1.57
        driven modes only: max |diff|/err = 1.07
        n_mean = 0.04083, contrast n_max/n_min = 3.66

  anion: applied external force vs. stored spec, per particle: max dev 3.65e-05 of range  OK
        bin-by-bin: 99.6% of 245 bins within 2 sigma, chi^2/bin = 0.52
         m  driven   kT k_m |n_m|        |f_m|         |diff|/err
         1   -     5.67642e-05   1.15137e-04      0.85
         2   -     2.22395e-05   1.08806e-04      0.71
         3   -     1.78941e-05   1.01010e-04      0.55
         4  yes    2.85136e-03   2.74033e-03      0.92
         5  yes    7.46801e-03   7.37516e-03      0.84
         6   -     6.05445e-05   8.01447e-06      0.48
         7   -     6.82394e-05   1.00535e-04      0.28
        driven modes only: max |diff|/err = 0.92
        n_mean = 0.04083, contrast n_max/n_min = 2.39

wrote /mnt/gs21/scratch/lyuliyao/salt_in_polymer/eps2/runs/prod_T1.0_c0.05/field_p02/profiles.npz
==========================================================================
==========================================================================
field acceptance  /mnt/gs21/scratch/lyuliyao/salt_in_polymer/eps2/runs/prod_T1.0_c0.05/field_p02
  L = 24.4937, driven modes [4, 5]
  cation: halves agree on 98.0% of 245 bins (chi^2/bin 0.68, max pull 2.4)   [diagnostic]
          driven modes: median 0.7 sigma, worst m=4 at 1.0 sigma  OK   [undriven worst m=3 at 1.2 sigma, not a gate]
  anion : halves agree on 94.3% of 245 bins (chi^2/bin 0.97, max pull 3.1)   [diagnostic]
          driven modes: median 0.9 sigma, worst m=4 at 1.2 sigma  OK   [undriven worst m=3 at 1.0 sigma, not a gate]
  mean ion current over 17600 samples:
    v_cm,z(cation) = -4.917e-05 +- 1.7e-04  (0.3 sigma from zero)  OK
    v_cm,z(anion ) = -3.777e-04 +- 1.6e-04  (2.3 sigma from zero)  OK
  -> PASS
==========================================================================
### acceptance p02 done Sun Sep 27 11:35:45 AM EDT 2026
