### acceptance for /mnt/gs21/scratch/lyuliyao/salt_in_polymer/eps2/runs/prod_T1.0_c0.04/field_p12  Sun Sep 27 11:27:34 AM EDT 2026
### lz = 24.416564, mmax = 18
==========================================================================
YBG check  run=/mnt/gs21/scratch/lyuliyao/salt_in_polymer/eps2/runs/prod_T1.0_c0.04/field_p12  potential=p12 kind=both pp(V_N)=1.62 pp(psi)=2.01 kT

  cation: applied external force vs. stored spec, per particle: max dev 8.53e-05 of range  OK
        bin-by-bin: 95.5% of 244 bins within 2 sigma, chi^2/bin = 1.11
         m  driven   kT k_m |n_m|        |f_m|         |diff|/err
         1   -     1.61096e-05   3.00988e-04      1.22
         2   -     6.52721e-05   1.67416e-04      0.94
         3  yes    3.90554e-04   2.62227e-04      1.97
         4  yes    2.54969e-03   2.52651e-03      1.47
         5  yes    3.85693e-03   3.92935e-03      0.28
         6  yes    2.74599e-03   2.72191e-03      0.35
         7   -     3.07840e-04   4.59171e-04      0.65
         8   -     3.08599e-04   1.16305e-04      0.68
        driven modes only: max |diff|/err = 1.97
        n_mean = 0.03298, contrast n_max/n_min = 5.39

  anion: applied external force vs. stored spec, per particle: max dev 6.50e-05 of range  OK
        bin-by-bin: 99.2% of 244 bins within 2 sigma, chi^2/bin = 0.56
         m  driven   kT k_m |n_m|        |f_m|         |diff|/err
         1   -     1.54223e-05   8.31496e-05      0.73
         2   -     5.99228e-05   1.69667e-04      0.93
         3  yes    6.39542e-05   6.34859e-05      0.06
         4  yes    2.10170e-03   2.06775e-03      1.00
         5  yes    3.19855e-03   3.20513e-03      0.79
         6  yes    2.07277e-03   2.14559e-03      0.48
         7   -     2.66080e-04   3.90259e-04      0.71
         8   -     3.00796e-04   4.35917e-04      0.91
        driven modes only: max |diff|/err = 1.00
        n_mean = 0.03298, contrast n_max/n_min = 2.74

wrote /mnt/gs21/scratch/lyuliyao/salt_in_polymer/eps2/runs/prod_T1.0_c0.04/field_p12/profiles.npz
==========================================================================
==========================================================================
field acceptance  /mnt/gs21/scratch/lyuliyao/salt_in_polymer/eps2/runs/prod_T1.0_c0.04/field_p12
  L = 24.4166, driven modes [3, 4, 5, 6, 12, 16]
  cation: halves agree on 96.7% of 245 bins (chi^2/bin 0.94, max pull 3.0)   [diagnostic]
          driven modes: median 1.0 sigma, worst m=5 at 1.1 sigma  OK   [undriven worst m=7 at 1.3 sigma, not a gate]
  anion : halves agree on 97.1% of 245 bins (chi^2/bin 0.82, max pull 3.5)   [diagnostic]
          driven modes: median 0.8 sigma, worst m=3 at 1.0 sigma  OK   [undriven worst m=1 at 0.9 sigma, not a gate]
  mean ion current over 15200 samples:
    v_cm,z(cation) = +1.409e-05 +- 1.8e-04  (0.1 sigma from zero)  OK
    v_cm,z(anion ) = +1.268e-04 +- 1.8e-04  (0.7 sigma from zero)  OK
  -> PASS
==========================================================================
### acceptance p12 done Sun Sep 27 11:33:25 AM EDT 2026
