### acceptance for /mnt/gs21/scratch/lyuliyao/salt_in_polymer/eps2/runs/prod_T1.0_c0.06/field_p20  Sun Sep 27 03:04:43 PM EDT 2026
### lz = 24.590851, mmax = 5
==========================================================================
YBG check  run=/mnt/gs21/scratch/lyuliyao/salt_in_polymer/eps2/runs/prod_T1.0_c0.06/field_p20  potential=p20 kind=both pp(V_N)=1.07 pp(psi)=0.84 kT

  cation: applied external force vs. stored spec, per particle: max dev 2.21e-05 of range  OK
        bin-by-bin: 98.0% of 246 bins within 2 sigma, chi^2/bin = 0.77
         m  driven   kT k_m |n_m|        |f_m|         |diff|/err
         1  yes    2.83328e-04   3.18940e-04      0.18
         2  yes    3.76476e-04   2.81041e-04      0.73
         3  yes    1.32414e-03   1.59757e-03      1.34
         4   -     2.55117e-05   8.75217e-05      0.66
         5   -     9.71946e-06   1.56504e-04      0.69
        driven modes only: max |diff|/err = 1.34
        n_mean = 0.04842, contrast n_max/n_min = 1.26

  anion: applied external force vs. stored spec, per particle: max dev 2.31e-05 of range  OK
        bin-by-bin: 98.8% of 246 bins within 2 sigma, chi^2/bin = 0.64
         m  driven   kT k_m |n_m|        |f_m|         |diff|/err
         1  yes    2.73612e-04   3.38156e-04      0.62
         2  yes    3.62672e-04   4.24033e-04      0.46
         3  yes    1.03865e-03   1.02751e-03      0.21
         4   -     9.60133e-06   1.58861e-04      1.13
         5   -     1.65764e-05   9.92716e-05      1.36
        driven modes only: max |diff|/err = 0.62
        n_mean = 0.04842, contrast n_max/n_min = 1.21

wrote /mnt/gs21/scratch/lyuliyao/salt_in_polymer/eps2/runs/prod_T1.0_c0.06/field_p20/profiles.npz
==========================================================================
==========================================================================
field acceptance  /mnt/gs21/scratch/lyuliyao/salt_in_polymer/eps2/runs/prod_T1.0_c0.06/field_p20
  L = 24.5909, driven modes [1, 2, 3]
  cation: halves agree on 94.7% of 246 bins (chi^2/bin 0.97, max pull 2.5)   [diagnostic]
          driven modes: median 1.3 sigma, worst m=1 at 1.4 sigma  OK   [undriven worst m=5 at 1.0 sigma, not a gate]
  anion : halves agree on 92.3% of 246 bins (chi^2/bin 1.19, max pull 3.5)   [diagnostic]
          driven modes: median 1.4 sigma, worst m=3 at 1.6 sigma  OK   [undriven worst m=4 at 1.3 sigma, not a gate]
  mean ion current over 22600 samples:
    v_cm,z(cation) = -4.580e-05 +- 2.5e-04  (0.2 sigma from zero)  OK
    v_cm,z(anion ) = -1.185e-04 +- 2.5e-04  (0.5 sigma from zero)  OK
  -> PASS
==========================================================================
### acceptance p20 done Sun Sep 27 03:16:38 PM EDT 2026
