### acceptance for /mnt/gs21/scratch/lyuliyao/salt_in_polymer/eps2/runs/prod_T1.0_c0.04/field_p11  Sun Sep 27 11:27:36 AM EDT 2026
### lz = 24.416564, mmax = 22
==========================================================================
YBG check  run=/mnt/gs21/scratch/lyuliyao/salt_in_polymer/eps2/runs/prod_T1.0_c0.04/field_p11  potential=p11 kind=both pp(V_N)=2.37 pp(psi)=0.80 kT

  cation: applied external force vs. stored spec, per particle: max dev 8.46e-05 of range  OK
        bin-by-bin: 94.7% of 244 bins within 2 sigma, chi^2/bin = 0.88
         m  driven   kT k_m |n_m|        |f_m|         |diff|/err
         1   -     2.53761e-05   8.71191e-05      0.42
         2   -     4.51781e-05   2.79723e-04      0.84
         3   -     6.01728e-05   1.93556e-04      1.10
         4  yes    2.40088e-03   2.40575e-03      0.33
         5  yes    1.61475e-03   1.83842e-03      0.97
         6  yes    6.29551e-03   6.32581e-03      0.52
         7   -     9.06529e-06   2.90724e-05      0.11
         8  yes    5.17480e-03   5.21579e-03      0.33
        driven modes only: max |diff|/err = 1.74
        n_mean = 0.03298, contrast n_max/n_min = 4.39

  anion: applied external force vs. stored spec, per particle: max dev 9.27e-05 of range  OK
        bin-by-bin: 97.1% of 244 bins within 2 sigma, chi^2/bin = 0.81
         m  driven   kT k_m |n_m|        |f_m|         |diff|/err
         1   -     2.44048e-05   1.08586e-04      0.72
         2   -     4.25038e-05   2.37451e-05      0.33
         3   -     4.70285e-05   6.35517e-05      0.28
         4  yes    2.20512e-03   2.36546e-03      1.37
         5  yes    2.40455e-03   2.37922e-03      0.24
         6  yes    5.35730e-03   5.37854e-03      0.34
         7   -     3.95204e-05   1.60313e-04      1.19
         8  yes    6.07332e-03   5.97266e-03      0.62
        driven modes only: max |diff|/err = 1.82
        n_mean = 0.03298, contrast n_max/n_min = 6.39

wrote /mnt/gs21/scratch/lyuliyao/salt_in_polymer/eps2/runs/prod_T1.0_c0.04/field_p11/profiles.npz
==========================================================================
==========================================================================
field acceptance  /mnt/gs21/scratch/lyuliyao/salt_in_polymer/eps2/runs/prod_T1.0_c0.04/field_p11
  L = 24.4166, driven modes [4, 5, 6, 8, 16, 20]
  cation: halves agree on 92.2% of 245 bins (chi^2/bin 1.13, max pull 3.0)   [diagnostic]
          driven modes: median 1.2 sigma, worst m=4 at 1.6 sigma  OK   [undriven worst m=1 at 1.2 sigma, not a gate]
  anion : halves agree on 94.7% of 245 bins (chi^2/bin 1.14, max pull 2.6)   [diagnostic]
          driven modes: median 0.9 sigma, worst m=5 at 2.0 sigma  OK   [undriven worst m=1 at 1.2 sigma, not a gate]
  mean ion current over 15200 samples:
    v_cm,z(cation) = +2.090e-04 +- 1.9e-04  (1.1 sigma from zero)  OK
    v_cm,z(anion ) = +1.590e-04 +- 1.8e-04  (0.9 sigma from zero)  OK
  -> PASS
==========================================================================
### acceptance p11 done Sun Sep 27 11:33:08 AM EDT 2026
