### acceptance for /mnt/gs21/scratch/lyuliyao/salt_in_polymer/eps2/runs/prod_T1.0_c0.06/field_p00  Sun Sep 27 03:02:04 PM EDT 2026
### lz = 24.590851, mmax = 8
==========================================================================
YBG check  run=/mnt/gs21/scratch/lyuliyao/salt_in_polymer/eps2/runs/prod_T1.0_c0.06/field_p00  potential=p00 kind=both pp(V_N)=0.60 pp(psi)=0.60 kT

  cation: applied external force vs. stored spec, per particle: max dev 3.33e-05 of range  OK
        bin-by-bin: 95.9% of 246 bins within 2 sigma, chi^2/bin = 0.79
         m  driven   kT k_m |n_m|        |f_m|         |diff|/err
         1   -     1.26115e-05   1.91671e-04      0.83
         2   -     1.80623e-05   1.17961e-05      0.14
         3  yes    5.90245e-04   6.52002e-04      1.41
         4  yes    1.16221e-03   1.18079e-03      0.78
         5   -     4.79154e-06   2.61926e-04      1.52
         6  yes    1.35169e-03   1.43717e-03      0.45
         7   -     7.30472e-05   1.03697e-04      0.26
         8   -     9.90401e-05   1.24690e-04      0.74
        driven modes only: max |diff|/err = 1.41
        n_mean = 0.04842, contrast n_max/n_min = 1.22

  anion: applied external force vs. stored spec, per particle: max dev 3.52e-05 of range  OK
        bin-by-bin: 98.0% of 246 bins within 2 sigma, chi^2/bin = 0.69
         m  driven   kT k_m |n_m|        |f_m|         |diff|/err
         1   -     1.25331e-05   6.32965e-05      0.43
         2   -     1.62443e-05   1.18306e-04      1.30
         3  yes    4.61667e-04   3.13647e-04      2.10
         4  yes    9.01333e-04   7.67696e-04      0.93
         5   -     1.83414e-05   1.20956e-04      0.95
         6  yes    8.46261e-04   8.24767e-04      0.19
         7   -     5.28301e-05   1.93288e-04      1.20
         8   -     9.23469e-05   2.41263e-04      1.38
        driven modes only: max |diff|/err = 2.10
        n_mean = 0.04842, contrast n_max/n_min = 1.16

wrote /mnt/gs21/scratch/lyuliyao/salt_in_polymer/eps2/runs/prod_T1.0_c0.06/field_p00/profiles.npz
==========================================================================
==========================================================================
field acceptance  /mnt/gs21/scratch/lyuliyao/salt_in_polymer/eps2/runs/prod_T1.0_c0.06/field_p00
  L = 24.5909, driven modes [3, 4, 6]
  cation: halves agree on 93.9% of 246 bins (chi^2/bin 0.99, max pull 3.8)   [diagnostic]
          driven modes: median 0.7 sigma, worst m=3 at 0.8 sigma  OK   [undriven worst m=5 at 1.2 sigma, not a gate]
  anion : halves agree on 95.5% of 246 bins (chi^2/bin 0.93, max pull 2.7)   [diagnostic]
          driven modes: median 0.6 sigma, worst m=3 at 0.8 sigma  OK   [undriven worst m=7 at 1.6 sigma, not a gate]
  mean ion current over 22600 samples:
    v_cm,z(cation) = +1.217e-04 +- 2.5e-04  (0.5 sigma from zero)  OK
    v_cm,z(anion ) = +2.158e-04 +- 2.5e-04  (0.9 sigma from zero)  OK
  -> PASS
==========================================================================
### acceptance p00 done Sun Sep 27 03:14:39 PM EDT 2026
