### acceptance for /mnt/gs21/scratch/lyuliyao/salt_in_polymer/eps2/runs/prod_T1.0_c0.02/field_p00  Sun Sep 27 10:41:13 AM EDT 2026
### lz = 24.338627, mmax = 8
==========================================================================
YBG check  run=/mnt/gs21/scratch/lyuliyao/salt_in_polymer/eps2/runs/prod_T1.0_c0.02/field_p00  potential=p00 kind=both pp(V_N)=0.60 pp(psi)=0.60 kT

  cation: applied external force vs. stored spec, per particle: max dev 3.21e-05 of range  OK
        bin-by-bin: 98.4% of 243 bins within 2 sigma, chi^2/bin = 0.55
         m  driven   kT k_m |n_m|        |f_m|         |diff|/err
         1   -     2.42537e-05   1.47572e-04      0.68
         2   -     7.44868e-05   3.33926e-04      1.33
         3  yes    1.00894e-03   9.42327e-04      1.56
         4  yes    1.40212e-03   1.37208e-03      0.32
         5   -     7.56402e-06   2.28548e-04      1.14
         6  yes    1.06960e-03   1.01220e-03      1.75
         7   -     1.68831e-04   1.61325e-04      0.71
         8   -     5.29578e-05   1.25001e-04      0.43
        driven modes only: max |diff|/err = 1.75
        n_mean = 0.01665, contrast n_max/n_min = 1.96

  anion: applied external force vs. stored spec, per particle: max dev 3.21e-05 of range  OK
        bin-by-bin: 100.0% of 243 bins within 2 sigma, chi^2/bin = 0.31
         m  driven   kT k_m |n_m|        |f_m|         |diff|/err
         1   -     2.26863e-05   6.90740e-05      0.76
         2   -     6.64937e-05   7.20840e-05      0.62
         3  yes    8.69761e-04   8.95631e-04      0.78
         4  yes    1.21871e-03   1.15454e-03      0.69
         5   -     2.19085e-05   7.21684e-05      0.54
         6  yes    1.03342e-03   1.03990e-03      0.50
         7   -     1.27538e-04   1.78420e-04      0.45
         8   -     2.24970e-04   2.76967e-04      0.39
        driven modes only: max |diff|/err = 0.78
        n_mean = 0.01665, contrast n_max/n_min = 1.82

wrote /mnt/gs21/scratch/lyuliyao/salt_in_polymer/eps2/runs/prod_T1.0_c0.02/field_p00/profiles.npz
==========================================================================
==========================================================================
field acceptance  /mnt/gs21/scratch/lyuliyao/salt_in_polymer/eps2/runs/prod_T1.0_c0.02/field_p00
  L = 24.3386, driven modes [3, 4, 6]
  cation: halves agree on 84.0% of 244 bins (chi^2/bin 2.01, max pull 3.8)   [diagnostic]
          driven modes: median 0.7 sigma, worst m=3 at 0.9 sigma  OK   [undriven worst m=1 at 1.8 sigma, not a gate]
  anion : halves agree on 84.8% of 244 bins (chi^2/bin 1.99, max pull 3.4)   [diagnostic]
          driven modes: median 1.0 sigma, worst m=6 at 1.5 sigma  OK   [undriven worst m=5 at 1.9 sigma, not a gate]
  mean ion current over 10200 samples:
    v_cm,z(cation) = -3.396e-04 +- 4.2e-04  (0.8 sigma from zero)  OK
    v_cm,z(anion ) = -1.636e-04 +- 4.4e-04  (0.4 sigma from zero)  OK
  -> PASS
==========================================================================
### acceptance p00 done Sun Sep 27 10:42:58 AM EDT 2026
