### acceptance for /mnt/gs21/scratch/lyuliyao/salt_in_polymer/eps2/runs/prod_T1.0_c0.05/field_p11  Sun Sep 27 08:08:17 PM EDT 2026
### lz = 24.493736, mmax = 22
==========================================================================
YBG check  run=/mnt/gs21/scratch/lyuliyao/salt_in_polymer/eps2/runs/prod_T1.0_c0.05/field_p11  potential=p11 kind=both pp(V_N)=2.37 pp(psi)=0.80 kT

  cation: applied external force vs. stored spec, per particle: max dev 8.32e-05 of range  OK
        bin-by-bin: 95.9% of 245 bins within 2 sigma, chi^2/bin = 0.93
         m  driven   kT k_m |n_m|        |f_m|         |diff|/err
         1   -     7.59240e-05   1.58113e-04      0.92
         2   -     5.85744e-06   1.09787e-04      0.73
         3   -     1.67244e-05   3.44961e-04      1.33
         4  yes    2.03986e-03   2.10160e-03      0.51
         5  yes    1.45329e-03   1.75079e-03      1.21
         6  yes    6.23534e-03   6.34237e-03      0.43
         7   -     8.60720e-05   4.75072e-05      0.51
         8  yes    5.66499e-03   5.80501e-03      0.52
        driven modes only: max |diff|/err = 1.21
        n_mean = 0.04083, contrast n_max/n_min = 3.57

  anion: applied external force vs. stored spec, per particle: max dev 9.00e-05 of range  OK
        bin-by-bin: 94.7% of 245 bins within 2 sigma, chi^2/bin = 0.92
         m  driven   kT k_m |n_m|        |f_m|         |diff|/err
         1   -     7.43529e-05   3.14660e-05      0.38
         2   -     4.67285e-06   9.49797e-05      0.63
         3   -     8.50062e-06   2.60047e-05      0.14
         4  yes    1.86139e-03   1.89029e-03      0.29
         5  yes    2.17316e-03   2.08545e-03      0.86
         6  yes    5.14918e-03   5.23973e-03      0.73
         7   -     1.02806e-04   7.00623e-05      0.33
         8  yes    6.35126e-03   6.41243e-03      0.29
        driven modes only: max |diff|/err = 0.86
        n_mean = 0.04083, contrast n_max/n_min = 5.11

wrote /mnt/gs21/scratch/lyuliyao/salt_in_polymer/eps2/runs/prod_T1.0_c0.05/field_p11/profiles.npz
==========================================================================
==========================================================================
field acceptance  /mnt/gs21/scratch/lyuliyao/salt_in_polymer/eps2/runs/prod_T1.0_c0.05/field_p11
  L = 24.4937, driven modes [4, 5, 6, 8, 16, 20]
  cation: halves agree on 96.7% of 245 bins (chi^2/bin 0.90, max pull 3.4)   [diagnostic]
          driven modes: median 0.9 sigma, worst m=4 at 1.7 sigma  OK   [undriven worst m=2 at 1.5 sigma, not a gate]
  anion : halves agree on 97.1% of 245 bins (chi^2/bin 0.79, max pull 2.6)   [diagnostic]
          driven modes: median 0.6 sigma, worst m=4 at 1.5 sigma  OK   [undriven worst m=2 at 1.3 sigma, not a gate]
  mean ion current over 17600 samples:
    v_cm,z(cation) = +2.583e-04 +- 1.5e-04  (1.7 sigma from zero)  OK
    v_cm,z(anion ) = +6.082e-06 +- 1.6e-04  (0.0 sigma from zero)  OK
  -> PASS
==========================================================================
### acceptance p11 done Sun Sep 27 08:15:53 PM EDT 2026
