### acceptance for /mnt/gs21/scratch/lyuliyao/salt_in_polymer/eps2/runs/prod_T1.0_c0.06/field_p10  Sun Sep 27 08:08:20 PM EDT 2026
### lz = 24.590851, mmax = 14
==========================================================================
YBG check  run=/mnt/gs21/scratch/lyuliyao/salt_in_polymer/eps2/runs/prod_T1.0_c0.06/field_p10  potential=p10 kind=both pp(V_N)=0.59 pp(psi)=1.64 kT

  cation: applied external force vs. stored spec, per particle: max dev 6.09e-05 of range  OK
        bin-by-bin: 93.9% of 246 bins within 2 sigma, chi^2/bin = 1.02
         m  driven   kT k_m |n_m|        |f_m|         |diff|/err
         1   -     1.18282e-05   8.69821e-05      0.44
         2   -     1.79492e-05   1.60189e-04      0.68
         3  yes    5.75294e-04   5.31186e-04      1.29
         4   -     1.00274e-04   1.98562e-04      1.10
         5   -     4.67367e-05   1.05385e-04      0.44
         6  yes    5.43268e-03   5.53464e-03      0.74
         7   -     2.24205e-05   1.21437e-04      0.45
         8  yes    8.22028e-03   8.44415e-03      1.25
        driven modes only: max |diff|/err = 1.29
        n_mean = 0.04842, contrast n_max/n_min = 2.42

  anion: applied external force vs. stored spec, per particle: max dev 5.88e-05 of range  OK
        bin-by-bin: 98.8% of 246 bins within 2 sigma, chi^2/bin = 0.55
         m  driven   kT k_m |n_m|        |f_m|         |diff|/err
         1   -     1.16013e-05   1.65934e-04      1.31
         2   -     1.84025e-05   1.35053e-04      0.91
         3  yes    2.75771e-04   2.92776e-04      0.23
         4   -     8.08774e-05   2.13592e-04      1.26
         5   -     5.50098e-06   1.45306e-04      1.25
         6  yes    1.13584e-03   1.17418e-03      0.79
         7   -     7.14073e-05   6.33628e-05      0.13
         8  yes    8.61445e-03   8.71008e-03      0.65
        driven modes only: max |diff|/err = 0.79
        n_mean = 0.04842, contrast n_max/n_min = 2.06

wrote /mnt/gs21/scratch/lyuliyao/salt_in_polymer/eps2/runs/prod_T1.0_c0.06/field_p10/profiles.npz
==========================================================================
==========================================================================
field acceptance  /mnt/gs21/scratch/lyuliyao/salt_in_polymer/eps2/runs/prod_T1.0_c0.06/field_p10
  L = 24.5909, driven modes [3, 6, 8, 12]
  cation: halves agree on 98.8% of 246 bins (chi^2/bin 0.75, max pull 2.6)   [diagnostic]
          driven modes: median 0.7 sigma, worst m=3 at 0.8 sigma  OK   [undriven worst m=5 at 1.5 sigma, not a gate]
  anion : halves agree on 96.3% of 246 bins (chi^2/bin 0.83, max pull 2.8)   [diagnostic]
          driven modes: median 0.7 sigma, worst m=3 at 0.9 sigma  OK   [undriven worst m=1 at 1.4 sigma, not a gate]
  mean ion current over 22600 samples:
    v_cm,z(cation) = -7.019e-06 +- 1.4e-04  (0.0 sigma from zero)  OK
    v_cm,z(anion ) = -1.936e-04 +- 1.4e-04  (1.4 sigma from zero)  OK
  -> PASS
==========================================================================
### acceptance p10 done Sun Sep 27 08:19:51 PM EDT 2026
