### acceptance for /mnt/gs21/scratch/lyuliyao/salt_in_polymer/eps2/runs/prod_T1.0_c0.06/field_p21  Sun Sep 27 03:04:43 PM EDT 2026
### lz = 24.590851, mmax = 4
==========================================================================
YBG check  run=/mnt/gs21/scratch/lyuliyao/salt_in_polymer/eps2/runs/prod_T1.0_c0.06/field_p21  potential=p21 kind=charged pp(V_N)=0.00 pp(psi)=3.00 kT

  cation: applied external force vs. stored spec, per particle: max dev 1.51e-05 of range  OK
        bin-by-bin: 96.3% of 246 bins within 2 sigma, chi^2/bin = 0.94
         m  driven   kT k_m |n_m|        |f_m|         |diff|/err
         1  yes    2.12547e-05   1.62723e-04      0.71
         2  yes    1.61047e-04   1.69294e-04      0.54
         3   -     1.33339e-05   1.02519e-04      0.47
         4   -     2.13723e-05   1.06667e-04      0.33
        driven modes only: max |diff|/err = 0.71
        n_mean = 0.04842, contrast n_max/n_min = 1.05

  anion: applied external force vs. stored spec, per particle: max dev 1.55e-05 of range  OK
        bin-by-bin: 97.6% of 246 bins within 2 sigma, chi^2/bin = 0.73
         m  driven   kT k_m |n_m|        |f_m|         |diff|/err
         1  yes    7.84272e-06   5.87698e-05      0.39
         2  yes    3.38197e-05   1.66807e-04      1.92
         3   -     1.50929e-05   1.40884e-04      1.00
         4   -     1.63750e-05   8.24364e-05      0.75
        driven modes only: max |diff|/err = 1.92
        n_mean = 0.04842, contrast n_max/n_min = 1.02

wrote /mnt/gs21/scratch/lyuliyao/salt_in_polymer/eps2/runs/prod_T1.0_c0.06/field_p21/profiles.npz
==========================================================================
==========================================================================
field acceptance  /mnt/gs21/scratch/lyuliyao/salt_in_polymer/eps2/runs/prod_T1.0_c0.06/field_p21
  L = 24.5909, driven modes [1, 2]
  cation: halves agree on 98.8% of 246 bins (chi^2/bin 0.75, max pull 2.7)   [diagnostic]
          driven modes: median 0.4 sigma, worst m=1 at 0.5 sigma  OK   [undriven worst m=6 at 1.5 sigma, not a gate]
  anion : halves agree on 97.2% of 246 bins (chi^2/bin 0.91, max pull 2.9)   [diagnostic]
          driven modes: median 0.4 sigma, worst m=1 at 0.5 sigma  OK   [undriven worst m=5 at 1.2 sigma, not a gate]
  mean ion current over 22600 samples:
    v_cm,z(cation) = +2.431e-03 +- 7.4e-04  (3.3 sigma from zero)  REVIEW
    v_cm,z(anion ) = +2.285e-03 +- 7.5e-04  (3.0 sigma from zero)  REVIEW
  -> REVIEW
==========================================================================
### acceptance p21 done Sun Sep 27 03:16:34 PM EDT 2026
