### acceptance for /mnt/gs21/scratch/lyuliyao/salt_in_polymer/eps2/runs/prod_T1.0_c0.08/field_p16  Mon Sep 28 10:04:41 PM EDT 2026
### lz = 24.823562, mmax = 4
==========================================================================
YBG check  run=/mnt/gs21/scratch/lyuliyao/salt_in_polymer/eps2/runs/prod_T1.0_c0.08/field_p16  potential=p16 kind=neutral pp(V_N)=0.94 pp(psi)=0.00 kT

  cation: applied external force vs. stored spec, per particle: max dev 2.37e-05 of range  OK
        bin-by-bin: 95.6% of 248 bins within 2 sigma, chi^2/bin = 1.04
         m  driven   kT k_m |n_m|        |f_m|         |diff|/err
         1  yes    1.68891e-04   2.54664e-04      1.13
         2  yes    5.54272e-04   6.07760e-04      1.49
         3   -     4.49945e-05   5.58716e-05      0.57
         4   -     1.83079e-05   3.06120e-04      1.87
        driven modes only: max |diff|/err = 1.49
        n_mean = 0.06276, contrast n_max/n_min = 1.12

  anion: applied external force vs. stored spec, per particle: max dev 2.29e-05 of range  OK
        bin-by-bin: 99.6% of 248 bins within 2 sigma, chi^2/bin = 0.53
         m  driven   kT k_m |n_m|        |f_m|         |diff|/err
         1  yes    1.65425e-04   2.29399e-04      2.04
         2  yes    5.11984e-04   4.45279e-04      0.78
         3   -     3.65730e-05   3.05988e-05      0.31
         4   -     6.78092e-06   2.37737e-04      2.73
        driven modes only: max |diff|/err = 2.04
        n_mean = 0.06276, contrast n_max/n_min = 1.11

wrote /mnt/gs21/scratch/lyuliyao/salt_in_polymer/eps2/runs/prod_T1.0_c0.08/field_p16/profiles.npz
==========================================================================
==========================================================================
field acceptance  /mnt/gs21/scratch/lyuliyao/salt_in_polymer/eps2/runs/prod_T1.0_c0.08/field_p16
  L = 24.8236, driven modes [1, 2]
Traceback (most recent call last):
  File "/mnt/gs21/scratch/lyuliyao/salt_in_polymer/tools/field_acceptance.py", line 202, in <module>
    main()
  File "/mnt/gs21/scratch/lyuliyao/salt_in_polymer/tools/field_acceptance.py", line 152, in main
    (n1, e1), (n2, e2), zc, nframe = halves(a.run, which)
                                     ^^^^^^^^^^^^^^^^^^^^
  File "/mnt/gs21/scratch/lyuliyao/salt_in_polymer/tools/field_acceptance.py", line 59, in halves
    st, zc, nn = read_ave_chunk(f)
                 ^^^^^^^^^^^^^^^^^
  File "/mnt/gs21/scratch/lyuliyao/salt_in_polymer/tools/field_trend.py", line 46, in read_ave_chunk
    step, nch = int(head[0]), int(head[1])
                ^^^^^^^^^^^^
ValueError: invalid literal for int() with base 10: '0.0584866'
