### acceptance for /mnt/gs21/scratch/lyuliyao/salt_in_polymer/eps2/runs/prod_T1.0_c0.06/field_p09  Sun Sep 27 03:02:04 PM EDT 2026
### lz = 24.590851, mmax = 18
==========================================================================
YBG check  run=/mnt/gs21/scratch/lyuliyao/salt_in_polymer/eps2/runs/prod_T1.0_c0.06/field_p09  potential=p09 kind=both pp(V_N)=1.11 pp(psi)=2.14 kT

  cation: applied external force vs. stored spec, per particle: max dev 6.49e-05 of range  OK
        bin-by-bin: 97.6% of 246 bins within 2 sigma, chi^2/bin = 0.91
         m  driven   kT k_m |n_m|        |f_m|         |diff|/err
         1   -     2.32792e-05   9.70098e-05      0.35
         2   -     2.40914e-05   1.32257e-04      0.63
         3  yes    6.81439e-04   4.17288e-04      1.68
         4  yes    7.59795e-04   9.90198e-04      1.50
         5  yes    3.26172e-03   3.01268e-03      0.94
         6  yes    1.81937e-03   1.94126e-03      1.31
         7   -     4.22726e-04   5.05424e-04      0.56
         8   -     2.69842e-04   2.83091e-04      0.70
        driven modes only: max |diff|/err = 1.68
        n_mean = 0.04842, contrast n_max/n_min = 3.81

  anion: applied external force vs. stored spec, per particle: max dev 7.15e-05 of range  OK
        bin-by-bin: 96.7% of 246 bins within 2 sigma, chi^2/bin = 0.66
         m  driven   kT k_m |n_m|        |f_m|         |diff|/err
         1   -     2.32064e-05   8.92998e-05      1.13
         2   -     2.02124e-05   1.51673e-04      1.00
         3  yes    5.83555e-04   6.68933e-04      0.91
         4  yes    1.79704e-04   1.53409e-04      0.47
         5  yes    2.04658e-03   1.90733e-03      1.00
         6  yes    1.35527e-03   1.42545e-03      1.45
         7   -     3.34230e-04   3.90477e-04      0.45
         8   -     2.53868e-04   2.24557e-04      0.33
        driven modes only: max |diff|/err = 1.45
        n_mean = 0.04842, contrast n_max/n_min = 4.04

wrote /mnt/gs21/scratch/lyuliyao/salt_in_polymer/eps2/runs/prod_T1.0_c0.06/field_p09/profiles.npz
==========================================================================
==========================================================================
field acceptance  /mnt/gs21/scratch/lyuliyao/salt_in_polymer/eps2/runs/prod_T1.0_c0.06/field_p09
  L = 24.5909, driven modes [3, 4, 5, 6, 12, 16]
  cation: halves agree on 99.6% of 246 bins (chi^2/bin 0.75, max pull 2.0)   [diagnostic]
          driven modes: median 0.8 sigma, worst m=4 at 1.2 sigma  OK   [undriven worst m=2 at 1.4 sigma, not a gate]
  anion : halves agree on 95.5% of 246 bins (chi^2/bin 0.84, max pull 2.9)   [diagnostic]
          driven modes: median 1.0 sigma, worst m=5 at 2.0 sigma  OK   [undriven worst m=2 at 1.4 sigma, not a gate]
  mean ion current over 22600 samples:
    v_cm,z(cation) = -1.246e-04 +- 1.2e-04  (1.0 sigma from zero)  OK
    v_cm,z(anion ) = -2.151e-05 +- 1.2e-04  (0.2 sigma from zero)  OK
  -> PASS
==========================================================================
### acceptance p09 done Sun Sep 27 03:13:41 PM EDT 2026
