### acceptance for /mnt/gs21/scratch/lyuliyao/salt_in_polymer/eps2/runs/prod_T1.0_c0.04/field_p00  Sun Sep 27 11:27:31 AM EDT 2026
### lz = 24.416564, mmax = 8
==========================================================================
YBG check  run=/mnt/gs21/scratch/lyuliyao/salt_in_polymer/eps2/runs/prod_T1.0_c0.04/field_p00  potential=p00 kind=both pp(V_N)=0.60 pp(psi)=0.60 kT

  cation: applied external force vs. stored spec, per particle: max dev 3.23e-05 of range  OK
        bin-by-bin: 95.1% of 244 bins within 2 sigma, chi^2/bin = 0.97
         m  driven   kT k_m |n_m|        |f_m|         |diff|/err
         1   -     3.34665e-05   1.49717e-04      0.46
         2   -     3.36258e-05   2.82177e-04      0.91
         3  yes    7.98955e-04   9.51107e-04      1.24
         4  yes    1.47641e-03   1.20815e-03      1.21
         5   -     5.79587e-05   6.24218e-05      0.09
         6  yes    1.48453e-03   1.43580e-03      1.45
         7   -     1.09014e-04   1.33097e-04      0.22
         8   -     1.08325e-04   3.25078e-04      0.96
        driven modes only: max |diff|/err = 1.45
        n_mean = 0.03298, contrast n_max/n_min = 1.44

  anion: applied external force vs. stored spec, per particle: max dev 3.46e-05 of range  OK
        bin-by-bin: 98.4% of 244 bins within 2 sigma, chi^2/bin = 0.69
         m  driven   kT k_m |n_m|        |f_m|         |diff|/err
         1   -     3.24511e-05   2.46740e-05      0.59
         2   -     2.95607e-05   9.32540e-05      0.77
         3  yes    6.42970e-04   5.54966e-04      0.61
         4  yes    1.18568e-03   1.26836e-03      0.77
         5   -     3.69893e-05   1.33495e-04      0.72
         6  yes    9.56389e-04   9.91074e-04      0.78
         7   -     1.09194e-05   1.70757e-04      0.88
         8   -     4.62301e-05   1.38321e-04      0.80
        driven modes only: max |diff|/err = 0.78
        n_mean = 0.03298, contrast n_max/n_min = 1.31

wrote /mnt/gs21/scratch/lyuliyao/salt_in_polymer/eps2/runs/prod_T1.0_c0.04/field_p00/profiles.npz
==========================================================================
==========================================================================
field acceptance  /mnt/gs21/scratch/lyuliyao/salt_in_polymer/eps2/runs/prod_T1.0_c0.04/field_p00
  L = 24.4166, driven modes [3, 4, 6]
  cation: halves agree on 99.6% of 245 bins (chi^2/bin 0.56, max pull 2.1)   [diagnostic]
          driven modes: median 0.8 sigma, worst m=4 at 1.0 sigma  OK   [undriven worst m=7 at 1.4 sigma, not a gate]
  anion : halves agree on 98.8% of 245 bins (chi^2/bin 0.72, max pull 2.9)   [diagnostic]
          driven modes: median 1.1 sigma, worst m=6 at 1.6 sigma  OK   [undriven worst m=7 at 1.7 sigma, not a gate]
  mean ion current over 15200 samples:
    v_cm,z(cation) = +1.717e-04 +- 2.9e-04  (0.6 sigma from zero)  OK
    v_cm,z(anion ) = +2.013e-05 +- 2.9e-04  (0.1 sigma from zero)  OK
  -> PASS
==========================================================================
### acceptance p00 done Sun Sep 27 11:33:05 AM EDT 2026
