### acceptance for /mnt/scratch/lyuliyao/salt_in_polymer/eps2/runs/prod_T1.0_c0.01/field_p43  Wed Sep 30 07:59:31 PM EDT 2026
### lz = 24.345259, mmax = 4
==========================================================================
YBG check  run=/mnt/scratch/lyuliyao/salt_in_polymer/eps2/runs/prod_T1.0_c0.01/field_p43  potential=p43 kind=neutral pp(V_N)=0.10 pp(psi)=0.00 kT

  cation: applied external force vs. stored spec, per particle: max dev 2.05e-05 of range  OK
        bin-by-bin: 99.6% of 243 bins within 2 sigma, chi^2/bin = 0.46
         m  driven   kT k_m |n_m|        |f_m|         |diff|/err
         1   -     2.54943e-05   4.92114e-05      0.74
         2  yes    2.06511e-04   2.60033e-04      1.01
         3   -     9.16482e-06   4.34832e-05      0.42
         4   -     3.62006e-05   7.36148e-05      1.23
        driven modes only: max |diff|/err = 1.01
        n_mean = 0.00832, contrast n_max/n_min = 1.26

  anion: applied external force vs. stored spec, per particle: max dev 1.98e-05 of range  OK
        bin-by-bin: 100.0% of 243 bins within 2 sigma, chi^2/bin = 0.25
         m  driven   kT k_m |n_m|        |f_m|         |diff|/err
         1   -     2.44309e-05   2.50197e-05      0.53
         2  yes    1.98565e-04   1.87385e-04      0.22
         3   -     9.29068e-06   6.20793e-05      1.32
         4   -     3.11991e-05   3.43119e-05      0.73
        driven modes only: max |diff|/err = 0.22
        n_mean = 0.00832, contrast n_max/n_min = 1.25

wrote /mnt/scratch/lyuliyao/salt_in_polymer/eps2/runs/prod_T1.0_c0.01/field_p43/profiles.npz
==========================================================================
==========================================================================
field acceptance  /mnt/scratch/lyuliyao/salt_in_polymer/eps2/runs/prod_T1.0_c0.01/field_p43
  L = 24.3453, driven modes [2]
  cation: halves agree on 98.8% of 244 bins (chi^2/bin 0.81, max pull 2.4)   [diagnostic]
          driven modes: median 0.5 sigma, worst m=2 at 0.5 sigma  OK   [undriven worst m=7 at 1.1 sigma, not a gate]
  anion : halves agree on 96.7% of 244 bins (chi^2/bin 0.91, max pull 3.0)   [diagnostic]
          driven modes: median 0.6 sigma, worst m=2 at 0.6 sigma  OK   [undriven worst m=7 at 1.3 sigma, not a gate]
  mean ion current over 40000 samples:
    v_cm,z(cation) = -1.329e-03 +- 5.0e-04  (2.7 sigma from zero)  OK
    v_cm,z(anion ) = -1.839e-03 +- 5.4e-04  (3.4 sigma from zero)  REVIEW
  -> REVIEW
==========================================================================
### acceptance p43 done Wed Sep 30 08:02:44 PM EDT 2026
