### acceptance for /mnt/gs21/scratch/lyuliyao/salt_in_polymer/eps2/runs/prod_T1.0_c0.01/field_p02  Sun Sep 27 10:40:50 AM EDT 2026
### lz = 24.345259, mmax = 7
==========================================================================
YBG check  run=/mnt/gs21/scratch/lyuliyao/salt_in_polymer/eps2/runs/prod_T1.0_c0.01/field_p02  potential=p02 kind=both pp(V_N)=2.64 pp(psi)=2.25 kT

  cation: applied external force vs. stored spec, per particle: max dev 3.32e-05 of range  OK
        bin-by-bin: 99.2% of 243 bins within 2 sigma, chi^2/bin = 0.44
         m  driven   kT k_m |n_m|        |f_m|         |diff|/err
         1   -     3.73272e-04   2.39404e-04      1.00
         2   -     9.93193e-05   5.11186e-05      0.45
         3   -     2.09550e-04   2.51942e-04      0.49
         4  yes    3.28294e-03   3.44841e-03      1.02
         5  yes    4.95313e-03   5.03356e-03      0.71
         6   -     5.32455e-04   5.03415e-04      0.37
         7   -     1.12636e-04   5.48431e-05      0.21
        driven modes only: max |diff|/err = 1.02
        n_mean = 0.00832, contrast n_max/n_min = 40.37

  anion: applied external force vs. stored spec, per particle: max dev 3.44e-05 of range  OK
        bin-by-bin: 100.0% of 243 bins within 2 sigma, chi^2/bin = 0.23
         m  driven   kT k_m |n_m|        |f_m|         |diff|/err
         1   -     3.65869e-04   4.13823e-04      1.25
         2   -     9.67055e-05   2.03984e-04      0.59
         3   -     1.75021e-04   1.50054e-04      0.44
         4  yes    2.20306e-03   2.29286e-03      0.79
         5  yes    4.35584e-03   4.41978e-03      0.68
         6   -     6.61395e-04   5.46805e-04      1.47
         7   -     3.83540e-05   9.33330e-05      0.21
        driven modes only: max |diff|/err = 0.79
        n_mean = 0.00832, contrast n_max/n_min = 17.16

wrote /mnt/gs21/scratch/lyuliyao/salt_in_polymer/eps2/runs/prod_T1.0_c0.01/field_p02/profiles.npz
==========================================================================
==========================================================================
field acceptance  /mnt/gs21/scratch/lyuliyao/salt_in_polymer/eps2/runs/prod_T1.0_c0.01/field_p02
  L = 24.3453, driven modes [4, 5]
  cation: halves agree on 87.7% of 244 bins (chi^2/bin 1.42, max pull 3.5)   [diagnostic]
          driven modes: median 1.0 sigma, worst m=5 at 1.3 sigma  OK   [undriven worst m=3 at 1.4 sigma, not a gate]
  anion : halves agree on 86.5% of 244 bins (chi^2/bin 1.54, max pull 3.4)   [diagnostic]
          driven modes: median 1.1 sigma, worst m=4 at 1.2 sigma  OK   [undriven worst m=6 at 1.3 sigma, not a gate]
  mean ion current over 8200 samples:
    v_cm,z(cation) = +4.904e-04 +- 4.7e-04  (1.0 sigma from zero)  OK
    v_cm,z(anion ) = -7.221e-04 +- 4.7e-04  (1.5 sigma from zero)  OK
  -> PASS
==========================================================================
### acceptance p02 done Sun Sep 27 10:41:32 AM EDT 2026
