### acceptance for /mnt/gs21/scratch/lyuliyao/salt_in_polymer/eps2/runs/prod_T1.0_c0.01/field_p08  Sun Sep 27 10:40:55 AM EDT 2026
### lz = 24.345259, mmax = 18
==========================================================================
YBG check  run=/mnt/gs21/scratch/lyuliyao/salt_in_polymer/eps2/runs/prod_T1.0_c0.01/field_p08  potential=p08 kind=both pp(V_N)=1.15 pp(psi)=0.75 kT

  cation: applied external force vs. stored spec, per particle: max dev 7.24e-05 of range  OK
        bin-by-bin: 100.0% of 243 bins within 2 sigma, chi^2/bin = 0.29
         m  driven   kT k_m |n_m|        |f_m|         |diff|/err
         1   -     2.40598e-04   3.11138e-04      0.53
         2   -     2.44450e-04   2.21965e-04      0.21
         3  yes    7.75416e-04   7.88505e-04      0.31
         4  yes    1.35623e-03   1.45172e-03      0.58
         5  yes    3.27416e-04   1.99876e-04      1.70
         6  yes    5.73151e-04   5.04300e-04      0.54
         7   -     3.08018e-04   2.71424e-04      0.39
         8   -     1.05733e-04   1.47847e-04      0.31
        driven modes only: max |diff|/err = 1.70
        n_mean = 0.00832, contrast n_max/n_min = 5.30

  anion: applied external force vs. stored spec, per particle: max dev 6.52e-05 of range  OK
        bin-by-bin: 100.0% of 243 bins within 2 sigma, chi^2/bin = 0.15
         m  driven   kT k_m |n_m|        |f_m|         |diff|/err
         1   -     2.37840e-04   2.77149e-04      0.73
         2   -     2.34103e-04   3.28454e-04      0.60
         3  yes    7.34599e-04   7.36803e-04      0.42
         4  yes    1.37302e-03   1.36511e-03      0.72
         5  yes    3.12565e-04   2.97295e-04      0.15
         6  yes    1.81003e-03   1.97550e-03      1.63
         7   -     4.18576e-04   3.13053e-04      0.97
         8   -     2.39628e-04   3.31611e-04      1.02
        driven modes only: max |diff|/err = 1.63
        n_mean = 0.00832, contrast n_max/n_min = 6.05

wrote /mnt/gs21/scratch/lyuliyao/salt_in_polymer/eps2/runs/prod_T1.0_c0.01/field_p08/profiles.npz
==========================================================================
==========================================================================
field acceptance  /mnt/gs21/scratch/lyuliyao/salt_in_polymer/eps2/runs/prod_T1.0_c0.01/field_p08
  L = 24.3453, driven modes [3, 4, 5, 6, 12, 16]
  cation: halves agree on 79.5% of 244 bins (chi^2/bin 1.93, max pull 2.7)   [diagnostic]
          driven modes: median 0.9 sigma, worst m=4 at 1.7 sigma  OK   [undriven worst m=1 at 1.6 sigma, not a gate]
  anion : halves agree on 83.2% of 244 bins (chi^2/bin 1.96, max pull 3.0)   [diagnostic]
          driven modes: median 1.0 sigma, worst m=3 at 1.2 sigma  OK   [undriven worst m=1 at 1.6 sigma, not a gate]
  mean ion current over 8200 samples:
    v_cm,z(cation) = +4.443e-04 +- 4.9e-04  (0.9 sigma from zero)  OK
    v_cm,z(anion ) = +1.926e-04 +- 5.1e-04  (0.4 sigma from zero)  OK
  -> PASS
==========================================================================
### acceptance p08 done Sun Sep 27 10:41:37 AM EDT 2026
