### acceptance for /mnt/gs21/scratch/lyuliyao/salt_in_polymer/eps2/runs/prod_T1.0_c0.08/field_p04  Mon Sep 28 10:50:37 PM EDT 2026
### lz = 24.823562, mmax = 7
==========================================================================
YBG check  run=/mnt/gs21/scratch/lyuliyao/salt_in_polymer/eps2/runs/prod_T1.0_c0.08/field_p04  potential=p04 kind=both pp(V_N)=0.60 pp(psi)=2.70 kT

  cation: applied external force vs. stored spec, per particle: max dev 3.55e-05 of range  OK
        bin-by-bin: 96.8% of 248 bins within 2 sigma, chi^2/bin = 0.92
         m  driven   kT k_m |n_m|        |f_m|         |diff|/err
         1   -     1.06745e-05   3.37323e-05      0.16
         2   -     1.74456e-05   1.85857e-04      0.66
         3  yes    6.42676e-04   5.14399e-04      2.10
         4  yes    8.40552e-04   8.80670e-04      0.78
         5  yes    1.87855e-03   1.84973e-03      0.25
         6   -     1.47225e-05   1.53868e-04      1.15
         7   -     1.73061e-05   1.23813e-04      0.58
        driven modes only: max |diff|/err = 2.10
        n_mean = 0.06276, contrast n_max/n_min = 1.21

  anion: applied external force vs. stored spec, per particle: max dev 3.62e-05 of range  OK
        bin-by-bin: 98.8% of 248 bins within 2 sigma, chi^2/bin = 0.62
         m  driven   kT k_m |n_m|        |f_m|         |diff|/err
         1   -     1.08601e-05   1.41478e-04      1.11
         2   -     1.48331e-05   2.74740e-04      2.33
         3  yes    2.21777e-04   3.08103e-04      1.20
         4  yes    3.33493e-04   3.63187e-04      0.97
         5  yes    1.86444e-03   1.74441e-03      1.73
         6   -     4.31892e-05   4.36454e-05      0.28
         7   -     5.12686e-05   1.04744e-04      1.17
        driven modes only: max |diff|/err = 1.73
        n_mean = 0.06276, contrast n_max/n_min = 1.13

wrote /mnt/gs21/scratch/lyuliyao/salt_in_polymer/eps2/runs/prod_T1.0_c0.08/field_p04/profiles.npz
==========================================================================
==========================================================================
field acceptance  /mnt/gs21/scratch/lyuliyao/salt_in_polymer/eps2/runs/prod_T1.0_c0.08/field_p04
  L = 24.8236, driven modes [3, 4, 5]
  cation: halves agree on 91.6% of 249 bins (chi^2/bin 1.26, max pull 3.3)   [diagnostic]
          driven modes: median 1.2 sigma, worst m=4 at 1.2 sigma  OK   [undriven worst m=1 at 1.3 sigma, not a gate]
  anion : halves agree on 93.6% of 249 bins (chi^2/bin 1.23, max pull 2.6)   [diagnostic]
          driven modes: median 0.9 sigma, worst m=3 at 1.0 sigma  OK   [undriven worst m=7 at 1.8 sigma, not a gate]
  mean ion current over 40594 samples:
    v_cm,z(cation) = -2.220e-05 +- 1.5e-04  (0.2 sigma from zero)  OK
    v_cm,z(anion ) = -1.052e-04 +- 1.5e-04  (0.7 sigma from zero)  OK
  -> PASS
==========================================================================
### acceptance p04 done Mon Sep 28 10:54:50 PM EDT 2026
