### acceptance for /mnt/gs21/scratch/lyuliyao/salt_in_polymer/eps2/runs/prod_T1.0_c0.02/field_p09  Sun Sep 27 10:41:12 AM EDT 2026
### lz = 24.338627, mmax = 18
==========================================================================
YBG check  run=/mnt/gs21/scratch/lyuliyao/salt_in_polymer/eps2/runs/prod_T1.0_c0.02/field_p09  potential=p09 kind=both pp(V_N)=1.11 pp(psi)=2.14 kT

  cation: applied external force vs. stored spec, per particle: max dev 6.78e-05 of range  OK
        bin-by-bin: 97.9% of 243 bins within 2 sigma, chi^2/bin = 0.54
         m  driven   kT k_m |n_m|        |f_m|         |diff|/err
         1   -     8.49438e-05   8.41229e-05      0.31
         2   -     8.11212e-05   1.61956e-04      0.41
         3  yes    1.10301e-03   1.13448e-03      0.29
         4  yes    6.95044e-04   7.42854e-04      1.22
         5  yes    3.05274e-03   3.02297e-03      1.71
         6  yes    1.34879e-03   1.60668e-03      1.62
         7   -     6.52458e-04   8.49201e-04      1.31
         8   -     4.14154e-04   7.53418e-04      1.51
        driven modes only: max |diff|/err = 1.71
        n_mean = 0.01665, contrast n_max/n_min = 5.49

  anion: applied external force vs. stored spec, per particle: max dev 7.42e-05 of range  OK
        bin-by-bin: 100.0% of 243 bins within 2 sigma, chi^2/bin = 0.28
         m  driven   kT k_m |n_m|        |f_m|         |diff|/err
         1   -     8.14528e-05   1.69138e-04      0.83
         2   -     7.56618e-05   8.38554e-05      0.19
         3  yes    1.01426e-03   1.00657e-03      0.81
         4  yes    2.57155e-04   3.38657e-04      1.43
         5  yes    2.26625e-03   2.36490e-03      0.74
         6  yes    1.75765e-03   1.79368e-03      0.70
         7   -     7.11165e-04   6.65572e-04      0.26
         8   -     3.00058e-04   1.90925e-04      0.71
        driven modes only: max |diff|/err = 1.43
        n_mean = 0.01665, contrast n_max/n_min = 5.92

wrote /mnt/gs21/scratch/lyuliyao/salt_in_polymer/eps2/runs/prod_T1.0_c0.02/field_p09/profiles.npz
==========================================================================
==========================================================================
field acceptance  /mnt/gs21/scratch/lyuliyao/salt_in_polymer/eps2/runs/prod_T1.0_c0.02/field_p09
  L = 24.3386, driven modes [3, 4, 5, 6, 12, 16]
  cation: halves agree on 83.2% of 244 bins (chi^2/bin 2.17, max pull 4.2)   [diagnostic]
          driven modes: median 1.0 sigma, worst m=5 at 1.8 sigma  OK   [undriven worst m=7 at 1.6 sigma, not a gate]
  anion : halves agree on 77.0% of 244 bins (chi^2/bin 2.46, max pull 3.7)   [diagnostic]
          driven modes: median 0.8 sigma, worst m=5 at 1.3 sigma  OK   [undriven worst m=2 at 1.5 sigma, not a gate]
  mean ion current over 10200 samples:
    v_cm,z(cation) = +4.009e-04 +- 3.1e-04  (1.3 sigma from zero)  OK
    v_cm,z(anion ) = +2.987e-05 +- 3.0e-04  (0.1 sigma from zero)  OK
  -> PASS
==========================================================================
### acceptance p09 done Sun Sep 27 10:42:56 AM EDT 2026
