### acceptance for /mnt/gs21/scratch/lyuliyao/salt_in_polymer/eps2/runs/prod_T1.0_c0.02/field_p10  Sun Sep 27 10:41:13 AM EDT 2026
### lz = 24.338627, mmax = 14
==========================================================================
YBG check  run=/mnt/gs21/scratch/lyuliyao/salt_in_polymer/eps2/runs/prod_T1.0_c0.02/field_p10  potential=p10 kind=both pp(V_N)=0.59 pp(psi)=1.64 kT

  cation: applied external force vs. stored spec, per particle: max dev 5.49e-05 of range  OK
        bin-by-bin: 97.9% of 243 bins within 2 sigma, chi^2/bin = 0.66
         m  driven   kT k_m |n_m|        |f_m|         |diff|/err
         1   -     1.17837e-04   7.39850e-06      0.38
         2   -     1.39319e-04   3.68060e-04      1.36
         3  yes    8.22226e-04   7.98495e-04      0.15
         4   -     4.87854e-05   1.69109e-04      0.80
         5   -     1.12815e-04   2.33518e-04      0.57
         6  yes    4.05018e-03   4.21390e-03      0.85
         7   -     2.26911e-04   2.17875e-04      0.46
         8  yes    4.02918e-03   4.24691e-03      1.60
        driven modes only: max |diff|/err = 1.60
        n_mean = 0.01665, contrast n_max/n_min = 4.19

  anion: applied external force vs. stored spec, per particle: max dev 5.64e-05 of range  OK
        bin-by-bin: 100.0% of 243 bins within 2 sigma, chi^2/bin = 0.34
         m  driven   kT k_m |n_m|        |f_m|         |diff|/err
         1   -     1.14866e-04   6.86432e-05      0.61
         2   -     1.27317e-04   1.32662e-04      0.57
         3  yes    5.05563e-04   5.45169e-04      0.65
         4   -     6.77523e-05   1.11501e-04      0.41
         5   -     3.59725e-05   7.01819e-05      0.67
         6  yes    1.72307e-03   1.71304e-03      0.28
         7   -     1.59271e-04   7.56968e-05      0.80
         8  yes    4.56885e-03   4.57322e-03      0.19
        driven modes only: max |diff|/err = 0.65
        n_mean = 0.01665, contrast n_max/n_min = 3.00

wrote /mnt/gs21/scratch/lyuliyao/salt_in_polymer/eps2/runs/prod_T1.0_c0.02/field_p10/profiles.npz
==========================================================================
==========================================================================
field acceptance  /mnt/gs21/scratch/lyuliyao/salt_in_polymer/eps2/runs/prod_T1.0_c0.02/field_p10
  L = 24.3386, driven modes [3, 6, 8, 12]
  cation: halves agree on 82.0% of 244 bins (chi^2/bin 2.05, max pull 3.7)   [diagnostic]
          driven modes: median 0.6 sigma, worst m=8 at 0.9 sigma  OK   [undriven worst m=5 at 1.9 sigma, not a gate]
  anion : halves agree on 79.1% of 244 bins (chi^2/bin 2.27, max pull 3.2)   [diagnostic]
          driven modes: median 0.3 sigma, worst m=8 at 1.3 sigma  OK   [undriven worst m=5 at 2.0 sigma, not a gate]
  mean ion current over 10200 samples:
    v_cm,z(cation) = +2.393e-06 +- 3.3e-04  (0.0 sigma from zero)  OK
    v_cm,z(anion ) = +9.123e-05 +- 3.3e-04  (0.3 sigma from zero)  OK
  -> PASS
==========================================================================
### acceptance p10 done Sun Sep 27 10:42:57 AM EDT 2026
