### acceptance for /mnt/gs21/scratch/lyuliyao/salt_in_polymer/eps2/runs/prod_T1.0_c0.08/field_p13  Mon Sep 28 10:50:39 PM EDT 2026
### lz = 24.823562, mmax = 18
==========================================================================
YBG check  run=/mnt/gs21/scratch/lyuliyao/salt_in_polymer/eps2/runs/prod_T1.0_c0.08/field_p13  potential=p13 kind=neutral pp(V_N)=4.46 pp(psi)=0.00 kT

  cation: applied external force vs. stored spec, per particle: max dev 5.36e-05 of range  OK
        bin-by-bin: 96.8% of 248 bins within 2 sigma, chi^2/bin = 0.77
         m  driven   kT k_m |n_m|        |f_m|         |diff|/err
         1   -     2.34715e-05   1.19292e-04      0.64
         2   -     1.70633e-05   1.48474e-04      1.09
         3   -     2.33275e-05   2.14158e-04      1.02
         4  yes    1.15009e-02   1.15066e-02      0.45
         5   -     2.08442e-05   2.03659e-04      0.97
         6   -     4.09969e-05   1.35319e-04      0.94
         7   -     5.57141e-05   2.43674e-04      1.36
         8  yes    1.76569e-02   1.75336e-02      0.52
        driven modes only: max |diff|/err = 1.07
        n_mean = 0.06276, contrast n_max/n_min = 3.95

  anion: applied external force vs. stored spec, per particle: max dev 5.70e-05 of range  OK
        bin-by-bin: 99.6% of 248 bins within 2 sigma, chi^2/bin = 0.43
         m  driven   kT k_m |n_m|        |f_m|         |diff|/err
         1   -     2.28441e-05   7.23347e-05      0.79
         2   -     1.64343e-05   1.35520e-04      1.16
         3   -     2.29483e-05   1.67947e-04      2.28
         4  yes    9.39578e-03   9.49297e-03      1.20
         5   -     2.27977e-05   9.22059e-05      0.97
         6   -     5.57007e-05   5.02329e-05      0.60
         7   -     5.01314e-05   1.16920e-04      0.65
         8  yes    1.57694e-02   1.57878e-02      0.30
        driven modes only: max |diff|/err = 1.20
        n_mean = 0.06276, contrast n_max/n_min = 3.32

wrote /mnt/gs21/scratch/lyuliyao/salt_in_polymer/eps2/runs/prod_T1.0_c0.08/field_p13/profiles.npz
==========================================================================
==========================================================================
field acceptance  /mnt/gs21/scratch/lyuliyao/salt_in_polymer/eps2/runs/prod_T1.0_c0.08/field_p13
  L = 24.8236, driven modes [4, 8, 12, 16, 20, 24, 28, 32]
  cation: halves agree on 93.6% of 249 bins (chi^2/bin 1.15, max pull 3.0)   [diagnostic]
          driven modes: median 0.9 sigma, worst m=20 at 1.8 sigma  OK   [undriven worst m=5 at 2.3 sigma, not a gate]
  anion : halves agree on 96.0% of 249 bins (chi^2/bin 1.03, max pull 3.3)   [diagnostic]
          driven modes: median 0.5 sigma, worst m=32 at 1.3 sigma  OK   [undriven worst m=5 at 2.7 sigma, not a gate]
  mean ion current over 40591 samples:
    v_cm,z(cation) = +3.609e-05 +- 7.9e-05  (0.5 sigma from zero)  OK
    v_cm,z(anion ) = +5.209e-05 +- 7.8e-05  (0.7 sigma from zero)  OK
  -> PASS
==========================================================================
### acceptance p13 done Mon Sep 28 10:54:51 PM EDT 2026
