### acceptance for /mnt/gs21/scratch/lyuliyao/salt_in_polymer/eps2/runs/prod_T1.0_c0.05/field_p00  Sun Sep 27 02:55:25 PM EDT 2026
### lz = 24.493736, mmax = 8
==========================================================================
YBG check  run=/mnt/gs21/scratch/lyuliyao/salt_in_polymer/eps2/runs/prod_T1.0_c0.05/field_p00  potential=p00 kind=both pp(V_N)=0.60 pp(psi)=0.60 kT

  cation: applied external force vs. stored spec, per particle: max dev 3.44e-05 of range  OK
        bin-by-bin: 98.4% of 245 bins within 2 sigma, chi^2/bin = 0.87
         m  driven   kT k_m |n_m|        |f_m|         |diff|/err
         1   -     3.10434e-05   2.53599e-04      1.02
         2   -     3.80776e-05   2.66595e-04      1.09
         3  yes    6.95388e-04   7.05283e-04      0.20
         4  yes    1.27024e-03   1.30914e-03      0.55
         5   -     1.65612e-05   2.37538e-04      0.98
         6  yes    1.31003e-03   1.27442e-03      0.59
         7   -     3.94997e-05   2.28742e-04      1.08
         8   -     9.39535e-05   1.65302e-04      0.35
        driven modes only: max |diff|/err = 0.59
        n_mean = 0.04083, contrast n_max/n_min = 1.29

  anion: applied external force vs. stored spec, per particle: max dev 3.33e-05 of range  OK
        bin-by-bin: 98.0% of 245 bins within 2 sigma, chi^2/bin = 0.62
         m  driven   kT k_m |n_m|        |f_m|         |diff|/err
         1   -     3.03987e-05   1.09957e-04      0.84
         2   -     3.49219e-05   1.19598e-04      0.80
         3  yes    5.46643e-04   6.90171e-04      0.91
         4  yes    9.88054e-04   8.19669e-04      2.28
         5   -     3.15965e-05   8.28010e-05      0.42
         6  yes    9.54993e-04   8.30257e-04      1.03
         7   -     8.27482e-05   5.77883e-05      0.13
         8   -     2.57332e-05   7.27550e-05      0.32
        driven modes only: max |diff|/err = 2.28
        n_mean = 0.04083, contrast n_max/n_min = 1.21

wrote /mnt/gs21/scratch/lyuliyao/salt_in_polymer/eps2/runs/prod_T1.0_c0.05/field_p00/profiles.npz
==========================================================================
==========================================================================
field acceptance  /mnt/gs21/scratch/lyuliyao/salt_in_polymer/eps2/runs/prod_T1.0_c0.05/field_p00
  L = 24.4937, driven modes [3, 4, 6]
  cation: halves agree on 97.6% of 245 bins (chi^2/bin 0.88, max pull 2.7)   [diagnostic]
          driven modes: median 1.2 sigma, worst m=6 at 1.2 sigma  OK   [undriven worst m=5 at 1.9 sigma, not a gate]
  anion : halves agree on 95.9% of 245 bins (chi^2/bin 0.91, max pull 2.9)   [diagnostic]
          driven modes: median 1.1 sigma, worst m=3 at 1.3 sigma  OK   [undriven worst m=5 at 1.5 sigma, not a gate]
  mean ion current over 17850 samples:
    v_cm,z(cation) = +1.893e-04 +- 2.9e-04  (0.7 sigma from zero)  OK
    v_cm,z(anion ) = +2.069e-05 +- 2.9e-04  (0.1 sigma from zero)  OK
  -> PASS
==========================================================================
### acceptance p00 done Sun Sep 27 03:04:23 PM EDT 2026
