### acceptance for /mnt/gs21/scratch/lyuliyao/salt_in_polymer/eps2/runs/prod_T1.0_c0.06/field_p12  Sun Sep 27 08:08:38 PM EDT 2026
### lz = 24.590851, mmax = 18
==========================================================================
YBG check  run=/mnt/gs21/scratch/lyuliyao/salt_in_polymer/eps2/runs/prod_T1.0_c0.06/field_p12  potential=p12 kind=both pp(V_N)=1.62 pp(psi)=2.01 kT

  cation: applied external force vs. stored spec, per particle: max dev 8.54e-05 of range  OK
        bin-by-bin: 90.7% of 246 bins within 2 sigma, chi^2/bin = 1.32
         m  driven   kT k_m |n_m|        |f_m|         |diff|/err
         1   -     1.29261e-05   4.04755e-04      1.81
         2   -     1.74629e-05   1.75026e-04      0.68
         3  yes    3.16569e-04   4.60815e-04      0.80
         4  yes    2.13115e-03   2.12690e-03      0.67
         5  yes    3.26440e-03   3.19872e-03      1.39
         6  yes    2.70251e-03   2.68768e-03      0.07
         7   -     9.47055e-05   1.72935e-04      0.41
         8   -     1.51580e-04   2.37580e-04      0.37
        driven modes only: max |diff|/err = 2.49
        n_mean = 0.04842, contrast n_max/n_min = 4.11

  anion: applied external force vs. stored spec, per particle: max dev 6.40e-05 of range  OK
        bin-by-bin: 97.2% of 246 bins within 2 sigma, chi^2/bin = 0.64
         m  driven   kT k_m |n_m|        |f_m|         |diff|/err
         1   -     1.31173e-05   8.08723e-05      0.70
         2   -     1.64127e-05   1.37256e-04      1.17
         3  yes    1.02785e-04   2.02734e-04      1.25
         4  yes    1.69574e-03   1.80527e-03      1.15
         5  yes    2.58484e-03   2.45341e-03      0.94
         6  yes    1.61002e-03   1.62484e-03      0.92
         7   -     1.11019e-04   2.53909e-04      0.90
         8   -     1.73695e-04   5.83723e-05      0.97
        driven modes only: max |diff|/err = 1.25
        n_mean = 0.04842, contrast n_max/n_min = 1.97

wrote /mnt/gs21/scratch/lyuliyao/salt_in_polymer/eps2/runs/prod_T1.0_c0.06/field_p12/profiles.npz
==========================================================================
==========================================================================
field acceptance  /mnt/gs21/scratch/lyuliyao/salt_in_polymer/eps2/runs/prod_T1.0_c0.06/field_p12
  L = 24.5909, driven modes [3, 4, 5, 6, 12, 16]
  cation: halves agree on 98.4% of 246 bins (chi^2/bin 0.69, max pull 2.7)   [diagnostic]
          driven modes: median 0.8 sigma, worst m=12 at 1.0 sigma  OK   [undriven worst m=7 at 0.8 sigma, not a gate]
  anion : halves agree on 95.5% of 246 bins (chi^2/bin 0.97, max pull 2.6)   [diagnostic]
          driven modes: median 1.0 sigma, worst m=12 at 2.4 sigma  OK   [undriven worst m=7 at 1.3 sigma, not a gate]
  mean ion current over 22600 samples:
    v_cm,z(cation) = +4.271e-05 +- 1.2e-04  (0.3 sigma from zero)  OK
    v_cm,z(anion ) = +9.374e-05 +- 1.2e-04  (0.8 sigma from zero)  OK
  -> PASS
==========================================================================
### acceptance p12 done Sun Sep 27 08:22:16 PM EDT 2026
