### acceptance for /mnt/gs21/scratch/lyuliyao/salt_in_polymer/eps2/runs/prod_T1.0_c0.01/field_p19  Sun Sep 27 10:42:26 AM EDT 2026
### lz = 24.345259, mmax = 4
==========================================================================
YBG check  run=/mnt/gs21/scratch/lyuliyao/salt_in_polymer/eps2/runs/prod_T1.0_c0.01/field_p19  potential=p19 kind=both pp(V_N)=1.01 pp(psi)=2.69 kT

  cation: applied external force vs. stored spec, per particle: max dev 1.28e-05 of range  OK
        bin-by-bin: 99.6% of 243 bins within 2 sigma, chi^2/bin = 0.46
         m  driven   kT k_m |n_m|        |f_m|         |diff|/err
         1  yes    7.09095e-04   6.34413e-04      0.77
         2  yes    1.33562e-03   1.39952e-03      1.04
         3   -     3.70535e-04   2.59404e-04      0.64
         4   -     2.92413e-04   4.28693e-04      0.88
        driven modes only: max |diff|/err = 1.04
        n_mean = 0.00832, contrast n_max/n_min = 11.89

  anion: applied external force vs. stored spec, per particle: max dev 1.58e-05 of range  OK
        bin-by-bin: 100.0% of 243 bins within 2 sigma, chi^2/bin = 0.19
         m  driven   kT k_m |n_m|        |f_m|         |diff|/err
         1  yes    7.04578e-04   6.89773e-04      0.98
         2  yes    1.14555e-03   1.03569e-03      1.50
         3   -     2.85247e-04   2.43734e-04      0.60
         4   -     1.82212e-04   1.78916e-04      0.56
        driven modes only: max |diff|/err = 1.50
        n_mean = 0.00832, contrast n_max/n_min = 9.43

wrote /mnt/gs21/scratch/lyuliyao/salt_in_polymer/eps2/runs/prod_T1.0_c0.01/field_p19/profiles.npz
==========================================================================
==========================================================================
field acceptance  /mnt/gs21/scratch/lyuliyao/salt_in_polymer/eps2/runs/prod_T1.0_c0.01/field_p19
  L = 24.3453, driven modes [1, 2]
  cation: halves agree on 94.3% of 244 bins (chi^2/bin 1.31, max pull 3.0)   [diagnostic]
          driven modes: median 1.1 sigma, worst m=1 at 1.1 sigma  OK   [undriven worst m=7 at 1.1 sigma, not a gate]
  anion : halves agree on 88.9% of 244 bins (chi^2/bin 1.70, max pull 3.2)   [diagnostic]
          driven modes: median 1.1 sigma, worst m=1 at 1.2 sigma  OK   [undriven worst m=3 at 0.9 sigma, not a gate]
  mean ion current over 8200 samples:
    v_cm,z(cation) = -6.377e-04 +- 5.8e-04  (1.1 sigma from zero)  OK
    v_cm,z(anion ) = -4.641e-04 +- 5.9e-04  (0.8 sigma from zero)  OK
  -> PASS
==========================================================================
### acceptance p19 done Sun Sep 27 10:43:06 AM EDT 2026
