### acceptance for /mnt/gs21/scratch/lyuliyao/salt_in_polymer/eps2/runs/prod_T1.0_c0.04/field_p10  Sun Sep 27 08:08:16 PM EDT 2026
### lz = 24.416564, mmax = 14
==========================================================================
YBG check  run=/mnt/gs21/scratch/lyuliyao/salt_in_polymer/eps2/runs/prod_T1.0_c0.04/field_p10  potential=p10 kind=both pp(V_N)=0.59 pp(psi)=1.64 kT

  cation: applied external force vs. stored spec, per particle: max dev 6.12e-05 of range  OK
        bin-by-bin: 96.7% of 244 bins within 2 sigma, chi^2/bin = 0.91
         m  driven   kT k_m |n_m|        |f_m|         |diff|/err
         1   -     1.02786e-05   1.51595e-04      0.55
         2   -     2.76704e-05   9.78345e-05      0.54
         3  yes    7.36385e-04   7.03315e-04      1.06
         4   -     1.36045e-04   2.29672e-04      1.03
         5   -     3.79746e-05   7.55076e-05      0.39
         6  yes    5.60600e-03   6.12660e-03      2.25
         7   -     2.85227e-05   1.19141e-04      0.34
         8  yes    7.40001e-03   7.65526e-03      1.01
        driven modes only: max |diff|/err = 2.25
        n_mean = 0.03298, contrast n_max/n_min = 3.07

  anion: applied external force vs. stored spec, per particle: max dev 5.80e-05 of range  OK
        bin-by-bin: 99.2% of 244 bins within 2 sigma, chi^2/bin = 0.51
         m  driven   kT k_m |n_m|        |f_m|         |diff|/err
         1   -     1.02299e-05   3.73715e-05      0.24
         2   -     2.68003e-05   8.80915e-05      1.08
         3  yes    4.18125e-04   4.79509e-04      0.59
         4   -     1.05130e-04   1.76487e-04      0.90
         5   -     5.18168e-05   8.66336e-05      0.80
         6  yes    1.44582e-03   1.62091e-03      1.08
         7   -     4.54494e-05   2.97159e-05      0.09
         8  yes    8.63883e-03   8.57595e-03      0.69
        driven modes only: max |diff|/err = 1.08
        n_mean = 0.03298, contrast n_max/n_min = 2.46

wrote /mnt/gs21/scratch/lyuliyao/salt_in_polymer/eps2/runs/prod_T1.0_c0.04/field_p10/profiles.npz
==========================================================================
==========================================================================
field acceptance  /mnt/gs21/scratch/lyuliyao/salt_in_polymer/eps2/runs/prod_T1.0_c0.04/field_p10
  L = 24.4166, driven modes [3, 6, 8, 12]
  cation: halves agree on 89.4% of 245 bins (chi^2/bin 1.45, max pull 4.2)   [diagnostic]
          driven modes: median 1.6 sigma, worst m=3 at 1.8 sigma  OK   [undriven worst m=2 at 1.8 sigma, not a gate]
  anion : halves agree on 93.1% of 245 bins (chi^2/bin 1.13, max pull 3.4)   [diagnostic]
          driven modes: median 1.1 sigma, worst m=3 at 2.0 sigma  OK   [undriven worst m=2 at 1.8 sigma, not a gate]
  mean ion current over 15200 samples:
    v_cm,z(cation) = -2.758e-04 +- 2.0e-04  (1.4 sigma from zero)  OK
    v_cm,z(anion ) = +1.689e-04 +- 2.0e-04  (0.8 sigma from zero)  OK
  -> PASS
==========================================================================
### acceptance p10 done Sun Sep 27 08:13:35 PM EDT 2026
