### acceptance for /mnt/gs21/scratch/lyuliyao/salt_in_polymer/eps2/runs/prod_T1.0_c0.06/field_p07  Sun Sep 27 03:02:07 PM EDT 2026
### lz = 24.590851, mmax = 8
==========================================================================
YBG check  run=/mnt/gs21/scratch/lyuliyao/salt_in_polymer/eps2/runs/prod_T1.0_c0.06/field_p07  potential=p07 kind=charged pp(V_N)=0.00 pp(psi)=2.74 kT

  cation: applied external force vs. stored spec, per particle: max dev 4.03e-05 of range  OK
        bin-by-bin: 97.6% of 246 bins within 2 sigma, chi^2/bin = 0.75
         m  driven   kT k_m |n_m|        |f_m|         |diff|/err
         1   -     1.89240e-05   1.13100e-04      0.72
         2   -     4.81144e-05   1.79978e-04      1.22
         3   -     3.60529e-05   7.77506e-05      0.35
         4  yes    1.19293e-03   1.18728e-03      0.14
         5   -     2.58975e-05   1.38149e-05      0.05
         6  yes    7.48322e-03   7.39768e-03      0.77
         7   -     7.41306e-05   2.52766e-04      0.81
         8   -     1.46414e-04   3.52623e-04      1.09
        driven modes only: max |diff|/err = 0.77
        n_mean = 0.04842, contrast n_max/n_min = 1.65
Traceback (most recent call last):
  File "/mnt/gs21/scratch/lyuliyao/salt_in_polymer/tools/analyze_profiles.py", line 197, in <module>
    main()
  File "/mnt/gs21/scratch/lyuliyao/salt_in_polymer/tools/analyze_profiles.py", line 123, in main
    zc, nb, ftb, feb, pp_dev = bin_species(path, lz, a.binw, a.nblock, zlo,
                               ^^^^^^^^^^^^^^^^^^^^^^^^^^^^^^^^^^^^^^^^^^^^
  File "/mnt/gs21/scratch/lyuliyao/salt_in_polymer/tools/analyze_profiles.py", line 53, in bin_species
    steps, boxes, cols, data = dumpio.read_dump(dumpfile)
                               ^^^^^^^^^^^^^^^^^^^^^^^^^^
  File "/mnt/gs21/scratch/lyuliyao/salt_in_polymer/tools/dumpio.py", line 48, in read_dump
    for k, (st, bx, cl, ar) in enumerate(_frames(fn)):
  File "/mnt/gs21/scratch/lyuliyao/salt_in_polymer/tools/dumpio.py", line 33, in _frames
    arr = np.fromstring("".join(buf), sep=" ").reshape(nat, len(cols))
          ^^^^^^^^^^^^^^^^^^^^^^^^^^^^^^^^^^^^^^^^^^^^^^^^^^^^^^^^^^^^
ValueError: cannot reshape array of size 3582 into shape (720,9)
