### acceptance for /mnt/gs21/scratch/lyuliyao/salt_in_polymer/eps2/runs/prod_T1.0_c0.06/field_p08  Sun Sep 27 03:02:08 PM EDT 2026
### lz = 24.590851, mmax = 18
==========================================================================
YBG check  run=/mnt/gs21/scratch/lyuliyao/salt_in_polymer/eps2/runs/prod_T1.0_c0.06/field_p08  potential=p08 kind=both pp(V_N)=1.15 pp(psi)=0.75 kT

  cation: applied external force vs. stored spec, per particle: max dev 7.49e-05 of range  OK
        bin-by-bin: 93.5% of 246 bins within 2 sigma, chi^2/bin = 1.06
         m  driven   kT k_m |n_m|        |f_m|         |diff|/err
         1   -     1.19491e-05   1.96281e-04      0.92
         2   -     2.32393e-05   2.81363e-04      1.09
         3  yes    5.67125e-04   5.59577e-04      1.02
         4  yes    1.52797e-03   1.90965e-03      1.82
         5  yes    4.21695e-04   7.51508e-04      2.04
         6  yes    1.75455e-03   1.74010e-03      1.41
         7   -     1.05501e-04   1.87242e-04      0.75
         8   -     2.72736e-04   1.79390e-04      0.35
        driven modes only: max |diff|/err = 2.04
        n_mean = 0.04842, contrast n_max/n_min = 2.36
Traceback (most recent call last):
  File "/mnt/gs21/scratch/lyuliyao/salt_in_polymer/tools/analyze_profiles.py", line 197, in <module>
    main()
  File "/mnt/gs21/scratch/lyuliyao/salt_in_polymer/tools/analyze_profiles.py", line 123, in main
    zc, nb, ftb, feb, pp_dev = bin_species(path, lz, a.binw, a.nblock, zlo,
                               ^^^^^^^^^^^^^^^^^^^^^^^^^^^^^^^^^^^^^^^^^^^^
  File "/mnt/gs21/scratch/lyuliyao/salt_in_polymer/tools/analyze_profiles.py", line 53, in bin_species
    steps, boxes, cols, data = dumpio.read_dump(dumpfile)
                               ^^^^^^^^^^^^^^^^^^^^^^^^^^
  File "/mnt/gs21/scratch/lyuliyao/salt_in_polymer/tools/dumpio.py", line 48, in read_dump
    for k, (st, bx, cl, ar) in enumerate(_frames(fn)):
  File "/mnt/gs21/scratch/lyuliyao/salt_in_polymer/tools/dumpio.py", line 33, in _frames
    arr = np.fromstring("".join(buf), sep=" ").reshape(nat, len(cols))
          ^^^^^^^^^^^^^^^^^^^^^^^^^^^^^^^^^^^^^^^^^^^^^^^^^^^^^^^^^^^^
ValueError: cannot reshape array of size 5272 into shape (720,9)
