### acceptance for /mnt/gs21/scratch/lyuliyao/salt_in_polymer/eps2/runs/prod_T1.0_c0.04/field_p01  Sun Sep 27 11:27:28 AM EDT 2026
### lz = 24.416564, mmax = 8
==========================================================================
YBG check  run=/mnt/gs21/scratch/lyuliyao/salt_in_polymer/eps2/runs/prod_T1.0_c0.04/field_p01  potential=p01 kind=both pp(V_N)=2.80 pp(psi)=2.80 kT

  cation: applied external force vs. stored spec, per particle: max dev 3.66e-05 of range  OK
        bin-by-bin: 94.7% of 244 bins within 2 sigma, chi^2/bin = 0.89
         m  driven   kT k_m |n_m|        |f_m|         |diff|/err
         1   -     3.23812e-05   2.46385e-04      1.22
         2   -     5.36989e-05   5.65613e-05      0.39
         3  yes    2.68964e-03   2.63834e-03      0.57
         4  yes    4.70268e-03   4.41929e-03      1.32
         5  yes    7.05694e-03   7.19401e-03      0.60
         6  yes    5.95536e-03   6.05254e-03      0.93
         7   -     4.97872e-04   5.13353e-04      0.40
         8   -     9.33908e-04   6.93118e-04      2.07
        driven modes only: max |diff|/err = 1.32
        n_mean = 0.03298, contrast n_max/n_min = 8.73

  anion: applied external force vs. stored spec, per particle: max dev 3.66e-05 of range  OK
        bin-by-bin: 98.8% of 244 bins within 2 sigma, chi^2/bin = 0.54
         m  driven   kT k_m |n_m|        |f_m|         |diff|/err
         1   -     3.28396e-05   2.32564e-04      2.12
         2   -     5.11956e-05   1.81001e-04      1.35
         3  yes    2.34640e-03   2.26681e-03      0.96
         4  yes    3.96192e-03   3.93673e-03      0.30
         5  yes    5.94305e-03   6.08436e-03      0.96
         6  yes    4.76842e-03   4.80555e-03      0.27
         7   -     8.74599e-05   1.07438e-04      0.21
         8   -     7.27838e-05   8.13401e-05      0.49
        driven modes only: max |diff|/err = 0.96
        n_mean = 0.03298, contrast n_max/n_min = 3.76

wrote /mnt/gs21/scratch/lyuliyao/salt_in_polymer/eps2/runs/prod_T1.0_c0.04/field_p01/profiles.npz
==========================================================================
==========================================================================
field acceptance  /mnt/gs21/scratch/lyuliyao/salt_in_polymer/eps2/runs/prod_T1.0_c0.04/field_p01
  L = 24.4166, driven modes [3, 4, 5, 6]
  cation: halves agree on 95.1% of 245 bins (chi^2/bin 1.13, max pull 2.4)   [diagnostic]
          driven modes: median 1.3 sigma, worst m=5 at 2.0 sigma  OK   [undriven worst m=2 at 1.4 sigma, not a gate]
  anion : halves agree on 93.5% of 245 bins (chi^2/bin 1.07, max pull 3.0)   [diagnostic]
          driven modes: median 1.1 sigma, worst m=5 at 1.6 sigma  OK   [undriven worst m=2 at 1.4 sigma, not a gate]
  mean ion current over 15200 samples:
    v_cm,z(cation) = -2.943e-04 +- 1.9e-04  (1.6 sigma from zero)  OK
    v_cm,z(anion ) = -2.017e-04 +- 1.9e-04  (1.1 sigma from zero)  OK
  -> PASS
==========================================================================
### acceptance p01 done Sun Sep 27 11:32:48 AM EDT 2026
