### acceptance for /mnt/scratch/lyuliyao/salt_in_polymer/eps2/runs/prod_T1.0_c0.01/field_p42  Wed Sep 30 07:59:32 PM EDT 2026
### lz = 24.345259, mmax = 4
==========================================================================
YBG check  run=/mnt/scratch/lyuliyao/salt_in_polymer/eps2/runs/prod_T1.0_c0.01/field_p42  potential=p42 kind=neutral pp(V_N)=0.06 pp(psi)=0.00 kT

  cation: applied external force vs. stored spec, per particle: max dev 2.35e-05 of range  OK
        bin-by-bin: 98.8% of 243 bins within 2 sigma, chi^2/bin = 0.50
         m  driven   kT k_m |n_m|        |f_m|         |diff|/err
         1   -     3.68476e-05   6.56557e-05      0.91
         2  yes    1.20320e-04   1.05958e-04      0.14
         3   -     5.72075e-06   3.93179e-05      0.63
         4   -     1.82998e-05   5.27575e-05      0.83
        driven modes only: max |diff|/err = 0.14
        n_mean = 0.00832, contrast n_max/n_min = 1.19

  anion: applied external force vs. stored spec, per particle: max dev 2.47e-05 of range  OK
        bin-by-bin: 100.0% of 243 bins within 2 sigma, chi^2/bin = 0.21
         m  driven   kT k_m |n_m|        |f_m|         |diff|/err
         1   -     3.57698e-05   4.33301e-05      0.75
         2  yes    1.15744e-04   1.34656e-04      0.43
         3   -     2.18647e-06   3.67136e-05      0.65
         4   -     2.53575e-05   4.00558e-05      0.81
        driven modes only: max |diff|/err = 0.43
        n_mean = 0.00832, contrast n_max/n_min = 1.18

wrote /mnt/scratch/lyuliyao/salt_in_polymer/eps2/runs/prod_T1.0_c0.01/field_p42/profiles.npz
==========================================================================
==========================================================================
field acceptance  /mnt/scratch/lyuliyao/salt_in_polymer/eps2/runs/prod_T1.0_c0.01/field_p42
  L = 24.3453, driven modes [2]
  cation: halves agree on 87.3% of 244 bins (chi^2/bin 1.71, max pull 3.0)   [diagnostic]
          driven modes: median 3.1 sigma, worst m=2 at 3.1 sigma  REVIEW   [undriven worst m=4 at 3.0 sigma, not a gate]
  anion : halves agree on 89.3% of 244 bins (chi^2/bin 1.44, max pull 3.5)   [diagnostic]
          driven modes: median 2.9 sigma, worst m=2 at 2.9 sigma  OK   [undriven worst m=4 at 2.3 sigma, not a gate]
  mean ion current over 40000 samples:
    v_cm,z(cation) = +5.705e-04 +- 2.0e-03  (0.3 sigma from zero)  OK
    v_cm,z(anion ) = +5.568e-04 +- 2.1e-03  (0.3 sigma from zero)  OK
  -> REVIEW
==========================================================================
### acceptance p42 done Wed Sep 30 08:02:46 PM EDT 2026
