### acceptance for /mnt/gs21/scratch/lyuliyao/salt_in_polymer/eps2/runs/prod_T1.0_c0.02/field_p16  Sun Sep 27 10:42:32 AM EDT 2026
### lz = 24.338627, mmax = 4
==========================================================================
YBG check  run=/mnt/gs21/scratch/lyuliyao/salt_in_polymer/eps2/runs/prod_T1.0_c0.02/field_p16  potential=p16 kind=neutral pp(V_N)=0.94 pp(psi)=0.00 kT

  cation: applied external force vs. stored spec, per particle: max dev 2.21e-05 of range  OK
        bin-by-bin: 96.7% of 243 bins within 2 sigma, chi^2/bin = 0.67
         m  driven   kT k_m |n_m|        |f_m|         |diff|/err
         1  yes    5.03073e-04   2.71916e-04      1.10
         2  yes    1.34559e-03   1.25993e-03      1.42
         3   -     1.43158e-04   5.26536e-05      0.95
         4   -     1.13105e-04   6.62984e-05      0.24
        driven modes only: max |diff|/err = 1.42
        n_mean = 0.01665, contrast n_max/n_min = 2.93

  anion: applied external force vs. stored spec, per particle: max dev 2.19e-05 of range  OK
        bin-by-bin: 100.0% of 243 bins within 2 sigma, chi^2/bin = 0.36
         m  driven   kT k_m |n_m|        |f_m|         |diff|/err
         1  yes    4.94744e-04   4.78235e-04      0.17
         2  yes    1.27545e-03   1.21829e-03      0.95
         3   -     1.38782e-04   1.10177e-04      0.61
         4   -     8.61067e-05   6.01698e-05      0.58
        driven modes only: max |diff|/err = 0.95
        n_mean = 0.01665, contrast n_max/n_min = 2.81

wrote /mnt/gs21/scratch/lyuliyao/salt_in_polymer/eps2/runs/prod_T1.0_c0.02/field_p16/profiles.npz
==========================================================================
==========================================================================
field acceptance  /mnt/gs21/scratch/lyuliyao/salt_in_polymer/eps2/runs/prod_T1.0_c0.02/field_p16
  L = 24.3386, driven modes [1, 2]
  cation: halves agree on 89.3% of 244 bins (chi^2/bin 1.42, max pull 3.2)   [diagnostic]
          driven modes: median 1.1 sigma, worst m=2 at 1.8 sigma  OK   [undriven worst m=4 at 1.3 sigma, not a gate]
  anion : halves agree on 92.2% of 244 bins (chi^2/bin 1.33, max pull 3.2)   [diagnostic]
          driven modes: median 1.2 sigma, worst m=2 at 1.9 sigma  OK   [undriven worst m=4 at 1.5 sigma, not a gate]
  mean ion current over 10200 samples:
    v_cm,z(cation) = +2.305e-05 +- 4.4e-04  (0.1 sigma from zero)  OK
    v_cm,z(anion ) = -4.590e-04 +- 4.4e-04  (1.0 sigma from zero)  OK
  -> PASS
==========================================================================
### acceptance p16 done Sun Sep 27 10:44:16 AM EDT 2026
